nohup: ignoring input
Model initialization
lr: 0.0001 ,epochs:20,batch_size:4,patch_size:80,patch_stride:80,test_patch:80,ref:2
TTSR(
  (MainNet): MainNet(
    (SFE): SFE(
      (conv_head): Conv2d(4, 64, kernel_size=(3, 3), stride=(1, 1), padding=(1, 1))
      (RBs): ModuleList(
        (0): ResBlock(
          (conv1): Conv2d(64, 64, kernel_size=(3, 3), stride=(1, 1), padding=(1, 1))
          (relu): ReLU(inplace=True)
          (conv2): Conv2d(64, 64, kernel_size=(3, 3), stride=(1, 1), padding=(1, 1))
        )
        (1): ResBlock(
          (conv1): Conv2d(64, 64, kernel_size=(3, 3), stride=(1, 1), padding=(1, 1))
          (relu): ReLU(inplace=True)
          (conv2): Conv2d(64, 64, kernel_size=(3, 3), stride=(1, 1), padding=(1, 1))
        )
        (2): ResBlock(
          (conv1): Conv2d(64, 64, kernel_size=(3, 3), stride=(1, 1), padding=(1, 1))
          (relu): ReLU(inplace=True)
          (conv2): Conv2d(64, 64, kernel_size=(3, 3), stride=(1, 1), padding=(1, 1))
        )
        (3): ResBlock(
          (conv1): Conv2d(64, 64, kernel_size=(3, 3), stride=(1, 1), padding=(1, 1))
          (relu): ReLU(inplace=True)
          (conv2): Conv2d(64, 64, kernel_size=(3, 3), stride=(1, 1), padding=(1, 1))
        )
        (4): ResBlock(
          (conv1): Conv2d(64, 64, kernel_size=(3, 3), stride=(1, 1), padding=(1, 1))
          (relu): ReLU(inplace=True)
          (conv2): Conv2d(64, 64, kernel_size=(3, 3), stride=(1, 1), padding=(1, 1))
        )
        (5): ResBlock(
          (conv1): Conv2d(64, 64, kernel_size=(3, 3), stride=(1, 1), padding=(1, 1))
          (relu): ReLU(inplace=True)
          (conv2): Conv2d(64, 64, kernel_size=(3, 3), stride=(1, 1), padding=(1, 1))
        )
        (6): ResBlock(
          (conv1): Conv2d(64, 64, kernel_size=(3, 3), stride=(1, 1), padding=(1, 1))
          (relu): ReLU(inplace=True)
          (conv2): Conv2d(64, 64, kernel_size=(3, 3), stride=(1, 1), padding=(1, 1))
        )
        (7): ResBlock(
          (conv1): Conv2d(64, 64, kernel_size=(3, 3), stride=(1, 1), padding=(1, 1))
          (relu): ReLU(inplace=True)
          (conv2): Conv2d(64, 64, kernel_size=(3, 3), stride=(1, 1), padding=(1, 1))
        )
        (8): ResBlock(
          (conv1): Conv2d(64, 64, kernel_size=(3, 3), stride=(1, 1), padding=(1, 1))
          (relu): ReLU(inplace=True)
          (conv2): Conv2d(64, 64, kernel_size=(3, 3), stride=(1, 1), padding=(1, 1))
        )
        (9): ResBlock(
          (conv1): Conv2d(64, 64, kernel_size=(3, 3), stride=(1, 1), padding=(1, 1))
          (relu): ReLU(inplace=True)
          (conv2): Conv2d(64, 64, kernel_size=(3, 3), stride=(1, 1), padding=(1, 1))
        )
        (10): ResBlock(
          (conv1): Conv2d(64, 64, kernel_size=(3, 3), stride=(1, 1), padding=(1, 1))
          (relu): ReLU(inplace=True)
          (conv2): Conv2d(64, 64, kernel_size=(3, 3), stride=(1, 1), padding=(1, 1))
        )
        (11): ResBlock(
          (conv1): Conv2d(64, 64, kernel_size=(3, 3), stride=(1, 1), padding=(1, 1))
          (relu): ReLU(inplace=True)
          (conv2): Conv2d(64, 64, kernel_size=(3, 3), stride=(1, 1), padding=(1, 1))
        )
        (12): ResBlock(
          (conv1): Conv2d(64, 64, kernel_size=(3, 3), stride=(1, 1), padding=(1, 1))
          (relu): ReLU(inplace=True)
          (conv2): Conv2d(64, 64, kernel_size=(3, 3), stride=(1, 1), padding=(1, 1))
        )
        (13): ResBlock(
          (conv1): Conv2d(64, 64, kernel_size=(3, 3), stride=(1, 1), padding=(1, 1))
          (relu): ReLU(inplace=True)
          (conv2): Conv2d(64, 64, kernel_size=(3, 3), stride=(1, 1), padding=(1, 1))
        )
        (14): ResBlock(
          (conv1): Conv2d(64, 64, kernel_size=(3, 3), stride=(1, 1), padding=(1, 1))
          (relu): ReLU(inplace=True)
          (conv2): Conv2d(64, 64, kernel_size=(3, 3), stride=(1, 1), padding=(1, 1))
        )
        (15): ResBlock(
          (conv1): Conv2d(64, 64, kernel_size=(3, 3), stride=(1, 1), padding=(1, 1))
          (relu): ReLU(inplace=True)
          (conv2): Conv2d(64, 64, kernel_size=(3, 3), stride=(1, 1), padding=(1, 1))
        )
      )
      (conv_tail): Conv2d(64, 64, kernel_size=(3, 3), stride=(1, 1), padding=(1, 1))
      (conv_reduce): Conv2d(64, 64, kernel_size=(7, 7), stride=(2, 2), padding=(3, 3))
      (relu): ReLU(inplace=True)
    )
    (conv11_head): Conv2d(384, 64, kernel_size=(3, 3), stride=(1, 1), padding=(1, 1))
    (RB11): ModuleList(
      (0): ResBlock(
        (conv1): Conv2d(64, 64, kernel_size=(3, 3), stride=(1, 1), padding=(1, 1))
        (relu): ReLU(inplace=True)
        (conv2): Conv2d(64, 64, kernel_size=(3, 3), stride=(1, 1), padding=(1, 1))
      )
      (1): ResBlock(
        (conv1): Conv2d(64, 64, kernel_size=(3, 3), stride=(1, 1), padding=(1, 1))
        (relu): ReLU(inplace=True)
        (conv2): Conv2d(64, 64, kernel_size=(3, 3), stride=(1, 1), padding=(1, 1))
      )
      (2): ResBlock(
        (conv1): Conv2d(64, 64, kernel_size=(3, 3), stride=(1, 1), padding=(1, 1))
        (relu): ReLU(inplace=True)
        (conv2): Conv2d(64, 64, kernel_size=(3, 3), stride=(1, 1), padding=(1, 1))
      )
      (3): ResBlock(
        (conv1): Conv2d(64, 64, kernel_size=(3, 3), stride=(1, 1), padding=(1, 1))
        (relu): ReLU(inplace=True)
        (conv2): Conv2d(64, 64, kernel_size=(3, 3), stride=(1, 1), padding=(1, 1))
      )
      (4): ResBlock(
        (conv1): Conv2d(64, 64, kernel_size=(3, 3), stride=(1, 1), padding=(1, 1))
        (relu): ReLU(inplace=True)
        (conv2): Conv2d(64, 64, kernel_size=(3, 3), stride=(1, 1), padding=(1, 1))
      )
      (5): ResBlock(
        (conv1): Conv2d(64, 64, kernel_size=(3, 3), stride=(1, 1), padding=(1, 1))
        (relu): ReLU(inplace=True)
        (conv2): Conv2d(64, 64, kernel_size=(3, 3), stride=(1, 1), padding=(1, 1))
      )
      (6): ResBlock(
        (conv1): Conv2d(64, 64, kernel_size=(3, 3), stride=(1, 1), padding=(1, 1))
        (relu): ReLU(inplace=True)
        (conv2): Conv2d(64, 64, kernel_size=(3, 3), stride=(1, 1), padding=(1, 1))
      )
      (7): ResBlock(
        (conv1): Conv2d(64, 64, kernel_size=(3, 3), stride=(1, 1), padding=(1, 1))
        (relu): ReLU(inplace=True)
        (conv2): Conv2d(64, 64, kernel_size=(3, 3), stride=(1, 1), padding=(1, 1))
      )
      (8): ResBlock(
        (conv1): Conv2d(64, 64, kernel_size=(3, 3), stride=(1, 1), padding=(1, 1))
        (relu): ReLU(inplace=True)
        (conv2): Conv2d(64, 64, kernel_size=(3, 3), stride=(1, 1), padding=(1, 1))
      )
      (9): ResBlock(
        (conv1): Conv2d(64, 64, kernel_size=(3, 3), stride=(1, 1), padding=(1, 1))
        (relu): ReLU(inplace=True)
        (conv2): Conv2d(64, 64, kernel_size=(3, 3), stride=(1, 1), padding=(1, 1))
      )
      (10): ResBlock(
        (conv1): Conv2d(64, 64, kernel_size=(3, 3), stride=(1, 1), padding=(1, 1))
        (relu): ReLU(inplace=True)
        (conv2): Conv2d(64, 64, kernel_size=(3, 3), stride=(1, 1), padding=(1, 1))
      )
      (11): ResBlock(
        (conv1): Conv2d(64, 64, kernel_size=(3, 3), stride=(1, 1), padding=(1, 1))
        (relu): ReLU(inplace=True)
        (conv2): Conv2d(64, 64, kernel_size=(3, 3), stride=(1, 1), padding=(1, 1))
      )
      (12): ResBlock(
        (conv1): Conv2d(64, 64, kernel_size=(3, 3), stride=(1, 1), padding=(1, 1))
        (relu): ReLU(inplace=True)
        (conv2): Conv2d(64, 64, kernel_size=(3, 3), stride=(1, 1), padding=(1, 1))
      )
      (13): ResBlock(
        (conv1): Conv2d(64, 64, kernel_size=(3, 3), stride=(1, 1), padding=(1, 1))
        (relu): ReLU(inplace=True)
        (conv2): Conv2d(64, 64, kernel_size=(3, 3), stride=(1, 1), padding=(1, 1))
      )
      (14): ResBlock(
        (conv1): Conv2d(64, 64, kernel_size=(3, 3), stride=(1, 1), padding=(1, 1))
        (relu): ReLU(inplace=True)
        (conv2): Conv2d(64, 64, kernel_size=(3, 3), stride=(1, 1), padding=(1, 1))
      )
      (15): ResBlock(
        (conv1): Conv2d(64, 64, kernel_size=(3, 3), stride=(1, 1), padding=(1, 1))
        (relu): ReLU(inplace=True)
        (conv2): Conv2d(64, 64, kernel_size=(3, 3), stride=(1, 1), padding=(1, 1))
      )
    )
    (conv11_tail): Conv2d(64, 64, kernel_size=(3, 3), stride=(1, 1), padding=(1, 1))
    (conv12): Conv2d(64, 256, kernel_size=(3, 3), stride=(1, 1), padding=(1, 1))
    (ps12): PixelShuffle(upscale_factor=2)
    (conv22_head): Conv2d(256, 64, kernel_size=(3, 3), stride=(1, 1), padding=(1, 1))
    (ex12): CSFI2(
      (conv12): Conv2d(64, 64, kernel_size=(1, 1), stride=(1, 1))
      (conv21): Conv2d(64, 64, kernel_size=(3, 3), stride=(2, 2), padding=(1, 1))
      (conv_merge1): Conv2d(128, 64, kernel_size=(3, 3), stride=(1, 1), padding=(1, 1))
      (conv_merge2): Conv2d(128, 64, kernel_size=(3, 3), stride=(1, 1), padding=(1, 1))
    )
    (RB21): ModuleList(
      (0): ResBlock(
        (conv1): Conv2d(64, 64, kernel_size=(3, 3), stride=(1, 1), padding=(1, 1))
        (relu): ReLU(inplace=True)
        (conv2): Conv2d(64, 64, kernel_size=(3, 3), stride=(1, 1), padding=(1, 1))
      )
      (1): ResBlock(
        (conv1): Conv2d(64, 64, kernel_size=(3, 3), stride=(1, 1), padding=(1, 1))
        (relu): ReLU(inplace=True)
        (conv2): Conv2d(64, 64, kernel_size=(3, 3), stride=(1, 1), padding=(1, 1))
      )
      (2): ResBlock(
        (conv1): Conv2d(64, 64, kernel_size=(3, 3), stride=(1, 1), padding=(1, 1))
        (relu): ReLU(inplace=True)
        (conv2): Conv2d(64, 64, kernel_size=(3, 3), stride=(1, 1), padding=(1, 1))
      )
      (3): ResBlock(
        (conv1): Conv2d(64, 64, kernel_size=(3, 3), stride=(1, 1), padding=(1, 1))
        (relu): ReLU(inplace=True)
        (conv2): Conv2d(64, 64, kernel_size=(3, 3), stride=(1, 1), padding=(1, 1))
      )
      (4): ResBlock(
        (conv1): Conv2d(64, 64, kernel_size=(3, 3), stride=(1, 1), padding=(1, 1))
        (relu): ReLU(inplace=True)
        (conv2): Conv2d(64, 64, kernel_size=(3, 3), stride=(1, 1), padding=(1, 1))
      )
      (5): ResBlock(
        (conv1): Conv2d(64, 64, kernel_size=(3, 3), stride=(1, 1), padding=(1, 1))
        (relu): ReLU(inplace=True)
        (conv2): Conv2d(64, 64, kernel_size=(3, 3), stride=(1, 1), padding=(1, 1))
      )
      (6): ResBlock(
        (conv1): Conv2d(64, 64, kernel_size=(3, 3), stride=(1, 1), padding=(1, 1))
        (relu): ReLU(inplace=True)
        (conv2): Conv2d(64, 64, kernel_size=(3, 3), stride=(1, 1), padding=(1, 1))
      )
      (7): ResBlock(
        (conv1): Conv2d(64, 64, kernel_size=(3, 3), stride=(1, 1), padding=(1, 1))
        (relu): ReLU(inplace=True)
        (conv2): Conv2d(64, 64, kernel_size=(3, 3), stride=(1, 1), padding=(1, 1))
      )
    )
    (RB22): ModuleList(
      (0): ResBlock(
        (conv1): Conv2d(64, 64, kernel_size=(3, 3), stride=(1, 1), padding=(1, 1))
        (relu): ReLU(inplace=True)
        (conv2): Conv2d(64, 64, kernel_size=(3, 3), stride=(1, 1), padding=(1, 1))
      )
      (1): ResBlock(
        (conv1): Conv2d(64, 64, kernel_size=(3, 3), stride=(1, 1), padding=(1, 1))
        (relu): ReLU(inplace=True)
        (conv2): Conv2d(64, 64, kernel_size=(3, 3), stride=(1, 1), padding=(1, 1))
      )
      (2): ResBlock(
        (conv1): Conv2d(64, 64, kernel_size=(3, 3), stride=(1, 1), padding=(1, 1))
        (relu): ReLU(inplace=True)
        (conv2): Conv2d(64, 64, kernel_size=(3, 3), stride=(1, 1), padding=(1, 1))
      )
      (3): ResBlock(
        (conv1): Conv2d(64, 64, kernel_size=(3, 3), stride=(1, 1), padding=(1, 1))
        (relu): ReLU(inplace=True)
        (conv2): Conv2d(64, 64, kernel_size=(3, 3), stride=(1, 1), padding=(1, 1))
      )
      (4): ResBlock(
        (conv1): Conv2d(64, 64, kernel_size=(3, 3), stride=(1, 1), padding=(1, 1))
        (relu): ReLU(inplace=True)
        (conv2): Conv2d(64, 64, kernel_size=(3, 3), stride=(1, 1), padding=(1, 1))
      )
      (5): ResBlock(
        (conv1): Conv2d(64, 64, kernel_size=(3, 3), stride=(1, 1), padding=(1, 1))
        (relu): ReLU(inplace=True)
        (conv2): Conv2d(64, 64, kernel_size=(3, 3), stride=(1, 1), padding=(1, 1))
      )
      (6): ResBlock(
        (conv1): Conv2d(64, 64, kernel_size=(3, 3), stride=(1, 1), padding=(1, 1))
        (relu): ReLU(inplace=True)
        (conv2): Conv2d(64, 64, kernel_size=(3, 3), stride=(1, 1), padding=(1, 1))
      )
      (7): ResBlock(
        (conv1): Conv2d(64, 64, kernel_size=(3, 3), stride=(1, 1), padding=(1, 1))
        (relu): ReLU(inplace=True)
        (conv2): Conv2d(64, 64, kernel_size=(3, 3), stride=(1, 1), padding=(1, 1))
      )
    )
    (conv21_tail): Conv2d(64, 64, kernel_size=(3, 3), stride=(1, 1), padding=(1, 1))
    (conv22_tail): Conv2d(64, 64, kernel_size=(3, 3), stride=(1, 1), padding=(1, 1))
    (conv23): Conv2d(64, 256, kernel_size=(3, 3), stride=(1, 1), padding=(1, 1))
    (ps23): PixelShuffle(upscale_factor=2)
    (conv33_head): Conv2d(256, 64, kernel_size=(3, 3), stride=(1, 1), padding=(1, 1))
    (ex123): CSFI3(
      (conv12): Conv2d(64, 64, kernel_size=(1, 1), stride=(1, 1))
      (conv13): Conv2d(64, 64, kernel_size=(1, 1), stride=(1, 1))
      (conv21): Conv2d(64, 64, kernel_size=(3, 3), stride=(2, 2), padding=(1, 1))
      (conv23): Conv2d(64, 64, kernel_size=(1, 1), stride=(1, 1))
      (conv31_1): Conv2d(64, 64, kernel_size=(3, 3), stride=(2, 2), padding=(1, 1))
      (conv31_2): Conv2d(64, 64, kernel_size=(3, 3), stride=(2, 2), padding=(1, 1))
      (conv32): Conv2d(64, 64, kernel_size=(3, 3), stride=(2, 2), padding=(1, 1))
      (conv_merge1): Conv2d(192, 64, kernel_size=(3, 3), stride=(1, 1), padding=(1, 1))
      (conv_merge2): Conv2d(192, 64, kernel_size=(3, 3), stride=(1, 1), padding=(1, 1))
      (conv_merge3): Conv2d(192, 64, kernel_size=(3, 3), stride=(1, 1), padding=(1, 1))
    )
    (RB31): ModuleList(
      (0): ResBlock(
        (conv1): Conv2d(64, 64, kernel_size=(3, 3), stride=(1, 1), padding=(1, 1))
        (relu): ReLU(inplace=True)
        (conv2): Conv2d(64, 64, kernel_size=(3, 3), stride=(1, 1), padding=(1, 1))
      )
      (1): ResBlock(
        (conv1): Conv2d(64, 64, kernel_size=(3, 3), stride=(1, 1), padding=(1, 1))
        (relu): ReLU(inplace=True)
        (conv2): Conv2d(64, 64, kernel_size=(3, 3), stride=(1, 1), padding=(1, 1))
      )
      (2): ResBlock(
        (conv1): Conv2d(64, 64, kernel_size=(3, 3), stride=(1, 1), padding=(1, 1))
        (relu): ReLU(inplace=True)
        (conv2): Conv2d(64, 64, kernel_size=(3, 3), stride=(1, 1), padding=(1, 1))
      )
      (3): ResBlock(
        (conv1): Conv2d(64, 64, kernel_size=(3, 3), stride=(1, 1), padding=(1, 1))
        (relu): ReLU(inplace=True)
        (conv2): Conv2d(64, 64, kernel_size=(3, 3), stride=(1, 1), padding=(1, 1))
      )
    )
    (RB32): ModuleList(
      (0): ResBlock(
        (conv1): Conv2d(64, 64, kernel_size=(3, 3), stride=(1, 1), padding=(1, 1))
        (relu): ReLU(inplace=True)
        (conv2): Conv2d(64, 64, kernel_size=(3, 3), stride=(1, 1), padding=(1, 1))
      )
      (1): ResBlock(
        (conv1): Conv2d(64, 64, kernel_size=(3, 3), stride=(1, 1), padding=(1, 1))
        (relu): ReLU(inplace=True)
        (conv2): Conv2d(64, 64, kernel_size=(3, 3), stride=(1, 1), padding=(1, 1))
      )
      (2): ResBlock(
        (conv1): Conv2d(64, 64, kernel_size=(3, 3), stride=(1, 1), padding=(1, 1))
        (relu): ReLU(inplace=True)
        (conv2): Conv2d(64, 64, kernel_size=(3, 3), stride=(1, 1), padding=(1, 1))
      )
      (3): ResBlock(
        (conv1): Conv2d(64, 64, kernel_size=(3, 3), stride=(1, 1), padding=(1, 1))
        (relu): ReLU(inplace=True)
        (conv2): Conv2d(64, 64, kernel_size=(3, 3), stride=(1, 1), padding=(1, 1))
      )
    )
    (RB33): ModuleList(
      (0): ResBlock(
        (conv1): Conv2d(64, 64, kernel_size=(3, 3), stride=(1, 1), padding=(1, 1))
        (relu): ReLU(inplace=True)
        (conv2): Conv2d(64, 64, kernel_size=(3, 3), stride=(1, 1), padding=(1, 1))
      )
      (1): ResBlock(
        (conv1): Conv2d(64, 64, kernel_size=(3, 3), stride=(1, 1), padding=(1, 1))
        (relu): ReLU(inplace=True)
        (conv2): Conv2d(64, 64, kernel_size=(3, 3), stride=(1, 1), padding=(1, 1))
      )
      (2): ResBlock(
        (conv1): Conv2d(64, 64, kernel_size=(3, 3), stride=(1, 1), padding=(1, 1))
        (relu): ReLU(inplace=True)
        (conv2): Conv2d(64, 64, kernel_size=(3, 3), stride=(1, 1), padding=(1, 1))
      )
      (3): ResBlock(
        (conv1): Conv2d(64, 64, kernel_size=(3, 3), stride=(1, 1), padding=(1, 1))
        (relu): ReLU(inplace=True)
        (conv2): Conv2d(64, 64, kernel_size=(3, 3), stride=(1, 1), padding=(1, 1))
      )
    )
    (conv31_tail): Conv2d(64, 64, kernel_size=(3, 3), stride=(1, 1), padding=(1, 1))
    (conv32_tail): Conv2d(64, 64, kernel_size=(3, 3), stride=(1, 1), padding=(1, 1))
    (conv33_tail): Conv2d(64, 64, kernel_size=(3, 3), stride=(1, 1), padding=(1, 1))
    (conv1_concate): Conv2d(320, 64, kernel_size=(3, 3), stride=(1, 1), padding=(1, 1))
    (conv2_concate): Conv2d(192, 64, kernel_size=(3, 3), stride=(1, 1), padding=(1, 1))
    (conv3_concate): Conv2d(128, 64, kernel_size=(3, 3), stride=(1, 1), padding=(1, 1))
    (merge_tail): MergeTail(
      (conv13): Conv2d(64, 64, kernel_size=(1, 1), stride=(1, 1))
      (conv23): Conv2d(64, 64, kernel_size=(1, 1), stride=(1, 1))
      (conv_merge): Conv2d(192, 64, kernel_size=(3, 3), stride=(1, 1), padding=(1, 1))
      (conv_tail): Conv2d(64, 64, kernel_size=(3, 3), stride=(1, 1), padding=(1, 1))
      (conv_tail1): Conv2d(64, 32, kernel_size=(3, 3), stride=(1, 1), padding=(1, 1))
      (conv_tail2): Conv2d(32, 4, kernel_size=(1, 1), stride=(1, 1))
    )
  )
  (LTE): LTE(
    (slice1): Sequential(
      (0): Conv2d(4, 64, kernel_size=(3, 3), stride=(1, 1), padding=(1, 1))
      (1): ReLU(inplace=True)
    )
    (slice2): Sequential(
      (2): Conv2d(64, 64, kernel_size=(3, 3), stride=(1, 1), padding=(1, 1))
      (3): ReLU(inplace=True)
      (4): MaxPool2d(kernel_size=2, stride=2, padding=0, dilation=1, ceil_mode=False)
      (5): Conv2d(64, 128, kernel_size=(3, 3), stride=(1, 1), padding=(1, 1))
      (6): ReLU(inplace=True)
    )
    (slice3): Sequential(
      (7): Conv2d(128, 128, kernel_size=(3, 3), stride=(1, 1), padding=(1, 1))
      (8): ReLU(inplace=True)
      (9): MaxPool2d(kernel_size=2, stride=2, padding=0, dilation=1, ceil_mode=False)
      (10): Conv2d(128, 256, kernel_size=(3, 3), stride=(1, 1), padding=(1, 1))
      (11): ReLU(inplace=True)
    )
  )
  (LTE_copy): LTE(
    (slice1): Sequential(
      (0): Conv2d(4, 64, kernel_size=(3, 3), stride=(1, 1), padding=(1, 1))
      (1): ReLU(inplace=True)
    )
    (slice2): Sequential(
      (2): Conv2d(64, 64, kernel_size=(3, 3), stride=(1, 1), padding=(1, 1))
      (3): ReLU(inplace=True)
      (4): MaxPool2d(kernel_size=2, stride=2, padding=0, dilation=1, ceil_mode=False)
      (5): Conv2d(64, 128, kernel_size=(3, 3), stride=(1, 1), padding=(1, 1))
      (6): ReLU(inplace=True)
    )
    (slice3): Sequential(
      (7): Conv2d(128, 128, kernel_size=(3, 3), stride=(1, 1), padding=(1, 1))
      (8): ReLU(inplace=True)
      (9): MaxPool2d(kernel_size=2, stride=2, padding=0, dilation=1, ceil_mode=False)
      (10): Conv2d(128, 256, kernel_size=(3, 3), stride=(1, 1), padding=(1, 1))
      (11): ReLU(inplace=True)
    )
  )
  (SearchTransfer): SearchTransfer()
  (decoder): Decoder(
    (0): Conv2d(64, 32, kernel_size=(3, 3), stride=(1, 1), padding=(1, 1))
    (1): Conv2d(32, 4, kernel_size=(1, 1), stride=(1, 1))
  )
)
There are 7503368 trainable parameters.
option：Namespace(batch_size=4, cuda=True, epochs=20, eval=False, image_size=[1640, 1640], lr=0.0001, n_feats=64, ngpu=1, num_res_blocks='16+16+8+4', num_steps=2, num_workers=2, patch_padding=20, patch_size=80, patch_stride=80, pretrained=PosixPath('/hy-tmp/OURS/ttsr_dx/pretrained.pth'), refs=2, res_scale=1.0, save_dir=PosixPath('out'), test=False, test_dir=PosixPath('/hy-tmp/OURS/edcstfn_data/DX/data/test'), test_patch=80, train_dir=PosixPath('/hy-tmp/OURS/edcstfn_data/DX/data/train'), val_dir=PosixPath('/hy-tmp/OURS/edcstfn_data/DX/data/val'))
Loading data...
Training...
Current learning rate: 0.0001
Epoch[0/20] - 2021-08-06 21:02:01.123009
Epoch[0/20 0/700] - Loss: 9830.3134765625 - MSE: 9825.22656 - batch_Time: 1.1437245679553598s
Epoch[0/20 1/700] - Loss: 8281.2265625000 - MSE: 8276.93750 - batch_Time: 0.4361726518254727s
Epoch[0/20 2/700] - Loss: 4087.6906738281 - MSE: 4084.56494 - batch_Time: 0.3871447490528226s
Epoch[0/20 3/700] - Loss: 1866.1162109375 - MSE: 1863.82678 - batch_Time: 0.39172587590292096s
Epoch[0/20 4/700] - Loss: 13429.5898437500 - MSE: 13424.22266 - batch_Time: 0.38782305200584233s
Epoch[0/20 5/700] - Loss: 1325.3544921875 - MSE: 1323.12732 - batch_Time: 0.3898259790148586s
Epoch[0/20 6/700] - Loss: 1324.6163330078 - MSE: 1322.35876 - batch_Time: 0.3880256700795144s
Epoch[0/20 7/700] - Loss: 2897.9013671875 - MSE: 2895.16113 - batch_Time: 0.391046873992309s
Epoch[0/20 8/700] - Loss: 3872.2324218750 - MSE: 3869.00537 - batch_Time: 0.39086538599804044s
Epoch[0/20 9/700] - Loss: 3967.8061523438 - MSE: 3964.81104 - batch_Time: 0.3874557060189545s
Epoch[0/20 10/700] - Loss: 3741.2775878906 - MSE: 3738.26196 - batch_Time: 0.390652468893677s
Epoch[0/20 11/700] - Loss: 2769.7236328125 - MSE: 2766.94775 - batch_Time: 0.4019175609573722s
Epoch[0/20 12/700] - Loss: 2622.3520507812 - MSE: 2619.55908 - batch_Time: 0.3941194398794323s
Epoch[0/20 13/700] - Loss: 1424.1137695312 - MSE: 1421.87256 - batch_Time: 0.3974863109178841s
Epoch[0/20 14/700] - Loss: 1179.2653808594 - MSE: 1177.05334 - batch_Time: 0.3973272838629782s
Epoch[0/20 15/700] - Loss: 927.7629394531 - MSE: 925.56946 - batch_Time: 0.39938434096984565s
Epoch[0/20 16/700] - Loss: 1232.9384765625 - MSE: 1231.40186 - batch_Time: 0.4012174201197922s
Epoch[0/20 17/700] - Loss: 1677.6975097656 - MSE: 1675.99207 - batch_Time: 0.39735413412563503s
Epoch[0/20 18/700] - Loss: 1594.5198974609 - MSE: 1592.63928 - batch_Time: 0.39867050806060433s
Epoch[0/20 19/700] - Loss: 810.5473632812 - MSE: 808.32141 - batch_Time: 0.3974455329589546s
Epoch[0/20 20/700] - Loss: 984.2772216797 - MSE: 982.09900 - batch_Time: 0.3966873111203313s
Epoch[0/20 21/700] - Loss: 1205.5181884766 - MSE: 1203.18286 - batch_Time: 0.39723524497821927s
Epoch[0/20 22/700] - Loss: 1808.5968017578 - MSE: 1806.11560 - batch_Time: 0.393345169024542s
Epoch[0/20 23/700] - Loss: 1632.9763183594 - MSE: 1630.61108 - batch_Time: 0.39709672587923706s
Epoch[0/20 24/700] - Loss: 1202.4044189453 - MSE: 1200.11377 - batch_Time: 0.3956085341051221s
Epoch[0/20 25/700] - Loss: 1121.7050781250 - MSE: 1119.46216 - batch_Time: 0.3970405070576817s
Epoch[0/20 26/700] - Loss: 1074.7408447266 - MSE: 1072.50574 - batch_Time: 0.39797969604842365s
Epoch[0/20 27/700] - Loss: 705.5653686523 - MSE: 703.41223 - batch_Time: 0.3922388420905918s
Epoch[0/20 28/700] - Loss: 685.8687133789 - MSE: 683.86914 - batch_Time: 0.39756691199727356s
Epoch[0/20 29/700] - Loss: 828.6748046875 - MSE: 826.49731 - batch_Time: 0.3905530220363289s
Epoch[0/20 30/700] - Loss: 1118.3002929688 - MSE: 1116.00134 - batch_Time: 0.3922304331790656s
Epoch[0/20 31/700] - Loss: 782.6504516602 - MSE: 780.49365 - batch_Time: 0.4017369339708239s
Epoch[0/20 32/700] - Loss: 839.3770141602 - MSE: 837.27277 - batch_Time: 0.39827922405675054s
Epoch[0/20 33/700] - Loss: 876.4342041016 - MSE: 874.19830 - batch_Time: 0.3915843600407243s
Epoch[0/20 34/700] - Loss: 835.6567993164 - MSE: 833.56952 - batch_Time: 0.3968120899517089s
Epoch[0/20 35/700] - Loss: 863.7935791016 - MSE: 861.58691 - batch_Time: 0.3993764810729772s
Epoch[0/20 36/700] - Loss: 802.4519042969 - MSE: 800.33142 - batch_Time: 0.39940452110022306s
Epoch[0/20 37/700] - Loss: 862.4059448242 - MSE: 860.15906 - batch_Time: 0.3985343009699136s
Epoch[0/20 38/700] - Loss: 943.6690673828 - MSE: 941.52167 - batch_Time: 0.39557567378506064s
Epoch[0/20 39/700] - Loss: 695.7794189453 - MSE: 693.71619 - batch_Time: 0.4007326459977776s
Epoch[0/20 40/700] - Loss: 866.7147216797 - MSE: 864.54974 - batch_Time: 0.39486693288199604s
Epoch[0/20 41/700] - Loss: 746.4628906250 - MSE: 744.43213 - batch_Time: 0.39431360992603004s
Epoch[0/20 42/700] - Loss: 704.9503173828 - MSE: 702.88416 - batch_Time: 0.3910098560154438s
Epoch[0/20 43/700] - Loss: 666.1246337891 - MSE: 664.46143 - batch_Time: 0.3893445758149028s
Epoch[0/20 44/700] - Loss: 1026.7944335938 - MSE: 1024.47278 - batch_Time: 0.3925865888595581s
Epoch[0/20 45/700] - Loss: 796.4274902344 - MSE: 794.27014 - batch_Time: 0.39250664017163217s
Epoch[0/20 46/700] - Loss: 531.0367431641 - MSE: 529.05438 - batch_Time: 0.392895505996421s
Epoch[0/20 47/700] - Loss: 896.5430908203 - MSE: 894.37909 - batch_Time: 0.39159619994461536s
Epoch[0/20 48/700] - Loss: 922.9081420898 - MSE: 920.81396 - batch_Time: 0.39112846506759524s
Epoch[0/20 49/700] - Loss: 753.8498535156 - MSE: 751.73419 - batch_Time: 0.3900348781608045s
Epoch[0/20 50/700] - Loss: 740.5145263672 - MSE: 738.36389 - batch_Time: 0.3927934770472348s
Epoch[0/20 51/700] - Loss: 794.8020629883 - MSE: 792.77557 - batch_Time: 0.39340930012986064s
Epoch[0/20 52/700] - Loss: 663.2384033203 - MSE: 661.12073 - batch_Time: 0.3983465628698468s
Epoch[0/20 53/700] - Loss: 867.1677246094 - MSE: 865.08539 - batch_Time: 0.3905604218598455s
Epoch[0/20 54/700] - Loss: 765.8228759766 - MSE: 763.73090 - batch_Time: 0.391715477919206s
Epoch[0/20 55/700] - Loss: 443.9552917480 - MSE: 441.97632 - batch_Time: 0.3900335091166198s
Epoch[0/20 56/700] - Loss: 591.8090820312 - MSE: 589.79248 - batch_Time: 0.39187591802328825s
Epoch[0/20 57/700] - Loss: 746.0966796875 - MSE: 744.02771 - batch_Time: 0.3941336420830339s
Epoch[0/20 58/700] - Loss: 680.1777954102 - MSE: 678.06622 - batch_Time: 0.3906757009681314s
Epoch[0/20 59/700] - Loss: 622.6250000000 - MSE: 620.62970 - batch_Time: 0.3934726999141276s
Epoch[0/20 60/700] - Loss: 720.0651245117 - MSE: 717.94269 - batch_Time: 0.3937510659452528s
Epoch[0/20 61/700] - Loss: 892.5313110352 - MSE: 890.24377 - batch_Time: 0.40234551881439984s
Epoch[0/20 62/700] - Loss: 792.3798828125 - MSE: 790.26074 - batch_Time: 0.3951286699157208s
Epoch[0/20 63/700] - Loss: 522.7256469727 - MSE: 520.73822 - batch_Time: 0.39961487893015146s
Epoch[0/20 64/700] - Loss: 733.6603393555 - MSE: 731.54498 - batch_Time: 0.40039277100004256s
Epoch[0/20 65/700] - Loss: 681.6651000977 - MSE: 679.57593 - batch_Time: 0.3995754800271243s
Epoch[0/20 66/700] - Loss: 553.4800415039 - MSE: 551.46350 - batch_Time: 0.39833464403636754s
Epoch[0/20 67/700] - Loss: 932.2738037109 - MSE: 930.20129 - batch_Time: 0.3979902279097587s
Epoch[0/20 68/700] - Loss: 556.4442138672 - MSE: 554.39874 - batch_Time: 0.3964658959303051s
Epoch[0/20 69/700] - Loss: 1431.4274902344 - MSE: 1429.99292 - batch_Time: 0.3985234429128468s
Epoch[0/20 70/700] - Loss: 748.9132080078 - MSE: 746.88330 - batch_Time: 0.3976718520279974s
Epoch[0/20 71/700] - Loss: 644.9694824219 - MSE: 642.95654 - batch_Time: 0.40029353206045926s
Epoch[0/20 72/700] - Loss: 513.4232788086 - MSE: 511.45709 - batch_Time: 0.39192301710136235s
Epoch[0/20 73/700] - Loss: 653.9191894531 - MSE: 651.88446 - batch_Time: 0.3985911221243441s
Epoch[0/20 74/700] - Loss: 776.8427734375 - MSE: 774.79193 - batch_Time: 0.40300475200638175s
Epoch[0/20 75/700] - Loss: 713.0437011719 - MSE: 711.03546 - batch_Time: 0.40168317686766386s
Epoch[0/20 76/700] - Loss: 728.2089233398 - MSE: 726.17816 - batch_Time: 0.39544752798974514s
Epoch[0/20 77/700] - Loss: 515.1473999023 - MSE: 513.17822 - batch_Time: 0.39571979409083724s
Epoch[0/20 78/700] - Loss: 486.3782653809 - MSE: 484.37158 - batch_Time: 0.3947255159728229s
Epoch[0/20 79/700] - Loss: 733.4577636719 - MSE: 731.35095 - batch_Time: 0.39609198994003236s
Epoch[0/20 80/700] - Loss: 592.9743041992 - MSE: 591.02924 - batch_Time: 0.39000640995800495s
Epoch[0/20 81/700] - Loss: 675.1663818359 - MSE: 673.21655 - batch_Time: 0.3994547720067203s
Epoch[0/20 82/700] - Loss: 422.4163818359 - MSE: 420.51880 - batch_Time: 0.3914369728881866s
Epoch[0/20 83/700] - Loss: 649.1249389648 - MSE: 647.19946 - batch_Time: 0.3997696579899639s
Epoch[0/20 84/700] - Loss: 516.4385986328 - MSE: 514.53876 - batch_Time: 0.3950056629255414s
Epoch[0/20 85/700] - Loss: 726.7897949219 - MSE: 724.86145 - batch_Time: 0.3981484370306134s
Epoch[0/20 86/700] - Loss: 752.6388549805 - MSE: 750.62280 - batch_Time: 0.39474811498075724s
Epoch[0/20 87/700] - Loss: 745.6355590820 - MSE: 743.70270 - batch_Time: 0.3911145068705082s
Epoch[0/20 88/700] - Loss: 492.9538574219 - MSE: 491.03912 - batch_Time: 0.39220372401177883s
Epoch[0/20 89/700] - Loss: 617.5718994141 - MSE: 615.53888 - batch_Time: 0.39454850903712213s
Epoch[0/20 90/700] - Loss: 663.8794555664 - MSE: 661.92529 - batch_Time: 0.39574987394735217s
Epoch[0/20 91/700] - Loss: 490.1052246094 - MSE: 488.17908 - batch_Time: 0.3978119711391628s
Epoch[0/20 92/700] - Loss: 706.4572143555 - MSE: 704.29700 - batch_Time: 0.39207484596408904s
Epoch[0/20 93/700] - Loss: 615.1274414062 - MSE: 613.26428 - batch_Time: 0.3970165508799255s
Epoch[0/20 94/700] - Loss: 633.1984863281 - MSE: 631.20447 - batch_Time: 0.39271535887382925s
Epoch[0/20 95/700] - Loss: 1248.1057128906 - MSE: 1246.00696 - batch_Time: 0.39887100900523365s
Epoch[0/20 96/700] - Loss: 490.1650390625 - MSE: 488.26062 - batch_Time: 0.3973167871590704s
Epoch[0/20 97/700] - Loss: 564.1653442383 - MSE: 562.27039 - batch_Time: 0.39305659499950707s
Epoch[0/20 98/700] - Loss: 557.3637084961 - MSE: 555.40234 - batch_Time: 0.39885103004053235s
Epoch[0/20 99/700] - Loss: 759.6629638672 - MSE: 757.73615 - batch_Time: 0.3958473040256649s
Epoch[0/20 100/700] - Loss: 434.8169555664 - MSE: 432.94492 - batch_Time: 0.4014486900996417s
Epoch[0/20 101/700] - Loss: 680.9915771484 - MSE: 679.00568 - batch_Time: 0.39346562093123794s
Epoch[0/20 102/700] - Loss: 347.8727722168 - MSE: 345.94528 - batch_Time: 0.3906164928339422s
Epoch[0/20 103/700] - Loss: 497.1002807617 - MSE: 495.20334 - batch_Time: 0.39209696697071195s
Epoch[0/20 104/700] - Loss: 683.7767333984 - MSE: 681.69794 - batch_Time: 0.3904162058606744s
Epoch[0/20 105/700] - Loss: 469.4486389160 - MSE: 467.50720 - batch_Time: 0.3918271800503135s
Epoch[0/20 106/700] - Loss: 396.1427612305 - MSE: 394.27774 - batch_Time: 0.3971593489404768s
Epoch[0/20 107/700] - Loss: 492.5084533691 - MSE: 490.72424 - batch_Time: 0.3933547828346491s
Epoch[0/20 108/700] - Loss: 481.2454833984 - MSE: 479.48569 - batch_Time: 0.3905633438844234s
Epoch[0/20 109/700] - Loss: 517.6959838867 - MSE: 515.84778 - batch_Time: 0.39130862592719495s
Epoch[0/20 110/700] - Loss: 689.4368896484 - MSE: 687.54395 - batch_Time: 0.3957757649477571s
Epoch[0/20 111/700] - Loss: 577.2086791992 - MSE: 575.21124 - batch_Time: 0.38994283112697303s
Epoch[0/20 112/700] - Loss: 524.4335937500 - MSE: 522.53052 - batch_Time: 0.3918637791648507s
Epoch[0/20 113/700] - Loss: 457.2465515137 - MSE: 455.39529 - batch_Time: 0.39074199297465384s
Epoch[0/20 114/700] - Loss: 448.3040771484 - MSE: 446.48114 - batch_Time: 0.39053928502835333s
Epoch[0/20 115/700] - Loss: 779.8726806641 - MSE: 777.85883 - batch_Time: 0.3914361549541354s
Epoch[0/20 116/700] - Loss: 409.5256652832 - MSE: 407.67175 - batch_Time: 0.38869398599490523s
Epoch[0/20 117/700] - Loss: 674.5428466797 - MSE: 672.63721 - batch_Time: 0.3909926200285554s
Epoch[0/20 118/700] - Loss: 905.4678955078 - MSE: 903.37201 - batch_Time: 0.3912497260607779s
Epoch[0/20 119/700] - Loss: 376.9830017090 - MSE: 375.25668 - batch_Time: 0.3910999880172312s
Epoch[0/20 120/700] - Loss: 581.5048217773 - MSE: 579.56708 - batch_Time: 0.3921309970319271s
Epoch[0/20 121/700] - Loss: 494.8825988770 - MSE: 493.01288 - batch_Time: 0.38892687298357487s
Epoch[0/20 122/700] - Loss: 540.2721557617 - MSE: 538.45734 - batch_Time: 0.39293172815814614s
Epoch[0/20 123/700] - Loss: 606.3796386719 - MSE: 604.46667 - batch_Time: 0.39243964315392077s
Epoch[0/20 124/700] - Loss: 483.1899414062 - MSE: 481.28491 - batch_Time: 0.40047419304028153s
Epoch[0/20 125/700] - Loss: 628.7683105469 - MSE: 626.89307 - batch_Time: 0.3969518030062318s
Epoch[0/20 126/700] - Loss: 477.9961547852 - MSE: 476.16110 - batch_Time: 0.3980831999797374s
Epoch[0/20 127/700] - Loss: 424.0275878906 - MSE: 422.28702 - batch_Time: 0.3899542710278183s
Epoch[0/20 128/700] - Loss: 561.4973144531 - MSE: 559.54919 - batch_Time: 0.3974349768832326s
Epoch[0/20 129/700] - Loss: 442.0556640625 - MSE: 440.20923 - batch_Time: 0.39325116388499737s
Epoch[0/20 130/700] - Loss: 271.2840576172 - MSE: 269.56180 - batch_Time: 0.39781339187175035s
Epoch[0/20 131/700] - Loss: 454.4329833984 - MSE: 452.64447 - batch_Time: 0.39701087190769613s
Epoch[0/20 132/700] - Loss: 988.8322143555 - MSE: 987.77069 - batch_Time: 0.39925256720744073s
Epoch[0/20 133/700] - Loss: 284.8549499512 - MSE: 283.10977 - batch_Time: 0.3981706281192601s
Epoch[0/20 134/700] - Loss: 557.6328735352 - MSE: 555.87500 - batch_Time: 0.3970777508802712s
Epoch[0/20 135/700] - Loss: 613.8818359375 - MSE: 612.18811 - batch_Time: 0.39666337706148624s
Epoch[0/20 136/700] - Loss: 344.8041992188 - MSE: 343.12848 - batch_Time: 0.4003083349671215s
Epoch[0/20 137/700] - Loss: 588.6022338867 - MSE: 586.71454 - batch_Time: 0.4012997329700738s
Epoch[0/20 138/700] - Loss: 935.4609375000 - MSE: 933.48279 - batch_Time: 0.3926571209449321s
Epoch[0/20 139/700] - Loss: 335.0498046875 - MSE: 333.44461 - batch_Time: 0.3935443318914622s
Epoch[0/20 140/700] - Loss: 498.3952636719 - MSE: 496.75302 - batch_Time: 0.39844468608498573s
Epoch[0/20 141/700] - Loss: 656.0653076172 - MSE: 654.30737 - batch_Time: 0.40142523194663227s
Epoch[0/20 142/700] - Loss: 566.5499267578 - MSE: 565.15417 - batch_Time: 0.4014739119447768s
Epoch[0/20 143/700] - Loss: 604.5842285156 - MSE: 602.65662 - batch_Time: 0.3933744940441102s
Epoch[0/20 144/700] - Loss: 1127.2955322266 - MSE: 1126.23889 - batch_Time: 0.39197296905331314s
Epoch[0/20 145/700] - Loss: 480.4662475586 - MSE: 478.82703 - batch_Time: 0.396816044813022s
Epoch[0/20 146/700] - Loss: 512.2586669922 - MSE: 510.55414 - batch_Time: 0.3990512890741229s
Epoch[0/20 147/700] - Loss: 518.5920410156 - MSE: 516.95520 - batch_Time: 0.39609305281192064s
Epoch[0/20 148/700] - Loss: 386.4652404785 - MSE: 384.76874 - batch_Time: 0.4001273668836802s
Epoch[0/20 149/700] - Loss: 532.2651977539 - MSE: 530.56598 - batch_Time: 0.39660331699997187s
Epoch[0/20 150/700] - Loss: 673.2182617188 - MSE: 671.40021 - batch_Time: 0.3941030949354172s
Epoch[0/20 151/700] - Loss: 513.3431396484 - MSE: 511.69269 - batch_Time: 0.3933323440141976s
Epoch[0/20 152/700] - Loss: 496.5191650391 - MSE: 494.75836 - batch_Time: 0.39193865982815623s
Epoch[0/20 153/700] - Loss: 461.0349426270 - MSE: 459.44885 - batch_Time: 0.3934710528701544s
Epoch[0/20 154/700] - Loss: 574.5895996094 - MSE: 572.92950 - batch_Time: 0.3948131278157234s
Epoch[0/20 155/700] - Loss: 475.3941650391 - MSE: 473.57022 - batch_Time: 0.39735417906194925s
Epoch[0/20 156/700] - Loss: 578.7253417969 - MSE: 577.13159 - batch_Time: 0.39168324298225343s
Epoch[0/20 157/700] - Loss: 437.6055297852 - MSE: 435.85742 - batch_Time: 0.39823092916049063s
Epoch[0/20 158/700] - Loss: 390.2155761719 - MSE: 388.51874 - batch_Time: 0.3942517249379307s
Epoch[0/20 159/700] - Loss: 358.6668701172 - MSE: 357.05322 - batch_Time: 0.4021716348361224s
Epoch[0/20 160/700] - Loss: 548.9012451172 - MSE: 547.12433 - batch_Time: 0.39347554300911725s
Epoch[0/20 161/700] - Loss: 356.0669860840 - MSE: 354.45486 - batch_Time: 0.4001938470173627s
Epoch[0/20 162/700] - Loss: 417.5788269043 - MSE: 415.94296 - batch_Time: 0.3975344570353627s
Epoch[0/20 163/700] - Loss: 529.1691284180 - MSE: 527.66479 - batch_Time: 0.40100597799755633s
Epoch[0/20 164/700] - Loss: 506.0374755859 - MSE: 504.42450 - batch_Time: 0.39258788409642875s
Epoch[0/20 165/700] - Loss: 601.5316162109 - MSE: 599.97656 - batch_Time: 0.3986301750410348s
Epoch[0/20 166/700] - Loss: 628.0652465820 - MSE: 626.97034 - batch_Time: 0.39272408094257116s
Epoch[0/20 167/700] - Loss: 395.8141174316 - MSE: 394.30511 - batch_Time: 0.4005273140501231s
Epoch[0/20 168/700] - Loss: 670.8732910156 - MSE: 669.78839 - batch_Time: 0.3938641999848187s
Epoch[0/20 169/700] - Loss: 530.2622680664 - MSE: 528.63074 - batch_Time: 0.40209466498345137s
Epoch[0/20 170/700] - Loss: 847.4458618164 - MSE: 846.13281 - batch_Time: 0.39498853613622487s
Epoch[0/20 171/700] - Loss: 488.8918457031 - MSE: 487.34271 - batch_Time: 0.4003831350710243s
Epoch[0/20 172/700] - Loss: 489.7406311035 - MSE: 488.43814 - batch_Time: 0.39905296987853944s
Epoch[0/20 173/700] - Loss: 411.3053588867 - MSE: 409.70877 - batch_Time: 0.3990349508821964s
Epoch[0/20 174/700] - Loss: 576.1580810547 - MSE: 574.57825 - batch_Time: 0.4004452449735254s
Epoch[0/20 175/700] - Loss: 456.8071594238 - MSE: 455.26456 - batch_Time: 0.3931494769640267s
Epoch[0/20 176/700] - Loss: 359.1007690430 - MSE: 357.52734 - batch_Time: 0.3950397460721433s
Epoch[0/20 177/700] - Loss: 500.0826110840 - MSE: 498.66733 - batch_Time: 0.3938745600171387s
Epoch[0/20 178/700] - Loss: 431.9194641113 - MSE: 430.34894 - batch_Time: 0.394541191868484s
Epoch[0/20 179/700] - Loss: 492.6927185059 - MSE: 491.37317 - batch_Time: 0.3927450419869274s
Epoch[0/20 180/700] - Loss: 469.7861328125 - MSE: 468.14432 - batch_Time: 0.3929677901323885s
Epoch[0/20 181/700] - Loss: 347.0846252441 - MSE: 345.44980 - batch_Time: 0.39390524895861745s
Epoch[0/20 182/700] - Loss: 361.5479125977 - MSE: 360.26138 - batch_Time: 0.3938717700075358s
Epoch[0/20 183/700] - Loss: 361.8329162598 - MSE: 360.41061 - batch_Time: 0.39111010101623833s
Epoch[0/20 184/700] - Loss: 572.3377075195 - MSE: 571.08655 - batch_Time: 0.39896065182983875s
Epoch[0/20 185/700] - Loss: 535.6595458984 - MSE: 533.96802 - batch_Time: 0.39711713208816946s
Epoch[0/20 186/700] - Loss: 391.3696899414 - MSE: 389.80981 - batch_Time: 0.3984036680776626s
Epoch[0/20 187/700] - Loss: 528.1538085938 - MSE: 526.94720 - batch_Time: 0.39666165807284415s
Epoch[0/20 188/700] - Loss: 359.4624023438 - MSE: 357.94312 - batch_Time: 0.39683019602671266s
Epoch[0/20 189/700] - Loss: 507.1269836426 - MSE: 505.48715 - batch_Time: 0.39733921992592514s
Epoch[0/20 190/700] - Loss: 512.4312744141 - MSE: 511.30396 - batch_Time: 0.39650141005404294s
Epoch[0/20 191/700] - Loss: 397.1868591309 - MSE: 395.63013 - batch_Time: 0.3974733480717987s
Epoch[0/20 192/700] - Loss: 356.9677734375 - MSE: 355.48663 - batch_Time: 0.39707265398465097s
Epoch[0/20 193/700] - Loss: 424.4111022949 - MSE: 422.89813 - batch_Time: 0.3956811598036438s
Epoch[0/20 194/700] - Loss: 400.7339172363 - MSE: 399.21063 - batch_Time: 0.40948207303881645s
Epoch[0/20 195/700] - Loss: 356.0606079102 - MSE: 354.45477 - batch_Time: 0.39684097608551383s
Epoch[0/20 196/700] - Loss: 392.4978027344 - MSE: 391.33344 - batch_Time: 0.3975989269092679s
Epoch[0/20 197/700] - Loss: 615.2525024414 - MSE: 613.73895 - batch_Time: 0.4015276920981705s
Epoch[0/20 198/700] - Loss: 460.0055541992 - MSE: 458.44525 - batch_Time: 0.39693356584757566s
Epoch[0/20 199/700] - Loss: 401.6565551758 - MSE: 400.19159 - batch_Time: 0.39504918619059026s
Epoch[0/20 200/700] - Loss: 451.0364379883 - MSE: 449.61005 - batch_Time: 0.39832316897809505s
Epoch[0/20 201/700] - Loss: 330.0325622559 - MSE: 328.62732 - batch_Time: 0.39618743397295475s
Epoch[0/20 202/700] - Loss: 449.9207153320 - MSE: 448.41342 - batch_Time: 0.3987907350528985s
Epoch[0/20 203/700] - Loss: 564.7086791992 - MSE: 563.14539 - batch_Time: 0.39977842289954424s
Epoch[0/20 204/700] - Loss: 610.6549072266 - MSE: 609.28101 - batch_Time: 0.3987664950545877s
Epoch[0/20 205/700] - Loss: 403.8169860840 - MSE: 402.41132 - batch_Time: 0.3962890519760549s
Epoch[0/20 206/700] - Loss: 520.3989257812 - MSE: 518.97534 - batch_Time: 0.40129595599137247s
Epoch[0/20 207/700] - Loss: 265.3118591309 - MSE: 263.78589 - batch_Time: 0.3958091379608959s
Epoch[0/20 208/700] - Loss: 384.3318481445 - MSE: 383.07590 - batch_Time: 0.3991665099747479s
Epoch[0/20 209/700] - Loss: 428.6848144531 - MSE: 427.67337 - batch_Time: 0.3962198339868337s
Epoch[0/20 210/700] - Loss: 374.4341430664 - MSE: 373.16669 - batch_Time: 0.40581376501359046s
Epoch[0/20 211/700] - Loss: 472.8822631836 - MSE: 471.51672 - batch_Time: 0.3967531381640583s
Epoch[0/20 212/700] - Loss: 471.8085937500 - MSE: 470.41132 - batch_Time: 0.39812076301313937s
Epoch[0/20 213/700] - Loss: 435.9602661133 - MSE: 434.53027 - batch_Time: 0.40132773597724736s
Epoch[0/20 214/700] - Loss: 392.2116394043 - MSE: 391.21484 - batch_Time: 0.40282145887613297s
Epoch[0/20 215/700] - Loss: 294.0969238281 - MSE: 292.82541 - batch_Time: 0.40058670402504504s
Epoch[0/20 216/700] - Loss: 519.7457275391 - MSE: 518.48022 - batch_Time: 0.3944384839851409s
Epoch[0/20 217/700] - Loss: 466.9076538086 - MSE: 466.05475 - batch_Time: 0.39312652917578816s
Epoch[0/20 218/700] - Loss: 436.2295532227 - MSE: 435.11630 - batch_Time: 0.39564001094549894s
Epoch[0/20 219/700] - Loss: 549.0941772461 - MSE: 548.20471 - batch_Time: 0.3954719118773937s
Epoch[0/20 220/700] - Loss: 494.1566162109 - MSE: 492.70334 - batch_Time: 0.39678062684834003s
Epoch[0/20 221/700] - Loss: 450.3163146973 - MSE: 449.11053 - batch_Time: 0.3960146070457995s
Epoch[0/20 222/700] - Loss: 562.6376342773 - MSE: 561.28400 - batch_Time: 0.39677931810729206s
Epoch[0/20 223/700] - Loss: 325.6480712891 - MSE: 324.70758 - batch_Time: 0.40466748806647956s
Epoch[0/20 224/700] - Loss: 464.0717773438 - MSE: 462.58139 - batch_Time: 0.40153205301612616s
Epoch[0/20 225/700] - Loss: 543.5664062500 - MSE: 542.77271 - batch_Time: 0.40173460100777447s
Epoch[0/20 226/700] - Loss: 360.8847961426 - MSE: 359.96042 - batch_Time: 0.4012375669553876s
Epoch[0/20 227/700] - Loss: 237.1359405518 - MSE: 236.14729 - batch_Time: 0.40116362809203565s
Epoch[0/20 228/700] - Loss: 422.5951538086 - MSE: 421.39182 - batch_Time: 0.4022015971131623s
Epoch[0/20 229/700] - Loss: 429.8416137695 - MSE: 428.69922 - batch_Time: 0.4012787169776857s
Epoch[0/20 230/700] - Loss: 366.1502075195 - MSE: 364.87823 - batch_Time: 0.4028919090051204s
Epoch[0/20 231/700] - Loss: 373.8392333984 - MSE: 372.67801 - batch_Time: 0.40252193296328187s
Epoch[0/20 232/700] - Loss: 371.0798950195 - MSE: 370.37848 - batch_Time: 0.39992927201092243s
Epoch[0/20 233/700] - Loss: 519.8934326172 - MSE: 518.81226 - batch_Time: 0.40053136507049203s
Epoch[0/20 234/700] - Loss: 348.7931518555 - MSE: 347.65326 - batch_Time: 0.40295393904671073s
Epoch[0/20 235/700] - Loss: 604.6694946289 - MSE: 602.97791 - batch_Time: 0.4011326089967042s
Epoch[0/20 236/700] - Loss: 644.8078613281 - MSE: 643.38208 - batch_Time: 0.403121906099841s
Epoch[0/20 237/700] - Loss: 369.7116088867 - MSE: 368.71356 - batch_Time: 0.4015505251009017s
Epoch[0/20 238/700] - Loss: 416.0249633789 - MSE: 414.82309 - batch_Time: 0.3996063261292875s
Epoch[0/20 239/700] - Loss: 526.7186279297 - MSE: 525.70459 - batch_Time: 0.4016981329768896s
Epoch[0/20 240/700] - Loss: 371.0174255371 - MSE: 369.62793 - batch_Time: 0.40360913099721074s
Epoch[0/20 241/700] - Loss: 562.1657714844 - MSE: 560.82068 - batch_Time: 0.40066867391578853s
Epoch[0/20 242/700] - Loss: 383.4641113281 - MSE: 381.95920 - batch_Time: 0.4014514461159706s
Epoch[0/20 243/700] - Loss: 328.6485900879 - MSE: 327.56796 - batch_Time: 0.4073587590828538s
Epoch[0/20 244/700] - Loss: 351.9574279785 - MSE: 350.80756 - batch_Time: 0.40105587989091873s
Epoch[0/20 245/700] - Loss: 442.2266540527 - MSE: 441.03125 - batch_Time: 0.39598883711732924s
Epoch[0/20 246/700] - Loss: 402.6665649414 - MSE: 401.75909 - batch_Time: 0.40302405785769224s
Epoch[0/20 247/700] - Loss: 278.8601074219 - MSE: 277.71533 - batch_Time: 0.3951906459406018s
Epoch[0/20 248/700] - Loss: 310.7727050781 - MSE: 310.08478 - batch_Time: 0.3984269299544394s
Epoch[0/20 249/700] - Loss: 527.0277099609 - MSE: 526.37341 - batch_Time: 0.39782507601194084s
Epoch[0/20 250/700] - Loss: 314.6853637695 - MSE: 313.50928 - batch_Time: 0.399906873004511s
Epoch[0/20 251/700] - Loss: 368.4059753418 - MSE: 367.60651 - batch_Time: 0.396880067884922s
Epoch[0/20 252/700] - Loss: 319.9457397461 - MSE: 318.93228 - batch_Time: 0.3997497451491654s
Epoch[0/20 253/700] - Loss: 443.2289428711 - MSE: 442.67612 - batch_Time: 0.39491169108077884s
Epoch[0/20 254/700] - Loss: 417.2242431641 - MSE: 416.53952 - batch_Time: 0.3921520421281457s
Epoch[0/20 255/700] - Loss: 488.1008911133 - MSE: 486.82401 - batch_Time: 0.3954984631855041s
Epoch[0/20 256/700] - Loss: 270.8142700195 - MSE: 270.22672 - batch_Time: 0.3968974279705435s
Epoch[0/20 257/700] - Loss: 388.7410278320 - MSE: 388.08029 - batch_Time: 0.3960525570437312s
Epoch[0/20 258/700] - Loss: 347.6997680664 - MSE: 346.89874 - batch_Time: 0.40248720394447446s
Epoch[0/20 259/700] - Loss: 273.7278747559 - MSE: 272.61102 - batch_Time: 0.40047371690161526s
Epoch[0/20 260/700] - Loss: 384.7596435547 - MSE: 383.66528 - batch_Time: 0.4017488828394562s
Epoch[0/20 261/700] - Loss: 283.0572204590 - MSE: 282.03339 - batch_Time: 0.39837726089172065s
Epoch[0/20 262/700] - Loss: 406.9353027344 - MSE: 405.99384 - batch_Time: 0.39979779510758817s
Epoch[0/20 263/700] - Loss: 315.9311218262 - MSE: 314.91180 - batch_Time: 0.399875673931092s
Epoch[0/20 264/700] - Loss: 414.3163146973 - MSE: 413.18423 - batch_Time: 0.40065290522761643s
Epoch[0/20 265/700] - Loss: 501.2559814453 - MSE: 500.47510 - batch_Time: 0.39574184105731547s
Epoch[0/20 266/700] - Loss: 505.2360839844 - MSE: 504.15305 - batch_Time: 0.4019518499262631s
Epoch[0/20 267/700] - Loss: 441.7290039062 - MSE: 440.52740 - batch_Time: 0.4011317999102175s
Epoch[0/20 268/700] - Loss: 273.2112121582 - MSE: 272.26038 - batch_Time: 0.40039839781820774s
Epoch[0/20 269/700] - Loss: 363.7268676758 - MSE: 362.68930 - batch_Time: 0.400675494922325s
Epoch[0/20 270/700] - Loss: 365.7208862305 - MSE: 364.83362 - batch_Time: 0.4023440261371434s
Epoch[0/20 271/700] - Loss: 337.2336425781 - MSE: 336.07086 - batch_Time: 0.39785126806236804s
Epoch[0/20 272/700] - Loss: 475.2618713379 - MSE: 473.86954 - batch_Time: 0.4000396530609578s
Epoch[0/20 273/700] - Loss: 292.6838989258 - MSE: 291.45862 - batch_Time: 0.4017734320368618s
Epoch[0/20 274/700] - Loss: 504.5642700195 - MSE: 503.31726 - batch_Time: 0.39995690388605s
Epoch[0/20 275/700] - Loss: 441.0987243652 - MSE: 440.06500 - batch_Time: 0.3996763569302857s
Epoch[0/20 276/700] - Loss: 396.1315612793 - MSE: 395.19760 - batch_Time: 0.39788761688396335s
Epoch[0/20 277/700] - Loss: 322.3157653809 - MSE: 321.13211 - batch_Time: 0.39987550396472216s
Epoch[0/20 278/700] - Loss: 396.2958984375 - MSE: 395.13626 - batch_Time: 0.39798551704734564s
Epoch[0/20 279/700] - Loss: 435.4136962891 - MSE: 434.45810 - batch_Time: 0.3999842240009457s
Epoch[0/20 280/700] - Loss: 281.6109313965 - MSE: 280.60468 - batch_Time: 0.40374887990765274s
Epoch[0/20 281/700] - Loss: 432.2862243652 - MSE: 431.48914 - batch_Time: 0.4036153319757432s
Epoch[0/20 282/700] - Loss: 419.0048522949 - MSE: 417.69775 - batch_Time: 0.4008543740492314s
Epoch[0/20 283/700] - Loss: 557.7796020508 - MSE: 557.00073 - batch_Time: 0.40065216715447605s
Epoch[0/20 284/700] - Loss: 328.1436767578 - MSE: 327.16522 - batch_Time: 0.3959798999130726s
Epoch[0/20 285/700] - Loss: 303.2205505371 - MSE: 302.41418 - batch_Time: 0.4014081978239119s
Epoch[0/20 286/700] - Loss: 533.2075805664 - MSE: 532.24585 - batch_Time: 0.399187542963773s
Epoch[0/20 287/700] - Loss: 623.1163330078 - MSE: 621.86810 - batch_Time: 0.395917379995808s
Epoch[0/20 288/700] - Loss: 352.1380615234 - MSE: 351.37927 - batch_Time: 0.3945949641056359s
Epoch[0/20 289/700] - Loss: 249.8842926025 - MSE: 249.01073 - batch_Time: 0.3943765670992434s
Epoch[0/20 290/700] - Loss: 316.0667724609 - MSE: 314.63361 - batch_Time: 0.3933177590370178s
Epoch[0/20 291/700] - Loss: 293.7099609375 - MSE: 292.78448 - batch_Time: 0.3959774589166045s
Epoch[0/20 292/700] - Loss: 416.2546386719 - MSE: 415.31122 - batch_Time: 0.40119797992520034s
Epoch[0/20 293/700] - Loss: 284.5064086914 - MSE: 283.77637 - batch_Time: 0.4015324169304222s
Epoch[0/20 294/700] - Loss: 328.0172424316 - MSE: 327.07718 - batch_Time: 0.40929190814495087s
Epoch[0/20 295/700] - Loss: 384.8525390625 - MSE: 383.98227 - batch_Time: 0.40346631477586925s
Epoch[0/20 296/700] - Loss: 298.3833007812 - MSE: 297.18677 - batch_Time: 0.40130469878204167s
Epoch[0/20 297/700] - Loss: 300.4901428223 - MSE: 299.62885 - batch_Time: 0.40341442497447133s
Epoch[0/20 298/700] - Loss: 471.3506469727 - MSE: 469.95697 - batch_Time: 0.4041154070291668s
Epoch[0/20 299/700] - Loss: 225.3283538818 - MSE: 224.33815 - batch_Time: 0.4032456171698868s
Epoch[0/20 300/700] - Loss: 534.9887695312 - MSE: 533.83704 - batch_Time: 0.40203540003858507s
Epoch[0/20 301/700] - Loss: 293.3910522461 - MSE: 292.66867 - batch_Time: 0.3987073691096157s
Epoch[0/20 302/700] - Loss: 333.8715209961 - MSE: 333.19049 - batch_Time: 0.40305578988045454s
Epoch[0/20 303/700] - Loss: 294.7401733398 - MSE: 293.70663 - batch_Time: 0.40229561785236s
Epoch[0/20 304/700] - Loss: 535.0594482422 - MSE: 533.80774 - batch_Time: 0.40232867817394435s
Epoch[0/20 305/700] - Loss: 312.3475952148 - MSE: 311.65997 - batch_Time: 0.40237783803604543s
Epoch[0/20 306/700] - Loss: 276.2294311523 - MSE: 275.39676 - batch_Time: 0.40259963390417397s
Epoch[0/20 307/700] - Loss: 398.9698791504 - MSE: 398.13004 - batch_Time: 0.4014814679976553s
Epoch[0/20 308/700] - Loss: 525.3590087891 - MSE: 524.27893 - batch_Time: 0.4016419048421085s
Epoch[0/20 309/700] - Loss: 440.1796875000 - MSE: 439.40900 - batch_Time: 0.40335160586982965s
Epoch[0/20 310/700] - Loss: 362.4679565430 - MSE: 361.23392 - batch_Time: 0.4023762480355799s
Epoch[0/20 311/700] - Loss: 469.4770202637 - MSE: 468.58527 - batch_Time: 0.4025894748046994s
Epoch[0/20 312/700] - Loss: 499.5286254883 - MSE: 498.62756 - batch_Time: 0.402779822004959s
Epoch[0/20 313/700] - Loss: 512.3351440430 - MSE: 511.27576 - batch_Time: 0.4021689498331398s
Epoch[0/20 314/700] - Loss: 345.5459899902 - MSE: 344.68805 - batch_Time: 0.40557043184526265s
Epoch[0/20 315/700] - Loss: 483.7091064453 - MSE: 482.29688 - batch_Time: 0.4036300841253251s
Epoch[0/20 316/700] - Loss: 638.5572509766 - MSE: 637.35223 - batch_Time: 0.40241669700481s
Epoch[0/20 317/700] - Loss: 361.8179931641 - MSE: 360.76801 - batch_Time: 0.4005935580935329s
Epoch[0/20 318/700] - Loss: 359.5813598633 - MSE: 358.63348 - batch_Time: 0.40503941709175706s
Epoch[0/20 319/700] - Loss: 365.2905273438 - MSE: 364.36011 - batch_Time: 0.40264389384537935s
Epoch[0/20 320/700] - Loss: 594.2010498047 - MSE: 592.79486 - batch_Time: 0.40810018312186s
Epoch[0/20 321/700] - Loss: 498.7062683105 - MSE: 497.65875 - batch_Time: 0.39864541008137167s
Epoch[0/20 322/700] - Loss: 459.6274719238 - MSE: 458.24908 - batch_Time: 0.4015840769279748s
Epoch[0/20 323/700] - Loss: 297.6819152832 - MSE: 296.86209 - batch_Time: 0.39374877605587244s
Epoch[0/20 324/700] - Loss: 274.5746459961 - MSE: 273.15094 - batch_Time: 0.39552931603975594s
Epoch[0/20 325/700] - Loss: 242.5080871582 - MSE: 241.61755 - batch_Time: 0.39619305706582963s
Epoch[0/20 326/700] - Loss: 357.8817443848 - MSE: 356.84210 - batch_Time: 0.39796106796711683s
Epoch[0/20 327/700] - Loss: 261.2245483398 - MSE: 260.34354 - batch_Time: 0.39674814115278423s
Epoch[0/20 328/700] - Loss: 469.1300964355 - MSE: 468.06152 - batch_Time: 0.3989049771334976s
Epoch[0/20 329/700] - Loss: 279.8858642578 - MSE: 279.13812 - batch_Time: 0.39779193000867963s
Epoch[0/20 330/700] - Loss: 369.6400756836 - MSE: 368.83008 - batch_Time: 0.4004140398465097s
Epoch[0/20 331/700] - Loss: 328.2093200684 - MSE: 327.47424 - batch_Time: 0.40326528809964657s
Epoch[0/20 332/700] - Loss: 302.3275756836 - MSE: 301.67242 - batch_Time: 0.4026483951602131s
Epoch[0/20 333/700] - Loss: 400.4020385742 - MSE: 399.63766 - batch_Time: 0.3955623749643564s
Epoch[0/20 334/700] - Loss: 358.3929443359 - MSE: 357.60736 - batch_Time: 0.40121559193357825s
Epoch[0/20 335/700] - Loss: 481.3514099121 - MSE: 480.56793 - batch_Time: 0.39681005105376244s
Epoch[0/20 336/700] - Loss: 328.8417358398 - MSE: 328.07938 - batch_Time: 0.40260649495758116s
Epoch[0/20 337/700] - Loss: 418.3514404297 - MSE: 417.81961 - batch_Time: 0.40479874005541205s
Epoch[0/20 338/700] - Loss: 471.3591308594 - MSE: 470.46460 - batch_Time: 0.40527482493780553s
Epoch[0/20 339/700] - Loss: 351.4679870605 - MSE: 350.54559 - batch_Time: 0.40392642095685005s
Epoch[0/20 340/700] - Loss: 413.4291076660 - MSE: 412.45602 - batch_Time: 0.40212826104834676s
Epoch[0/20 341/700] - Loss: 320.1408691406 - MSE: 319.32098 - batch_Time: 0.4024196278769523s
Epoch[0/20 342/700] - Loss: 226.2980499268 - MSE: 225.14865 - batch_Time: 0.40467820200137794s
Epoch[0/20 343/700] - Loss: 405.5066528320 - MSE: 404.98816 - batch_Time: 0.4048042811919004s
Epoch[0/20 344/700] - Loss: 469.4595031738 - MSE: 468.47427 - batch_Time: 0.4047651921864599s
Epoch[0/20 345/700] - Loss: 406.0489807129 - MSE: 405.13681 - batch_Time: 0.4038813719525933s
Epoch[0/20 346/700] - Loss: 480.1560974121 - MSE: 479.34491 - batch_Time: 0.40552886202931404s
Epoch[0/20 347/700] - Loss: 441.1069641113 - MSE: 439.77380 - batch_Time: 0.40245868801139295s
Epoch[0/20 348/700] - Loss: 353.0991210938 - MSE: 352.28644 - batch_Time: 0.4039741901215166s
Epoch[0/20 349/700] - Loss: 572.5927734375 - MSE: 571.36060 - batch_Time: 0.3994545720051974s
Epoch[0/20 350/700] - Loss: 297.2228088379 - MSE: 296.23599 - batch_Time: 0.40560263209044933s
Epoch[0/20 351/700] - Loss: 239.8269500732 - MSE: 238.88396 - batch_Time: 0.4033278578426689s
Epoch[0/20 352/700] - Loss: 462.2958374023 - MSE: 461.54623 - batch_Time: 0.4032421389129013s
Epoch[0/20 353/700] - Loss: 448.1107482910 - MSE: 447.41528 - batch_Time: 0.40222795004956424s
Epoch[0/20 354/700] - Loss: 263.9616394043 - MSE: 263.05334 - batch_Time: 0.40801638504490256s
Epoch[0/20 355/700] - Loss: 288.9712219238 - MSE: 287.86127 - batch_Time: 0.4059196379967034s
Epoch[0/20 356/700] - Loss: 350.0491333008 - MSE: 349.18283 - batch_Time: 0.4044537351001054s
Epoch[0/20 357/700] - Loss: 318.3242797852 - MSE: 317.58163 - batch_Time: 0.40112173301167786s
Epoch[0/20 358/700] - Loss: 433.3121032715 - MSE: 431.96643 - batch_Time: 0.40404167980886996s
Epoch[0/20 359/700] - Loss: 346.0168457031 - MSE: 345.03119 - batch_Time: 0.402894803090021s
Epoch[0/20 360/700] - Loss: 301.6144104004 - MSE: 300.79538 - batch_Time: 0.40024248301051557s
Epoch[0/20 361/700] - Loss: 471.3781127930 - MSE: 470.22113 - batch_Time: 0.40180973592214286s
Epoch[0/20 362/700] - Loss: 317.0644226074 - MSE: 316.30161 - batch_Time: 0.4034883559215814s
Epoch[0/20 363/700] - Loss: 362.9619445801 - MSE: 362.15198 - batch_Time: 0.40294608194381s
Epoch[0/20 364/700] - Loss: 420.8025512695 - MSE: 420.18958 - batch_Time: 0.403215569909662s
Epoch[0/20 365/700] - Loss: 261.2418212891 - MSE: 260.49335 - batch_Time: 0.4010067649651319s
Epoch[0/20 366/700] - Loss: 569.0605468750 - MSE: 568.04742 - batch_Time: 0.40105634508654475s
Epoch[0/20 367/700] - Loss: 249.3207397461 - MSE: 248.55916 - batch_Time: 0.3989222380332649s
Epoch[0/20 368/700] - Loss: 258.3251953125 - MSE: 257.65515 - batch_Time: 0.40415171906352043s
Epoch[0/20 369/700] - Loss: 320.7677612305 - MSE: 320.06268 - batch_Time: 0.4023225500714034s
Epoch[0/20 370/700] - Loss: 344.8112792969 - MSE: 344.01233 - batch_Time: 0.4020430129021406s
Epoch[0/20 371/700] - Loss: 302.3033447266 - MSE: 301.56668 - batch_Time: 0.402851534076035s
Epoch[0/20 372/700] - Loss: 418.0878906250 - MSE: 417.16541 - batch_Time: 0.3978572911582887s
Epoch[0/20 373/700] - Loss: 301.2847290039 - MSE: 300.12451 - batch_Time: 0.39666422409936786s
Epoch[0/20 374/700] - Loss: 342.8073425293 - MSE: 341.67099 - batch_Time: 0.39777517109178007s
Epoch[0/20 375/700] - Loss: 317.6032409668 - MSE: 316.73505 - batch_Time: 0.4032947688829154s
Epoch[0/20 376/700] - Loss: 447.7922363281 - MSE: 446.80667 - batch_Time: 0.4054203450214118s
Epoch[0/20 377/700] - Loss: 175.8020782471 - MSE: 175.26135 - batch_Time: 0.4011661030817777s
Epoch[0/20 378/700] - Loss: 412.6643066406 - MSE: 411.73407 - batch_Time: 0.40302255214191973s
Epoch[0/20 379/700] - Loss: 259.3016662598 - MSE: 258.30200 - batch_Time: 0.40234144986607134s
Epoch[0/20 380/700] - Loss: 522.4106445312 - MSE: 521.69647 - batch_Time: 0.4009112259373069s
Epoch[0/20 381/700] - Loss: 403.7178344727 - MSE: 402.78516 - batch_Time: 0.39906359696760774s
Epoch[0/20 382/700] - Loss: 257.2044067383 - MSE: 256.41006 - batch_Time: 0.4000419757794589s
Epoch[0/20 383/700] - Loss: 406.8680419922 - MSE: 405.97183 - batch_Time: 0.4001993041019887s
Epoch[0/20 384/700] - Loss: 341.3782958984 - MSE: 340.70810 - batch_Time: 0.40055325999855995s
Epoch[0/20 385/700] - Loss: 367.4953002930 - MSE: 366.74576 - batch_Time: 0.4035088170785457s
Epoch[0/20 386/700] - Loss: 250.9834442139 - MSE: 250.36575 - batch_Time: 0.3983448860235512s
Epoch[0/20 387/700] - Loss: 509.6377868652 - MSE: 509.15637 - batch_Time: 0.4111448801122606s
Epoch[0/20 388/700] - Loss: 429.2945556641 - MSE: 428.60818 - batch_Time: 0.40747344214469194s
Epoch[0/20 389/700] - Loss: 400.7976074219 - MSE: 400.15121 - batch_Time: 0.4086591589730233s
Epoch[0/20 390/700] - Loss: 401.4208984375 - MSE: 400.95920 - batch_Time: 0.40205657412298024s
Epoch[0/20 391/700] - Loss: 273.0153808594 - MSE: 272.15778 - batch_Time: 0.4020628440193832s
Epoch[0/20 392/700] - Loss: 421.4121704102 - MSE: 420.41977 - batch_Time: 0.404133619973436s
Epoch[0/20 393/700] - Loss: 209.5637969971 - MSE: 208.82991 - batch_Time: 0.4034156780689955s
Epoch[0/20 394/700] - Loss: 386.0625000000 - MSE: 385.50159 - batch_Time: 0.4031833310145885s
Epoch[0/20 395/700] - Loss: 327.1593627930 - MSE: 326.41611 - batch_Time: 0.4045853540301323s
Epoch[0/20 396/700] - Loss: 444.0825805664 - MSE: 443.28525 - batch_Time: 0.4043354778550565s
Epoch[0/20 397/700] - Loss: 335.2652282715 - MSE: 334.43817 - batch_Time: 0.40232184110209346s
Epoch[0/20 398/700] - Loss: 471.7023010254 - MSE: 470.82941 - batch_Time: 0.40511983912438154s
Epoch[0/20 399/700] - Loss: 386.0556335449 - MSE: 385.17838 - batch_Time: 0.4028433950152248s
Epoch[0/20 400/700] - Loss: 386.7753906250 - MSE: 386.10492 - batch_Time: 0.4008908469695598s
Epoch[0/20 401/700] - Loss: 407.8858032227 - MSE: 407.20505 - batch_Time: 0.41072413488291204s
Epoch[0/20 402/700] - Loss: 413.7831115723 - MSE: 413.20255 - batch_Time: 0.4116125558502972s
Epoch[0/20 403/700] - Loss: 225.8439331055 - MSE: 225.27211 - batch_Time: 0.40203709388151765s
Epoch[0/20 404/700] - Loss: 277.0286560059 - MSE: 276.28259 - batch_Time: 0.40176429715938866s
Epoch[0/20 405/700] - Loss: 333.3121337891 - MSE: 332.47913 - batch_Time: 0.4012274241540581s
Epoch[0/20 406/700] - Loss: 311.4185180664 - MSE: 310.76587 - batch_Time: 0.4028956841211766s
Epoch[0/20 407/700] - Loss: 355.4670715332 - MSE: 354.47345 - batch_Time: 0.4030699320137501s
Epoch[0/20 408/700] - Loss: 392.2450561523 - MSE: 391.43661 - batch_Time: 0.40085166692733765s
Epoch[0/20 409/700] - Loss: 286.7986450195 - MSE: 286.35333 - batch_Time: 0.4017837978899479s
Epoch[0/20 410/700] - Loss: 277.1451110840 - MSE: 276.62317 - batch_Time: 0.402401200029999s
Epoch[0/20 411/700] - Loss: 246.3455810547 - MSE: 245.40115 - batch_Time: 0.4043072380591184s
Epoch[0/20 412/700] - Loss: 326.7445373535 - MSE: 325.56277 - batch_Time: 0.4063898960594088s
Epoch[0/20 413/700] - Loss: 572.3961181641 - MSE: 571.59570 - batch_Time: 0.40794658684171736s
Epoch[0/20 414/700] - Loss: 340.7101440430 - MSE: 339.77368 - batch_Time: 0.41246491693891585s
Epoch[0/20 415/700] - Loss: 273.7505493164 - MSE: 272.63904 - batch_Time: 0.4060795090626925s
Epoch[0/20 416/700] - Loss: 383.4161987305 - MSE: 382.71930 - batch_Time: 0.4010996848810464s
Epoch[0/20 417/700] - Loss: 326.4010009766 - MSE: 325.92633 - batch_Time: 0.4012346740346402s
Epoch[0/20 418/700] - Loss: 369.6763610840 - MSE: 368.69849 - batch_Time: 0.40146066108718514s
Epoch[0/20 419/700] - Loss: 396.3633117676 - MSE: 395.72171 - batch_Time: 0.4043705880176276s
Epoch[0/20 420/700] - Loss: 341.0732421875 - MSE: 340.19409 - batch_Time: 0.40192269580438733s
Epoch[0/20 421/700] - Loss: 373.5238952637 - MSE: 372.84061 - batch_Time: 0.40751949208788574s
Epoch[0/20 422/700] - Loss: 354.3937988281 - MSE: 353.67212 - batch_Time: 0.402983324136585s
Epoch[0/20 423/700] - Loss: 342.1436462402 - MSE: 341.49677 - batch_Time: 0.4027766170911491s
Epoch[0/20 424/700] - Loss: 414.6067199707 - MSE: 413.66415 - batch_Time: 0.4011063459329307s
Epoch[0/20 425/700] - Loss: 410.8494262695 - MSE: 410.02621 - batch_Time: 0.41164654586464167s
Epoch[0/20 426/700] - Loss: 365.9219360352 - MSE: 364.85489 - batch_Time: 0.40848461096175015s
Epoch[0/20 427/700] - Loss: 331.8809509277 - MSE: 331.09235 - batch_Time: 0.4056078449357301s
Epoch[0/20 428/700] - Loss: 236.3334655762 - MSE: 235.98009 - batch_Time: 0.40778254996985197s
Epoch[0/20 429/700] - Loss: 479.1156921387 - MSE: 478.26300 - batch_Time: 0.4094486308749765s
Epoch[0/20 430/700] - Loss: 316.3032226562 - MSE: 315.55026 - batch_Time: 0.4055051850154996s
Epoch[0/20 431/700] - Loss: 366.0872802734 - MSE: 365.24469 - batch_Time: 0.4050294510088861s
Epoch[0/20 432/700] - Loss: 274.7329711914 - MSE: 274.09674 - batch_Time: 0.4026022891048342s
Epoch[0/20 433/700] - Loss: 323.1227722168 - MSE: 322.13174 - batch_Time: 0.4117953348904848s
Epoch[0/20 434/700] - Loss: 332.9902954102 - MSE: 332.03198 - batch_Time: 0.40218359394930303s
Epoch[0/20 435/700] - Loss: 379.0338439941 - MSE: 378.51096 - batch_Time: 0.3959456339944154s
Epoch[0/20 436/700] - Loss: 451.9096069336 - MSE: 450.97174 - batch_Time: 0.4007903190795332s
Epoch[0/20 437/700] - Loss: 279.3251342773 - MSE: 278.84387 - batch_Time: 0.39989040000364184s
Epoch[0/20 438/700] - Loss: 315.7765502930 - MSE: 314.97107 - batch_Time: 0.40218204306438565s
Epoch[0/20 439/700] - Loss: 439.9093933105 - MSE: 439.05252 - batch_Time: 0.40100447717122734s
Epoch[0/20 440/700] - Loss: 365.3585815430 - MSE: 364.60776 - batch_Time: 0.3963293300475925s
Epoch[0/20 441/700] - Loss: 295.7544860840 - MSE: 294.89569 - batch_Time: 0.3948320960626006s
Epoch[0/20 442/700] - Loss: 413.4933166504 - MSE: 412.79440 - batch_Time: 0.3981071701273322s
Epoch[0/20 443/700] - Loss: 398.4933166504 - MSE: 397.97058 - batch_Time: 0.3959796337876469s
Epoch[0/20 444/700] - Loss: 358.4549560547 - MSE: 357.87332 - batch_Time: 0.3973069491330534s
Epoch[0/20 445/700] - Loss: 356.2858276367 - MSE: 355.68768 - batch_Time: 0.39425298292189837s
Epoch[0/20 446/700] - Loss: 380.5355834961 - MSE: 379.71213 - batch_Time: 0.40495186182670295s
Epoch[0/20 447/700] - Loss: 252.7263793945 - MSE: 251.71117 - batch_Time: 0.3998507899232209s
Epoch[0/20 448/700] - Loss: 225.2095336914 - MSE: 224.31021 - batch_Time: 0.4009529680479318s
Epoch[0/20 449/700] - Loss: 360.1053466797 - MSE: 358.98853 - batch_Time: 0.41013026400469244s
Epoch[0/20 450/700] - Loss: 223.9504699707 - MSE: 223.18933 - batch_Time: 0.40507504204288125s
Epoch[0/20 451/700] - Loss: 400.2558593750 - MSE: 399.47647 - batch_Time: 0.39948548399843276s
Epoch[0/20 452/700] - Loss: 288.7813720703 - MSE: 287.73734 - batch_Time: 0.40353018906898797s
Epoch[0/20 453/700] - Loss: 511.6392211914 - MSE: 510.38031 - batch_Time: 0.4003439440857619s
Epoch[0/20 454/700] - Loss: 451.7086791992 - MSE: 450.96161 - batch_Time: 0.40148557303473353s
Epoch[0/20 455/700] - Loss: 314.5561523438 - MSE: 313.89020 - batch_Time: 0.39786384301260114s
Epoch[0/20 456/700] - Loss: 326.7568054199 - MSE: 325.91895 - batch_Time: 0.40528170904144645s
Epoch[0/20 457/700] - Loss: 384.6430053711 - MSE: 383.82877 - batch_Time: 0.4043304999358952s
Epoch[0/20 458/700] - Loss: 340.2316589355 - MSE: 339.66064 - batch_Time: 0.4011805758345872s
Epoch[0/20 459/700] - Loss: 288.8148193359 - MSE: 287.71634 - batch_Time: 0.39864664408378303s
Epoch[0/20 460/700] - Loss: 290.3343811035 - MSE: 289.48761 - batch_Time: 0.4022343629039824s
Epoch[0/20 461/700] - Loss: 387.5437622070 - MSE: 386.65399 - batch_Time: 0.40012775803916156s
Epoch[0/20 462/700] - Loss: 453.5587158203 - MSE: 452.78107 - batch_Time: 0.40069030108861625s
Epoch[0/20 463/700] - Loss: 387.3374023438 - MSE: 386.81662 - batch_Time: 0.395392790902406s
Epoch[0/20 464/700] - Loss: 366.8885498047 - MSE: 366.28003 - batch_Time: 0.4021762239281088s
Epoch[0/20 465/700] - Loss: 247.8678894043 - MSE: 247.22226 - batch_Time: 0.3991830868180841s
Epoch[0/20 466/700] - Loss: 303.9889221191 - MSE: 303.38602 - batch_Time: 0.4029344560112804s
Epoch[0/20 467/700] - Loss: 427.4242553711 - MSE: 426.22058 - batch_Time: 0.3953533221501857s
Epoch[0/20 468/700] - Loss: 451.2538757324 - MSE: 450.27078 - batch_Time: 0.4038811749778688s
Epoch[0/20 469/700] - Loss: 360.5231323242 - MSE: 359.92783 - batch_Time: 0.3978762528859079s
Epoch[0/20 470/700] - Loss: 354.7087097168 - MSE: 353.79770 - batch_Time: 0.40085945883765817s
Epoch[0/20 471/700] - Loss: 360.0018005371 - MSE: 359.10010 - batch_Time: 0.4039224551524967s
Epoch[0/20 472/700] - Loss: 264.6739501953 - MSE: 263.82104 - batch_Time: 0.4052904399577528s
Epoch[0/20 473/700] - Loss: 296.8589172363 - MSE: 295.74686 - batch_Time: 0.4036219478584826s
Epoch[0/20 474/700] - Loss: 432.4610595703 - MSE: 431.30652 - batch_Time: 0.4015086719300598s
Epoch[0/20 475/700] - Loss: 321.3884277344 - MSE: 320.29486 - batch_Time: 0.3955264699179679s
Epoch[0/20 476/700] - Loss: 327.9106445312 - MSE: 326.89642 - batch_Time: 0.40062497183680534s
Epoch[0/20 477/700] - Loss: 450.9206542969 - MSE: 450.21747 - batch_Time: 0.4004784640856087s
Epoch[0/20 478/700] - Loss: 366.2188110352 - MSE: 365.42648 - batch_Time: 0.40529652894474566s
Epoch[0/20 479/700] - Loss: 320.4236755371 - MSE: 319.78000 - batch_Time: 0.39318473590537906s
Epoch[0/20 480/700] - Loss: 178.5516662598 - MSE: 178.06149 - batch_Time: 0.40466590714640915s
Epoch[0/20 481/700] - Loss: 246.9088134766 - MSE: 246.34192 - batch_Time: 0.40211597504094243s
Epoch[0/20 482/700] - Loss: 335.3511047363 - MSE: 334.65460 - batch_Time: 0.40307093411684036s
Epoch[0/20 483/700] - Loss: 405.6288452148 - MSE: 405.01562 - batch_Time: 0.4017258898820728s
Epoch[0/20 484/700] - Loss: 264.4748840332 - MSE: 263.97568 - batch_Time: 0.40278370794840157s
Epoch[0/20 485/700] - Loss: 282.7546691895 - MSE: 282.16904 - batch_Time: 0.3971511230338365s
Epoch[0/20 486/700] - Loss: 361.1062011719 - MSE: 359.94946 - batch_Time: 0.399061000905931s
Epoch[0/20 487/700] - Loss: 308.0794372559 - MSE: 307.49588 - batch_Time: 0.40013119694776833s
Epoch[0/20 488/700] - Loss: 257.4850463867 - MSE: 256.80444 - batch_Time: 0.40278571797534823s
Epoch[0/20 489/700] - Loss: 334.5842285156 - MSE: 333.91003 - batch_Time: 0.3928506509400904s
Epoch[0/20 490/700] - Loss: 363.2116088867 - MSE: 362.48026 - batch_Time: 0.3958365470170975s
Epoch[0/20 491/700] - Loss: 337.1005554199 - MSE: 336.53925 - batch_Time: 0.3973997491411865s
Epoch[0/20 492/700] - Loss: 366.4806518555 - MSE: 365.93500 - batch_Time: 0.401763099944219s
Epoch[0/20 493/700] - Loss: 358.6462707520 - MSE: 357.75284 - batch_Time: 0.39695338415913284s
Epoch[0/20 494/700] - Loss: 175.1074523926 - MSE: 174.29916 - batch_Time: 0.4014159650541842s
Epoch[0/20 495/700] - Loss: 412.1531372070 - MSE: 411.34692 - batch_Time: 0.3969729950185865s
Epoch[0/20 496/700] - Loss: 362.8735961914 - MSE: 362.20474 - batch_Time: 0.400713152019307s
Epoch[0/20 497/700] - Loss: 393.8453979492 - MSE: 393.28900 - batch_Time: 0.40347213111817837s
Epoch[0/20 498/700] - Loss: 491.2042846680 - MSE: 490.34607 - batch_Time: 0.39987625111825764s
Epoch[0/20 499/700] - Loss: 328.0136718750 - MSE: 327.54413 - batch_Time: 0.39909271080978215s
Epoch[0/20 500/700] - Loss: 423.0489807129 - MSE: 422.41455 - batch_Time: 0.4001258278731257s
Epoch[0/20 501/700] - Loss: 422.0895385742 - MSE: 421.19241 - batch_Time: 0.40102638909593225s
Epoch[0/20 502/700] - Loss: 271.5901489258 - MSE: 270.79526 - batch_Time: 0.3997548830229789s
Epoch[0/20 503/700] - Loss: 498.4816894531 - MSE: 497.58356 - batch_Time: 0.40457749902270734s
Epoch[0/20 504/700] - Loss: 300.4127807617 - MSE: 299.86237 - batch_Time: 0.4008092898875475s
Epoch[0/20 505/700] - Loss: 292.0675354004 - MSE: 291.25769 - batch_Time: 0.4029974169097841s
Epoch[0/20 506/700] - Loss: 296.9127807617 - MSE: 296.36337 - batch_Time: 0.40175312105566263s
Epoch[0/20 507/700] - Loss: 328.0830688477 - MSE: 327.40442 - batch_Time: 0.4029217560309917s
Epoch[0/20 508/700] - Loss: 296.2192993164 - MSE: 295.57367 - batch_Time: 0.4035235110204667s
Epoch[0/20 509/700] - Loss: 339.0198059082 - MSE: 337.97491 - batch_Time: 0.39930581906810403s
Epoch[0/20 510/700] - Loss: 440.8725891113 - MSE: 440.11920 - batch_Time: 0.40228379401378334s
Epoch[0/20 511/700] - Loss: 541.0242309570 - MSE: 539.58026 - batch_Time: 0.41016469593159854s
Epoch[0/20 512/700] - Loss: 450.0568237305 - MSE: 448.96796 - batch_Time: 0.4046484981663525s
Epoch[0/20 513/700] - Loss: 295.2149047852 - MSE: 294.42459 - batch_Time: 0.4057712049689144s
Epoch[0/20 514/700] - Loss: 540.6643676758 - MSE: 539.93481 - batch_Time: 0.401390525046736s
Epoch[0/20 515/700] - Loss: 458.9347839355 - MSE: 458.20493 - batch_Time: 0.4046767980325967s
Epoch[0/20 516/700] - Loss: 229.3575439453 - MSE: 228.70734 - batch_Time: 0.39697677502408624s
Epoch[0/20 517/700] - Loss: 403.0235595703 - MSE: 402.13409 - batch_Time: 0.39628608291968703s
Epoch[0/20 518/700] - Loss: 461.1903686523 - MSE: 460.06305 - batch_Time: 0.3993405089713633s
Epoch[0/20 519/700] - Loss: 459.2552490234 - MSE: 458.43234 - batch_Time: 0.40589729393832386s
Epoch[0/20 520/700] - Loss: 321.8091735840 - MSE: 320.86136 - batch_Time: 0.4044905100017786s
Epoch[0/20 521/700] - Loss: 435.2173461914 - MSE: 434.75760 - batch_Time: 0.4033726528286934s
Epoch[0/20 522/700] - Loss: 379.0249938965 - MSE: 378.10876 - batch_Time: 0.40551825799047947s
Epoch[0/20 523/700] - Loss: 348.3727416992 - MSE: 347.74146 - batch_Time: 0.4045573689509183s
Epoch[0/20 524/700] - Loss: 355.0201416016 - MSE: 354.26950 - batch_Time: 0.4030426861718297s
Epoch[0/20 525/700] - Loss: 313.6719055176 - MSE: 313.22446 - batch_Time: 0.39934472902677953s
Epoch[0/20 526/700] - Loss: 293.3597717285 - MSE: 292.84222 - batch_Time: 0.4083245969377458s
Epoch[0/20 527/700] - Loss: 493.0586853027 - MSE: 492.27618 - batch_Time: 0.40539772901684046s
Epoch[0/20 528/700] - Loss: 426.5591125488 - MSE: 425.84009 - batch_Time: 0.403603530023247s
Epoch[0/20 529/700] - Loss: 440.9274902344 - MSE: 440.45145 - batch_Time: 0.41005716705694795s
Epoch[0/20 530/700] - Loss: 456.7651672363 - MSE: 456.22128 - batch_Time: 0.40030750702135265s
Epoch[0/20 531/700] - Loss: 397.0916748047 - MSE: 396.47086 - batch_Time: 0.40122182690538466s
Epoch[0/20 532/700] - Loss: 287.5366210938 - MSE: 286.98514 - batch_Time: 0.40761615498922765s
Epoch[0/20 533/700] - Loss: 207.7557220459 - MSE: 207.18944 - batch_Time: 0.3993627179879695s
Epoch[0/20 534/700] - Loss: 269.9060668945 - MSE: 268.95859 - batch_Time: 0.412207392975688s
Epoch[0/20 535/700] - Loss: 292.5013122559 - MSE: 291.68115 - batch_Time: 0.4172371260356158s
Epoch[0/20 536/700] - Loss: 260.3020019531 - MSE: 259.58670 - batch_Time: 0.40448687016032636s
Epoch[0/20 537/700] - Loss: 345.3871459961 - MSE: 344.56616 - batch_Time: 0.40580434584990144s
Epoch[0/20 538/700] - Loss: 393.7557678223 - MSE: 392.76733 - batch_Time: 0.4048166370484978s
Epoch[0/20 539/700] - Loss: 272.8411560059 - MSE: 272.14493 - batch_Time: 0.39771684701554477s
Epoch[0/20 540/700] - Loss: 260.5498046875 - MSE: 260.10303 - batch_Time: 0.4092658751178533s
Epoch[0/20 541/700] - Loss: 300.0701904297 - MSE: 299.22397 - batch_Time: 0.4057926849927753s
Epoch[0/20 542/700] - Loss: 214.4424743652 - MSE: 213.69456 - batch_Time: 0.4050471039954573s
Epoch[0/20 543/700] - Loss: 223.5072174072 - MSE: 222.77246 - batch_Time: 0.40567947714589536s
Epoch[0/20 544/700] - Loss: 263.3758544922 - MSE: 262.69958 - batch_Time: 0.4007227828260511s
Epoch[0/20 545/700] - Loss: 256.8621826172 - MSE: 256.11816 - batch_Time: 0.4071078209672123s
Epoch[0/20 546/700] - Loss: 378.2619934082 - MSE: 377.63593 - batch_Time: 0.402512292843312s
Epoch[0/20 547/700] - Loss: 408.9128417969 - MSE: 408.40326 - batch_Time: 0.40292043797671795s
Epoch[0/20 548/700] - Loss: 238.1787719727 - MSE: 237.48335 - batch_Time: 0.4037449089810252s
Epoch[0/20 549/700] - Loss: 442.3577880859 - MSE: 441.58890 - batch_Time: 0.4038925271015614s
Epoch[0/20 550/700] - Loss: 527.5719604492 - MSE: 526.67218 - batch_Time: 0.4043297921307385s
Epoch[0/20 551/700] - Loss: 249.3141632080 - MSE: 248.87389 - batch_Time: 0.4062472509685904s
Epoch[0/20 552/700] - Loss: 321.8286743164 - MSE: 321.15857 - batch_Time: 0.40128923603333533s
Epoch[0/20 553/700] - Loss: 284.9678344727 - MSE: 284.24042 - batch_Time: 0.40297163696959615s
Epoch[0/20 554/700] - Loss: 396.5114746094 - MSE: 395.98093 - batch_Time: 0.4014532759319991s
Epoch[0/20 555/700] - Loss: 266.0560913086 - MSE: 265.33813 - batch_Time: 0.4036629900801927s
Epoch[0/20 556/700] - Loss: 385.6329040527 - MSE: 384.59067 - batch_Time: 0.40123642794787884s
Epoch[0/20 557/700] - Loss: 314.2360229492 - MSE: 313.48718 - batch_Time: 0.4036525799892843s
Epoch[0/20 558/700] - Loss: 325.3827514648 - MSE: 324.32193 - batch_Time: 0.3964717120397836s
Epoch[0/20 559/700] - Loss: 310.9324951172 - MSE: 309.97507 - batch_Time: 0.39805127400904894s
Epoch[0/20 560/700] - Loss: 499.8037414551 - MSE: 498.43262 - batch_Time: 0.3985679978504777s
Epoch[0/20 561/700] - Loss: 323.4654541016 - MSE: 322.81097 - batch_Time: 0.39835362997837365s
Epoch[0/20 562/700] - Loss: 313.6834716797 - MSE: 313.06281 - batch_Time: 0.3999655020888895s
Epoch[0/20 563/700] - Loss: 284.5348815918 - MSE: 283.38367 - batch_Time: 0.3974274711217731s
Epoch[0/20 564/700] - Loss: 317.7912597656 - MSE: 317.13330 - batch_Time: 0.3987593660131097s
Epoch[0/20 565/700] - Loss: 476.1983337402 - MSE: 475.25848 - batch_Time: 0.3978706260677427s
Epoch[0/20 566/700] - Loss: 375.5905761719 - MSE: 374.65405 - batch_Time: 0.39885821496136487s
Epoch[0/20 567/700] - Loss: 382.3873901367 - MSE: 381.65170 - batch_Time: 0.40608577290549874s
Epoch[0/20 568/700] - Loss: 414.3685913086 - MSE: 413.30814 - batch_Time: 0.39614171511493623s
Epoch[0/20 569/700] - Loss: 500.5139770508 - MSE: 499.26611 - batch_Time: 0.40851733600720763s
Epoch[0/20 570/700] - Loss: 357.1404418945 - MSE: 356.44049 - batch_Time: 0.4069618838839233s
Epoch[0/20 571/700] - Loss: 254.3445892334 - MSE: 253.62874 - batch_Time: 0.4003741480410099s
Epoch[0/20 572/700] - Loss: 381.5501708984 - MSE: 380.82257 - batch_Time: 0.4048797769937664s
Epoch[0/20 573/700] - Loss: 256.7397155762 - MSE: 256.05341 - batch_Time: 0.3966185008175671s
Epoch[0/20 574/700] - Loss: 309.1256408691 - MSE: 308.60626 - batch_Time: 0.3970509059727192s
Epoch[0/20 575/700] - Loss: 311.8222656250 - MSE: 311.32245 - batch_Time: 0.39628025493584573s
Epoch[0/20 576/700] - Loss: 373.0414733887 - MSE: 372.34167 - batch_Time: 0.395428123883903s
Epoch[0/20 577/700] - Loss: 181.0259552002 - MSE: 180.59105 - batch_Time: 0.40138067584484816s
Epoch[0/20 578/700] - Loss: 460.4123840332 - MSE: 459.40292 - batch_Time: 0.3955643919762224s
Epoch[0/20 579/700] - Loss: 262.4428100586 - MSE: 261.78436 - batch_Time: 0.397108725970611s
Epoch[0/20 580/700] - Loss: 311.9647521973 - MSE: 311.43619 - batch_Time: 0.4004241768270731s
Epoch[0/20 581/700] - Loss: 280.1238403320 - MSE: 279.58795 - batch_Time: 0.40081085404381156s
Epoch[0/20 582/700] - Loss: 368.0992431641 - MSE: 367.60181 - batch_Time: 0.3962674040812999s
Epoch[0/20 583/700] - Loss: 498.1908264160 - MSE: 497.11090 - batch_Time: 0.3969578570686281s
Epoch[0/20 584/700] - Loss: 404.8183288574 - MSE: 403.94434 - batch_Time: 0.399316499941051s
Epoch[0/20 585/700] - Loss: 322.4915161133 - MSE: 321.71078 - batch_Time: 0.3961686061229557s
Epoch[0/20 586/700] - Loss: 323.4355468750 - MSE: 322.66132 - batch_Time: 0.3995186579413712s
Epoch[0/20 587/700] - Loss: 463.9744567871 - MSE: 463.32190 - batch_Time: 0.3983573110308498s
Epoch[0/20 588/700] - Loss: 305.6893920898 - MSE: 305.09619 - batch_Time: 0.39794787601567805s
Epoch[0/20 589/700] - Loss: 367.2304077148 - MSE: 366.63489 - batch_Time: 0.3973228340037167s
Epoch[0/20 590/700] - Loss: 475.2018737793 - MSE: 474.38995 - batch_Time: 0.3990985529962927s
Epoch[0/20 591/700] - Loss: 391.8339843750 - MSE: 391.00934 - batch_Time: 0.40188815211877227s
Epoch[0/20 592/700] - Loss: 255.9756622314 - MSE: 255.22282 - batch_Time: 0.39707881584763527s
Epoch[0/20 593/700] - Loss: 314.6391906738 - MSE: 313.72540 - batch_Time: 0.4011611700989306s
Epoch[0/20 594/700] - Loss: 491.9637451172 - MSE: 491.28900 - batch_Time: 0.40110157104209065s
Epoch[0/20 595/700] - Loss: 272.1169128418 - MSE: 271.35162 - batch_Time: 0.3981223748996854s
Epoch[0/20 596/700] - Loss: 437.0697631836 - MSE: 436.33487 - batch_Time: 0.40620006201788783s
Epoch[0/20 597/700] - Loss: 286.7922668457 - MSE: 286.24173 - batch_Time: 0.39708916493691504s
Epoch[0/20 598/700] - Loss: 477.9007568359 - MSE: 477.10730 - batch_Time: 0.3960060279350728s
Epoch[0/20 599/700] - Loss: 398.0699157715 - MSE: 397.36453 - batch_Time: 0.40039976802654564s
Epoch[0/20 600/700] - Loss: 281.6603088379 - MSE: 280.97549 - batch_Time: 0.396975687937811s
Epoch[0/20 601/700] - Loss: 309.7237243652 - MSE: 308.81168 - batch_Time: 0.3958893099334091s
Epoch[0/20 602/700] - Loss: 339.5618896484 - MSE: 338.85870 - batch_Time: 0.3956063729710877s
Epoch[0/20 603/700] - Loss: 160.3935546875 - MSE: 159.79955 - batch_Time: 0.4021417791955173s
Epoch[0/20 604/700] - Loss: 357.2381591797 - MSE: 356.63718 - batch_Time: 0.40085097309201956s
Epoch[0/20 605/700] - Loss: 267.4298400879 - MSE: 266.62967 - batch_Time: 0.40206534997560084s
Epoch[0/20 606/700] - Loss: 461.1880493164 - MSE: 460.77435 - batch_Time: 0.40434391400776803s
Epoch[0/20 607/700] - Loss: 428.6691284180 - MSE: 428.11633 - batch_Time: 0.40262259379960597s
Epoch[0/20 608/700] - Loss: 245.5651245117 - MSE: 245.11934 - batch_Time: 0.40553921996615827s
Epoch[0/20 609/700] - Loss: 374.3824768066 - MSE: 373.67062 - batch_Time: 0.4034142440650612s
Epoch[0/20 610/700] - Loss: 253.0147552490 - MSE: 252.10956 - batch_Time: 0.4004692879971117s
Epoch[0/20 611/700] - Loss: 224.1873626709 - MSE: 223.40518 - batch_Time: 0.4117871690541506s
Epoch[0/20 612/700] - Loss: 396.5096435547 - MSE: 396.11273 - batch_Time: 0.40047344798222184s
Epoch[0/20 613/700] - Loss: 358.4305114746 - MSE: 357.63480 - batch_Time: 0.40587746701203287s
Epoch[0/20 614/700] - Loss: 261.6508483887 - MSE: 260.96802 - batch_Time: 0.4054521410726011s
Epoch[0/20 615/700] - Loss: 370.1849060059 - MSE: 369.42279 - batch_Time: 0.41309609496966004s
Epoch[0/20 616/700] - Loss: 253.7783813477 - MSE: 253.30362 - batch_Time: 0.4050870849750936s
Epoch[0/20 617/700] - Loss: 280.8749084473 - MSE: 280.39066 - batch_Time: 0.4033829451072961s
Epoch[0/20 618/700] - Loss: 534.2151489258 - MSE: 533.21118 - batch_Time: 0.4025782940443605s
Epoch[0/20 619/700] - Loss: 347.6278686523 - MSE: 347.12158 - batch_Time: 0.4060280651319772s
Epoch[0/20 620/700] - Loss: 350.7932128906 - MSE: 350.21695 - batch_Time: 0.4016434750519693s
Epoch[0/20 621/700] - Loss: 345.8481445312 - MSE: 345.31326 - batch_Time: 0.40938747697509825s
Epoch[0/20 622/700] - Loss: 321.6754150391 - MSE: 321.08572 - batch_Time: 0.40110084088519216s
Epoch[0/20 623/700] - Loss: 452.9364013672 - MSE: 452.17807 - batch_Time: 0.4125388509128243s
Epoch[0/20 624/700] - Loss: 167.0193634033 - MSE: 166.14258 - batch_Time: 0.40310866897925735s
Epoch[0/20 625/700] - Loss: 300.6167907715 - MSE: 300.08096 - batch_Time: 0.40518216509371996s
Epoch[0/20 626/700] - Loss: 259.8849792480 - MSE: 259.47925 - batch_Time: 0.4040538580156863s
Epoch[0/20 627/700] - Loss: 727.5275268555 - MSE: 726.63458 - batch_Time: 0.40560889011248946s
Epoch[0/20 628/700] - Loss: 370.0224304199 - MSE: 368.93872 - batch_Time: 0.40284163085743785s
Epoch[0/20 629/700] - Loss: 334.1932983398 - MSE: 333.62921 - batch_Time: 0.41250461200252175s
Epoch[0/20 630/700] - Loss: 568.8065185547 - MSE: 568.31073 - batch_Time: 0.399724505841732s
Epoch[0/20 631/700] - Loss: 324.0839538574 - MSE: 323.45926 - batch_Time: 0.39830929203890264s
Epoch[0/20 632/700] - Loss: 456.7155761719 - MSE: 455.81448 - batch_Time: 0.40419856598600745s
Epoch[0/20 633/700] - Loss: 465.8986816406 - MSE: 465.26321 - batch_Time: 0.40265677496790886s
Epoch[0/20 634/700] - Loss: 303.7412109375 - MSE: 303.00165 - batch_Time: 0.40016914205625653s
Epoch[0/20 635/700] - Loss: 200.7032470703 - MSE: 199.78819 - batch_Time: 0.40302043012343347s
Epoch[0/20 636/700] - Loss: 311.7758483887 - MSE: 311.09839 - batch_Time: 0.4010119619779289s
Epoch[0/20 637/700] - Loss: 238.6018981934 - MSE: 238.09961 - batch_Time: 0.3987199990078807s
Epoch[0/20 638/700] - Loss: 297.4637756348 - MSE: 296.89246 - batch_Time: 0.4019005228765309s
Epoch[0/20 639/700] - Loss: 263.7872619629 - MSE: 263.12921 - batch_Time: 0.40449072304181755s
Epoch[0/20 640/700] - Loss: 320.2604980469 - MSE: 319.44165 - batch_Time: 0.40679462696425617s
Epoch[0/20 641/700] - Loss: 403.8212890625 - MSE: 402.99152 - batch_Time: 0.4049246881622821s
Epoch[0/20 642/700] - Loss: 306.6509704590 - MSE: 305.92072 - batch_Time: 0.401756283827126s
Epoch[0/20 643/700] - Loss: 246.4906768799 - MSE: 245.97328 - batch_Time: 0.40273004304617643s
Epoch[0/20 644/700] - Loss: 270.8373413086 - MSE: 270.24817 - batch_Time: 0.4011277810204774s
Epoch[0/20 645/700] - Loss: 322.7245178223 - MSE: 322.18115 - batch_Time: 0.41769447387196124s
Epoch[0/20 646/700] - Loss: 273.9270019531 - MSE: 273.15607 - batch_Time: 0.40089377388358116s
Epoch[0/20 647/700] - Loss: 246.2318572998 - MSE: 245.64915 - batch_Time: 0.4023051280528307s
Epoch[0/20 648/700] - Loss: 356.9976501465 - MSE: 356.55731 - batch_Time: 0.4002235510852188s
Epoch[0/20 649/700] - Loss: 437.9497375488 - MSE: 436.87650 - batch_Time: 0.4031918770633638s
Epoch[0/20 650/700] - Loss: 298.6929016113 - MSE: 298.15704 - batch_Time: 0.40234832698479295s
Epoch[0/20 651/700] - Loss: 392.8718261719 - MSE: 391.94391 - batch_Time: 0.40059489803388715s
Epoch[0/20 652/700] - Loss: 247.6018066406 - MSE: 247.14627 - batch_Time: 0.40164285618811846s
Epoch[0/20 653/700] - Loss: 313.3127441406 - MSE: 312.83856 - batch_Time: 0.40101907192729414s
Epoch[0/20 654/700] - Loss: 153.3607635498 - MSE: 152.77681 - batch_Time: 0.4001581030897796s
Epoch[0/20 655/700] - Loss: 513.0783691406 - MSE: 512.21643 - batch_Time: 0.40150475804693997s
Epoch[0/20 656/700] - Loss: 338.6457519531 - MSE: 337.86841 - batch_Time: 0.40077329496853054s
Epoch[0/20 657/700] - Loss: 270.3402709961 - MSE: 269.79794 - batch_Time: 0.40129497996531427s
Epoch[0/20 658/700] - Loss: 288.5914916992 - MSE: 287.78757 - batch_Time: 0.4008564141113311s
Epoch[0/20 659/700] - Loss: 139.2196350098 - MSE: 138.65813 - batch_Time: 0.4002879511099309s
Epoch[0/20 660/700] - Loss: 251.2317810059 - MSE: 250.74515 - batch_Time: 0.3981575150974095s
Epoch[0/20 661/700] - Loss: 250.7375030518 - MSE: 250.07613 - batch_Time: 0.4001006439793855s
Epoch[0/20 662/700] - Loss: 238.3362426758 - MSE: 237.30499 - batch_Time: 0.40437109395861626s
Epoch[0/20 663/700] - Loss: 384.5898742676 - MSE: 383.94046 - batch_Time: 0.4020461020991206s
Epoch[0/20 664/700] - Loss: 442.0929565430 - MSE: 441.09247 - batch_Time: 0.39573031291365623s
Epoch[0/20 665/700] - Loss: 461.3482055664 - MSE: 460.65436 - batch_Time: 0.40191673301160336s
Epoch[0/20 666/700] - Loss: 295.9905700684 - MSE: 295.57245 - batch_Time: 0.4035133549477905s
Epoch[0/20 667/700] - Loss: 260.7171936035 - MSE: 260.33618 - batch_Time: 0.4034315161406994s
Epoch[0/20 668/700] - Loss: 366.0158081055 - MSE: 365.47711 - batch_Time: 0.3967503709718585s
Epoch[0/20 669/700] - Loss: 274.6551513672 - MSE: 273.93921 - batch_Time: 0.39760769298300147s
Epoch[0/20 670/700] - Loss: 348.7709960938 - MSE: 348.27618 - batch_Time: 0.3979843780398369s
Epoch[0/20 671/700] - Loss: 326.1687011719 - MSE: 325.40240 - batch_Time: 0.4001234429888427s
Epoch[0/20 672/700] - Loss: 407.3523254395 - MSE: 406.58865 - batch_Time: 0.3981649149209261s
Epoch[0/20 673/700] - Loss: 293.2447814941 - MSE: 292.69818 - batch_Time: 0.39945333008654416s
Epoch[0/20 674/700] - Loss: 429.7899780273 - MSE: 428.88644 - batch_Time: 0.4014790079090744s
Epoch[0/20 675/700] - Loss: 366.5857238770 - MSE: 366.10458 - batch_Time: 0.4025484861340374s
Epoch[0/20 676/700] - Loss: 519.1351928711 - MSE: 518.13361 - batch_Time: 0.3961295092012733s
Epoch[0/20 677/700] - Loss: 279.8654174805 - MSE: 279.24457 - batch_Time: 0.39520747889764607s
Epoch[0/20 678/700] - Loss: 371.8811950684 - MSE: 371.01575 - batch_Time: 0.40069824713282287s
Epoch[0/20 679/700] - Loss: 203.0943756104 - MSE: 202.32774 - batch_Time: 0.3954899359960109s
Epoch[0/20 680/700] - Loss: 318.3604736328 - MSE: 317.31738 - batch_Time: 0.4019880921114236s
Epoch[0/20 681/700] - Loss: 368.6479492188 - MSE: 367.45175 - batch_Time: 0.39624599693343043s
Epoch[0/20 682/700] - Loss: 291.5711975098 - MSE: 290.65182 - batch_Time: 0.40214639087207615s
Epoch[0/20 683/700] - Loss: 197.0855560303 - MSE: 196.61618 - batch_Time: 0.39631233690306544s
Epoch[0/20 684/700] - Loss: 318.5332031250 - MSE: 317.71545 - batch_Time: 0.4042023769579828s
Epoch[0/20 685/700] - Loss: 289.4057922363 - MSE: 288.70944 - batch_Time: 0.3954209571238607s
Epoch[0/20 686/700] - Loss: 404.5683593750 - MSE: 403.46130 - batch_Time: 0.40130420983769s
Epoch[0/20 687/700] - Loss: 366.1489257812 - MSE: 365.27765 - batch_Time: 0.39539278694428504s
Epoch[0/20 688/700] - Loss: 333.2259826660 - MSE: 332.39526 - batch_Time: 0.40263731498271227s
Epoch[0/20 689/700] - Loss: 193.4593048096 - MSE: 192.76678 - batch_Time: 0.39466065587475896s
Epoch[0/20 690/700] - Loss: 411.1210937500 - MSE: 410.38474 - batch_Time: 0.4014521390199661s
Epoch[0/20 691/700] - Loss: 229.2767791748 - MSE: 228.70412 - batch_Time: 0.39534162799827754s
Epoch[0/20 692/700] - Loss: 398.7660827637 - MSE: 397.95685 - batch_Time: 0.40418439893983305s
Epoch[0/20 693/700] - Loss: 335.3586120605 - MSE: 334.66122 - batch_Time: 0.3934865780174732s
Epoch[0/20 694/700] - Loss: 306.6711425781 - MSE: 306.13715 - batch_Time: 0.3964474459644407s
Epoch[0/20 695/700] - Loss: 243.0187072754 - MSE: 242.39116 - batch_Time: 0.39680242096073925s
Epoch[0/20 696/700] - Loss: 274.6119689941 - MSE: 273.95532 - batch_Time: 0.39566260506398976s
Epoch[0/20 697/700] - Loss: 277.7415771484 - MSE: 276.77637 - batch_Time: 0.39544769702479243s
Epoch[0/20 698/700] - Loss: 271.6676330566 - MSE: 271.11185 - batch_Time: 0.39292448479682207s
Epoch[0/20 699/700] - Loss: 399.9173583984 - MSE: 399.16565 - batch_Time: 0.3947018859907985s
Epoch[0] - 2021-08-06 21:06:53.724060
/usr/local/lib/python3.8/dist-packages/torch/nn/functional.py:718: UserWarning: Named tensors and all their associated APIs are an experimental feature and subject to change. Please do not use them for anything important until they are released as stable. (Triggered internally at  /pytorch/c10/core/TensorImpl.h:1156.)
  return torch.max_pool2d(input, kernel_size, stride, padding, dilation, ceil_mode)
/hy-tmp/OURS/ttsr_dx/experiment.py:171: UserWarning: torch.nn.utils.clip_grad_norm is now deprecated in favor of torch.nn.utils.clip_grad_norm_.
  nn.utils.clip_grad_norm(self.model.parameters(), 1, norm_type=2)
Epoch[0- train_loss: 519.2014200047 - train_error: 518.0463793727 - val_loss: 79.0404306412 - val_error: 78.8683744621 - val_psnr: 29.4314414014 - val_ssim: 0.7628996946 - epoch_Time: 362.0027693260927s
Save Model in Epoch:0
Current learning rate: 0.0001
Epoch[1/20] - 2021-08-06 21:08:03.419371
Epoch[1/20 0/700] - Loss: 311.4445190430 - MSE: 311.08603 - batch_Time: 0.39873869298025966s
Epoch[1/20 1/700] - Loss: 472.4606933594 - MSE: 471.60538 - batch_Time: 0.3989873200189322s
Epoch[1/20 2/700] - Loss: 349.5411376953 - MSE: 348.77954 - batch_Time: 0.3968428950756788s
Epoch[1/20 3/700] - Loss: 243.2231445312 - MSE: 242.54431 - batch_Time: 0.39960649400018156s
Epoch[1/20 4/700] - Loss: 534.4486694336 - MSE: 533.74182 - batch_Time: 0.3984975169878453s
Epoch[1/20 5/700] - Loss: 309.1281738281 - MSE: 308.19537 - batch_Time: 0.3988320929929614s
Epoch[1/20 6/700] - Loss: 303.5557250977 - MSE: 302.90094 - batch_Time: 0.3998735109344125s
Epoch[1/20 7/700] - Loss: 443.1153869629 - MSE: 442.23303 - batch_Time: 0.40081169991753995s
Epoch[1/20 8/700] - Loss: 344.8027954102 - MSE: 344.16278 - batch_Time: 0.3982929391786456s
Epoch[1/20 9/700] - Loss: 382.3694152832 - MSE: 381.21707 - batch_Time: 0.3981967701110989s
Epoch[1/20 10/700] - Loss: 232.6834106445 - MSE: 231.86931 - batch_Time: 0.39794047200120986s
Epoch[1/20 11/700] - Loss: 369.5386047363 - MSE: 369.02762 - batch_Time: 0.40088386996649206s
Epoch[1/20 12/700] - Loss: 289.2926330566 - MSE: 288.75073 - batch_Time: 0.4071757490746677s
Epoch[1/20 13/700] - Loss: 333.5488281250 - MSE: 332.52167 - batch_Time: 0.39862334611825645s
Epoch[1/20 14/700] - Loss: 263.3865661621 - MSE: 262.62003 - batch_Time: 0.40270946989767253s
Epoch[1/20 15/700] - Loss: 226.6316375732 - MSE: 226.11002 - batch_Time: 0.4068105120677501s
Epoch[1/20 16/700] - Loss: 311.3261718750 - MSE: 310.79745 - batch_Time: 0.40395905496552587s
Epoch[1/20 17/700] - Loss: 332.7975158691 - MSE: 332.07233 - batch_Time: 0.4045017489697784s
Epoch[1/20 18/700] - Loss: 265.9060058594 - MSE: 265.18335 - batch_Time: 0.40159497200511396s
Epoch[1/20 19/700] - Loss: 268.8864135742 - MSE: 268.32098 - batch_Time: 0.3982710901182145s
Epoch[1/20 20/700] - Loss: 280.6158752441 - MSE: 280.09674 - batch_Time: 0.4019107080530375s
Epoch[1/20 21/700] - Loss: 235.4669036865 - MSE: 234.81476 - batch_Time: 0.39749060780741274s
Epoch[1/20 22/700] - Loss: 292.5436096191 - MSE: 292.06750 - batch_Time: 0.39651265903376043s
Epoch[1/20 23/700] - Loss: 370.6062622070 - MSE: 369.85043 - batch_Time: 0.402340292930603s
Epoch[1/20 24/700] - Loss: 382.0415344238 - MSE: 381.17511 - batch_Time: 0.40537144895642996s
Epoch[1/20 25/700] - Loss: 291.0205688477 - MSE: 290.07669 - batch_Time: 0.40070572099648416s
Epoch[1/20 26/700] - Loss: 277.2481079102 - MSE: 276.63892 - batch_Time: 0.39828501897864044s
Epoch[1/20 27/700] - Loss: 433.6749877930 - MSE: 433.23560 - batch_Time: 0.39951182599179447s
Epoch[1/20 28/700] - Loss: 385.9616394043 - MSE: 385.28656 - batch_Time: 0.40553369792178273s
Epoch[1/20 29/700] - Loss: 308.9091186523 - MSE: 308.14285 - batch_Time: 0.39618497295305133s
Epoch[1/20 30/700] - Loss: 373.6336669922 - MSE: 372.87054 - batch_Time: 0.39624342299066484s
Epoch[1/20 31/700] - Loss: 369.4323730469 - MSE: 368.70233 - batch_Time: 0.3961904929019511s
Epoch[1/20 32/700] - Loss: 259.6693420410 - MSE: 259.03522 - batch_Time: 0.3995874850079417s
Epoch[1/20 33/700] - Loss: 516.6308593750 - MSE: 515.75409 - batch_Time: 0.40196452802047133s
Epoch[1/20 34/700] - Loss: 280.9548645020 - MSE: 280.38400 - batch_Time: 0.3970807730220258s
Epoch[1/20 35/700] - Loss: 252.7106170654 - MSE: 251.97760 - batch_Time: 0.4010079689323902s
Epoch[1/20 36/700] - Loss: 426.3876647949 - MSE: 425.58154 - batch_Time: 0.3966436688788235s
Epoch[1/20 37/700] - Loss: 411.8008422852 - MSE: 411.02832 - batch_Time: 0.4007302720565349s
Epoch[1/20 38/700] - Loss: 319.3345031738 - MSE: 318.69012 - batch_Time: 0.39949281606823206s
Epoch[1/20 39/700] - Loss: 214.4299163818 - MSE: 213.78593 - batch_Time: 0.3961351530160755s
Epoch[1/20 40/700] - Loss: 308.5128784180 - MSE: 307.68347 - batch_Time: 0.40020594792440534s
Epoch[1/20 41/700] - Loss: 310.4522094727 - MSE: 309.87054 - batch_Time: 0.396812385879457s
Epoch[1/20 42/700] - Loss: 271.3439331055 - MSE: 270.72046 - batch_Time: 0.40059678303077817s
Epoch[1/20 43/700] - Loss: 450.1055908203 - MSE: 449.30884 - batch_Time: 0.40121932700276375s
Epoch[1/20 44/700] - Loss: 386.3854370117 - MSE: 385.45248 - batch_Time: 0.3960011249873787s
Epoch[1/20 45/700] - Loss: 437.6556396484 - MSE: 436.74634 - batch_Time: 0.4020569268614054s
Epoch[1/20 46/700] - Loss: 291.7336730957 - MSE: 290.94681 - batch_Time: 0.3973813590127975s
Epoch[1/20 47/700] - Loss: 301.0215454102 - MSE: 300.46722 - batch_Time: 0.40247694216668606s
Epoch[1/20 48/700] - Loss: 323.0494079590 - MSE: 322.21448 - batch_Time: 0.40635328902862966s
Epoch[1/20 49/700] - Loss: 385.8892822266 - MSE: 385.22455 - batch_Time: 0.39820448006503284s
Epoch[1/20 50/700] - Loss: 299.6185302734 - MSE: 299.02286 - batch_Time: 0.3997934020590037s
Epoch[1/20 51/700] - Loss: 248.0316467285 - MSE: 247.29066 - batch_Time: 0.3980451428797096s
Epoch[1/20 52/700] - Loss: 269.4963378906 - MSE: 268.89093 - batch_Time: 0.39987803203985095s
Epoch[1/20 53/700] - Loss: 371.8703613281 - MSE: 371.16452 - batch_Time: 0.4045169500168413s
Epoch[1/20 54/700] - Loss: 319.1972656250 - MSE: 318.68204 - batch_Time: 0.39614807395264506s
Epoch[1/20 55/700] - Loss: 172.6435241699 - MSE: 171.88724 - batch_Time: 0.3963380029890686s
Epoch[1/20 56/700] - Loss: 282.6398010254 - MSE: 281.77658 - batch_Time: 0.3981370120309293s
Epoch[1/20 57/700] - Loss: 306.5329284668 - MSE: 306.00824 - batch_Time: 0.39797925390303135s
Epoch[1/20 58/700] - Loss: 361.3107910156 - MSE: 360.63013 - batch_Time: 0.3977782758884132s
Epoch[1/20 59/700] - Loss: 283.1996154785 - MSE: 282.78632 - batch_Time: 0.3991350510623306s
Epoch[1/20 60/700] - Loss: 421.6923217773 - MSE: 420.80301 - batch_Time: 0.40028990688733757s
Epoch[1/20 61/700] - Loss: 257.2561950684 - MSE: 256.76129 - batch_Time: 0.39691252494230866s
Epoch[1/20 62/700] - Loss: 401.0957336426 - MSE: 400.22034 - batch_Time: 0.3989934918936342s
Epoch[1/20 63/700] - Loss: 292.1925354004 - MSE: 291.38062 - batch_Time: 0.3980272130575031s
Epoch[1/20 64/700] - Loss: 317.0522155762 - MSE: 316.46622 - batch_Time: 0.3975574679207057s
Epoch[1/20 65/700] - Loss: 557.7801513672 - MSE: 556.95923 - batch_Time: 0.4011930071283132s
Epoch[1/20 66/700] - Loss: 268.4845886230 - MSE: 267.95160 - batch_Time: 0.3973179708700627s
Epoch[1/20 67/700] - Loss: 300.8455505371 - MSE: 299.83453 - batch_Time: 0.39747529989108443s
Epoch[1/20 68/700] - Loss: 219.9863891602 - MSE: 219.11691 - batch_Time: 0.40594077319838107s
Epoch[1/20 69/700] - Loss: 323.1740112305 - MSE: 322.44379 - batch_Time: 0.39860388706438243s
Epoch[1/20 70/700] - Loss: 205.5829467773 - MSE: 204.89334 - batch_Time: 0.39983884315006435s
Epoch[1/20 71/700] - Loss: 288.5258483887 - MSE: 287.59470 - batch_Time: 0.4026218010112643s
Epoch[1/20 72/700] - Loss: 320.0509033203 - MSE: 319.19284 - batch_Time: 0.3995096569415182s
Epoch[1/20 73/700] - Loss: 367.8165893555 - MSE: 367.13275 - batch_Time: 0.3972890619188547s
Epoch[1/20 74/700] - Loss: 285.0039062500 - MSE: 284.26056 - batch_Time: 0.3982481509447098s
Epoch[1/20 75/700] - Loss: 291.6168212891 - MSE: 290.96872 - batch_Time: 0.3975318390876055s
Epoch[1/20 76/700] - Loss: 243.8453063965 - MSE: 243.20250 - batch_Time: 0.3993555582128465s
Epoch[1/20 77/700] - Loss: 347.0385131836 - MSE: 346.21320 - batch_Time: 0.40220506489276886s
Epoch[1/20 78/700] - Loss: 260.1771240234 - MSE: 259.49658 - batch_Time: 0.39692290499806404s
Epoch[1/20 79/700] - Loss: 274.3959655762 - MSE: 273.82874 - batch_Time: 0.3981359419412911s
Epoch[1/20 80/700] - Loss: 263.4036865234 - MSE: 262.89795 - batch_Time: 0.3979663939680904s
Epoch[1/20 81/700] - Loss: 220.4315643311 - MSE: 219.55670 - batch_Time: 0.3990897519979626s
Epoch[1/20 82/700] - Loss: 223.3469543457 - MSE: 222.78903 - batch_Time: 0.40213675796985626s
Epoch[1/20 83/700] - Loss: 429.7673339844 - MSE: 429.22327 - batch_Time: 0.39763435791246593s
Epoch[1/20 84/700] - Loss: 231.4472503662 - MSE: 230.66469 - batch_Time: 0.39900524192489684s
Epoch[1/20 85/700] - Loss: 270.9118041992 - MSE: 270.38528 - batch_Time: 0.40210995613597333s
Epoch[1/20 86/700] - Loss: 335.9209289551 - MSE: 335.18109 - batch_Time: 0.400747881969437s
Epoch[1/20 87/700] - Loss: 420.5322875977 - MSE: 419.45468 - batch_Time: 0.39473380986601114s
Epoch[1/20 88/700] - Loss: 216.8180847168 - MSE: 216.12476 - batch_Time: 0.3988539238926023s
Epoch[1/20 89/700] - Loss: 362.4621276855 - MSE: 361.64877 - batch_Time: 0.3967349377926439s
Epoch[1/20 90/700] - Loss: 325.1875305176 - MSE: 324.53909 - batch_Time: 0.39759260904975235s
Epoch[1/20 91/700] - Loss: 265.3837280273 - MSE: 264.54242 - batch_Time: 0.3979124950710684s
Epoch[1/20 92/700] - Loss: 493.3534851074 - MSE: 492.53357 - batch_Time: 0.3982013319619s
Epoch[1/20 93/700] - Loss: 372.0029907227 - MSE: 371.36560 - batch_Time: 0.40225443593226373s
Epoch[1/20 94/700] - Loss: 295.9776611328 - MSE: 295.16614 - batch_Time: 0.40101851895451546s
Epoch[1/20 95/700] - Loss: 197.6501464844 - MSE: 196.93765 - batch_Time: 0.3976655970327556s
Epoch[1/20 96/700] - Loss: 330.5979309082 - MSE: 329.95361 - batch_Time: 0.39807372307404876s
Epoch[1/20 97/700] - Loss: 258.4610290527 - MSE: 257.78873 - batch_Time: 0.398866024101153s
Epoch[1/20 98/700] - Loss: 370.7074584961 - MSE: 369.68146 - batch_Time: 0.39882036414928734s
Epoch[1/20 99/700] - Loss: 272.1365356445 - MSE: 271.57959 - batch_Time: 0.3987950049340725s
Epoch[1/20 100/700] - Loss: 308.3671569824 - MSE: 307.69022 - batch_Time: 0.39888143399730325s
Epoch[1/20 101/700] - Loss: 450.7550048828 - MSE: 450.01141 - batch_Time: 0.3978220960125327s
Epoch[1/20 102/700] - Loss: 314.4684448242 - MSE: 313.92603 - batch_Time: 0.39942713803611696s
Epoch[1/20 103/700] - Loss: 295.0921630859 - MSE: 294.66916 - batch_Time: 0.39809091202914715s
Epoch[1/20 104/700] - Loss: 284.4902343750 - MSE: 283.97113 - batch_Time: 0.39816629188135266s
Epoch[1/20 105/700] - Loss: 437.6738281250 - MSE: 436.67303 - batch_Time: 0.39964140485972166s
Epoch[1/20 106/700] - Loss: 300.9183959961 - MSE: 300.56763 - batch_Time: 0.39802219392731786s
Epoch[1/20 107/700] - Loss: 305.5582580566 - MSE: 305.09186 - batch_Time: 0.3980024438351393s
Epoch[1/20 108/700] - Loss: 237.0174560547 - MSE: 236.60077 - batch_Time: 0.4023136750329286s
Epoch[1/20 109/700] - Loss: 252.1079711914 - MSE: 251.23380 - batch_Time: 0.39732765103690326s
Epoch[1/20 110/700] - Loss: 359.3838500977 - MSE: 358.69937 - batch_Time: 0.39964418509043753s
Epoch[1/20 111/700] - Loss: 204.2249755859 - MSE: 203.79697 - batch_Time: 0.40156526397913694s
Epoch[1/20 112/700] - Loss: 378.9316406250 - MSE: 378.22113 - batch_Time: 0.39944265806116164s
Epoch[1/20 113/700] - Loss: 209.9241638184 - MSE: 209.44476 - batch_Time: 0.39552717190235853s
Epoch[1/20 114/700] - Loss: 471.8501586914 - MSE: 471.00403 - batch_Time: 0.3960536860395223s
Epoch[1/20 115/700] - Loss: 249.2539215088 - MSE: 248.83179 - batch_Time: 0.3972693318501115s
Epoch[1/20 116/700] - Loss: 333.6908569336 - MSE: 333.09189 - batch_Time: 0.4032408338971436s
Epoch[1/20 117/700] - Loss: 225.5991210938 - MSE: 225.08374 - batch_Time: 0.4016053839586675s
Epoch[1/20 118/700] - Loss: 356.8179321289 - MSE: 356.20496 - batch_Time: 0.39663875894621015s
Epoch[1/20 119/700] - Loss: 279.7814636230 - MSE: 278.87170 - batch_Time: 0.40385616896674037s
Epoch[1/20 120/700] - Loss: 359.2193603516 - MSE: 358.38251 - batch_Time: 0.40275663090869784s
Epoch[1/20 121/700] - Loss: 225.2046813965 - MSE: 224.39818 - batch_Time: 0.403096707072109s
Epoch[1/20 122/700] - Loss: 143.3486328125 - MSE: 142.56810 - batch_Time: 0.39973096502944827s
Epoch[1/20 123/700] - Loss: 431.5982055664 - MSE: 430.68774 - batch_Time: 0.3985247879754752s
Epoch[1/20 124/700] - Loss: 286.1952514648 - MSE: 285.67242 - batch_Time: 0.4014047069940716s
Epoch[1/20 125/700] - Loss: 185.5575256348 - MSE: 185.10001 - batch_Time: 0.3990206429734826s
Epoch[1/20 126/700] - Loss: 304.9621582031 - MSE: 304.35931 - batch_Time: 0.3996880759950727s
Epoch[1/20 127/700] - Loss: 286.3345031738 - MSE: 285.65329 - batch_Time: 0.40704860305413604s
Epoch[1/20 128/700] - Loss: 193.2198944092 - MSE: 192.49977 - batch_Time: 0.3991672908887267s
Epoch[1/20 129/700] - Loss: 322.9794921875 - MSE: 322.49469 - batch_Time: 0.4075249070301652s
Epoch[1/20 130/700] - Loss: 258.8229980469 - MSE: 258.33734 - batch_Time: 0.4015636348631233s
Epoch[1/20 131/700] - Loss: 284.0271911621 - MSE: 283.60870 - batch_Time: 0.39614237495698035s
Epoch[1/20 132/700] - Loss: 247.8004150391 - MSE: 246.98445 - batch_Time: 0.3969705861527473s
Epoch[1/20 133/700] - Loss: 277.0339355469 - MSE: 276.61090 - batch_Time: 0.3969499859958887s
Epoch[1/20 134/700] - Loss: 337.4883117676 - MSE: 336.92776 - batch_Time: 0.4008108431007713s
Epoch[1/20 135/700] - Loss: 273.1428222656 - MSE: 272.48337 - batch_Time: 0.3960608569905162s
Epoch[1/20 136/700] - Loss: 291.7988586426 - MSE: 291.29761 - batch_Time: 0.3991988708730787s
Epoch[1/20 137/700] - Loss: 228.8044433594 - MSE: 227.88580 - batch_Time: 0.3963139639236033s
Epoch[1/20 138/700] - Loss: 285.9497985840 - MSE: 285.26187 - batch_Time: 0.3969997048843652s
Epoch[1/20 139/700] - Loss: 194.9376373291 - MSE: 194.54378 - batch_Time: 0.3965760809369385s
Epoch[1/20 140/700] - Loss: 219.8946990967 - MSE: 219.50987 - batch_Time: 0.3970063659362495s
Epoch[1/20 141/700] - Loss: 251.6003112793 - MSE: 251.18657 - batch_Time: 0.4025807920843363s
Epoch[1/20 142/700] - Loss: 307.7437744141 - MSE: 307.20651 - batch_Time: 0.39798244507983327s
Epoch[1/20 143/700] - Loss: 388.1236572266 - MSE: 387.51553 - batch_Time: 0.39947746810503304s
Epoch[1/20 144/700] - Loss: 445.6468200684 - MSE: 444.97992 - batch_Time: 0.3993456799071282s
Epoch[1/20 145/700] - Loss: 375.3377075195 - MSE: 374.60388 - batch_Time: 0.40674585592933s
Epoch[1/20 146/700] - Loss: 541.2106933594 - MSE: 540.22943 - batch_Time: 0.4055220892187208s
Epoch[1/20 147/700] - Loss: 472.9061889648 - MSE: 471.96954 - batch_Time: 0.4039199980907142s
Epoch[1/20 148/700] - Loss: 226.8188018799 - MSE: 226.28036 - batch_Time: 0.4063413511030376s
Epoch[1/20 149/700] - Loss: 271.0217590332 - MSE: 270.20547 - batch_Time: 0.4006085158325732s
Epoch[1/20 150/700] - Loss: 493.6233825684 - MSE: 492.72525 - batch_Time: 0.4028094799723476s
Epoch[1/20 151/700] - Loss: 256.8439025879 - MSE: 256.34772 - batch_Time: 0.40661075711250305s
Epoch[1/20 152/700] - Loss: 319.0524291992 - MSE: 318.52658 - batch_Time: 0.4020318689290434s
Epoch[1/20 153/700] - Loss: 366.5195922852 - MSE: 365.79675 - batch_Time: 0.4072347900364548s
Epoch[1/20 154/700] - Loss: 359.4698486328 - MSE: 358.52747 - batch_Time: 0.40483759716153145s
Epoch[1/20 155/700] - Loss: 390.1964416504 - MSE: 389.51053 - batch_Time: 0.4020973090082407s
Epoch[1/20 156/700] - Loss: 288.5152893066 - MSE: 287.98477 - batch_Time: 0.40297062904573977s
Epoch[1/20 157/700] - Loss: 279.2142028809 - MSE: 278.58588 - batch_Time: 0.3960429469589144s
Epoch[1/20 158/700] - Loss: 289.1972045898 - MSE: 288.72842 - batch_Time: 0.3956935810856521s
Epoch[1/20 159/700] - Loss: 196.0637512207 - MSE: 195.32649 - batch_Time: 0.4106113528832793s
Epoch[1/20 160/700] - Loss: 301.8872680664 - MSE: 301.22726 - batch_Time: 0.4029602990485728s
Epoch[1/20 161/700] - Loss: 305.3186340332 - MSE: 304.56171 - batch_Time: 0.40400749701075256s
Epoch[1/20 162/700] - Loss: 453.7935485840 - MSE: 452.99567 - batch_Time: 0.4004552671685815s
Epoch[1/20 163/700] - Loss: 352.5609436035 - MSE: 351.97333 - batch_Time: 0.404882927890867s
Epoch[1/20 164/700] - Loss: 355.4172668457 - MSE: 354.47107 - batch_Time: 0.4000185320619494s
Epoch[1/20 165/700] - Loss: 308.2499389648 - MSE: 307.63962 - batch_Time: 0.4000419620424509s
Epoch[1/20 166/700] - Loss: 300.0703125000 - MSE: 299.38840 - batch_Time: 0.3960714768618345s
Epoch[1/20 167/700] - Loss: 333.9788818359 - MSE: 333.47345 - batch_Time: 0.40205784887075424s
Epoch[1/20 168/700] - Loss: 195.5689544678 - MSE: 195.05733 - batch_Time: 0.40024704998359084s
Epoch[1/20 169/700] - Loss: 194.1607971191 - MSE: 193.78893 - batch_Time: 0.40093817189335823s
Epoch[1/20 170/700] - Loss: 275.6440429688 - MSE: 275.00821 - batch_Time: 0.39735214319080114s
Epoch[1/20 171/700] - Loss: 434.0096435547 - MSE: 433.10651 - batch_Time: 0.40671938587911427s
Epoch[1/20 172/700] - Loss: 314.9875488281 - MSE: 314.48605 - batch_Time: 0.3967754088807851s
Epoch[1/20 173/700] - Loss: 253.8482513428 - MSE: 253.28702 - batch_Time: 0.3970420260448009s
Epoch[1/20 174/700] - Loss: 364.8354187012 - MSE: 364.26047 - batch_Time: 0.39821548294276s
Epoch[1/20 175/700] - Loss: 363.9487915039 - MSE: 363.15948 - batch_Time: 0.3963239740114659s
Epoch[1/20 176/700] - Loss: 348.4928894043 - MSE: 347.75674 - batch_Time: 0.40136852697469294s
Epoch[1/20 177/700] - Loss: 373.1021728516 - MSE: 372.22568 - batch_Time: 0.40767879597842693s
Epoch[1/20 178/700] - Loss: 329.2306518555 - MSE: 328.43542 - batch_Time: 0.4015684851910919s
Epoch[1/20 179/700] - Loss: 257.8177490234 - MSE: 257.23969 - batch_Time: 0.4017139140050858s
Epoch[1/20 180/700] - Loss: 672.5679931641 - MSE: 672.01715 - batch_Time: 0.39934347104281187s
Epoch[1/20 181/700] - Loss: 267.3280944824 - MSE: 266.56027 - batch_Time: 0.40126898884773254s
Epoch[1/20 182/700] - Loss: 351.4743041992 - MSE: 350.90305 - batch_Time: 0.400603786110878s
Epoch[1/20 183/700] - Loss: 432.5755004883 - MSE: 431.84204 - batch_Time: 0.3994256700389087s
Epoch[1/20 184/700] - Loss: 350.5570678711 - MSE: 349.79053 - batch_Time: 0.4008911829441786s
Epoch[1/20 185/700] - Loss: 323.6954956055 - MSE: 323.13519 - batch_Time: 0.40034815901890397s
Epoch[1/20 186/700] - Loss: 657.9696044922 - MSE: 657.26605 - batch_Time: 0.3996572270989418s
Epoch[1/20 187/700] - Loss: 210.2503967285 - MSE: 209.60345 - batch_Time: 0.4007931430824101s
Epoch[1/20 188/700] - Loss: 257.0205383301 - MSE: 256.50201 - batch_Time: 0.39702066709287465s
Epoch[1/20 189/700] - Loss: 297.9052124023 - MSE: 297.39532 - batch_Time: 0.39606226817704737s
Epoch[1/20 190/700] - Loss: 282.4569396973 - MSE: 281.73047 - batch_Time: 0.3969566780142486s
Epoch[1/20 191/700] - Loss: 428.1788940430 - MSE: 427.76337 - batch_Time: 0.39780560694634914s
Epoch[1/20 192/700] - Loss: 351.2505798340 - MSE: 350.77002 - batch_Time: 0.4015840149950236s
Epoch[1/20 193/700] - Loss: 327.4422302246 - MSE: 326.68405 - batch_Time: 0.397476440994069s
Epoch[1/20 194/700] - Loss: 274.1278381348 - MSE: 273.31729 - batch_Time: 0.39592244988307357s
Epoch[1/20 195/700] - Loss: 293.5652160645 - MSE: 293.07135 - batch_Time: 0.397936335997656s
Epoch[1/20 196/700] - Loss: 233.1557464600 - MSE: 232.72894 - batch_Time: 0.3972053949255496s
Epoch[1/20 197/700] - Loss: 338.9694824219 - MSE: 338.57697 - batch_Time: 0.3980818649288267s
Epoch[1/20 198/700] - Loss: 302.4908447266 - MSE: 302.02173 - batch_Time: 0.3962244961876422s
Epoch[1/20 199/700] - Loss: 376.5334777832 - MSE: 375.79059 - batch_Time: 0.3989881440065801s
Epoch[1/20 200/700] - Loss: 266.4709472656 - MSE: 265.95938 - batch_Time: 0.3981160738039762s
Epoch[1/20 201/700] - Loss: 274.8499145508 - MSE: 274.18872 - batch_Time: 0.3976485189050436s
Epoch[1/20 202/700] - Loss: 218.5316314697 - MSE: 218.11490 - batch_Time: 0.4006621250882745s
Epoch[1/20 203/700] - Loss: 225.1348724365 - MSE: 224.52277 - batch_Time: 0.40097764087840915s
Epoch[1/20 204/700] - Loss: 238.2109375000 - MSE: 237.61548 - batch_Time: 0.402148179942742s
Epoch[1/20 205/700] - Loss: 258.6367187500 - MSE: 258.07031 - batch_Time: 0.40063135605305433s
Epoch[1/20 206/700] - Loss: 227.5675201416 - MSE: 226.85802 - batch_Time: 0.394057251047343s
Epoch[1/20 207/700] - Loss: 246.9327239990 - MSE: 246.40373 - batch_Time: 0.39842555089853704s
Epoch[1/20 208/700] - Loss: 270.5717773438 - MSE: 269.83267 - batch_Time: 0.39393651112914085s
Epoch[1/20 209/700] - Loss: 171.5833435059 - MSE: 171.10582 - batch_Time: 0.4018928809091449s
Epoch[1/20 210/700] - Loss: 173.1811065674 - MSE: 172.72069 - batch_Time: 0.4085854960139841s
Epoch[1/20 211/700] - Loss: 257.9077758789 - MSE: 257.28625 - batch_Time: 0.4051440160255879s
Epoch[1/20 212/700] - Loss: 464.0955810547 - MSE: 463.40909 - batch_Time: 0.40256502386182547s
Epoch[1/20 213/700] - Loss: 240.6004943848 - MSE: 240.09941 - batch_Time: 0.4001298709772527s
Epoch[1/20 214/700] - Loss: 280.7087707520 - MSE: 280.17761 - batch_Time: 0.39807898504659534s
Epoch[1/20 215/700] - Loss: 321.2285156250 - MSE: 320.51279 - batch_Time: 0.39963271701708436s
Epoch[1/20 216/700] - Loss: 210.1777343750 - MSE: 209.73203 - batch_Time: 0.4039708280470222s
Epoch[1/20 217/700] - Loss: 333.5715332031 - MSE: 332.90326 - batch_Time: 0.40395313897170126s
Epoch[1/20 218/700] - Loss: 381.3179321289 - MSE: 380.25574 - batch_Time: 0.40050900797359645s
Epoch[1/20 219/700] - Loss: 449.2012329102 - MSE: 448.40192 - batch_Time: 0.3968527289107442s
Epoch[1/20 220/700] - Loss: 254.0900573730 - MSE: 253.33780 - batch_Time: 0.39859955897554755s
Epoch[1/20 221/700] - Loss: 260.8686523438 - MSE: 260.16721 - batch_Time: 0.409963650861755s
Epoch[1/20 222/700] - Loss: 446.9063110352 - MSE: 446.02164 - batch_Time: 0.39738082396797836s
Epoch[1/20 223/700] - Loss: 534.6059570312 - MSE: 533.95026 - batch_Time: 0.40192742203362286s
Epoch[1/20 224/700] - Loss: 313.7942504883 - MSE: 313.09277 - batch_Time: 0.3964418137911707s
Epoch[1/20 225/700] - Loss: 191.6769561768 - MSE: 191.06223 - batch_Time: 0.3968162590172142s
Epoch[1/20 226/700] - Loss: 285.6921386719 - MSE: 285.14789 - batch_Time: 0.3956317629199475s
Epoch[1/20 227/700] - Loss: 198.4495239258 - MSE: 197.81155 - batch_Time: 0.39562482316978276s
Epoch[1/20 228/700] - Loss: 283.7243957520 - MSE: 283.10754 - batch_Time: 0.39666740084066987s
Epoch[1/20 229/700] - Loss: 306.2887268066 - MSE: 305.65192 - batch_Time: 0.40107542113400996s
Epoch[1/20 230/700] - Loss: 310.6102905273 - MSE: 310.11789 - batch_Time: 0.40077712503261864s
Epoch[1/20 231/700] - Loss: 356.4926452637 - MSE: 355.76797 - batch_Time: 0.40343008493073285s
Epoch[1/20 232/700] - Loss: 296.8656005859 - MSE: 296.49548 - batch_Time: 0.4023166468832642s
Epoch[1/20 233/700] - Loss: 357.0482482910 - MSE: 356.28357 - batch_Time: 0.4013523180037737s
Epoch[1/20 234/700] - Loss: 307.8732910156 - MSE: 307.31976 - batch_Time: 0.4000401431694627s
Epoch[1/20 235/700] - Loss: 309.8639526367 - MSE: 308.75629 - batch_Time: 0.404785969061777s
Epoch[1/20 236/700] - Loss: 215.4546813965 - MSE: 214.38353 - batch_Time: 0.4152056521270424s
Epoch[1/20 237/700] - Loss: 586.0874633789 - MSE: 584.89709 - batch_Time: 0.39635977521538734s
Epoch[1/20 238/700] - Loss: 251.7319030762 - MSE: 251.12752 - batch_Time: 0.4047450099606067s
Epoch[1/20 239/700] - Loss: 190.7317657471 - MSE: 190.23613 - batch_Time: 0.398788166930899s
Epoch[1/20 240/700] - Loss: 310.0461425781 - MSE: 309.70398 - batch_Time: 0.4071776729542762s
Epoch[1/20 241/700] - Loss: 354.6198120117 - MSE: 353.94537 - batch_Time: 0.3976988608483225s
Epoch[1/20 242/700] - Loss: 274.7384948730 - MSE: 274.27069 - batch_Time: 0.3950874300207943s
Epoch[1/20 243/700] - Loss: 358.3248901367 - MSE: 357.73203 - batch_Time: 0.3956227640155703s
Epoch[1/20 244/700] - Loss: 279.2332458496 - MSE: 278.60498 - batch_Time: 0.39709339616820216s
Epoch[1/20 245/700] - Loss: 307.1903991699 - MSE: 306.78851 - batch_Time: 0.3964021438732743s
Epoch[1/20 246/700] - Loss: 152.4408264160 - MSE: 151.92566 - batch_Time: 0.39820265397429466s
Epoch[1/20 247/700] - Loss: 133.9202117920 - MSE: 133.38751 - batch_Time: 0.40035708993673325s
Epoch[1/20 248/700] - Loss: 248.0671844482 - MSE: 247.65094 - batch_Time: 0.3962334569077939s
Epoch[1/20 249/700] - Loss: 407.2246093750 - MSE: 406.65265 - batch_Time: 0.3968691888730973s
Epoch[1/20 250/700] - Loss: 368.6128540039 - MSE: 367.81921 - batch_Time: 0.397464563138783s
Epoch[1/20 251/700] - Loss: 369.0528869629 - MSE: 368.04666 - batch_Time: 0.3980402259621769s
Epoch[1/20 252/700] - Loss: 193.8910064697 - MSE: 193.42908 - batch_Time: 0.40213704016059637s
Epoch[1/20 253/700] - Loss: 186.7665100098 - MSE: 186.30682 - batch_Time: 0.3999421149492264s
Epoch[1/20 254/700] - Loss: 258.0751037598 - MSE: 257.18158 - batch_Time: 0.3960991781204939s
Epoch[1/20 255/700] - Loss: 347.1779174805 - MSE: 346.67651 - batch_Time: 0.39972613705322146s
Epoch[1/20 256/700] - Loss: 248.5664520264 - MSE: 247.78635 - batch_Time: 0.39522392791695893s
Epoch[1/20 257/700] - Loss: 402.0536193848 - MSE: 401.62335 - batch_Time: 0.39733754517510533s
Epoch[1/20 258/700] - Loss: 221.9412231445 - MSE: 221.52383 - batch_Time: 0.3981756139546633s
Epoch[1/20 259/700] - Loss: 349.8371276855 - MSE: 348.95663 - batch_Time: 0.3974972527939826s
Epoch[1/20 260/700] - Loss: 172.8366394043 - MSE: 172.31235 - batch_Time: 0.40263011399656534s
Epoch[1/20 261/700] - Loss: 374.1980285645 - MSE: 373.45627 - batch_Time: 0.39731657481752336s
Epoch[1/20 262/700] - Loss: 286.0865173340 - MSE: 285.66650 - batch_Time: 0.3971007061190903s
Epoch[1/20 263/700] - Loss: 193.1961059570 - MSE: 192.68666 - batch_Time: 0.40191583218984306s
Epoch[1/20 264/700] - Loss: 317.8096923828 - MSE: 317.13959 - batch_Time: 0.404606212163344s
Epoch[1/20 265/700] - Loss: 412.5117797852 - MSE: 411.96466 - batch_Time: 0.40056063793599606s
Epoch[1/20 266/700] - Loss: 211.0029602051 - MSE: 210.35574 - batch_Time: 0.40137166902422905s
Epoch[1/20 267/700] - Loss: 217.7088012695 - MSE: 217.14049 - batch_Time: 0.4025148148648441s
Epoch[1/20 268/700] - Loss: 243.8700408936 - MSE: 243.30237 - batch_Time: 0.3971196571364999s
Epoch[1/20 269/700] - Loss: 156.1046447754 - MSE: 155.53886 - batch_Time: 0.39855927997268736s
Epoch[1/20 270/700] - Loss: 271.0619201660 - MSE: 270.20209 - batch_Time: 0.39625161583535373s
Epoch[1/20 271/700] - Loss: 275.9910888672 - MSE: 275.52301 - batch_Time: 0.39576681214384735s
Epoch[1/20 272/700] - Loss: 260.2159729004 - MSE: 259.56729 - batch_Time: 0.39386577322147787s
Epoch[1/20 273/700] - Loss: 437.7616577148 - MSE: 436.97150 - batch_Time: 0.3957356719765812s
Epoch[1/20 274/700] - Loss: 261.9118957520 - MSE: 261.27432 - batch_Time: 0.39644463383592665s
Epoch[1/20 275/700] - Loss: 458.6951599121 - MSE: 458.08875 - batch_Time: 0.39745683316141367s
Epoch[1/20 276/700] - Loss: 307.9102478027 - MSE: 307.21100 - batch_Time: 0.40393766085617244s
Epoch[1/20 277/700] - Loss: 337.2499694824 - MSE: 336.44983 - batch_Time: 0.4038113718852401s
Epoch[1/20 278/700] - Loss: 330.9339904785 - MSE: 330.19910 - batch_Time: 0.40151019720360637s
Epoch[1/20 279/700] - Loss: 416.7969360352 - MSE: 416.22675 - batch_Time: 0.40032100095413625s
Epoch[1/20 280/700] - Loss: 422.0172119141 - MSE: 421.29944 - batch_Time: 0.40446392400190234s
Epoch[1/20 281/700] - Loss: 473.1596679688 - MSE: 472.24371 - batch_Time: 0.4006638571154326s
Epoch[1/20 282/700] - Loss: 331.2400512695 - MSE: 330.40207 - batch_Time: 0.4013031302019954s
Epoch[1/20 283/700] - Loss: 252.9770202637 - MSE: 252.19064 - batch_Time: 0.40121871093288064s
Epoch[1/20 284/700] - Loss: 305.4480590820 - MSE: 304.64560 - batch_Time: 0.4024472259916365s
Epoch[1/20 285/700] - Loss: 272.5129699707 - MSE: 271.86719 - batch_Time: 0.4029953998979181s
Epoch[1/20 286/700] - Loss: 248.6175537109 - MSE: 248.03497 - batch_Time: 0.40238512796349823s
Epoch[1/20 287/700] - Loss: 842.5410156250 - MSE: 841.82556 - batch_Time: 0.40056670806370676s
Epoch[1/20 288/700] - Loss: 305.5107116699 - MSE: 304.76065 - batch_Time: 0.3986626002006233s
Epoch[1/20 289/700] - Loss: 302.7632446289 - MSE: 302.47681 - batch_Time: 0.40358468401245773s
Epoch[1/20 290/700] - Loss: 198.1024627686 - MSE: 197.69872 - batch_Time: 0.3948423529509455s
Epoch[1/20 291/700] - Loss: 222.9076995850 - MSE: 222.40282 - batch_Time: 0.40126168983988464s
Epoch[1/20 292/700] - Loss: 228.4881744385 - MSE: 227.89719 - batch_Time: 0.4010875930543989s
Epoch[1/20 293/700] - Loss: 408.5258789062 - MSE: 408.02557 - batch_Time: 0.40368838305585086s
Epoch[1/20 294/700] - Loss: 164.9628295898 - MSE: 164.60936 - batch_Time: 0.40110636316239834s
Epoch[1/20 295/700] - Loss: 280.5054626465 - MSE: 279.95117 - batch_Time: 0.4011767408810556s
Epoch[1/20 296/700] - Loss: 240.3844909668 - MSE: 239.96780 - batch_Time: 0.39715949702076614s
Epoch[1/20 297/700] - Loss: 245.1020660400 - MSE: 244.72002 - batch_Time: 0.39990129601210356s
Epoch[1/20 298/700] - Loss: 298.2557373047 - MSE: 297.62201 - batch_Time: 0.399750238051638s
Epoch[1/20 299/700] - Loss: 302.2270507812 - MSE: 301.59195 - batch_Time: 0.3999732560478151s
Epoch[1/20 300/700] - Loss: 266.6707458496 - MSE: 266.17734 - batch_Time: 0.40784301701933146s
Epoch[1/20 301/700] - Loss: 188.9962615967 - MSE: 188.31183 - batch_Time: 0.40168821602128446s
Epoch[1/20 302/700] - Loss: 241.6873474121 - MSE: 241.24150 - batch_Time: 0.4024618868716061s
Epoch[1/20 303/700] - Loss: 309.4133300781 - MSE: 308.79535 - batch_Time: 0.4011773921083659s
Epoch[1/20 304/700] - Loss: 276.2404479980 - MSE: 275.63751 - batch_Time: 0.3967533311806619s
Epoch[1/20 305/700] - Loss: 206.8354034424 - MSE: 206.18489 - batch_Time: 0.3980087977834046s
Epoch[1/20 306/700] - Loss: 266.6214904785 - MSE: 266.05734 - batch_Time: 0.4019719329662621s
Epoch[1/20 307/700] - Loss: 283.0867309570 - MSE: 282.65884 - batch_Time: 0.40050350897945464s
Epoch[1/20 308/700] - Loss: 280.9658508301 - MSE: 280.20334 - batch_Time: 0.4007165168877691s
Epoch[1/20 309/700] - Loss: 201.8956451416 - MSE: 201.15643 - batch_Time: 0.39604724990203977s
Epoch[1/20 310/700] - Loss: 367.8217773438 - MSE: 367.19583 - batch_Time: 0.3969524491112679s
Epoch[1/20 311/700] - Loss: 508.7348022461 - MSE: 507.59161 - batch_Time: 0.39768179110251367s
Epoch[1/20 312/700] - Loss: 302.5148925781 - MSE: 301.93646 - batch_Time: 0.4032385880127549s
Epoch[1/20 313/700] - Loss: 338.5666809082 - MSE: 338.27725 - batch_Time: 0.4003448709845543s
Epoch[1/20 314/700] - Loss: 299.7319335938 - MSE: 299.28455 - batch_Time: 0.39609505888074636s
Epoch[1/20 315/700] - Loss: 186.4669036865 - MSE: 185.97670 - batch_Time: 0.4004199909977615s
Epoch[1/20 316/700] - Loss: 351.4308776855 - MSE: 350.61124 - batch_Time: 0.4011038320604712s
Epoch[1/20 317/700] - Loss: 263.2613220215 - MSE: 262.40228 - batch_Time: 0.4019365832209587s
Epoch[1/20 318/700] - Loss: 302.7813720703 - MSE: 301.96255 - batch_Time: 0.400826025987044s
Epoch[1/20 319/700] - Loss: 248.1263732910 - MSE: 247.57310 - batch_Time: 0.3963453269097954s
Epoch[1/20 320/700] - Loss: 257.9952392578 - MSE: 257.40344 - batch_Time: 0.40150081808678806s
Epoch[1/20 321/700] - Loss: 195.6226348877 - MSE: 195.21281 - batch_Time: 0.4017781550064683s
Epoch[1/20 322/700] - Loss: 330.3309936523 - MSE: 329.86981 - batch_Time: 0.39858731091953814s
Epoch[1/20 323/700] - Loss: 292.7047729492 - MSE: 292.00397 - batch_Time: 0.39721597684547305s
Epoch[1/20 324/700] - Loss: 357.8453674316 - MSE: 356.93686 - batch_Time: 0.40158264711499214s
Epoch[1/20 325/700] - Loss: 209.4725799561 - MSE: 208.80272 - batch_Time: 0.3973046950995922s
Epoch[1/20 326/700] - Loss: 358.6880493164 - MSE: 358.11194 - batch_Time: 0.4023007790092379s
Epoch[1/20 327/700] - Loss: 223.4388580322 - MSE: 222.96698 - batch_Time: 0.40114347194321454s
Epoch[1/20 328/700] - Loss: 281.7900695801 - MSE: 281.38962 - batch_Time: 0.3974735240917653s
Epoch[1/20 329/700] - Loss: 407.0888061523 - MSE: 406.26953 - batch_Time: 0.4016557759605348s
Epoch[1/20 330/700] - Loss: 215.7785797119 - MSE: 215.26309 - batch_Time: 0.3974762929137796s
Epoch[1/20 331/700] - Loss: 224.4266204834 - MSE: 223.99097 - batch_Time: 0.3992552631534636s
Epoch[1/20 332/700] - Loss: 398.2311401367 - MSE: 397.69507 - batch_Time: 0.40013502398505807s
Epoch[1/20 333/700] - Loss: 324.4398193359 - MSE: 323.87286 - batch_Time: 0.39897615695372224s
Epoch[1/20 334/700] - Loss: 303.7421264648 - MSE: 303.21341 - batch_Time: 0.3971849768422544s
Epoch[1/20 335/700] - Loss: 318.6140747070 - MSE: 317.73471 - batch_Time: 0.3968950000125915s
Epoch[1/20 336/700] - Loss: 381.5324401855 - MSE: 380.82739 - batch_Time: 0.39821657608263195s
Epoch[1/20 337/700] - Loss: 163.0736236572 - MSE: 162.59358 - batch_Time: 0.3974149040877819s
Epoch[1/20 338/700] - Loss: 232.0837097168 - MSE: 231.65596 - batch_Time: 0.3991216749418527s
Epoch[1/20 339/700] - Loss: 390.0631408691 - MSE: 389.25281 - batch_Time: 0.3982651359401643s
Epoch[1/20 340/700] - Loss: 286.9608154297 - MSE: 286.28317 - batch_Time: 0.3973772549070418s
Epoch[1/20 341/700] - Loss: 237.6487121582 - MSE: 237.03342 - batch_Time: 0.399501790991053s
Epoch[1/20 342/700] - Loss: 258.9734802246 - MSE: 258.41287 - batch_Time: 0.3988722790963948s
Epoch[1/20 343/700] - Loss: 187.0816802979 - MSE: 186.60828 - batch_Time: 0.3972799559123814s
Epoch[1/20 344/700] - Loss: 256.1905517578 - MSE: 255.57632 - batch_Time: 0.3987427200190723s
Epoch[1/20 345/700] - Loss: 285.7919921875 - MSE: 285.35141 - batch_Time: 0.39763621101155877s
Epoch[1/20 346/700] - Loss: 211.4727020264 - MSE: 210.96776 - batch_Time: 0.39880265993997455s
Epoch[1/20 347/700] - Loss: 283.8687438965 - MSE: 283.27094 - batch_Time: 0.39724506600759923s
Epoch[1/20 348/700] - Loss: 283.5950622559 - MSE: 283.07349 - batch_Time: 0.39592998195439577s
Epoch[1/20 349/700] - Loss: 286.2605590820 - MSE: 285.74982 - batch_Time: 0.4049863589461893s
Epoch[1/20 350/700] - Loss: 289.4979248047 - MSE: 288.69305 - batch_Time: 0.40131655987352133s
Epoch[1/20 351/700] - Loss: 178.2651977539 - MSE: 177.74178 - batch_Time: 0.4054451941046864s
Epoch[1/20 352/700] - Loss: 229.4024353027 - MSE: 228.99460 - batch_Time: 0.4023428689688444s
Epoch[1/20 353/700] - Loss: 313.9716796875 - MSE: 313.44366 - batch_Time: 0.40351745509542525s
Epoch[1/20 354/700] - Loss: 288.2325134277 - MSE: 287.63687 - batch_Time: 0.41136470693163574s
Epoch[1/20 355/700] - Loss: 287.8029174805 - MSE: 287.13492 - batch_Time: 0.40233002905733883s
Epoch[1/20 356/700] - Loss: 344.2342529297 - MSE: 343.44894 - batch_Time: 0.4001504338812083s
Epoch[1/20 357/700] - Loss: 445.1018676758 - MSE: 444.31369 - batch_Time: 0.4032055090647191s
Epoch[1/20 358/700] - Loss: 253.4144592285 - MSE: 252.97136 - batch_Time: 0.4000592650845647s
Epoch[1/20 359/700] - Loss: 201.7283935547 - MSE: 201.35104 - batch_Time: 0.395806813146919s
Epoch[1/20 360/700] - Loss: 296.5261230469 - MSE: 295.72165 - batch_Time: 0.4016550069209188s
Epoch[1/20 361/700] - Loss: 330.9772644043 - MSE: 330.24182 - batch_Time: 0.40153506794013083s
Epoch[1/20 362/700] - Loss: 187.8634338379 - MSE: 187.45975 - batch_Time: 0.3960194601677358s
Epoch[1/20 363/700] - Loss: 288.1885986328 - MSE: 287.39514 - batch_Time: 0.3986188620328903s
Epoch[1/20 364/700] - Loss: 170.5248413086 - MSE: 169.88820 - batch_Time: 0.39969716896303s
Epoch[1/20 365/700] - Loss: 263.6173095703 - MSE: 262.57770 - batch_Time: 0.3988706979434937s
Epoch[1/20 366/700] - Loss: 311.7301330566 - MSE: 311.26675 - batch_Time: 0.39979160809889436s
Epoch[1/20 367/700] - Loss: 299.8051147461 - MSE: 299.04205 - batch_Time: 0.39770942204631865s
Epoch[1/20 368/700] - Loss: 273.4857788086 - MSE: 273.04996 - batch_Time: 0.4017177859786898s
Epoch[1/20 369/700] - Loss: 208.7838134766 - MSE: 208.27115 - batch_Time: 0.40099118393845856s
Epoch[1/20 370/700] - Loss: 250.7073516846 - MSE: 250.25014 - batch_Time: 0.4030178019311279s
Epoch[1/20 371/700] - Loss: 272.4249267578 - MSE: 271.80905 - batch_Time: 0.4020712620113045s
Epoch[1/20 372/700] - Loss: 275.4877319336 - MSE: 274.94031 - batch_Time: 0.401454599108547s
Epoch[1/20 373/700] - Loss: 216.2936553955 - MSE: 215.70625 - batch_Time: 0.40147196990437806s
Epoch[1/20 374/700] - Loss: 308.6082153320 - MSE: 308.01062 - batch_Time: 0.3986232120078057s
Epoch[1/20 375/700] - Loss: 263.2107543945 - MSE: 262.54819 - batch_Time: 0.39719748799689114s
Epoch[1/20 376/700] - Loss: 267.7271118164 - MSE: 267.20312 - batch_Time: 0.3948839430231601s
Epoch[1/20 377/700] - Loss: 345.1069030762 - MSE: 344.56891 - batch_Time: 0.39518989995121956s
Epoch[1/20 378/700] - Loss: 305.5880432129 - MSE: 304.84235 - batch_Time: 0.39744418510235846s
Epoch[1/20 379/700] - Loss: 190.8370666504 - MSE: 190.29678 - batch_Time: 0.39603914110921323s
Epoch[1/20 380/700] - Loss: 254.5890502930 - MSE: 254.15643 - batch_Time: 0.39949363213963807s
Epoch[1/20 381/700] - Loss: 229.2554779053 - MSE: 228.67088 - batch_Time: 0.3959496321622282s
Epoch[1/20 382/700] - Loss: 136.5228576660 - MSE: 136.26602 - batch_Time: 0.39839905383996665s
Epoch[1/20 383/700] - Loss: 243.1080169678 - MSE: 242.68338 - batch_Time: 0.3970689889974892s
Epoch[1/20 384/700] - Loss: 257.4620361328 - MSE: 256.90079 - batch_Time: 0.40115598402917385s
Epoch[1/20 385/700] - Loss: 457.4619445801 - MSE: 456.85165 - batch_Time: 0.40020881383679807s
Epoch[1/20 386/700] - Loss: 255.3908996582 - MSE: 255.05719 - batch_Time: 0.39994029607623816s
Epoch[1/20 387/700] - Loss: 227.3588562012 - MSE: 226.67464 - batch_Time: 0.4002847829833627s
Epoch[1/20 388/700] - Loss: 225.2995300293 - MSE: 224.65045 - batch_Time: 0.3940761929843575s
Epoch[1/20 389/700] - Loss: 199.9786376953 - MSE: 199.47334 - batch_Time: 0.40053182980045676s
Epoch[1/20 390/700] - Loss: 300.4337158203 - MSE: 299.80612 - batch_Time: 0.40036561200395226s
Epoch[1/20 391/700] - Loss: 178.0891571045 - MSE: 177.54584 - batch_Time: 0.39505258202552795s
Epoch[1/20 392/700] - Loss: 313.8552551270 - MSE: 313.13342 - batch_Time: 0.4013361211400479s
Epoch[1/20 393/700] - Loss: 348.6619262695 - MSE: 348.12540 - batch_Time: 0.395426127826795s
Epoch[1/20 394/700] - Loss: 274.4296569824 - MSE: 273.91446 - batch_Time: 0.3955889060162008s
Epoch[1/20 395/700] - Loss: 396.5637207031 - MSE: 395.90848 - batch_Time: 0.39568533515557647s
Epoch[1/20 396/700] - Loss: 361.3228759766 - MSE: 360.78186 - batch_Time: 0.4016938859131187s
Epoch[1/20 397/700] - Loss: 260.2503051758 - MSE: 259.83658 - batch_Time: 0.3941451620776206s
Epoch[1/20 398/700] - Loss: 196.0392761230 - MSE: 195.70518 - batch_Time: 0.4008486659731716s
Epoch[1/20 399/700] - Loss: 240.2440643311 - MSE: 239.77000 - batch_Time: 0.39553169696591794s
Epoch[1/20 400/700] - Loss: 244.3588409424 - MSE: 243.62752 - batch_Time: 0.4017399561125785s
Epoch[1/20 401/700] - Loss: 292.6511840820 - MSE: 292.11111 - batch_Time: 0.4028567341156304s
Epoch[1/20 402/700] - Loss: 272.5837402344 - MSE: 271.92108 - batch_Time: 0.4072667241562158s
Epoch[1/20 403/700] - Loss: 331.0190124512 - MSE: 330.69281 - batch_Time: 0.39760745386593044s
Epoch[1/20 404/700] - Loss: 283.7477416992 - MSE: 283.01846 - batch_Time: 0.40841475082561374s
Epoch[1/20 405/700] - Loss: 293.7533569336 - MSE: 293.30563 - batch_Time: 0.40045591187663376s
Epoch[1/20 406/700] - Loss: 406.6838378906 - MSE: 406.09534 - batch_Time: 0.4082478841301054s
Epoch[1/20 407/700] - Loss: 221.6401977539 - MSE: 221.04558 - batch_Time: 0.40208163298666477s
Epoch[1/20 408/700] - Loss: 363.4245605469 - MSE: 362.76825 - batch_Time: 0.4013142609037459s
Epoch[1/20 409/700] - Loss: 356.5510253906 - MSE: 355.75623 - batch_Time: 0.4019043550360948s
Epoch[1/20 410/700] - Loss: 268.0963134766 - MSE: 267.74841 - batch_Time: 0.41006618388928473s
Epoch[1/20 411/700] - Loss: 232.2657165527 - MSE: 231.93268 - batch_Time: 0.40596772893331945s
Epoch[1/20 412/700] - Loss: 284.5245056152 - MSE: 283.98196 - batch_Time: 0.3981229569762945s
Epoch[1/20 413/700] - Loss: 267.0912780762 - MSE: 266.62921 - batch_Time: 0.4038156340830028s
Epoch[1/20 414/700] - Loss: 186.0034942627 - MSE: 185.57089 - batch_Time: 0.39888141909614205s
Epoch[1/20 415/700] - Loss: 281.1943969727 - MSE: 280.83255 - batch_Time: 0.4088925658725202s
Epoch[1/20 416/700] - Loss: 200.9044799805 - MSE: 200.51920 - batch_Time: 0.40040114312432706s
Epoch[1/20 417/700] - Loss: 262.1545410156 - MSE: 261.75034 - batch_Time: 0.42299573589116335s
Epoch[1/20 418/700] - Loss: 388.5420837402 - MSE: 388.00684 - batch_Time: 0.4377748710103333s
Epoch[1/20 419/700] - Loss: 264.1737976074 - MSE: 263.83710 - batch_Time: 0.4020627539139241s
Epoch[1/20 420/700] - Loss: 280.3211669922 - MSE: 279.84189 - batch_Time: 0.4029134139418602s
Epoch[1/20 421/700] - Loss: 220.1529235840 - MSE: 219.68314 - batch_Time: 0.44347290601581335s
Epoch[1/20 422/700] - Loss: 405.5238952637 - MSE: 404.92111 - batch_Time: 0.49116373783908784s
Epoch[1/20 423/700] - Loss: 196.8277282715 - MSE: 196.56567 - batch_Time: 0.4126177451107651s
Epoch[1/20 424/700] - Loss: 278.9655151367 - MSE: 278.06775 - batch_Time: 0.49631395004689693s
Epoch[1/20 425/700] - Loss: 281.7570800781 - MSE: 281.03650 - batch_Time: 0.43095529708079994s
Epoch[1/20 426/700] - Loss: 337.8864746094 - MSE: 337.15274 - batch_Time: 0.4321794540155679s
Epoch[1/20 427/700] - Loss: 273.9572753906 - MSE: 273.29391 - batch_Time: 0.43933174293488264s
Epoch[1/20 428/700] - Loss: 292.8302612305 - MSE: 292.21225 - batch_Time: 0.42867309390567243s
Epoch[1/20 429/700] - Loss: 306.8038330078 - MSE: 306.33353 - batch_Time: 0.42731213802471757s
Epoch[1/20 430/700] - Loss: 173.5829162598 - MSE: 173.14064 - batch_Time: 0.43274085712619126s
Epoch[1/20 431/700] - Loss: 214.2446746826 - MSE: 213.39081 - batch_Time: 0.4296194529160857s
Epoch[1/20 432/700] - Loss: 306.9722900391 - MSE: 306.02115 - batch_Time: 0.42799818119965494s
Epoch[1/20 433/700] - Loss: 219.2688903809 - MSE: 218.83560 - batch_Time: 0.42764192493632436s
Epoch[1/20 434/700] - Loss: 357.0819702148 - MSE: 356.31857 - batch_Time: 0.4332114120479673s
Epoch[1/20 435/700] - Loss: 240.1200714111 - MSE: 239.51367 - batch_Time: 0.42809097981080413s
Epoch[1/20 436/700] - Loss: 237.9891510010 - MSE: 237.40060 - batch_Time: 0.43320638313889503s
Epoch[1/20 437/700] - Loss: 240.6618957520 - MSE: 240.19017 - batch_Time: 0.5842021389398724s
Epoch[1/20 438/700] - Loss: 223.9408569336 - MSE: 223.38861 - batch_Time: 0.40497472090646625s
Epoch[1/20 439/700] - Loss: 379.8843078613 - MSE: 379.30981 - batch_Time: 0.40208064392209053s
Epoch[1/20 440/700] - Loss: 306.9143981934 - MSE: 306.32190 - batch_Time: 0.4959574940148741s
Epoch[1/20 441/700] - Loss: 238.1024475098 - MSE: 237.52652 - batch_Time: 0.5732362119015306s
Epoch[1/20 442/700] - Loss: 263.0149841309 - MSE: 262.48349 - batch_Time: 0.5402554050087929s
Epoch[1/20 443/700] - Loss: 290.9829406738 - MSE: 290.15851 - batch_Time: 0.6244628350250423s
Epoch[1/20 444/700] - Loss: 268.5163269043 - MSE: 268.18503 - batch_Time: 0.72160255885683s
Epoch[1/20 445/700] - Loss: 225.1612243652 - MSE: 224.61168 - batch_Time: 0.8222811329178512s
Epoch[1/20 446/700] - Loss: 627.5500488281 - MSE: 626.42743 - batch_Time: 0.8183485569898039s
Epoch[1/20 447/700] - Loss: 269.4380798340 - MSE: 268.70499 - batch_Time: 0.81724045984447s
Epoch[1/20 448/700] - Loss: 225.2187805176 - MSE: 224.63147 - batch_Time: 0.8113808059133589s
Epoch[1/20 449/700] - Loss: 256.9956665039 - MSE: 256.48206 - batch_Time: 0.8251820800360292s
Epoch[1/20 450/700] - Loss: 310.6956787109 - MSE: 310.08902 - batch_Time: 0.8117425618693233s
Epoch[1/20 451/700] - Loss: 231.1485900879 - MSE: 230.84204 - batch_Time: 0.8189553399570286s
Epoch[1/20 452/700] - Loss: 254.7500152588 - MSE: 254.32777 - batch_Time: 0.8196170530281961s
Epoch[1/20 453/700] - Loss: 250.3606872559 - MSE: 249.93190 - batch_Time: 0.8233517210464925s
Epoch[1/20 454/700] - Loss: 521.0493164062 - MSE: 520.11737 - batch_Time: 0.8243600998539478s
Epoch[1/20 455/700] - Loss: 236.8903350830 - MSE: 236.24268 - batch_Time: 0.8192832968197763s
Epoch[1/20 456/700] - Loss: 292.0968627930 - MSE: 291.29385 - batch_Time: 0.8160520938690752s
Epoch[1/20 457/700] - Loss: 223.3719177246 - MSE: 222.75815 - batch_Time: 0.8233270721975714s
Epoch[1/20 458/700] - Loss: 246.9873504639 - MSE: 246.07967 - batch_Time: 0.8188790821004659s
Epoch[1/20 459/700] - Loss: 202.1844635010 - MSE: 201.73123 - batch_Time: 0.8163463710807264s
Epoch[1/20 460/700] - Loss: 177.8352966309 - MSE: 177.49925 - batch_Time: 0.818740343907848s
Epoch[1/20 461/700] - Loss: 288.2604370117 - MSE: 287.63281 - batch_Time: 0.8168685450218618s
Epoch[1/20 462/700] - Loss: 315.5945129395 - MSE: 315.09885 - batch_Time: 0.8200250589288771s
Epoch[1/20 463/700] - Loss: 299.9444580078 - MSE: 299.25534 - batch_Time: 0.8139496981166303s
Epoch[1/20 464/700] - Loss: 308.2528686523 - MSE: 307.91287 - batch_Time: 0.8214012139942497s
Epoch[1/20 465/700] - Loss: 230.2819366455 - MSE: 229.89294 - batch_Time: 0.8202312071807683s
Epoch[1/20 466/700] - Loss: 309.1885986328 - MSE: 308.51535 - batch_Time: 0.8166476879268885s
Epoch[1/20 467/700] - Loss: 249.7817077637 - MSE: 249.19043 - batch_Time: 0.8133369851857424s
Epoch[1/20 468/700] - Loss: 204.3872985840 - MSE: 203.93945 - batch_Time: 0.8163904000539333s
Epoch[1/20 469/700] - Loss: 287.5428466797 - MSE: 286.78860 - batch_Time: 0.8151921851094812s
Epoch[1/20 470/700] - Loss: 286.9041442871 - MSE: 286.29111 - batch_Time: 0.8159143871162087s
Epoch[1/20 471/700] - Loss: 216.2383422852 - MSE: 215.89679 - batch_Time: 0.8216402821708471s
Epoch[1/20 472/700] - Loss: 212.3872528076 - MSE: 211.71246 - batch_Time: 0.8146350709721446s
Epoch[1/20 473/700] - Loss: 199.2093505859 - MSE: 198.57909 - batch_Time: 0.8149109669029713s
Epoch[1/20 474/700] - Loss: 163.4126586914 - MSE: 163.10727 - batch_Time: 0.8163944708649069s
Epoch[1/20 475/700] - Loss: 427.2434692383 - MSE: 426.46545 - batch_Time: 0.8194358560722321s
Epoch[1/20 476/700] - Loss: 287.1552429199 - MSE: 286.51782 - batch_Time: 0.8171914829872549s
Epoch[1/20 477/700] - Loss: 255.9341430664 - MSE: 255.43604 - batch_Time: 0.7450281258206815s
Epoch[1/20 478/700] - Loss: 263.3650207520 - MSE: 262.94278 - batch_Time: 0.3975942849647254s
Epoch[1/20 479/700] - Loss: 257.2167053223 - MSE: 256.69998 - batch_Time: 0.4044873979873955s
Epoch[1/20 480/700] - Loss: 200.3939208984 - MSE: 199.75281 - batch_Time: 0.39605623204261065s
Epoch[1/20 481/700] - Loss: 301.4252319336 - MSE: 300.94070 - batch_Time: 0.40100700594484806s
Epoch[1/20 482/700] - Loss: 233.6766357422 - MSE: 233.02014 - batch_Time: 0.39357340103015304s
Epoch[1/20 483/700] - Loss: 316.7686767578 - MSE: 316.00031 - batch_Time: 0.40764735196717083s
Epoch[1/20 484/700] - Loss: 240.3246154785 - MSE: 239.76826 - batch_Time: 0.4002944538369775s
Epoch[1/20 485/700] - Loss: 337.0214538574 - MSE: 336.30359 - batch_Time: 0.4040509320329875s
Epoch[1/20 486/700] - Loss: 216.6793518066 - MSE: 216.19196 - batch_Time: 0.3975656549446285s
Epoch[1/20 487/700] - Loss: 212.9815063477 - MSE: 212.57565 - batch_Time: 0.4016544499900192s
Epoch[1/20 488/700] - Loss: 244.2930297852 - MSE: 243.82423 - batch_Time: 0.402878686087206s
Epoch[1/20 489/700] - Loss: 433.9981994629 - MSE: 433.27298 - batch_Time: 0.40182636701501906s
Epoch[1/20 490/700] - Loss: 313.9707031250 - MSE: 313.31827 - batch_Time: 0.40736325504258275s
Epoch[1/20 491/700] - Loss: 119.3773193359 - MSE: 118.86650 - batch_Time: 0.40307997283525765s
Epoch[1/20 492/700] - Loss: 140.4573364258 - MSE: 139.95058 - batch_Time: 0.40214904490858316s
Epoch[1/20 493/700] - Loss: 267.5083618164 - MSE: 266.87424 - batch_Time: 0.3949032351374626s
Epoch[1/20 494/700] - Loss: 268.2111206055 - MSE: 267.69473 - batch_Time: 0.39702724083326757s
Epoch[1/20 495/700] - Loss: 215.9033508301 - MSE: 215.43794 - batch_Time: 0.3979574718978256s
Epoch[1/20 496/700] - Loss: 245.7299652100 - MSE: 245.32376 - batch_Time: 0.3977990420535207s
Epoch[1/20 497/700] - Loss: 230.1029357910 - MSE: 229.27600 - batch_Time: 0.39806254021823406s
Epoch[1/20 498/700] - Loss: 263.8287658691 - MSE: 262.81750 - batch_Time: 0.40437449887394905s
Epoch[1/20 499/700] - Loss: 293.3300476074 - MSE: 292.60321 - batch_Time: 0.40492070303298533s
Epoch[1/20 500/700] - Loss: 242.5573120117 - MSE: 241.84299 - batch_Time: 0.4039935830514878s
Epoch[1/20 501/700] - Loss: 345.6397399902 - MSE: 344.99011 - batch_Time: 0.4039883038494736s
Epoch[1/20 502/700] - Loss: 206.4628906250 - MSE: 205.82146 - batch_Time: 0.4016342801041901s
Epoch[1/20 503/700] - Loss: 359.5634765625 - MSE: 358.79218 - batch_Time: 0.3999519089702517s
Epoch[1/20 504/700] - Loss: 352.0991516113 - MSE: 351.52567 - batch_Time: 0.4001120280008763s
Epoch[1/20 505/700] - Loss: 407.7375488281 - MSE: 407.15082 - batch_Time: 0.4055997650139034s
Epoch[1/20 506/700] - Loss: 243.1309814453 - MSE: 242.69928 - batch_Time: 0.3965867068618536s
Epoch[1/20 507/700] - Loss: 173.6941680908 - MSE: 173.34879 - batch_Time: 0.3983881860040128s
Epoch[1/20 508/700] - Loss: 295.9107055664 - MSE: 295.22775 - batch_Time: 0.40074332104995847s
Epoch[1/20 509/700] - Loss: 269.3412170410 - MSE: 268.58398 - batch_Time: 0.40303508401848376s
Epoch[1/20 510/700] - Loss: 396.6204223633 - MSE: 395.83420 - batch_Time: 0.4016149709932506s
Epoch[1/20 511/700] - Loss: 365.9033203125 - MSE: 364.98431 - batch_Time: 0.40309707378037274s
Epoch[1/20 512/700] - Loss: 204.5628814697 - MSE: 204.15930 - batch_Time: 0.4027365979272872s
Epoch[1/20 513/700] - Loss: 246.0293884277 - MSE: 245.38177 - batch_Time: 0.39947363384999335s
Epoch[1/20 514/700] - Loss: 211.1632995605 - MSE: 210.78613 - batch_Time: 0.4000897970981896s
Epoch[1/20 515/700] - Loss: 203.9192352295 - MSE: 203.53590 - batch_Time: 0.4017875581048429s
Epoch[1/20 516/700] - Loss: 226.6040954590 - MSE: 226.00194 - batch_Time: 0.3984813860151917s
Epoch[1/20 517/700] - Loss: 214.2597961426 - MSE: 214.00414 - batch_Time: 0.4001800059340894s
Epoch[1/20 518/700] - Loss: 286.4267883301 - MSE: 285.72269 - batch_Time: 0.3996604031417519s
Epoch[1/20 519/700] - Loss: 266.1235961914 - MSE: 265.76016 - batch_Time: 0.40070377103984356s
Epoch[1/20 520/700] - Loss: 358.0175781250 - MSE: 357.49109 - batch_Time: 0.40079863904975355s
Epoch[1/20 521/700] - Loss: 250.1744689941 - MSE: 249.55380 - batch_Time: 0.40291224606335163s
Epoch[1/20 522/700] - Loss: 196.1347656250 - MSE: 195.62405 - batch_Time: 0.40275831799954176s
Epoch[1/20 523/700] - Loss: 253.4445953369 - MSE: 252.92126 - batch_Time: 0.40206402516923845s
Epoch[1/20 524/700] - Loss: 200.1507568359 - MSE: 199.66083 - batch_Time: 0.39906584890559316s
Epoch[1/20 525/700] - Loss: 226.9650878906 - MSE: 226.57445 - batch_Time: 0.39975246181711555s
Epoch[1/20 526/700] - Loss: 276.8860778809 - MSE: 276.56921 - batch_Time: 0.40063687111251056s
Epoch[1/20 527/700] - Loss: 196.0911712646 - MSE: 195.67592 - batch_Time: 0.3989772500935942s
Epoch[1/20 528/700] - Loss: 314.2943725586 - MSE: 313.68048 - batch_Time: 0.4000914180651307s
Epoch[1/20 529/700] - Loss: 241.2686462402 - MSE: 240.82825 - batch_Time: 0.40207548602484167s
Epoch[1/20 530/700] - Loss: 215.4149627686 - MSE: 214.94443 - batch_Time: 0.40330475103110075s
Epoch[1/20 531/700] - Loss: 337.1954956055 - MSE: 336.74576 - batch_Time: 0.3976469549816102s
Epoch[1/20 532/700] - Loss: 266.7581176758 - MSE: 266.26636 - batch_Time: 0.40487156296148896s
Epoch[1/20 533/700] - Loss: 151.5350799561 - MSE: 151.10040 - batch_Time: 0.40084351995028555s
Epoch[1/20 534/700] - Loss: 216.9986267090 - MSE: 216.49573 - batch_Time: 0.4024335609283298s
Epoch[1/20 535/700] - Loss: 295.6334838867 - MSE: 295.24075 - batch_Time: 0.40522297006100416s
Epoch[1/20 536/700] - Loss: 349.7836914062 - MSE: 349.34204 - batch_Time: 0.40066374093294144s
Epoch[1/20 537/700] - Loss: 453.2769775391 - MSE: 452.65530 - batch_Time: 0.401859677862376s
Epoch[1/20 538/700] - Loss: 248.8667297363 - MSE: 248.19708 - batch_Time: 0.4030653948429972s
Epoch[1/20 539/700] - Loss: 324.1802368164 - MSE: 323.45169 - batch_Time: 0.3986981329508126s
Epoch[1/20 540/700] - Loss: 259.4307861328 - MSE: 258.95316 - batch_Time: 0.40100378706119955s
Epoch[1/20 541/700] - Loss: 399.8621520996 - MSE: 399.39014 - batch_Time: 0.4061365791130811s
Epoch[1/20 542/700] - Loss: 219.3789672852 - MSE: 218.90173 - batch_Time: 0.4030327540822327s
Epoch[1/20 543/700] - Loss: 169.6723785400 - MSE: 169.23633 - batch_Time: 0.3987663339357823s
Epoch[1/20 544/700] - Loss: 388.3195190430 - MSE: 387.43265 - batch_Time: 0.4036861378699541s
Epoch[1/20 545/700] - Loss: 372.4440307617 - MSE: 371.62350 - batch_Time: 0.39938544598408043s
Epoch[1/20 546/700] - Loss: 508.2112731934 - MSE: 507.39459 - batch_Time: 0.40301646501757205s
Epoch[1/20 547/700] - Loss: 207.1161804199 - MSE: 206.66925 - batch_Time: 0.40253299102187157s
Epoch[1/20 548/700] - Loss: 266.2631835938 - MSE: 265.79565 - batch_Time: 0.3988236510194838s
Epoch[1/20 549/700] - Loss: 252.6227722168 - MSE: 251.99773 - batch_Time: 0.40168239013291895s
Epoch[1/20 550/700] - Loss: 232.5150299072 - MSE: 231.84848 - batch_Time: 0.4042186120059341s
Epoch[1/20 551/700] - Loss: 292.2679443359 - MSE: 291.69183 - batch_Time: 0.3997560020070523s
Epoch[1/20 552/700] - Loss: 209.1528625488 - MSE: 208.68143 - batch_Time: 0.3986086850054562s
Epoch[1/20 553/700] - Loss: 251.2344970703 - MSE: 250.46712 - batch_Time: 0.40143165295012295s
Epoch[1/20 554/700] - Loss: 232.1472473145 - MSE: 231.30550 - batch_Time: 0.3990855389274657s
Epoch[1/20 555/700] - Loss: 162.7757720947 - MSE: 162.40741 - batch_Time: 0.40038432483561337s
Epoch[1/20 556/700] - Loss: 234.6099853516 - MSE: 234.21138 - batch_Time: 0.40413746307604015s
Epoch[1/20 557/700] - Loss: 241.5542907715 - MSE: 240.89679 - batch_Time: 0.40510909212753177s
Epoch[1/20 558/700] - Loss: 261.5374450684 - MSE: 261.06018 - batch_Time: 0.399664242984727s
Epoch[1/20 559/700] - Loss: 347.1894836426 - MSE: 346.51691 - batch_Time: 0.4012503151316196s
Epoch[1/20 560/700] - Loss: 218.1462554932 - MSE: 217.60199 - batch_Time: 0.4005979928188026s
Epoch[1/20 561/700] - Loss: 199.1084442139 - MSE: 198.81213 - batch_Time: 0.4034043902065605s
Epoch[1/20 562/700] - Loss: 164.5131378174 - MSE: 164.08960 - batch_Time: 0.4011189970187843s
Epoch[1/20 563/700] - Loss: 202.3457183838 - MSE: 201.73982 - batch_Time: 0.4056605959776789s
Epoch[1/20 564/700] - Loss: 213.2292938232 - MSE: 212.67290 - batch_Time: 0.40203882614150643s
Epoch[1/20 565/700] - Loss: 194.0161132812 - MSE: 193.59540 - batch_Time: 0.40229144296608865s
Epoch[1/20 566/700] - Loss: 155.5026550293 - MSE: 155.18994 - batch_Time: 0.399658472975716s
Epoch[1/20 567/700] - Loss: 252.6162414551 - MSE: 252.15773 - batch_Time: 0.40458355797454715s
Epoch[1/20 568/700] - Loss: 386.3201904297 - MSE: 385.68600 - batch_Time: 0.4022570140659809s
Epoch[1/20 569/700] - Loss: 240.8740997314 - MSE: 240.42279 - batch_Time: 0.40455309790559113s
Epoch[1/20 570/700] - Loss: 288.0884704590 - MSE: 287.40265 - batch_Time: 0.39733902900479734s
Epoch[1/20 571/700] - Loss: 306.8101196289 - MSE: 306.21445 - batch_Time: 0.3996661528944969s
Epoch[1/20 572/700] - Loss: 287.5479431152 - MSE: 286.61865 - batch_Time: 0.3963259309530258s
Epoch[1/20 573/700] - Loss: 275.9677124023 - MSE: 275.59158 - batch_Time: 0.39861748507246375s
Epoch[1/20 574/700] - Loss: 344.7371215820 - MSE: 343.82556 - batch_Time: 0.3972301201429218s
Epoch[1/20 575/700] - Loss: 342.1926879883 - MSE: 341.69571 - batch_Time: 0.4039567450527102s
Epoch[1/20 576/700] - Loss: 314.3475952148 - MSE: 313.40845 - batch_Time: 0.40242757205851376s
Epoch[1/20 577/700] - Loss: 309.5494384766 - MSE: 308.97394 - batch_Time: 0.4019174580462277s
Epoch[1/20 578/700] - Loss: 210.8335266113 - MSE: 210.22720 - batch_Time: 0.4041760419495404s
Epoch[1/20 579/700] - Loss: 300.3946228027 - MSE: 299.95932 - batch_Time: 0.4000079201068729s
Epoch[1/20 580/700] - Loss: 193.9771118164 - MSE: 193.43045 - batch_Time: 0.40309998393058777s
Epoch[1/20 581/700] - Loss: 217.7404479980 - MSE: 217.21194 - batch_Time: 0.4020679860841483s
Epoch[1/20 582/700] - Loss: 106.9643707275 - MSE: 106.70686 - batch_Time: 0.40515408106148243s
Epoch[1/20 583/700] - Loss: 325.8743286133 - MSE: 325.11490 - batch_Time: 0.4036850279662758s
Epoch[1/20 584/700] - Loss: 298.4333496094 - MSE: 297.74475 - batch_Time: 0.4031700131017715s
Epoch[1/20 585/700] - Loss: 159.3366394043 - MSE: 158.98051 - batch_Time: 0.40016970806755126s
Epoch[1/20 586/700] - Loss: 263.2698364258 - MSE: 262.68616 - batch_Time: 0.4100877661257982s
Epoch[1/20 587/700] - Loss: 383.7798767090 - MSE: 383.14929 - batch_Time: 0.40322877396829426s
Epoch[1/20 588/700] - Loss: 259.9948730469 - MSE: 259.61700 - batch_Time: 0.40189003804698586s
Epoch[1/20 589/700] - Loss: 236.5325317383 - MSE: 235.97090 - batch_Time: 0.4014214740600437s
Epoch[1/20 590/700] - Loss: 295.1005859375 - MSE: 294.44583 - batch_Time: 0.400783620076254s
Epoch[1/20 591/700] - Loss: 279.3356018066 - MSE: 278.78958 - batch_Time: 0.4007506410125643s
Epoch[1/20 592/700] - Loss: 411.5717773438 - MSE: 410.87421 - batch_Time: 0.40217283507809043s
Epoch[1/20 593/700] - Loss: 470.6755676270 - MSE: 470.03882 - batch_Time: 0.40097042894922197s
Epoch[1/20 594/700] - Loss: 352.1583251953 - MSE: 351.48083 - batch_Time: 0.40457786805927753s
Epoch[1/20 595/700] - Loss: 264.7402343750 - MSE: 264.01157 - batch_Time: 0.40308398520573974s
Epoch[1/20 596/700] - Loss: 305.9374694824 - MSE: 305.30872 - batch_Time: 0.4009369690902531s
Epoch[1/20 597/700] - Loss: 430.2593078613 - MSE: 429.56516 - batch_Time: 0.40000933897681534s
Epoch[1/20 598/700] - Loss: 263.1805114746 - MSE: 262.71481 - batch_Time: 0.4036846891976893s
Epoch[1/20 599/700] - Loss: 322.2934875488 - MSE: 321.87842 - batch_Time: 0.41799851693212986s
Epoch[1/20 600/700] - Loss: 435.6180114746 - MSE: 434.95215 - batch_Time: 0.4059430821798742s
Epoch[1/20 601/700] - Loss: 266.4010620117 - MSE: 265.80182 - batch_Time: 0.4062792689073831s
Epoch[1/20 602/700] - Loss: 238.6552734375 - MSE: 238.09695 - batch_Time: 0.4051996909547597s
Epoch[1/20 603/700] - Loss: 256.4260253906 - MSE: 255.77443 - batch_Time: 0.4056412859354168s
Epoch[1/20 604/700] - Loss: 324.8767089844 - MSE: 324.29797 - batch_Time: 0.40433720080181956s
Epoch[1/20 605/700] - Loss: 270.3656616211 - MSE: 269.96011 - batch_Time: 0.40528122102841735s
Epoch[1/20 606/700] - Loss: 294.2152099609 - MSE: 293.64520 - batch_Time: 0.4048971040174365s
Epoch[1/20 607/700] - Loss: 141.7292785645 - MSE: 140.97719 - batch_Time: 0.40595874306745827s
Epoch[1/20 608/700] - Loss: 317.2773437500 - MSE: 316.69543 - batch_Time: 0.40604024194180965s
Epoch[1/20 609/700] - Loss: 221.1320495605 - MSE: 220.63129 - batch_Time: 0.4036445680540055s
Epoch[1/20 610/700] - Loss: 128.8354339600 - MSE: 128.29056 - batch_Time: 0.40541032887995243s
Epoch[1/20 611/700] - Loss: 237.8964691162 - MSE: 237.21169 - batch_Time: 0.404613598017022s
Epoch[1/20 612/700] - Loss: 202.0317382812 - MSE: 201.64288 - batch_Time: 0.4029442260507494s
Epoch[1/20 613/700] - Loss: 456.1222839355 - MSE: 455.63928 - batch_Time: 0.4014097440522164s
Epoch[1/20 614/700] - Loss: 353.4295349121 - MSE: 352.53491 - batch_Time: 0.4034108719788492s
Epoch[1/20 615/700] - Loss: 188.4487457275 - MSE: 187.99588 - batch_Time: 0.40109204803593457s
Epoch[1/20 616/700] - Loss: 307.2543640137 - MSE: 306.75079 - batch_Time: 0.39914897992275655s
Epoch[1/20 617/700] - Loss: 350.8604736328 - MSE: 350.29410 - batch_Time: 0.40191323799081147s
Epoch[1/20 618/700] - Loss: 244.3577117920 - MSE: 243.84192 - batch_Time: 0.40006927913054824s
Epoch[1/20 619/700] - Loss: 221.3095550537 - MSE: 220.83685 - batch_Time: 0.40344103099778295s
Epoch[1/20 620/700] - Loss: 338.0133666992 - MSE: 337.58221 - batch_Time: 0.4019377678632736s
Epoch[1/20 621/700] - Loss: 245.3361511230 - MSE: 244.54913 - batch_Time: 0.40241577313281596s
Epoch[1/20 622/700] - Loss: 780.4747314453 - MSE: 779.07721 - batch_Time: 0.40033580595627427s
Epoch[1/20 623/700] - Loss: 243.1606140137 - MSE: 242.26389 - batch_Time: 0.4002787859644741s
Epoch[1/20 624/700] - Loss: 316.2587890625 - MSE: 315.61221 - batch_Time: 0.400666143046692s
Epoch[1/20 625/700] - Loss: 315.5301208496 - MSE: 314.73819 - batch_Time: 0.40064788213931024s
Epoch[1/20 626/700] - Loss: 494.9423828125 - MSE: 494.17358 - batch_Time: 0.40130539517849684s
Epoch[1/20 627/700] - Loss: 271.9306030273 - MSE: 271.37000 - batch_Time: 0.40066778217442334s
Epoch[1/20 628/700] - Loss: 220.5271453857 - MSE: 219.96173 - batch_Time: 0.4056413657963276s
Epoch[1/20 629/700] - Loss: 238.1608886719 - MSE: 237.41716 - batch_Time: 0.4025811809115112s
Epoch[1/20 630/700] - Loss: 364.6299133301 - MSE: 364.00919 - batch_Time: 0.40080804098397493s
Epoch[1/20 631/700] - Loss: 197.4638214111 - MSE: 196.88657 - batch_Time: 0.40082136006094515s
Epoch[1/20 632/700] - Loss: 175.4007873535 - MSE: 174.92136 - batch_Time: 0.4072445188648999s
Epoch[1/20 633/700] - Loss: 298.4024353027 - MSE: 297.68579 - batch_Time: 0.40240787295624614s
Epoch[1/20 634/700] - Loss: 373.3284301758 - MSE: 372.59430 - batch_Time: 0.40081297094002366s
Epoch[1/20 635/700] - Loss: 275.1804809570 - MSE: 274.46991 - batch_Time: 0.410774108953774s
Epoch[1/20 636/700] - Loss: 229.4665985107 - MSE: 228.82724 - batch_Time: 0.4035735500510782s
Epoch[1/20 637/700] - Loss: 180.6705780029 - MSE: 180.08102 - batch_Time: 0.40007143886759877s
Epoch[1/20 638/700] - Loss: 244.9499206543 - MSE: 244.57944 - batch_Time: 0.3983582789078355s
Epoch[1/20 639/700] - Loss: 285.7947692871 - MSE: 285.14191 - batch_Time: 0.39934886805713177s
Epoch[1/20 640/700] - Loss: 455.6689758301 - MSE: 454.94110 - batch_Time: 0.40362827898934484s
Epoch[1/20 641/700] - Loss: 288.9664306641 - MSE: 288.21490 - batch_Time: 0.39963262411765754s
Epoch[1/20 642/700] - Loss: 431.0354309082 - MSE: 430.37781 - batch_Time: 0.40325960284098983s
Epoch[1/20 643/700] - Loss: 236.5608978271 - MSE: 235.90701 - batch_Time: 0.397609377047047s
Epoch[1/20 644/700] - Loss: 340.4009704590 - MSE: 339.94727 - batch_Time: 0.40204928698949516s
Epoch[1/20 645/700] - Loss: 201.5191192627 - MSE: 201.15573 - batch_Time: 0.40396399586461484s
Epoch[1/20 646/700] - Loss: 131.7207031250 - MSE: 131.34122 - batch_Time: 0.40138133498840034s
Epoch[1/20 647/700] - Loss: 285.2737731934 - MSE: 284.38904 - batch_Time: 0.40460531786084175s
Epoch[1/20 648/700] - Loss: 283.5168151855 - MSE: 283.06476 - batch_Time: 0.3971186629496515s
Epoch[1/20 649/700] - Loss: 212.4100341797 - MSE: 212.00786 - batch_Time: 0.40214429586194456s
Epoch[1/20 650/700] - Loss: 253.0294952393 - MSE: 252.56308 - batch_Time: 0.4019893479999155s
Epoch[1/20 651/700] - Loss: 212.1332092285 - MSE: 211.85933 - batch_Time: 0.3985876361839473s
Epoch[1/20 652/700] - Loss: 273.1571960449 - MSE: 272.57510 - batch_Time: 0.40299013699404895s
Epoch[1/20 653/700] - Loss: 289.5789489746 - MSE: 289.13208 - batch_Time: 0.40192467905581s
Epoch[1/20 654/700] - Loss: 313.9713745117 - MSE: 313.52487 - batch_Time: 0.3992941479664296s
Epoch[1/20 655/700] - Loss: 262.7645874023 - MSE: 262.13824 - batch_Time: 0.40153939300216734s
Epoch[1/20 656/700] - Loss: 251.5603637695 - MSE: 250.83525 - batch_Time: 0.4058774139266461s
Epoch[1/20 657/700] - Loss: 280.1038818359 - MSE: 279.65518 - batch_Time: 0.3997179639991373s
Epoch[1/20 658/700] - Loss: 313.9475097656 - MSE: 313.18304 - batch_Time: 0.3996875840239227s
Epoch[1/20 659/700] - Loss: 167.2391662598 - MSE: 167.00638 - batch_Time: 0.4115695101208985s
Epoch[1/20 660/700] - Loss: 273.4742736816 - MSE: 273.03745 - batch_Time: 0.4013734250329435s
Epoch[1/20 661/700] - Loss: 370.1491088867 - MSE: 369.54636 - batch_Time: 0.40573506499640644s
Epoch[1/20 662/700] - Loss: 572.1535034180 - MSE: 571.59644 - batch_Time: 0.3996246149763465s
Epoch[1/20 663/700] - Loss: 499.1993713379 - MSE: 498.32227 - batch_Time: 0.3967832059133798s
Epoch[1/20 664/700] - Loss: 371.4614868164 - MSE: 370.89908 - batch_Time: 0.4016563219483942s
Epoch[1/20 665/700] - Loss: 400.3562622070 - MSE: 399.83569 - batch_Time: 0.4038053681142628s
Epoch[1/20 666/700] - Loss: 333.2438964844 - MSE: 332.77682 - batch_Time: 0.4028981481678784s
Epoch[1/20 667/700] - Loss: 351.6006164551 - MSE: 351.09390 - batch_Time: 0.40422253287397325s
Epoch[1/20 668/700] - Loss: 543.6886596680 - MSE: 543.01929 - batch_Time: 0.40407010400667787s
Epoch[1/20 669/700] - Loss: 337.1064147949 - MSE: 336.38858 - batch_Time: 0.40206748712807894s
Epoch[1/20 670/700] - Loss: 368.8516845703 - MSE: 367.80658 - batch_Time: 0.40569193684495986s
Epoch[1/20 671/700] - Loss: 420.3685302734 - MSE: 419.68787 - batch_Time: 0.4029187480919063s
Epoch[1/20 672/700] - Loss: 260.2803955078 - MSE: 259.87061 - batch_Time: 0.3990539519581944s
Epoch[1/20 673/700] - Loss: 305.8042602539 - MSE: 305.30319 - batch_Time: 0.39890110213309526s
Epoch[1/20 674/700] - Loss: 312.3109741211 - MSE: 311.76794 - batch_Time: 0.3987734750844538s
Epoch[1/20 675/700] - Loss: 250.1899261475 - MSE: 249.64264 - batch_Time: 0.40226387488655746s
Epoch[1/20 676/700] - Loss: 403.9898071289 - MSE: 403.58029 - batch_Time: 0.40129001601599157s
Epoch[1/20 677/700] - Loss: 258.0821533203 - MSE: 257.55136 - batch_Time: 0.4044631908182055s
Epoch[1/20 678/700] - Loss: 242.7798309326 - MSE: 242.13702 - batch_Time: 0.4027204301673919s
Epoch[1/20 679/700] - Loss: 288.6752319336 - MSE: 288.28113 - batch_Time: 0.40280567994341254s
Epoch[1/20 680/700] - Loss: 187.9718627930 - MSE: 187.59523 - batch_Time: 0.3956441490445286s
Epoch[1/20 681/700] - Loss: 301.8873291016 - MSE: 301.23029 - batch_Time: 0.3969761151820421s
Epoch[1/20 682/700] - Loss: 365.1898193359 - MSE: 364.57693 - batch_Time: 0.39923108904622495s
Epoch[1/20 683/700] - Loss: 209.4376831055 - MSE: 208.57443 - batch_Time: 0.40101076988503337s
Epoch[1/20 684/700] - Loss: 293.1882324219 - MSE: 292.37848 - batch_Time: 0.40405207499861717s
Epoch[1/20 685/700] - Loss: 292.5932006836 - MSE: 291.91510 - batch_Time: 0.39795386302284896s
Epoch[1/20 686/700] - Loss: 208.4274597168 - MSE: 207.77023 - batch_Time: 0.39625969296321273s
Epoch[1/20 687/700] - Loss: 290.8321838379 - MSE: 290.02621 - batch_Time: 0.39388685883022845s
Epoch[1/20 688/700] - Loss: 362.2313232422 - MSE: 361.80792 - batch_Time: 0.3999072420410812s
Epoch[1/20 689/700] - Loss: 489.2638244629 - MSE: 488.51041 - batch_Time: 0.4003309370018542s
Epoch[1/20 690/700] - Loss: 221.3361053467 - MSE: 220.83618 - batch_Time: 0.3939136990811676s
Epoch[1/20 691/700] - Loss: 334.5576171875 - MSE: 333.83032 - batch_Time: 0.4009611001238227s
Epoch[1/20 692/700] - Loss: 251.1242523193 - MSE: 250.57071 - batch_Time: 0.3994056780356914s
Epoch[1/20 693/700] - Loss: 231.6973266602 - MSE: 231.21379 - batch_Time: 0.3954317830502987s
Epoch[1/20 694/700] - Loss: 206.1100463867 - MSE: 205.58426 - batch_Time: 0.4024971928447485s
Epoch[1/20 695/700] - Loss: 238.0767364502 - MSE: 237.25876 - batch_Time: 0.40300055709667504s
Epoch[1/20 696/700] - Loss: 343.8479309082 - MSE: 343.35797 - batch_Time: 0.39664211799390614s
Epoch[1/20 697/700] - Loss: 325.5351257324 - MSE: 324.62476 - batch_Time: 0.3946181309875101s
Epoch[1/20 698/700] - Loss: 261.6165466309 - MSE: 260.86499 - batch_Time: 0.3949621878564358s
Epoch[1/20 699/700] - Loss: 345.3599853516 - MSE: 344.47934 - batch_Time: 0.39815509179607034s
Epoch[1] - 2021-08-06 21:13:11.421942
/hy-tmp/OURS/ttsr_dx/experiment.py:171: UserWarning: torch.nn.utils.clip_grad_norm is now deprecated in favor of torch.nn.utils.clip_grad_norm_.
  nn.utils.clip_grad_norm(self.model.parameters(), 1, norm_type=2)
Epoch[1- train_loss: 294.3509512765 - train_error: 293.7348390198 - val_loss: 76.8085370445 - val_error: 76.6639542770 - val_psnr: 29.6164610210 - val_ssim: 0.8033683149 - epoch_Time: 377.39728746400215s
Save Model in Epoch:1
Current learning rate: 0.0001
Epoch[2/20] - 2021-08-06 21:14:21.361601
Epoch[2/20 0/700] - Loss: 313.9698486328 - MSE: 313.49924 - batch_Time: 0.4157633159775287s
Epoch[2/20 1/700] - Loss: 246.4779815674 - MSE: 245.99178 - batch_Time: 0.39710140600800514s
Epoch[2/20 2/700] - Loss: 288.9208984375 - MSE: 288.49304 - batch_Time: 0.395107707940042s
Epoch[2/20 3/700] - Loss: 251.8676605225 - MSE: 251.26820 - batch_Time: 0.39709156611934304s
Epoch[2/20 4/700] - Loss: 228.6587982178 - MSE: 227.97823 - batch_Time: 0.3971167451236397s
Epoch[2/20 5/700] - Loss: 190.0411071777 - MSE: 189.51889 - batch_Time: 0.39596463879570365s
Epoch[2/20 6/700] - Loss: 211.3838653564 - MSE: 210.68199 - batch_Time: 0.39703691587783396s
Epoch[2/20 7/700] - Loss: 259.0400085449 - MSE: 258.50626 - batch_Time: 0.3959011188708246s
Epoch[2/20 8/700] - Loss: 257.3195495605 - MSE: 256.71893 - batch_Time: 0.3988127261400223s
Epoch[2/20 9/700] - Loss: 280.5959472656 - MSE: 279.92761 - batch_Time: 0.40005903295241296s
Epoch[2/20 10/700] - Loss: 237.5555419922 - MSE: 237.13393 - batch_Time: 0.39729902404360473s
Epoch[2/20 11/700] - Loss: 275.3458251953 - MSE: 274.89777 - batch_Time: 0.40103579103015363s
Epoch[2/20 12/700] - Loss: 314.0919494629 - MSE: 313.61252 - batch_Time: 0.3938163020648062s
Epoch[2/20 13/700] - Loss: 369.0854492188 - MSE: 368.36639 - batch_Time: 0.39906637417152524s
Epoch[2/20 14/700] - Loss: 333.1904296875 - MSE: 332.66083 - batch_Time: 0.40135313803330064s
Epoch[2/20 15/700] - Loss: 158.6642913818 - MSE: 158.31973 - batch_Time: 0.394628934096545s
Epoch[2/20 16/700] - Loss: 236.5952758789 - MSE: 236.04300 - batch_Time: 0.40421620500274s
Epoch[2/20 17/700] - Loss: 226.4968566895 - MSE: 225.99103 - batch_Time: 0.3961976361460984s
Epoch[2/20 18/700] - Loss: 250.4900512695 - MSE: 249.92708 - batch_Time: 0.40084020397625864s
Epoch[2/20 19/700] - Loss: 282.1642456055 - MSE: 281.75159 - batch_Time: 0.3989416651893407s
Epoch[2/20 20/700] - Loss: 452.9654235840 - MSE: 452.12021 - batch_Time: 0.393922011135146s
Epoch[2/20 21/700] - Loss: 296.5703430176 - MSE: 296.00534 - batch_Time: 0.39424659800715744s
Epoch[2/20 22/700] - Loss: 162.7656250000 - MSE: 162.49350 - batch_Time: 0.39106170483864844s
Epoch[2/20 23/700] - Loss: 172.0217437744 - MSE: 171.74271 - batch_Time: 0.39380094315856695s
Epoch[2/20 24/700] - Loss: 377.1973266602 - MSE: 376.34363 - batch_Time: 0.39267901494167745s
Epoch[2/20 25/700] - Loss: 352.3757629395 - MSE: 351.72968 - batch_Time: 0.3917652659583837s
Epoch[2/20 26/700] - Loss: 264.6143798828 - MSE: 264.13263 - batch_Time: 0.39254803699441254s
Epoch[2/20 27/700] - Loss: 256.9375305176 - MSE: 256.32959 - batch_Time: 0.3952265370171517s
Epoch[2/20 28/700] - Loss: 226.1472167969 - MSE: 225.63406 - batch_Time: 0.39519688696600497s
Epoch[2/20 29/700] - Loss: 317.6578674316 - MSE: 317.01819 - batch_Time: 0.3972999840043485s
Epoch[2/20 30/700] - Loss: 247.4045562744 - MSE: 246.83429 - batch_Time: 0.3914658098947257s
Epoch[2/20 31/700] - Loss: 225.4927215576 - MSE: 224.85892 - batch_Time: 0.39319292991422117s
Epoch[2/20 32/700] - Loss: 383.4696960449 - MSE: 382.61191 - batch_Time: 0.3939341208897531s
Epoch[2/20 33/700] - Loss: 272.6628723145 - MSE: 271.76044 - batch_Time: 0.394354296149686s
Epoch[2/20 34/700] - Loss: 284.5552978516 - MSE: 284.21680 - batch_Time: 0.3917436271440238s
Epoch[2/20 35/700] - Loss: 147.5521240234 - MSE: 147.09381 - batch_Time: 0.39284563390538096s
Epoch[2/20 36/700] - Loss: 273.8305053711 - MSE: 273.20959 - batch_Time: 0.39349037618376315s
Epoch[2/20 37/700] - Loss: 310.5531005859 - MSE: 309.94818 - batch_Time: 0.3938231330830604s
Epoch[2/20 38/700] - Loss: 130.9066619873 - MSE: 130.55661 - batch_Time: 0.39130044099874794s
Epoch[2/20 39/700] - Loss: 203.1206970215 - MSE: 202.55521 - batch_Time: 0.39420818793587387s
Epoch[2/20 40/700] - Loss: 275.9965209961 - MSE: 275.31055 - batch_Time: 0.39469946292228997s
Epoch[2/20 41/700] - Loss: 287.0887145996 - MSE: 286.67444 - batch_Time: 0.3956210729666054s
Epoch[2/20 42/700] - Loss: 282.7150268555 - MSE: 282.28589 - batch_Time: 0.3923874390311539s
Epoch[2/20 43/700] - Loss: 197.6435241699 - MSE: 197.12115 - batch_Time: 0.3942754480522126s
Epoch[2/20 44/700] - Loss: 250.0245208740 - MSE: 249.49728 - batch_Time: 0.3940913488622755s
Epoch[2/20 45/700] - Loss: 179.7250366211 - MSE: 178.92323 - batch_Time: 0.39581046998500824s
Epoch[2/20 46/700] - Loss: 946.2283935547 - MSE: 944.86218 - batch_Time: 0.3918274249881506s
Epoch[2/20 47/700] - Loss: 306.9154052734 - MSE: 306.16428 - batch_Time: 0.3924144678749144s
Epoch[2/20 48/700] - Loss: 253.2539978027 - MSE: 252.81461 - batch_Time: 0.3943622971419245s
Epoch[2/20 49/700] - Loss: 349.4733581543 - MSE: 349.01721 - batch_Time: 0.39495554007589817s
Epoch[2/20 50/700] - Loss: 259.5545349121 - MSE: 258.93686 - batch_Time: 0.39093268499709666s
Epoch[2/20 51/700] - Loss: 195.0538024902 - MSE: 194.29236 - batch_Time: 0.3933736279141158s
Epoch[2/20 52/700] - Loss: 213.8795318604 - MSE: 213.32130 - batch_Time: 0.3942949469201267s
Epoch[2/20 53/700] - Loss: 300.1445312500 - MSE: 299.62033 - batch_Time: 0.40107406210154295s
Epoch[2/20 54/700] - Loss: 230.8983001709 - MSE: 230.52315 - batch_Time: 0.3950335287954658s
Epoch[2/20 55/700] - Loss: 343.9382629395 - MSE: 343.05316 - batch_Time: 0.39473198307678103s
Epoch[2/20 56/700] - Loss: 217.5599822998 - MSE: 217.08179 - batch_Time: 0.3986373580992222s
Epoch[2/20 57/700] - Loss: 251.6119842529 - MSE: 251.16508 - batch_Time: 0.39268854609690607s
Epoch[2/20 58/700] - Loss: 310.4110107422 - MSE: 309.60385 - batch_Time: 0.39967934717424214s
Epoch[2/20 59/700] - Loss: 577.5859375000 - MSE: 576.79877 - batch_Time: 0.40012758201919496s
Epoch[2/20 60/700] - Loss: 239.2832336426 - MSE: 238.85764 - batch_Time: 0.4001800110563636s
Epoch[2/20 61/700] - Loss: 388.1361694336 - MSE: 387.30530 - batch_Time: 0.39697818690910935s
Epoch[2/20 62/700] - Loss: 236.2851257324 - MSE: 235.72197 - batch_Time: 0.3995987980160862s
Epoch[2/20 63/700] - Loss: 345.4109497070 - MSE: 344.37457 - batch_Time: 0.4001997709274292s
Epoch[2/20 64/700] - Loss: 285.2367858887 - MSE: 284.62769 - batch_Time: 0.3999425838701427s
Epoch[2/20 65/700] - Loss: 308.2742614746 - MSE: 307.92258 - batch_Time: 0.3997978060506284s
Epoch[2/20 66/700] - Loss: 344.9393615723 - MSE: 344.28015 - batch_Time: 0.3972095341887325s
Epoch[2/20 67/700] - Loss: 172.5140075684 - MSE: 171.96553 - batch_Time: 0.39973629591986537s
Epoch[2/20 68/700] - Loss: 288.0246582031 - MSE: 287.36713 - batch_Time: 0.39880554703995585s
Epoch[2/20 69/700] - Loss: 348.2446899414 - MSE: 347.14835 - batch_Time: 0.39819439384154975s
Epoch[2/20 70/700] - Loss: 253.5373229980 - MSE: 252.97253 - batch_Time: 0.40072232601232827s
Epoch[2/20 71/700] - Loss: 327.9230651855 - MSE: 327.38364 - batch_Time: 0.4008922530338168s
Epoch[2/20 72/700] - Loss: 236.7658386230 - MSE: 235.94051 - batch_Time: 0.3975258420687169s
Epoch[2/20 73/700] - Loss: 241.4108581543 - MSE: 240.72578 - batch_Time: 0.40118211996741593s
Epoch[2/20 74/700] - Loss: 270.3718261719 - MSE: 269.94910 - batch_Time: 0.40192858199588954s
Epoch[2/20 75/700] - Loss: 225.8816833496 - MSE: 225.29794 - batch_Time: 0.3926894359756261s
Epoch[2/20 76/700] - Loss: 225.0058593750 - MSE: 224.37396 - batch_Time: 0.39454762381501496s
Epoch[2/20 77/700] - Loss: 302.3231811523 - MSE: 301.49164 - batch_Time: 0.39712149603292346s
Epoch[2/20 78/700] - Loss: 499.5050354004 - MSE: 498.55005 - batch_Time: 0.39505758904851973s
Epoch[2/20 79/700] - Loss: 252.1875915527 - MSE: 251.73132 - batch_Time: 0.3921684611123055s
Epoch[2/20 80/700] - Loss: 313.8938598633 - MSE: 313.32541 - batch_Time: 0.3932349400129169s
Epoch[2/20 81/700] - Loss: 259.9400024414 - MSE: 259.08264 - batch_Time: 0.39433453790843487s
Epoch[2/20 82/700] - Loss: 261.7798767090 - MSE: 261.00269 - batch_Time: 0.395269206026569s
Epoch[2/20 83/700] - Loss: 366.4497070312 - MSE: 365.86554 - batch_Time: 0.39558690413832664s
Epoch[2/20 84/700] - Loss: 464.8450012207 - MSE: 463.97037 - batch_Time: 0.39377030404284596s
Epoch[2/20 85/700] - Loss: 374.4786987305 - MSE: 373.67371 - batch_Time: 0.39467515400610864s
Epoch[2/20 86/700] - Loss: 197.0407409668 - MSE: 196.55150 - batch_Time: 0.39586672908626497s
Epoch[2/20 87/700] - Loss: 274.9608154297 - MSE: 274.45157 - batch_Time: 0.395906079094857s
Epoch[2/20 88/700] - Loss: 213.5502929688 - MSE: 213.16872 - batch_Time: 0.39660422201268375s
Epoch[2/20 89/700] - Loss: 200.4747772217 - MSE: 199.95703 - batch_Time: 0.39426238811574876s
Epoch[2/20 90/700] - Loss: 314.0201721191 - MSE: 313.55597 - batch_Time: 0.40172156412154436s
Epoch[2/20 91/700] - Loss: 219.1077270508 - MSE: 218.70879 - batch_Time: 0.4016009750775993s
Epoch[2/20 92/700] - Loss: 214.0259399414 - MSE: 213.19992 - batch_Time: 0.3996408870443702s
Epoch[2/20 93/700] - Loss: 343.7008666992 - MSE: 342.85526 - batch_Time: 0.4031502278521657s
Epoch[2/20 94/700] - Loss: 135.1312866211 - MSE: 134.75980 - batch_Time: 0.4025364548433572s
Epoch[2/20 95/700] - Loss: 128.8704833984 - MSE: 128.40361 - batch_Time: 0.398777297930792s
Epoch[2/20 96/700] - Loss: 257.1327209473 - MSE: 256.36136 - batch_Time: 0.39931919099763036s
Epoch[2/20 97/700] - Loss: 288.9323730469 - MSE: 288.45874 - batch_Time: 0.39585411990992725s
Epoch[2/20 98/700] - Loss: 179.8629455566 - MSE: 179.44661 - batch_Time: 0.4031188578810543s
Epoch[2/20 99/700] - Loss: 289.0358581543 - MSE: 288.44543 - batch_Time: 0.39568891283124685s
Epoch[2/20 100/700] - Loss: 203.0441131592 - MSE: 202.40994 - batch_Time: 0.4025993049144745s
Epoch[2/20 101/700] - Loss: 255.5487823486 - MSE: 254.71527 - batch_Time: 0.3967602299526334s
Epoch[2/20 102/700] - Loss: 263.2459716797 - MSE: 262.78305 - batch_Time: 0.40180128416977823s
Epoch[2/20 103/700] - Loss: 184.9895629883 - MSE: 184.53040 - batch_Time: 0.39893361600115895s
Epoch[2/20 104/700] - Loss: 180.6954193115 - MSE: 180.35568 - batch_Time: 0.39615815691649914s
Epoch[2/20 105/700] - Loss: 257.8419494629 - MSE: 257.35776 - batch_Time: 0.3985458000097424s
Epoch[2/20 106/700] - Loss: 191.7598266602 - MSE: 191.19690 - batch_Time: 0.3966230219230056s
Epoch[2/20 107/700] - Loss: 148.1015930176 - MSE: 147.66046 - batch_Time: 0.3994607098866254s
Epoch[2/20 108/700] - Loss: 204.1274261475 - MSE: 202.99789 - batch_Time: 0.39922258211299777s
Epoch[2/20 109/700] - Loss: 238.6421508789 - MSE: 238.03006 - batch_Time: 0.39497945993207395s
Epoch[2/20 110/700] - Loss: 149.0531921387 - MSE: 148.69347 - batch_Time: 0.3929557229857892s
Epoch[2/20 111/700] - Loss: 288.7585144043 - MSE: 288.22635 - batch_Time: 0.3951505380682647s
Epoch[2/20 112/700] - Loss: 375.5474853516 - MSE: 374.92200 - batch_Time: 0.39487228100188076s
Epoch[2/20 113/700] - Loss: 535.4793090820 - MSE: 534.60632 - batch_Time: 0.39704327704384923s
Epoch[2/20 114/700] - Loss: 237.2880554199 - MSE: 236.85800 - batch_Time: 0.40378351998515427s
Epoch[2/20 115/700] - Loss: 392.7063903809 - MSE: 392.15735 - batch_Time: 0.4009551431518048s
Epoch[2/20 116/700] - Loss: 289.1627807617 - MSE: 288.78372 - batch_Time: 0.39707670686766505s
Epoch[2/20 117/700] - Loss: 237.3513336182 - MSE: 237.04559 - batch_Time: 0.3971516659948975s
Epoch[2/20 118/700] - Loss: 293.7370910645 - MSE: 293.17889 - batch_Time: 0.3976205298677087s
Epoch[2/20 119/700] - Loss: 314.1185913086 - MSE: 313.59442 - batch_Time: 0.400155192008242s
Epoch[2/20 120/700] - Loss: 456.8163452148 - MSE: 456.02231 - batch_Time: 0.4015189369674772s
Epoch[2/20 121/700] - Loss: 237.3604278564 - MSE: 236.96214 - batch_Time: 0.3980650859884918s
Epoch[2/20 122/700] - Loss: 286.0177612305 - MSE: 285.58667 - batch_Time: 0.3976223210338503s
Epoch[2/20 123/700] - Loss: 194.5524291992 - MSE: 193.83755 - batch_Time: 0.39899654500186443s
Epoch[2/20 124/700] - Loss: 271.7121582031 - MSE: 271.31818 - batch_Time: 0.4007863439619541s
Epoch[2/20 125/700] - Loss: 241.5556182861 - MSE: 241.20726 - batch_Time: 0.40164935518987477s
Epoch[2/20 126/700] - Loss: 339.6523437500 - MSE: 338.92862 - batch_Time: 0.4023219069931656s
Epoch[2/20 127/700] - Loss: 262.6029968262 - MSE: 262.03091 - batch_Time: 0.4044366739690304s
Epoch[2/20 128/700] - Loss: 283.2913818359 - MSE: 282.50238 - batch_Time: 0.4056503309402615s
Epoch[2/20 129/700] - Loss: 361.9405517578 - MSE: 361.51404 - batch_Time: 0.39692168799228966s
Epoch[2/20 130/700] - Loss: 311.1207580566 - MSE: 310.56696 - batch_Time: 0.39771146001294255s
Epoch[2/20 131/700] - Loss: 237.1085205078 - MSE: 236.60268 - batch_Time: 0.4026346451137215s
Epoch[2/20 132/700] - Loss: 261.0922241211 - MSE: 260.70941 - batch_Time: 0.3989250659942627s
Epoch[2/20 133/700] - Loss: 323.2911682129 - MSE: 322.67017 - batch_Time: 0.39952294901013374s
Epoch[2/20 134/700] - Loss: 256.2951049805 - MSE: 255.87491 - batch_Time: 0.39998846407979727s
Epoch[2/20 135/700] - Loss: 256.6598205566 - MSE: 256.17068 - batch_Time: 0.4006126669701189s
Epoch[2/20 136/700] - Loss: 182.0684967041 - MSE: 181.52905 - batch_Time: 0.401699764886871s
Epoch[2/20 137/700] - Loss: 302.1684570312 - MSE: 301.28821 - batch_Time: 0.4025134558323771s
Epoch[2/20 138/700] - Loss: 180.2443542480 - MSE: 179.85637 - batch_Time: 0.4043956941459328s
Epoch[2/20 139/700] - Loss: 293.8978881836 - MSE: 293.31168 - batch_Time: 0.40010231197811663s
Epoch[2/20 140/700] - Loss: 297.8594055176 - MSE: 297.25940 - batch_Time: 0.40010881307534873s
Epoch[2/20 141/700] - Loss: 300.8926086426 - MSE: 300.49298 - batch_Time: 0.4007338259834796s
Epoch[2/20 142/700] - Loss: 229.6676330566 - MSE: 228.92076 - batch_Time: 0.3994653499685228s
Epoch[2/20 143/700] - Loss: 245.2820434570 - MSE: 244.71886 - batch_Time: 0.3982760941144079s
Epoch[2/20 144/700] - Loss: 293.9428710938 - MSE: 293.28351 - batch_Time: 0.3996836980804801s
Epoch[2/20 145/700] - Loss: 315.9969787598 - MSE: 315.50244 - batch_Time: 0.39859969983808696s
Epoch[2/20 146/700] - Loss: 280.6726684570 - MSE: 279.77444 - batch_Time: 0.40034595993347466s
Epoch[2/20 147/700] - Loss: 239.5924682617 - MSE: 238.98599 - batch_Time: 0.39889988605864346s
Epoch[2/20 148/700] - Loss: 187.6262359619 - MSE: 187.21411 - batch_Time: 0.4014333481900394s
Epoch[2/20 149/700] - Loss: 661.6890258789 - MSE: 660.63147 - batch_Time: 0.4022091890219599s
Epoch[2/20 150/700] - Loss: 249.8878479004 - MSE: 249.50211 - batch_Time: 0.40189141291193664s
Epoch[2/20 151/700] - Loss: 239.5746459961 - MSE: 239.10478 - batch_Time: 0.3933715589810163s
Epoch[2/20 152/700] - Loss: 221.2707519531 - MSE: 220.86017 - batch_Time: 0.4034187651704997s
Epoch[2/20 153/700] - Loss: 222.5750579834 - MSE: 222.13228 - batch_Time: 0.3976686610840261s
Epoch[2/20 154/700] - Loss: 254.2135772705 - MSE: 253.69170 - batch_Time: 0.40040156012400985s
Epoch[2/20 155/700] - Loss: 303.5736694336 - MSE: 303.04578 - batch_Time: 0.4014511478599161s
Epoch[2/20 156/700] - Loss: 331.1313476562 - MSE: 330.51761 - batch_Time: 0.40398727892898023s
Epoch[2/20 157/700] - Loss: 213.0039062500 - MSE: 212.43372 - batch_Time: 0.4025770160369575s
Epoch[2/20 158/700] - Loss: 325.1463012695 - MSE: 324.70248 - batch_Time: 0.4001174729783088s
Epoch[2/20 159/700] - Loss: 270.1768493652 - MSE: 269.87192 - batch_Time: 0.39723263611085713s
Epoch[2/20 160/700] - Loss: 278.0129394531 - MSE: 277.19070 - batch_Time: 0.4021552100311965s
Epoch[2/20 161/700] - Loss: 210.1674194336 - MSE: 209.80559 - batch_Time: 0.39688474917784333s
Epoch[2/20 162/700] - Loss: 336.0424194336 - MSE: 335.66800 - batch_Time: 0.39831107412464917s
Epoch[2/20 163/700] - Loss: 279.7278442383 - MSE: 279.31509 - batch_Time: 0.39747158298268914s
Epoch[2/20 164/700] - Loss: 296.3085021973 - MSE: 295.89899 - batch_Time: 0.3968247100710869s
Epoch[2/20 165/700] - Loss: 374.2689208984 - MSE: 373.77197 - batch_Time: 0.4048430500552058s
Epoch[2/20 166/700] - Loss: 205.4583740234 - MSE: 205.00740 - batch_Time: 0.4002139519434422s
Epoch[2/20 167/700] - Loss: 327.3018798828 - MSE: 326.71112 - batch_Time: 0.3980374871753156s
Epoch[2/20 168/700] - Loss: 193.3659362793 - MSE: 193.08202 - batch_Time: 0.4004162000492215s
Epoch[2/20 169/700] - Loss: 351.1144714355 - MSE: 350.62604 - batch_Time: 0.40028712106868625s
Epoch[2/20 170/700] - Loss: 150.5281829834 - MSE: 149.80772 - batch_Time: 0.3969302789773792s
Epoch[2/20 171/700] - Loss: 289.4859313965 - MSE: 288.90088 - batch_Time: 0.39801198709756136s
Epoch[2/20 172/700] - Loss: 307.5798034668 - MSE: 307.15390 - batch_Time: 0.39668345218524337s
Epoch[2/20 173/700] - Loss: 406.2854003906 - MSE: 405.37247 - batch_Time: 0.3963373159058392s
Epoch[2/20 174/700] - Loss: 254.6409759521 - MSE: 254.07663 - batch_Time: 0.39794478798285127s
Epoch[2/20 175/700] - Loss: 282.7585754395 - MSE: 282.10773 - batch_Time: 0.39618423697538674s
Epoch[2/20 176/700] - Loss: 250.0043487549 - MSE: 249.54726 - batch_Time: 0.3931358421687037s
Epoch[2/20 177/700] - Loss: 326.7016296387 - MSE: 326.17804 - batch_Time: 0.3948734619189054s
Epoch[2/20 178/700] - Loss: 275.9605102539 - MSE: 275.57196 - batch_Time: 0.3966813408769667s
Epoch[2/20 179/700] - Loss: 217.1819152832 - MSE: 216.73935 - batch_Time: 0.3982651340775192s
Epoch[2/20 180/700] - Loss: 288.1901245117 - MSE: 287.45276 - batch_Time: 0.3961059679277241s
Epoch[2/20 181/700] - Loss: 158.9842224121 - MSE: 158.46964 - batch_Time: 0.39607361890375614s
Epoch[2/20 182/700] - Loss: 264.8940429688 - MSE: 264.27405 - batch_Time: 0.3962488970719278s
Epoch[2/20 183/700] - Loss: 297.5345153809 - MSE: 296.72507 - batch_Time: 0.3950627299491316s
Epoch[2/20 184/700] - Loss: 224.3944244385 - MSE: 223.93533 - batch_Time: 0.39577191206626594s
Epoch[2/20 185/700] - Loss: 328.7701110840 - MSE: 328.07227 - batch_Time: 0.3945510261692107s
Epoch[2/20 186/700] - Loss: 463.8701782227 - MSE: 463.15424 - batch_Time: 0.3954896160867065s
Epoch[2/20 187/700] - Loss: 367.8517150879 - MSE: 367.17316 - batch_Time: 0.3980184660758823s
Epoch[2/20 188/700] - Loss: 321.9746704102 - MSE: 321.39044 - batch_Time: 0.396844050148502s
Epoch[2/20 189/700] - Loss: 246.4689331055 - MSE: 245.88792 - batch_Time: 0.3989539369940758s
Epoch[2/20 190/700] - Loss: 184.1652526855 - MSE: 183.70245 - batch_Time: 0.39656155300326645s
Epoch[2/20 191/700] - Loss: 278.1996459961 - MSE: 277.65637 - batch_Time: 0.39910140400752425s
Epoch[2/20 192/700] - Loss: 303.3250732422 - MSE: 302.99130 - batch_Time: 0.39923412282951176s
Epoch[2/20 193/700] - Loss: 260.0446777344 - MSE: 259.52496 - batch_Time: 0.39594873995520175s
Epoch[2/20 194/700] - Loss: 219.3526763916 - MSE: 218.81230 - batch_Time: 0.3946855738759041s
Epoch[2/20 195/700] - Loss: 240.3616180420 - MSE: 239.74638 - batch_Time: 0.3927551261149347s
Epoch[2/20 196/700] - Loss: 180.8983154297 - MSE: 180.41364 - batch_Time: 0.3955351752229035s
Epoch[2/20 197/700] - Loss: 180.5142211914 - MSE: 180.00679 - batch_Time: 0.39886587718501687s
Epoch[2/20 198/700] - Loss: 230.7116699219 - MSE: 230.21794 - batch_Time: 0.40016509289853275s
Epoch[2/20 199/700] - Loss: 230.3856964111 - MSE: 229.81792 - batch_Time: 0.3966663619503379s
Epoch[2/20 200/700] - Loss: 206.8963623047 - MSE: 206.38452 - batch_Time: 0.39591552084311843s
Epoch[2/20 201/700] - Loss: 255.5659484863 - MSE: 255.08890 - batch_Time: 0.39584908122196794s
Epoch[2/20 202/700] - Loss: 195.8203735352 - MSE: 195.27089 - batch_Time: 0.39508210006169975s
Epoch[2/20 203/700] - Loss: 241.3238983154 - MSE: 240.64435 - batch_Time: 0.39646366401575506s
Epoch[2/20 204/700] - Loss: 194.4058074951 - MSE: 193.95395 - batch_Time: 0.3934047289658338s
Epoch[2/20 205/700] - Loss: 346.7630004883 - MSE: 346.17322 - batch_Time: 0.3951713789720088s
Epoch[2/20 206/700] - Loss: 454.0937805176 - MSE: 453.52283 - batch_Time: 0.3961945769842714s
Epoch[2/20 207/700] - Loss: 287.7506408691 - MSE: 287.15155 - batch_Time: 0.39596473006531596s
Epoch[2/20 208/700] - Loss: 265.7958068848 - MSE: 265.17081 - batch_Time: 0.3946180660277605s
Epoch[2/20 209/700] - Loss: 136.2195739746 - MSE: 135.61308 - batch_Time: 0.39303089398890734s
Epoch[2/20 210/700] - Loss: 176.2819824219 - MSE: 175.78929 - batch_Time: 0.3960495600476861s
Epoch[2/20 211/700] - Loss: 253.8906860352 - MSE: 253.24451 - batch_Time: 0.39589803107082844s
Epoch[2/20 212/700] - Loss: 178.5565338135 - MSE: 178.00839 - batch_Time: 0.39627287699840963s
Epoch[2/20 213/700] - Loss: 239.5281066895 - MSE: 239.15926 - batch_Time: 0.39691490889526904s
Epoch[2/20 214/700] - Loss: 200.4405517578 - MSE: 200.05682 - batch_Time: 0.3950667008757591s
Epoch[2/20 215/700] - Loss: 228.9028472900 - MSE: 228.17223 - batch_Time: 0.393042562995106s
Epoch[2/20 216/700] - Loss: 240.3760223389 - MSE: 239.74670 - batch_Time: 0.3943059279117733s
Epoch[2/20 217/700] - Loss: 203.5020751953 - MSE: 203.10899 - batch_Time: 0.3953685970045626s
Epoch[2/20 218/700] - Loss: 285.8946533203 - MSE: 285.48370 - batch_Time: 0.39518225914798677s
Epoch[2/20 219/700] - Loss: 303.1548156738 - MSE: 302.71069 - batch_Time: 0.3937487551011145s
Epoch[2/20 220/700] - Loss: 286.5255432129 - MSE: 285.74765 - batch_Time: 0.3926215178798884s
Epoch[2/20 221/700] - Loss: 193.6320800781 - MSE: 193.17387 - batch_Time: 0.39520625793375075s
Epoch[2/20 222/700] - Loss: 256.0333862305 - MSE: 255.60583 - batch_Time: 0.3964500748552382s
Epoch[2/20 223/700] - Loss: 208.5564270020 - MSE: 208.12662 - batch_Time: 0.3988853369373828s
Epoch[2/20 224/700] - Loss: 187.8686523438 - MSE: 187.47778 - batch_Time: 0.40269469493068755s
Epoch[2/20 225/700] - Loss: 171.1993408203 - MSE: 170.92970 - batch_Time: 0.40129742003045976s
Epoch[2/20 226/700] - Loss: 211.2932739258 - MSE: 210.73479 - batch_Time: 0.39873147988691926s
Epoch[2/20 227/700] - Loss: 322.8067016602 - MSE: 322.15073 - batch_Time: 0.4024491470772773s
Epoch[2/20 228/700] - Loss: 206.0759277344 - MSE: 205.53983 - batch_Time: 0.4026630150619894s
Epoch[2/20 229/700] - Loss: 336.3113403320 - MSE: 335.81461 - batch_Time: 0.4005593089386821s
Epoch[2/20 230/700] - Loss: 286.2665405273 - MSE: 285.74817 - batch_Time: 0.3997584069147706s
Epoch[2/20 231/700] - Loss: 233.1117858887 - MSE: 232.55263 - batch_Time: 0.4008626148570329s
Epoch[2/20 232/700] - Loss: 289.9277038574 - MSE: 289.37936 - batch_Time: 0.4015857269987464s
Epoch[2/20 233/700] - Loss: 210.5777282715 - MSE: 210.15514 - batch_Time: 0.4020260919351131s
Epoch[2/20 234/700] - Loss: 160.0546112061 - MSE: 159.69818 - batch_Time: 0.40595624782145023s
Epoch[2/20 235/700] - Loss: 167.5293884277 - MSE: 167.19339 - batch_Time: 0.4010140129830688s
Epoch[2/20 236/700] - Loss: 284.6919555664 - MSE: 283.97595 - batch_Time: 0.4022362898103893s
Epoch[2/20 237/700] - Loss: 122.6506423950 - MSE: 122.32973 - batch_Time: 0.40445271506905556s
Epoch[2/20 238/700] - Loss: 269.6138916016 - MSE: 269.19919 - batch_Time: 0.3988762579392642s
Epoch[2/20 239/700] - Loss: 209.9308776855 - MSE: 209.47476 - batch_Time: 0.4055029428564012s
Epoch[2/20 240/700] - Loss: 437.0758056641 - MSE: 436.28546 - batch_Time: 0.4006665169727057s
Epoch[2/20 241/700] - Loss: 204.8449249268 - MSE: 204.33852 - batch_Time: 0.4013769798912108s
Epoch[2/20 242/700] - Loss: 137.5628662109 - MSE: 137.14009 - batch_Time: 0.4040981689468026s
Epoch[2/20 243/700] - Loss: 290.0935363770 - MSE: 289.46552 - batch_Time: 0.3985084721352905s
Epoch[2/20 244/700] - Loss: 230.6646423340 - MSE: 230.23856 - batch_Time: 0.40573007008060813s
Epoch[2/20 245/700] - Loss: 244.5471954346 - MSE: 243.87914 - batch_Time: 0.4012287419755012s
Epoch[2/20 246/700] - Loss: 166.4855957031 - MSE: 166.14941 - batch_Time: 0.40422488702461123s
Epoch[2/20 247/700] - Loss: 200.8798828125 - MSE: 200.47115 - batch_Time: 0.405116616981104s
Epoch[2/20 248/700] - Loss: 321.6185607910 - MSE: 320.99072 - batch_Time: 0.4014434488490224s
Epoch[2/20 249/700] - Loss: 161.3391571045 - MSE: 161.00159 - batch_Time: 0.40130557119846344s
Epoch[2/20 250/700] - Loss: 193.9440307617 - MSE: 193.35352 - batch_Time: 0.4009719048626721s
Epoch[2/20 251/700] - Loss: 392.3970947266 - MSE: 391.83969 - batch_Time: 0.39694870891980827s
Epoch[2/20 252/700] - Loss: 189.2980651855 - MSE: 188.79948 - batch_Time: 0.4009351250715554s
Epoch[2/20 253/700] - Loss: 278.3924255371 - MSE: 277.80093 - batch_Time: 0.4048207011073828s
Epoch[2/20 254/700] - Loss: 252.9135284424 - MSE: 252.27032 - batch_Time: 0.40277984319254756s
Epoch[2/20 255/700] - Loss: 173.5100402832 - MSE: 173.02278 - batch_Time: 0.4021431209985167s
Epoch[2/20 256/700] - Loss: 331.8523559570 - MSE: 331.19489 - batch_Time: 0.4028595930431038s
Epoch[2/20 257/700] - Loss: 385.9349365234 - MSE: 385.56799 - batch_Time: 0.4035598449409008s
Epoch[2/20 258/700] - Loss: 219.5882263184 - MSE: 219.22324 - batch_Time: 0.40343466703779995s
Epoch[2/20 259/700] - Loss: 308.2038879395 - MSE: 307.85477 - batch_Time: 0.3984934121835977s
Epoch[2/20 260/700] - Loss: 401.3359375000 - MSE: 400.69656 - batch_Time: 0.39788856892846525s
Epoch[2/20 261/700] - Loss: 167.8446655273 - MSE: 167.04114 - batch_Time: 0.3973772341851145s
Epoch[2/20 262/700] - Loss: 414.5640563965 - MSE: 413.81415 - batch_Time: 0.3960700388997793s
Epoch[2/20 263/700] - Loss: 172.0399932861 - MSE: 171.61270 - batch_Time: 0.39646963495761156s
Epoch[2/20 264/700] - Loss: 209.1055297852 - MSE: 208.57864 - batch_Time: 0.39513976010493934s
Epoch[2/20 265/700] - Loss: 123.9755554199 - MSE: 123.38421 - batch_Time: 0.39719948708079755s
Epoch[2/20 266/700] - Loss: 312.3758544922 - MSE: 311.73389 - batch_Time: 0.3951872100587934s
Epoch[2/20 267/700] - Loss: 347.5256347656 - MSE: 347.01080 - batch_Time: 0.39738238509744406s
Epoch[2/20 268/700] - Loss: 332.9465942383 - MSE: 332.44543 - batch_Time: 0.39716044813394547s
Epoch[2/20 269/700] - Loss: 297.4050292969 - MSE: 296.81836 - batch_Time: 0.39671757305040956s
Epoch[2/20 270/700] - Loss: 261.7558288574 - MSE: 261.19489 - batch_Time: 0.402007153024897s
Epoch[2/20 271/700] - Loss: 269.4093322754 - MSE: 268.98560 - batch_Time: 0.4014118891209364s
Epoch[2/20 272/700] - Loss: 358.3215637207 - MSE: 357.61597 - batch_Time: 0.39599578990601003s
Epoch[2/20 273/700] - Loss: 202.3111419678 - MSE: 201.84042 - batch_Time: 0.40078624594025314s
Epoch[2/20 274/700] - Loss: 298.4368896484 - MSE: 297.67981 - batch_Time: 0.40034383116289973s
Epoch[2/20 275/700] - Loss: 213.3506164551 - MSE: 212.76503 - batch_Time: 0.39509030105546117s
Epoch[2/20 276/700] - Loss: 238.0911865234 - MSE: 237.46419 - batch_Time: 0.3965925939846784s
Epoch[2/20 277/700] - Loss: 353.0120239258 - MSE: 352.35941 - batch_Time: 0.3988345789257437s
Epoch[2/20 278/700] - Loss: 431.4120788574 - MSE: 430.22937 - batch_Time: 0.39684627088718116s
Epoch[2/20 279/700] - Loss: 199.1952362061 - MSE: 198.76328 - batch_Time: 0.3971808380447328s
Epoch[2/20 280/700] - Loss: 287.3556823730 - MSE: 286.78806 - batch_Time: 0.39714326802641153s
Epoch[2/20 281/700] - Loss: 257.6698608398 - MSE: 257.19263 - batch_Time: 0.3976167819928378s
Epoch[2/20 282/700] - Loss: 250.2746276855 - MSE: 249.79178 - batch_Time: 0.3973446460440755s
Epoch[2/20 283/700] - Loss: 343.6999816895 - MSE: 343.02765 - batch_Time: 0.4007599758915603s
Epoch[2/20 284/700] - Loss: 141.5399169922 - MSE: 141.01750 - batch_Time: 0.40190357412211597s
Epoch[2/20 285/700] - Loss: 296.9659118652 - MSE: 296.34476 - batch_Time: 0.4072595229372382s
Epoch[2/20 286/700] - Loss: 336.8308715820 - MSE: 336.34088 - batch_Time: 0.39411079208366573s
Epoch[2/20 287/700] - Loss: 281.9350280762 - MSE: 281.31012 - batch_Time: 0.39764328207820654s
Epoch[2/20 288/700] - Loss: 215.6059570312 - MSE: 215.10764 - batch_Time: 0.396804312011227s
Epoch[2/20 289/700] - Loss: 211.9535369873 - MSE: 211.64116 - batch_Time: 0.40634351409971714s
Epoch[2/20 290/700] - Loss: 216.3746795654 - MSE: 215.99173 - batch_Time: 0.4036633539944887s
Epoch[2/20 291/700] - Loss: 218.4479675293 - MSE: 218.02348 - batch_Time: 0.4045488729607314s
Epoch[2/20 292/700] - Loss: 343.0080871582 - MSE: 342.40829 - batch_Time: 0.4013175501022488s
Epoch[2/20 293/700] - Loss: 495.3361511230 - MSE: 494.45755 - batch_Time: 0.4029438318684697s
Epoch[2/20 294/700] - Loss: 220.8284149170 - MSE: 220.31197 - batch_Time: 0.39473395398817956s
Epoch[2/20 295/700] - Loss: 301.3261413574 - MSE: 300.72037 - batch_Time: 0.4035642349626869s
Epoch[2/20 296/700] - Loss: 303.1656799316 - MSE: 302.52728 - batch_Time: 0.39479399286210537s
Epoch[2/20 297/700] - Loss: 159.2824096680 - MSE: 158.58385 - batch_Time: 0.39651781506836414s
Epoch[2/20 298/700] - Loss: 224.1733093262 - MSE: 223.79160 - batch_Time: 0.4009148948825896s
Epoch[2/20 299/700] - Loss: 431.9273986816 - MSE: 431.25650 - batch_Time: 0.40178140602074564s
Epoch[2/20 300/700] - Loss: 215.0710296631 - MSE: 214.65674 - batch_Time: 0.40152117796242237s
Epoch[2/20 301/700] - Loss: 349.2181396484 - MSE: 348.15100 - batch_Time: 0.4030027319677174s
Epoch[2/20 302/700] - Loss: 364.8268737793 - MSE: 363.78305 - batch_Time: 0.4009735940489918s
Epoch[2/20 303/700] - Loss: 206.6779022217 - MSE: 206.33948 - batch_Time: 0.39945971104316413s
Epoch[2/20 304/700] - Loss: 219.3229980469 - MSE: 218.58572 - batch_Time: 0.39923456381075084s
Epoch[2/20 305/700] - Loss: 231.7569427490 - MSE: 231.30727 - batch_Time: 0.400237092981115s
Epoch[2/20 306/700] - Loss: 195.4313049316 - MSE: 194.61720 - batch_Time: 0.3979404291603714s
Epoch[2/20 307/700] - Loss: 199.5194091797 - MSE: 199.12813 - batch_Time: 0.39986149687319994s
Epoch[2/20 308/700] - Loss: 324.7037963867 - MSE: 324.16040 - batch_Time: 0.40028781187720597s
Epoch[2/20 309/700] - Loss: 186.2341766357 - MSE: 185.66235 - batch_Time: 0.39958358998410404s
Epoch[2/20 310/700] - Loss: 239.3266754150 - MSE: 238.89644 - batch_Time: 0.3996942590456456s
Epoch[2/20 311/700] - Loss: 345.2509765625 - MSE: 344.64258 - batch_Time: 0.4025084769818932s
Epoch[2/20 312/700] - Loss: 177.4241027832 - MSE: 177.00648 - batch_Time: 0.4037363938987255s
Epoch[2/20 313/700] - Loss: 307.8654174805 - MSE: 307.31656 - batch_Time: 0.3973944738972932s
Epoch[2/20 314/700] - Loss: 310.2201843262 - MSE: 309.79529 - batch_Time: 0.39618825796060264s
Epoch[2/20 315/700] - Loss: 327.2389526367 - MSE: 326.81494 - batch_Time: 0.3961449491325766s
Epoch[2/20 316/700] - Loss: 295.0147399902 - MSE: 294.60983 - batch_Time: 0.3945093569345772s
Epoch[2/20 317/700] - Loss: 163.0697784424 - MSE: 162.74693 - batch_Time: 0.3959042620845139s
Epoch[2/20 318/700] - Loss: 220.1588134766 - MSE: 219.57962 - batch_Time: 0.4037925929296762s
Epoch[2/20 319/700] - Loss: 252.7706451416 - MSE: 252.16522 - batch_Time: 0.4013728608842939s
Epoch[2/20 320/700] - Loss: 186.3159332275 - MSE: 186.03020 - batch_Time: 0.4050683581735939s
Epoch[2/20 321/700] - Loss: 266.2182312012 - MSE: 265.58200 - batch_Time: 0.3972030570730567s
Epoch[2/20 322/700] - Loss: 437.9075317383 - MSE: 437.31339 - batch_Time: 0.39872198994271457s
Epoch[2/20 323/700] - Loss: 318.5082092285 - MSE: 317.86816 - batch_Time: 0.4034017981030047s
Epoch[2/20 324/700] - Loss: 287.1077575684 - MSE: 286.51172 - batch_Time: 0.39796690782532096s
Epoch[2/20 325/700] - Loss: 280.5914001465 - MSE: 280.11194 - batch_Time: 0.39869096083566546s
Epoch[2/20 326/700] - Loss: 211.9025268555 - MSE: 211.42827 - batch_Time: 0.399882165947929s
Epoch[2/20 327/700] - Loss: 239.5817565918 - MSE: 239.21124 - batch_Time: 0.3977680508978665s
Epoch[2/20 328/700] - Loss: 238.0277709961 - MSE: 237.49887 - batch_Time: 0.4014661591500044s
Epoch[2/20 329/700] - Loss: 271.4421997070 - MSE: 270.84161 - batch_Time: 0.3966954629868269s
Epoch[2/20 330/700] - Loss: 177.9362030029 - MSE: 177.37003 - batch_Time: 0.397592623019591s
Epoch[2/20 331/700] - Loss: 177.9058532715 - MSE: 177.32457 - batch_Time: 0.40321838902309537s
Epoch[2/20 332/700] - Loss: 290.4502258301 - MSE: 289.76984 - batch_Time: 0.4009432049933821s
Epoch[2/20 333/700] - Loss: 249.0800476074 - MSE: 248.41229 - batch_Time: 0.40147842885926366s
Epoch[2/20 334/700] - Loss: 325.3629455566 - MSE: 324.87378 - batch_Time: 0.3981789459940046s
Epoch[2/20 335/700] - Loss: 256.6497497559 - MSE: 256.06375 - batch_Time: 0.40474872197955847s
Epoch[2/20 336/700] - Loss: 283.7341613770 - MSE: 283.26123 - batch_Time: 0.4035308158490807s
Epoch[2/20 337/700] - Loss: 195.9034118652 - MSE: 195.38080 - batch_Time: 0.40119192213751376s
Epoch[2/20 338/700] - Loss: 273.9184570312 - MSE: 273.47437 - batch_Time: 0.4009660850279033s
Epoch[2/20 339/700] - Loss: 253.3676757812 - MSE: 253.07344 - batch_Time: 0.3961553790140897s
Epoch[2/20 340/700] - Loss: 225.7102050781 - MSE: 225.11348 - batch_Time: 0.4016864870209247s
Epoch[2/20 341/700] - Loss: 268.2562255859 - MSE: 267.66827 - batch_Time: 0.39693546015769243s
Epoch[2/20 342/700] - Loss: 180.8712310791 - MSE: 180.67024 - batch_Time: 0.39670114405453205s
Epoch[2/20 343/700] - Loss: 145.4429016113 - MSE: 144.85886 - batch_Time: 0.40029301308095455s
Epoch[2/20 344/700] - Loss: 352.7471923828 - MSE: 352.09317 - batch_Time: 0.4021083419211209s
Epoch[2/20 345/700] - Loss: 216.5832824707 - MSE: 216.19299 - batch_Time: 0.3968110620044172s
Epoch[2/20 346/700] - Loss: 153.7052459717 - MSE: 153.31427 - batch_Time: 0.39922240492887795s
Epoch[2/20 347/700] - Loss: 174.7744445801 - MSE: 174.42964 - batch_Time: 0.40124594210647047s
Epoch[2/20 348/700] - Loss: 219.1918640137 - MSE: 218.94443 - batch_Time: 0.40240716794505715s
Epoch[2/20 349/700] - Loss: 246.4458465576 - MSE: 245.97775 - batch_Time: 0.3957119341939688s
Epoch[2/20 350/700] - Loss: 333.0442504883 - MSE: 332.47589 - batch_Time: 0.3989311568439007s
Epoch[2/20 351/700] - Loss: 254.2584228516 - MSE: 253.70183 - batch_Time: 0.3974678651429713s
Epoch[2/20 352/700] - Loss: 251.4707031250 - MSE: 251.21640 - batch_Time: 0.3978445299435407s
Epoch[2/20 353/700] - Loss: 252.5372161865 - MSE: 251.78571 - batch_Time: 0.40103176422417164s
Epoch[2/20 354/700] - Loss: 285.3780517578 - MSE: 284.89090 - batch_Time: 0.39977684803307056s
Epoch[2/20 355/700] - Loss: 199.5584106445 - MSE: 199.07687 - batch_Time: 0.4000297449529171s
Epoch[2/20 356/700] - Loss: 335.8793334961 - MSE: 335.45419 - batch_Time: 0.40606984682381153s
Epoch[2/20 357/700] - Loss: 259.9652404785 - MSE: 259.46265 - batch_Time: 0.40014994516968727s
Epoch[2/20 358/700] - Loss: 271.9050903320 - MSE: 271.39636 - batch_Time: 0.4099290440790355s
Epoch[2/20 359/700] - Loss: 255.1849365234 - MSE: 254.63467 - batch_Time: 0.39395941398106515s
Epoch[2/20 360/700] - Loss: 221.5106048584 - MSE: 220.98805 - batch_Time: 0.3982934751547873s
Epoch[2/20 361/700] - Loss: 195.2190856934 - MSE: 194.82094 - batch_Time: 0.39717203797772527s
Epoch[2/20 362/700] - Loss: 222.4364929199 - MSE: 221.99957 - batch_Time: 0.39687792118638754s
Epoch[2/20 363/700] - Loss: 292.8635559082 - MSE: 292.41370 - batch_Time: 0.4065894808154553s
Epoch[2/20 364/700] - Loss: 251.8775024414 - MSE: 251.46460 - batch_Time: 0.40013946406543255s
Epoch[2/20 365/700] - Loss: 210.8967285156 - MSE: 210.42746 - batch_Time: 0.39825843507423997s
Epoch[2/20 366/700] - Loss: 206.2597351074 - MSE: 205.75937 - batch_Time: 0.40208783210255206s
Epoch[2/20 367/700] - Loss: 243.3113708496 - MSE: 242.80566 - batch_Time: 0.4027343848720193s
Epoch[2/20 368/700] - Loss: 183.3648071289 - MSE: 182.84254 - batch_Time: 0.4028715940658003s
Epoch[2/20 369/700] - Loss: 317.9535217285 - MSE: 317.34903 - batch_Time: 0.4016330079175532s
Epoch[2/20 370/700] - Loss: 269.2600708008 - MSE: 268.41885 - batch_Time: 0.39981818781234324s
Epoch[2/20 371/700] - Loss: 248.2348022461 - MSE: 247.82451 - batch_Time: 0.3976802530232817s
Epoch[2/20 372/700] - Loss: 267.7193298340 - MSE: 267.07895 - batch_Time: 0.4021024720277637s
Epoch[2/20 373/700] - Loss: 189.7989196777 - MSE: 189.23856 - batch_Time: 0.4040696199517697s
Epoch[2/20 374/700] - Loss: 395.9768371582 - MSE: 395.09485 - batch_Time: 0.3997432291507721s
Epoch[2/20 375/700] - Loss: 201.8142547607 - MSE: 200.94948 - batch_Time: 0.3997643389739096s
Epoch[2/20 376/700] - Loss: 276.6902160645 - MSE: 276.08569 - batch_Time: 0.405753601109609s
Epoch[2/20 377/700] - Loss: 231.7754211426 - MSE: 231.37097 - batch_Time: 0.40345400711521506s
Epoch[2/20 378/700] - Loss: 235.1652526855 - MSE: 234.71414 - batch_Time: 0.4024039590731263s
Epoch[2/20 379/700] - Loss: 194.3332366943 - MSE: 193.94211 - batch_Time: 0.4008835160639137s
Epoch[2/20 380/700] - Loss: 260.0219421387 - MSE: 259.42978 - batch_Time: 0.4011419238522649s
Epoch[2/20 381/700] - Loss: 247.9009399414 - MSE: 247.09819 - batch_Time: 0.3972956067882478s
Epoch[2/20 382/700] - Loss: 284.0994262695 - MSE: 283.64960 - batch_Time: 0.39592502312734723s
Epoch[2/20 383/700] - Loss: 357.4852294922 - MSE: 356.70853 - batch_Time: 0.3996570489834994s
Epoch[2/20 384/700] - Loss: 247.7868652344 - MSE: 247.06488 - batch_Time: 0.39730657590553164s
Epoch[2/20 385/700] - Loss: 159.7468566895 - MSE: 159.45773 - batch_Time: 0.39645564602687955s
Epoch[2/20 386/700] - Loss: 191.4344329834 - MSE: 191.02676 - batch_Time: 0.3963693571276963s
Epoch[2/20 387/700] - Loss: 239.0526733398 - MSE: 238.49829 - batch_Time: 0.39593762112781405s
Epoch[2/20 388/700] - Loss: 211.5146636963 - MSE: 211.06982 - batch_Time: 0.3932663321029395s
Epoch[2/20 389/700] - Loss: 167.8403167725 - MSE: 167.26129 - batch_Time: 0.4011376730632037s
Epoch[2/20 390/700] - Loss: 159.7372894287 - MSE: 159.49191 - batch_Time: 0.3992264240514487s
Epoch[2/20 391/700] - Loss: 190.0173034668 - MSE: 189.55739 - batch_Time: 0.4084400699939579s
Epoch[2/20 392/700] - Loss: 320.6118774414 - MSE: 319.92908 - batch_Time: 0.4005458999890834s
Epoch[2/20 393/700] - Loss: 222.6210174561 - MSE: 222.08180 - batch_Time: 0.4051403780467808s
Epoch[2/20 394/700] - Loss: 279.0393981934 - MSE: 278.62973 - batch_Time: 0.40321423998102546s
Epoch[2/20 395/700] - Loss: 216.6172790527 - MSE: 216.29877 - batch_Time: 0.3983648749999702s
Epoch[2/20 396/700] - Loss: 265.4039611816 - MSE: 264.98474 - batch_Time: 0.4021642920561135s
Epoch[2/20 397/700] - Loss: 273.6525573730 - MSE: 273.18332 - batch_Time: 0.39732281607575715s
Epoch[2/20 398/700] - Loss: 306.1183471680 - MSE: 305.36981 - batch_Time: 0.39755152305588126s
Epoch[2/20 399/700] - Loss: 346.4871215820 - MSE: 346.14056 - batch_Time: 0.3978548210579902s
Epoch[2/20 400/700] - Loss: 239.4758758545 - MSE: 238.84187 - batch_Time: 0.4036686250474304s
Epoch[2/20 401/700] - Loss: 298.6206054688 - MSE: 297.96069 - batch_Time: 0.3975765041541308s
Epoch[2/20 402/700] - Loss: 326.3239746094 - MSE: 325.65088 - batch_Time: 0.3976650331169367s
Epoch[2/20 403/700] - Loss: 263.2777709961 - MSE: 262.79752 - batch_Time: 0.4002187040168792s
Epoch[2/20 404/700] - Loss: 385.6112060547 - MSE: 384.88950 - batch_Time: 0.39865934080444276s
Epoch[2/20 405/700] - Loss: 219.1225738525 - MSE: 218.56723 - batch_Time: 0.3977054520510137s
Epoch[2/20 406/700] - Loss: 219.2680206299 - MSE: 218.69405 - batch_Time: 0.3979606390930712s
Epoch[2/20 407/700] - Loss: 306.7117919922 - MSE: 306.06427 - batch_Time: 0.39796719909645617s
Epoch[2/20 408/700] - Loss: 213.1302032471 - MSE: 212.49101 - batch_Time: 0.4013197908643633s
Epoch[2/20 409/700] - Loss: 267.3721923828 - MSE: 266.79694 - batch_Time: 0.4007918369024992s
Epoch[2/20 410/700] - Loss: 316.4081420898 - MSE: 315.79584 - batch_Time: 0.39748527482151985s
Epoch[2/20 411/700] - Loss: 188.4461212158 - MSE: 187.94608 - batch_Time: 0.3967304721008986s
Epoch[2/20 412/700] - Loss: 233.7003021240 - MSE: 232.85463 - batch_Time: 0.39914931589737535s
Epoch[2/20 413/700] - Loss: 234.8717041016 - MSE: 234.56384 - batch_Time: 0.4046857040375471s
Epoch[2/20 414/700] - Loss: 365.9783020020 - MSE: 365.43771 - batch_Time: 0.3955018660053611s
Epoch[2/20 415/700] - Loss: 225.7068481445 - MSE: 225.22739 - batch_Time: 0.4012743418570608s
Epoch[2/20 416/700] - Loss: 196.1896667480 - MSE: 195.42485 - batch_Time: 0.40071083907969296s
Epoch[2/20 417/700] - Loss: 215.9787445068 - MSE: 215.62860 - batch_Time: 0.40337197785265744s
Epoch[2/20 418/700] - Loss: 379.7277832031 - MSE: 379.21478 - batch_Time: 0.3984219040721655s
Epoch[2/20 419/700] - Loss: 319.0007324219 - MSE: 318.43619 - batch_Time: 0.3973115661647171s
Epoch[2/20 420/700] - Loss: 180.0274353027 - MSE: 179.65363 - batch_Time: 0.40087498584762216s
Epoch[2/20 421/700] - Loss: 286.6300354004 - MSE: 286.01807 - batch_Time: 0.3982695359736681s
Epoch[2/20 422/700] - Loss: 293.2463989258 - MSE: 292.76120 - batch_Time: 0.400990225141868s
Epoch[2/20 423/700] - Loss: 403.2665405273 - MSE: 402.86896 - batch_Time: 0.3987020112108439s
Epoch[2/20 424/700] - Loss: 183.8019714355 - MSE: 183.26530 - batch_Time: 0.39872593991458416s
Epoch[2/20 425/700] - Loss: 680.1307983398 - MSE: 679.38324 - batch_Time: 0.4026226478163153s
Epoch[2/20 426/700] - Loss: 390.0392456055 - MSE: 389.37189 - batch_Time: 0.3995142919011414s
Epoch[2/20 427/700] - Loss: 311.4947509766 - MSE: 311.01053 - batch_Time: 0.4035184169188142s
Epoch[2/20 428/700] - Loss: 178.9006347656 - MSE: 178.38928 - batch_Time: 0.4037276138551533s
Epoch[2/20 429/700] - Loss: 348.2682495117 - MSE: 347.52036 - batch_Time: 0.4052013079635799s
Epoch[2/20 430/700] - Loss: 339.8170776367 - MSE: 338.96942 - batch_Time: 0.3983330561313778s
Epoch[2/20 431/700] - Loss: 283.8425903320 - MSE: 283.38672 - batch_Time: 0.3992033360991627s
Epoch[2/20 432/700] - Loss: 349.6146850586 - MSE: 348.89435 - batch_Time: 0.3995879511348903s
Epoch[2/20 433/700] - Loss: 234.6794891357 - MSE: 233.85899 - batch_Time: 0.39892583806067705s
Epoch[2/20 434/700] - Loss: 227.6892852783 - MSE: 227.29567 - batch_Time: 0.39899513800628483s
Epoch[2/20 435/700] - Loss: 199.3873443604 - MSE: 199.00665 - batch_Time: 0.3977870619855821s
Epoch[2/20 436/700] - Loss: 227.0321502686 - MSE: 226.51534 - batch_Time: 0.3965705349110067s
Epoch[2/20 437/700] - Loss: 363.7782287598 - MSE: 363.22592 - batch_Time: 0.40256733703427017s
Epoch[2/20 438/700] - Loss: 140.2062072754 - MSE: 139.77129 - batch_Time: 0.3981015479657799s
Epoch[2/20 439/700] - Loss: 253.8204345703 - MSE: 253.36580 - batch_Time: 0.402816005051136s
Epoch[2/20 440/700] - Loss: 304.2269592285 - MSE: 303.21494 - batch_Time: 0.40297791291959584s
Epoch[2/20 441/700] - Loss: 309.2568664551 - MSE: 308.78394 - batch_Time: 0.4028435640502721s
Epoch[2/20 442/700] - Loss: 247.1379699707 - MSE: 246.72443 - batch_Time: 0.40224180091172457s
Epoch[2/20 443/700] - Loss: 332.1627197266 - MSE: 331.65155 - batch_Time: 0.40065911901183426s
Epoch[2/20 444/700] - Loss: 290.3773803711 - MSE: 289.98364 - batch_Time: 0.3991205662023276s
Epoch[2/20 445/700] - Loss: 192.8395690918 - MSE: 192.48300 - batch_Time: 0.3958338631782681s
Epoch[2/20 446/700] - Loss: 419.3132019043 - MSE: 418.44150 - batch_Time: 0.39691631216555834s
Epoch[2/20 447/700] - Loss: 185.8375396729 - MSE: 185.48471 - batch_Time: 0.3977441119495779s
Epoch[2/20 448/700] - Loss: 205.4148254395 - MSE: 205.00151 - batch_Time: 0.39632478705607355s
Epoch[2/20 449/700] - Loss: 245.9138336182 - MSE: 245.55231 - batch_Time: 0.397387586068362s
Epoch[2/20 450/700] - Loss: 239.2325744629 - MSE: 238.73105 - batch_Time: 0.4036404360085726s
Epoch[2/20 451/700] - Loss: 230.1258392334 - MSE: 229.71429 - batch_Time: 0.40545583493076265s
Epoch[2/20 452/700] - Loss: 307.2072448730 - MSE: 306.70197 - batch_Time: 0.4032892200630158s
Epoch[2/20 453/700] - Loss: 224.2922973633 - MSE: 224.03093 - batch_Time: 0.3984150839969516s
Epoch[2/20 454/700] - Loss: 278.4975280762 - MSE: 277.94443 - batch_Time: 0.4011873030103743s
Epoch[2/20 455/700] - Loss: 289.1929626465 - MSE: 288.80298 - batch_Time: 0.4015363990329206s
Epoch[2/20 456/700] - Loss: 292.2397460938 - MSE: 291.82526 - batch_Time: 0.39897946803830564s
Epoch[2/20 457/700] - Loss: 232.0618133545 - MSE: 231.54778 - batch_Time: 0.4019078449346125s
Epoch[2/20 458/700] - Loss: 355.3574218750 - MSE: 354.70264 - batch_Time: 0.39543666690588s
Epoch[2/20 459/700] - Loss: 256.7476196289 - MSE: 255.89862 - batch_Time: 0.39602951100096107s
Epoch[2/20 460/700] - Loss: 198.6837768555 - MSE: 198.34003 - batch_Time: 0.3971795979887247s
Epoch[2/20 461/700] - Loss: 192.0634765625 - MSE: 191.77499 - batch_Time: 0.39893643907271326s
Epoch[2/20 462/700] - Loss: 343.2188110352 - MSE: 342.54999 - batch_Time: 0.39753864402882755s
Epoch[2/20 463/700] - Loss: 255.3372192383 - MSE: 254.84109 - batch_Time: 0.40281671518459916s
Epoch[2/20 464/700] - Loss: 188.1413269043 - MSE: 187.91666 - batch_Time: 0.39644232694990933s
Epoch[2/20 465/700] - Loss: 323.0079956055 - MSE: 322.38947 - batch_Time: 0.39879391994327307s
Epoch[2/20 466/700] - Loss: 266.2697753906 - MSE: 265.80222 - batch_Time: 0.3993092840537429s
Epoch[2/20 467/700] - Loss: 240.9241638184 - MSE: 240.27383 - batch_Time: 0.396128439810127s
Epoch[2/20 468/700] - Loss: 370.8991088867 - MSE: 370.15588 - batch_Time: 0.3976652128621936s
Epoch[2/20 469/700] - Loss: 235.3602294922 - MSE: 234.83757 - batch_Time: 0.3967286131810397s
Epoch[2/20 470/700] - Loss: 186.1538543701 - MSE: 185.61339 - batch_Time: 0.39637293689884245s
Epoch[2/20 471/700] - Loss: 149.9344329834 - MSE: 149.35553 - batch_Time: 0.39837590511888266s
Epoch[2/20 472/700] - Loss: 319.8063354492 - MSE: 319.19046 - batch_Time: 0.3966589439660311s
Epoch[2/20 473/700] - Loss: 403.3392028809 - MSE: 402.57071 - batch_Time: 0.40110433381050825s
Epoch[2/20 474/700] - Loss: 215.9687500000 - MSE: 215.55351 - batch_Time: 0.39774505188688636s
Epoch[2/20 475/700] - Loss: 239.5114746094 - MSE: 238.37352 - batch_Time: 0.3998030589427799s
Epoch[2/20 476/700] - Loss: 308.0655212402 - MSE: 307.20395 - batch_Time: 0.39708207990042865s
Epoch[2/20 477/700] - Loss: 272.1944274902 - MSE: 271.49454 - batch_Time: 0.39587073284201324s
Epoch[2/20 478/700] - Loss: 251.5514678955 - MSE: 250.99199 - batch_Time: 0.3944553090259433s
Epoch[2/20 479/700] - Loss: 230.6254730225 - MSE: 230.04831 - batch_Time: 0.39583537308499217s
Epoch[2/20 480/700] - Loss: 376.1829223633 - MSE: 375.38983 - batch_Time: 0.39620496006682515s
Epoch[2/20 481/700] - Loss: 438.8616027832 - MSE: 438.18808 - batch_Time: 0.39880922995507717s
Epoch[2/20 482/700] - Loss: 147.3200988770 - MSE: 146.92288 - batch_Time: 0.3984734939876944s
Epoch[2/20 483/700] - Loss: 265.7546997070 - MSE: 265.30212 - batch_Time: 0.4023874099366367s
Epoch[2/20 484/700] - Loss: 255.8912963867 - MSE: 255.41861 - batch_Time: 0.3984483538661152s
Epoch[2/20 485/700] - Loss: 277.5751342773 - MSE: 276.97729 - batch_Time: 0.3984020750503987s
Epoch[2/20 486/700] - Loss: 329.8836364746 - MSE: 329.26294 - batch_Time: 0.39823842607438564s
Epoch[2/20 487/700] - Loss: 231.6141052246 - MSE: 230.91167 - batch_Time: 0.4066062830388546s
Epoch[2/20 488/700] - Loss: 380.6343994141 - MSE: 380.12335 - batch_Time: 0.4004474321845919s
Epoch[2/20 489/700] - Loss: 259.0891723633 - MSE: 258.61035 - batch_Time: 0.40452762600034475s
Epoch[2/20 490/700] - Loss: 297.2878723145 - MSE: 296.61914 - batch_Time: 0.40042462199926376s
Epoch[2/20 491/700] - Loss: 223.8173675537 - MSE: 223.29231 - batch_Time: 0.4017176569905132s
Epoch[2/20 492/700] - Loss: 231.6008453369 - MSE: 231.28453 - batch_Time: 0.40289626410230994s
Epoch[2/20 493/700] - Loss: 193.9856414795 - MSE: 193.51207 - batch_Time: 0.4013980021700263s
Epoch[2/20 494/700] - Loss: 223.4943084717 - MSE: 223.16196 - batch_Time: 0.3991870558820665s
Epoch[2/20 495/700] - Loss: 171.5105590820 - MSE: 170.79723 - batch_Time: 0.40551453409716487s
Epoch[2/20 496/700] - Loss: 355.1156311035 - MSE: 354.48462 - batch_Time: 0.39957846188917756s
Epoch[2/20 497/700] - Loss: 222.4717559814 - MSE: 222.02042 - batch_Time: 0.4010061451699585s
Epoch[2/20 498/700] - Loss: 188.2411804199 - MSE: 187.72086 - batch_Time: 0.4031065320596099s
Epoch[2/20 499/700] - Loss: 221.6645355225 - MSE: 221.21585 - batch_Time: 0.3993768449872732s
Epoch[2/20 500/700] - Loss: 221.9428100586 - MSE: 221.52011 - batch_Time: 0.3994825719855726s
Epoch[2/20 501/700] - Loss: 348.9219055176 - MSE: 348.20758 - batch_Time: 0.40031263302080333s
Epoch[2/20 502/700] - Loss: 266.1875610352 - MSE: 265.80304 - batch_Time: 0.40283059515058994s
Epoch[2/20 503/700] - Loss: 169.5782165527 - MSE: 169.13348 - batch_Time: 0.40072690905071795s
Epoch[2/20 504/700] - Loss: 224.1855773926 - MSE: 223.63675 - batch_Time: 0.4025619691237807s
Epoch[2/20 505/700] - Loss: 386.6905517578 - MSE: 386.16220 - batch_Time: 0.4021334429271519s
Epoch[2/20 506/700] - Loss: 153.9269714355 - MSE: 153.36195 - batch_Time: 0.3995087519288063s
Epoch[2/20 507/700] - Loss: 218.5980682373 - MSE: 217.90251 - batch_Time: 0.39753018505871296s
Epoch[2/20 508/700] - Loss: 357.2996215820 - MSE: 356.67502 - batch_Time: 0.4033342399634421s
Epoch[2/20 509/700] - Loss: 268.7207641602 - MSE: 268.32428 - batch_Time: 0.4027384959626943s
Epoch[2/20 510/700] - Loss: 234.4932250977 - MSE: 233.94492 - batch_Time: 0.4032875399570912s
Epoch[2/20 511/700] - Loss: 294.6945800781 - MSE: 293.89728 - batch_Time: 0.40037687309086323s
Epoch[2/20 512/700] - Loss: 227.4184875488 - MSE: 226.85112 - batch_Time: 0.4009144969750196s
Epoch[2/20 513/700] - Loss: 262.0748291016 - MSE: 261.66077 - batch_Time: 0.39975173003040254s
Epoch[2/20 514/700] - Loss: 166.9676055908 - MSE: 166.26204 - batch_Time: 0.39932685415260494s
Epoch[2/20 515/700] - Loss: 245.8232269287 - MSE: 245.16953 - batch_Time: 0.3986935520078987s
Epoch[2/20 516/700] - Loss: 147.5546264648 - MSE: 146.95129 - batch_Time: 0.39891711017116904s
Epoch[2/20 517/700] - Loss: 238.1602172852 - MSE: 237.56932 - batch_Time: 0.40044013201259077s
Epoch[2/20 518/700] - Loss: 260.0980224609 - MSE: 259.32086 - batch_Time: 0.3953668300528079s
Epoch[2/20 519/700] - Loss: 283.7787475586 - MSE: 282.95468 - batch_Time: 0.401644169120118s
Epoch[2/20 520/700] - Loss: 298.1333618164 - MSE: 297.65045 - batch_Time: 0.39538178918883204s
Epoch[2/20 521/700] - Loss: 182.6233215332 - MSE: 182.08289 - batch_Time: 0.4022915211971849s
Epoch[2/20 522/700] - Loss: 286.0809020996 - MSE: 285.49786 - batch_Time: 0.3968594721518457s
Epoch[2/20 523/700] - Loss: 314.1665649414 - MSE: 313.56400 - batch_Time: 0.40059396089054644s
Epoch[2/20 524/700] - Loss: 207.5619201660 - MSE: 207.09193 - batch_Time: 0.401553378906101s
Epoch[2/20 525/700] - Loss: 267.3126525879 - MSE: 266.90704 - batch_Time: 0.3978088821750134s
Epoch[2/20 526/700] - Loss: 389.9747314453 - MSE: 389.31274 - batch_Time: 0.3949127041269094s
Epoch[2/20 527/700] - Loss: 184.5519256592 - MSE: 184.27628 - batch_Time: 0.4006464499980211s
Epoch[2/20 528/700] - Loss: 283.3040771484 - MSE: 282.71414 - batch_Time: 0.39914105692878366s
Epoch[2/20 529/700] - Loss: 239.5229797363 - MSE: 239.05573 - batch_Time: 0.3985278040636331s
Epoch[2/20 530/700] - Loss: 257.1796569824 - MSE: 256.54019 - batch_Time: 0.3966929940506816s
Epoch[2/20 531/700] - Loss: 169.4519042969 - MSE: 169.09328 - batch_Time: 0.4010891148354858s
Epoch[2/20 532/700] - Loss: 308.7223510742 - MSE: 308.25244 - batch_Time: 0.40125215286388993s
Epoch[2/20 533/700] - Loss: 188.6597290039 - MSE: 188.02444 - batch_Time: 0.40207695309072733s
Epoch[2/20 534/700] - Loss: 164.9291534424 - MSE: 164.39209 - batch_Time: 0.3960760810878128s
Epoch[2/20 535/700] - Loss: 206.6681365967 - MSE: 206.23111 - batch_Time: 0.3982138060964644s
Epoch[2/20 536/700] - Loss: 228.2621307373 - MSE: 227.76968 - batch_Time: 0.4005693099461496s
Epoch[2/20 537/700] - Loss: 192.3249816895 - MSE: 191.53641 - batch_Time: 0.3976937630213797s
Epoch[2/20 538/700] - Loss: 231.8886108398 - MSE: 231.12331 - batch_Time: 0.3960657808929682s
Epoch[2/20 539/700] - Loss: 195.4577026367 - MSE: 195.00397 - batch_Time: 0.3968220029491931s
Epoch[2/20 540/700] - Loss: 366.2767639160 - MSE: 365.47614 - batch_Time: 0.3982916169334203s
Epoch[2/20 541/700] - Loss: 314.4110717773 - MSE: 313.73267 - batch_Time: 0.4013840521220118s
Epoch[2/20 542/700] - Loss: 206.9579620361 - MSE: 206.41293 - batch_Time: 0.39857343304902315s
Epoch[2/20 543/700] - Loss: 199.2572631836 - MSE: 198.56664 - batch_Time: 0.39867672184482217s
Epoch[2/20 544/700] - Loss: 217.9674377441 - MSE: 217.53485 - batch_Time: 0.40021616499871016s
Epoch[2/20 545/700] - Loss: 236.9675598145 - MSE: 236.34792 - batch_Time: 0.40422159992158413s
Epoch[2/20 546/700] - Loss: 231.6686706543 - MSE: 230.93399 - batch_Time: 0.40204985393211246s
Epoch[2/20 547/700] - Loss: 133.5677795410 - MSE: 133.14053 - batch_Time: 0.4058207517955452s
Epoch[2/20 548/700] - Loss: 198.5588989258 - MSE: 198.14935 - batch_Time: 0.39920750609599054s
Epoch[2/20 549/700] - Loss: 220.3369750977 - MSE: 219.86705 - batch_Time: 0.3985358839854598s
Epoch[2/20 550/700] - Loss: 313.0690917969 - MSE: 312.55212 - batch_Time: 0.39567757584154606s
Epoch[2/20 551/700] - Loss: 305.7026367188 - MSE: 305.04468 - batch_Time: 0.40643735509365797s
Epoch[2/20 552/700] - Loss: 219.7114562988 - MSE: 219.46869 - batch_Time: 0.4015730591490865s
Epoch[2/20 553/700] - Loss: 117.2390975952 - MSE: 116.86899 - batch_Time: 0.3968264830764383s
Epoch[2/20 554/700] - Loss: 349.2385559082 - MSE: 348.57187 - batch_Time: 0.40094758686609566s
Epoch[2/20 555/700] - Loss: 150.1981811523 - MSE: 149.71915 - batch_Time: 0.4068913699593395s
Epoch[2/20 556/700] - Loss: 283.7422485352 - MSE: 283.10815 - batch_Time: 0.39781224192120135s
Epoch[2/20 557/700] - Loss: 186.0400695801 - MSE: 185.72673 - batch_Time: 0.40481140301562846s
Epoch[2/20 558/700] - Loss: 167.4991607666 - MSE: 166.99284 - batch_Time: 0.40208854409866035s
Epoch[2/20 559/700] - Loss: 131.8718566895 - MSE: 131.55579 - batch_Time: 0.40919276396743953s
Epoch[2/20 560/700] - Loss: 245.4166412354 - MSE: 244.92088 - batch_Time: 0.4017379980068654s
Epoch[2/20 561/700] - Loss: 258.4775390625 - MSE: 258.07056 - batch_Time: 0.4033012499567121s
Epoch[2/20 562/700] - Loss: 246.0514373779 - MSE: 245.69984 - batch_Time: 0.40319796092808247s
Epoch[2/20 563/700] - Loss: 212.0007629395 - MSE: 211.51392 - batch_Time: 0.4062982271425426s
Epoch[2/20 564/700] - Loss: 233.3328094482 - MSE: 232.81195 - batch_Time: 0.401644408935681s
Epoch[2/20 565/700] - Loss: 247.6663665771 - MSE: 247.21719 - batch_Time: 0.40467091486789286s
Epoch[2/20 566/700] - Loss: 296.9683837891 - MSE: 296.20813 - batch_Time: 0.4023693408817053s
Epoch[2/20 567/700] - Loss: 205.1193389893 - MSE: 204.44608 - batch_Time: 0.40508816996589303s
Epoch[2/20 568/700] - Loss: 317.5133666992 - MSE: 317.12213 - batch_Time: 0.4018795657902956s
Epoch[2/20 569/700] - Loss: 211.1125488281 - MSE: 210.52652 - batch_Time: 0.39994315803050995s
Epoch[2/20 570/700] - Loss: 221.7092895508 - MSE: 221.27478 - batch_Time: 0.4020696438383311s
Epoch[2/20 571/700] - Loss: 210.1472015381 - MSE: 209.76169 - batch_Time: 0.402525139041245s
Epoch[2/20 572/700] - Loss: 327.7693481445 - MSE: 326.99722 - batch_Time: 0.40282398485578597s
Epoch[2/20 573/700] - Loss: 204.1725921631 - MSE: 203.81670 - batch_Time: 0.40395491290837526s
Epoch[2/20 574/700] - Loss: 253.5193481445 - MSE: 253.15097 - batch_Time: 0.4029783040750772s
Epoch[2/20 575/700] - Loss: 207.0697631836 - MSE: 206.79904 - batch_Time: 0.4065986729692668s
Epoch[2/20 576/700] - Loss: 274.2250976562 - MSE: 273.74435 - batch_Time: 0.40148129081353545s
Epoch[2/20 577/700] - Loss: 146.4435424805 - MSE: 146.14301 - batch_Time: 0.40609249914996326s
Epoch[2/20 578/700] - Loss: 332.4337158203 - MSE: 331.83069 - batch_Time: 0.4019238061737269s
Epoch[2/20 579/700] - Loss: 204.8474731445 - MSE: 204.23122 - batch_Time: 0.40755840204656124s
Epoch[2/20 580/700] - Loss: 214.9780426025 - MSE: 214.33775 - batch_Time: 0.39660413516685367s
Epoch[2/20 581/700] - Loss: 191.9971313477 - MSE: 191.66202 - batch_Time: 0.40034211287274957s
Epoch[2/20 582/700] - Loss: 286.4863281250 - MSE: 286.04721 - batch_Time: 0.398031439865008s
Epoch[2/20 583/700] - Loss: 215.1739807129 - MSE: 214.57164 - batch_Time: 0.40686714998446405s
Epoch[2/20 584/700] - Loss: 172.2611236572 - MSE: 171.92590 - batch_Time: 0.3969518418889493s
Epoch[2/20 585/700] - Loss: 209.8278350830 - MSE: 209.09612 - batch_Time: 0.39737892686389387s
Epoch[2/20 586/700] - Loss: 194.3220367432 - MSE: 193.97569 - batch_Time: 0.4017158979550004s
Epoch[2/20 587/700] - Loss: 172.4268188477 - MSE: 172.04953 - batch_Time: 0.3970516510307789s
Epoch[2/20 588/700] - Loss: 308.3493347168 - MSE: 307.56885 - batch_Time: 0.3989056791178882s
Epoch[2/20 589/700] - Loss: 279.6946411133 - MSE: 279.26309 - batch_Time: 0.40094926697202027s
Epoch[2/20 590/700] - Loss: 154.7988128662 - MSE: 154.06940 - batch_Time: 0.3956386670470238s
Epoch[2/20 591/700] - Loss: 250.8198242188 - MSE: 250.25737 - batch_Time: 0.4016419891268015s
Epoch[2/20 592/700] - Loss: 186.0023956299 - MSE: 185.57526 - batch_Time: 0.4001362060662359s
Epoch[2/20 593/700] - Loss: 386.9851074219 - MSE: 386.38718 - batch_Time: 0.3994389339350164s
Epoch[2/20 594/700] - Loss: 167.9317016602 - MSE: 167.55779 - batch_Time: 0.40337062906473875s
Epoch[2/20 595/700] - Loss: 200.1452941895 - MSE: 199.49513 - batch_Time: 0.4009907660074532s
Epoch[2/20 596/700] - Loss: 335.1817321777 - MSE: 334.47021 - batch_Time: 0.39453868893906474s
Epoch[2/20 597/700] - Loss: 276.9061584473 - MSE: 276.52423 - batch_Time: 0.40983289713039994s
Epoch[2/20 598/700] - Loss: 440.3804626465 - MSE: 439.51157 - batch_Time: 0.4017884680069983s
Epoch[2/20 599/700] - Loss: 309.4785461426 - MSE: 308.76489 - batch_Time: 0.4058468220755458s
Epoch[2/20 600/700] - Loss: 381.9794006348 - MSE: 381.37753 - batch_Time: 0.40337312896735966s
Epoch[2/20 601/700] - Loss: 165.4176330566 - MSE: 165.12003 - batch_Time: 0.40401222207583487s
Epoch[2/20 602/700] - Loss: 388.7139892578 - MSE: 388.28986 - batch_Time: 0.40124636399559677s
Epoch[2/20 603/700] - Loss: 202.7648925781 - MSE: 202.39243 - batch_Time: 0.3968479330651462s
Epoch[2/20 604/700] - Loss: 214.9604797363 - MSE: 214.44627 - batch_Time: 0.3950334438122809s
Epoch[2/20 605/700] - Loss: 163.6398620605 - MSE: 163.24342 - batch_Time: 0.4010371759068221s
Epoch[2/20 606/700] - Loss: 327.9017944336 - MSE: 327.48694 - batch_Time: 0.3950406238436699s
Epoch[2/20 607/700] - Loss: 246.0154113770 - MSE: 245.44099 - batch_Time: 0.4036305870395154s
Epoch[2/20 608/700] - Loss: 323.8762512207 - MSE: 323.03522 - batch_Time: 0.4010203261859715s
Epoch[2/20 609/700] - Loss: 353.1088256836 - MSE: 352.60809 - batch_Time: 0.3959527232218534s
Epoch[2/20 610/700] - Loss: 150.6661071777 - MSE: 150.37909 - batch_Time: 0.4001472562085837s
Epoch[2/20 611/700] - Loss: 231.6918029785 - MSE: 231.27313 - batch_Time: 0.4038118850439787s
Epoch[2/20 612/700] - Loss: 253.9020233154 - MSE: 253.01855 - batch_Time: 0.40306851314380765s
Epoch[2/20 613/700] - Loss: 250.4945068359 - MSE: 250.10870 - batch_Time: 0.4014625211711973s
Epoch[2/20 614/700] - Loss: 267.2499389648 - MSE: 266.70166 - batch_Time: 0.40122244390659034s
Epoch[2/20 615/700] - Loss: 249.1663818359 - MSE: 248.12970 - batch_Time: 0.3957541959825903s
Epoch[2/20 616/700] - Loss: 234.7879943848 - MSE: 234.51471 - batch_Time: 0.3970816701184958s
Epoch[2/20 617/700] - Loss: 248.2214202881 - MSE: 247.84344 - batch_Time: 0.3974331468343735s
Epoch[2/20 618/700] - Loss: 321.4274597168 - MSE: 320.92743 - batch_Time: 0.40231892094016075s
Epoch[2/20 619/700] - Loss: 217.7597503662 - MSE: 217.46889 - batch_Time: 0.39904979802668095s
Epoch[2/20 620/700] - Loss: 198.5964660645 - MSE: 198.22015 - batch_Time: 0.39758859504945576s
Epoch[2/20 621/700] - Loss: 265.0788269043 - MSE: 264.53339 - batch_Time: 0.39703827002085745s
Epoch[2/20 622/700] - Loss: 300.2974853516 - MSE: 299.65051 - batch_Time: 0.39652715693227947s
Epoch[2/20 623/700] - Loss: 338.8397216797 - MSE: 338.16599 - batch_Time: 0.4014410609379411s
Epoch[2/20 624/700] - Loss: 191.8833465576 - MSE: 191.35965 - batch_Time: 0.39796040998771787s
Epoch[2/20 625/700] - Loss: 234.6882019043 - MSE: 234.26218 - batch_Time: 0.39790935115888715s
Epoch[2/20 626/700] - Loss: 156.4346008301 - MSE: 156.10971 - batch_Time: 0.3969815520104021s
Epoch[2/20 627/700] - Loss: 244.5826110840 - MSE: 244.07202 - batch_Time: 0.4019178960006684s
Epoch[2/20 628/700] - Loss: 202.6389770508 - MSE: 202.33202 - batch_Time: 0.400690478971228s
Epoch[2/20 629/700] - Loss: 189.1909332275 - MSE: 188.80344 - batch_Time: 0.3974927458912134s
Epoch[2/20 630/700] - Loss: 293.1932983398 - MSE: 292.45291 - batch_Time: 0.3972003888338804s
Epoch[2/20 631/700] - Loss: 179.9243469238 - MSE: 179.65253 - batch_Time: 0.4000688169617206s
Epoch[2/20 632/700] - Loss: 347.0181274414 - MSE: 346.47379 - batch_Time: 0.4048341528978199s
Epoch[2/20 633/700] - Loss: 193.9635162354 - MSE: 193.65021 - batch_Time: 0.4063989659771323s
Epoch[2/20 634/700] - Loss: 157.5330352783 - MSE: 157.03986 - batch_Time: 0.3985881928820163s
Epoch[2/20 635/700] - Loss: 477.1944580078 - MSE: 476.46356 - batch_Time: 0.3975358249153942s
Epoch[2/20 636/700] - Loss: 341.4548950195 - MSE: 340.84528 - batch_Time: 0.3977609630674124s
Epoch[2/20 637/700] - Loss: 257.0859680176 - MSE: 256.65826 - batch_Time: 0.40192745602689683s
Epoch[2/20 638/700] - Loss: 176.6282043457 - MSE: 175.99677 - batch_Time: 0.4022921819705516s
Epoch[2/20 639/700] - Loss: 237.6765289307 - MSE: 237.02063 - batch_Time: 0.41211040085181594s
Epoch[2/20 640/700] - Loss: 379.8185424805 - MSE: 379.16119 - batch_Time: 0.4021774330176413s
Epoch[2/20 641/700] - Loss: 387.5937194824 - MSE: 386.79205 - batch_Time: 0.4020211352035403s
Epoch[2/20 642/700] - Loss: 292.2192382812 - MSE: 291.43967 - batch_Time: 0.3968918430618942s
Epoch[2/20 643/700] - Loss: 625.8670654297 - MSE: 625.01208 - batch_Time: 0.4047629442065954s
Epoch[2/20 644/700] - Loss: 296.8395080566 - MSE: 296.42841 - batch_Time: 0.3945490289479494s
Epoch[2/20 645/700] - Loss: 317.9063110352 - MSE: 317.52710 - batch_Time: 0.4113532300107181s
Epoch[2/20 646/700] - Loss: 269.0115356445 - MSE: 268.35095 - batch_Time: 0.40372452582232654s
Epoch[2/20 647/700] - Loss: 384.4146118164 - MSE: 383.59808 - batch_Time: 0.40239433106034994s
Epoch[2/20 648/700] - Loss: 280.8685302734 - MSE: 280.21368 - batch_Time: 0.4061357080936432s
Epoch[2/20 649/700] - Loss: 291.9853515625 - MSE: 291.44885 - batch_Time: 0.39851928409188986s
Epoch[2/20 650/700] - Loss: 458.7738647461 - MSE: 457.98883 - batch_Time: 0.3980397598352283s
Epoch[2/20 651/700] - Loss: 314.7326354980 - MSE: 314.26328 - batch_Time: 0.4011214261408895s
Epoch[2/20 652/700] - Loss: 403.2077026367 - MSE: 402.34109 - batch_Time: 0.40210576402023435s
Epoch[2/20 653/700] - Loss: 396.2891540527 - MSE: 395.62939 - batch_Time: 0.3970683109946549s
Epoch[2/20 654/700] - Loss: 311.4185180664 - MSE: 310.86728 - batch_Time: 0.4025504889432341s
Epoch[2/20 655/700] - Loss: 252.7833404541 - MSE: 252.21179 - batch_Time: 0.3990148389711976s
Epoch[2/20 656/700] - Loss: 290.6268920898 - MSE: 290.16132 - batch_Time: 0.4007841788697988s
Epoch[2/20 657/700] - Loss: 184.8360900879 - MSE: 184.38202 - batch_Time: 0.40117463399656117s
Epoch[2/20 658/700] - Loss: 242.3254241943 - MSE: 241.98270 - batch_Time: 0.39703786093741655s
Epoch[2/20 659/700] - Loss: 163.5647888184 - MSE: 163.05501 - batch_Time: 0.39995767804794014s
Epoch[2/20 660/700] - Loss: 274.3043823242 - MSE: 273.38312 - batch_Time: 0.3967101350426674s
Epoch[2/20 661/700] - Loss: 188.3803253174 - MSE: 187.54227 - batch_Time: 0.396353499032557s
Epoch[2/20 662/700] - Loss: 197.9235992432 - MSE: 197.04942 - batch_Time: 0.4013061330188066s
Epoch[2/20 663/700] - Loss: 191.8995361328 - MSE: 191.10434 - batch_Time: 0.3968466429505497s
Epoch[2/20 664/700] - Loss: 278.5944213867 - MSE: 277.69669 - batch_Time: 0.3974309670738876s
Epoch[2/20 665/700] - Loss: 247.1541748047 - MSE: 246.44922 - batch_Time: 0.39877602201886475s
Epoch[2/20 666/700] - Loss: 266.6291809082 - MSE: 265.78119 - batch_Time: 0.3981293581891805s
Epoch[2/20 667/700] - Loss: 259.0161743164 - MSE: 258.34570 - batch_Time: 0.4011522848159075s
Epoch[2/20 668/700] - Loss: 280.3251953125 - MSE: 279.31042 - batch_Time: 0.40357975801452994s
Epoch[2/20 669/700] - Loss: 286.3620605469 - MSE: 285.75848 - batch_Time: 0.39790244214236736s
Epoch[2/20 670/700] - Loss: 263.4456787109 - MSE: 262.85144 - batch_Time: 0.39650444709695876s
Epoch[2/20 671/700] - Loss: 300.1845397949 - MSE: 299.47662 - batch_Time: 0.4013964319601655s
Epoch[2/20 672/700] - Loss: 318.5109252930 - MSE: 318.18567 - batch_Time: 0.4019962549209595s
Epoch[2/20 673/700] - Loss: 326.8704223633 - MSE: 326.05948 - batch_Time: 0.402371970936656s
Epoch[2/20 674/700] - Loss: 307.5442810059 - MSE: 306.96344 - batch_Time: 0.4039817340672016s
Epoch[2/20 675/700] - Loss: 224.0571594238 - MSE: 223.58841 - batch_Time: 0.400644970824942s
Epoch[2/20 676/700] - Loss: 269.3362426758 - MSE: 268.85187 - batch_Time: 0.39717842009849846s
Epoch[2/20 677/700] - Loss: 232.9939270020 - MSE: 232.33148 - batch_Time: 0.39842845615930855s
Epoch[2/20 678/700] - Loss: 289.9636840820 - MSE: 289.40723 - batch_Time: 0.40514965006150305s
Epoch[2/20 679/700] - Loss: 246.5226898193 - MSE: 246.03505 - batch_Time: 0.4054659160319716s
Epoch[2/20 680/700] - Loss: 225.2273101807 - MSE: 224.61996 - batch_Time: 0.3990827281959355s
Epoch[2/20 681/700] - Loss: 259.9147949219 - MSE: 259.50122 - batch_Time: 0.3986795030068606s
Epoch[2/20 682/700] - Loss: 336.1022033691 - MSE: 335.58246 - batch_Time: 0.39791081100702286s
Epoch[2/20 683/700] - Loss: 284.1994323730 - MSE: 283.51218 - batch_Time: 0.40396480401977897s
Epoch[2/20 684/700] - Loss: 240.7234039307 - MSE: 240.25755 - batch_Time: 0.4001058761496097s
Epoch[2/20 685/700] - Loss: 249.3197631836 - MSE: 248.87839 - batch_Time: 0.40165326884016395s
Epoch[2/20 686/700] - Loss: 139.2506713867 - MSE: 138.75900 - batch_Time: 0.4003286238294095s
Epoch[2/20 687/700] - Loss: 220.0999755859 - MSE: 219.55482 - batch_Time: 0.4057501829229295s
Epoch[2/20 688/700] - Loss: 257.9672851562 - MSE: 257.37003 - batch_Time: 0.39768129400908947s
Epoch[2/20 689/700] - Loss: 194.4176025391 - MSE: 194.02043 - batch_Time: 0.3964655380696058s
Epoch[2/20 690/700] - Loss: 253.4649963379 - MSE: 252.91212 - batch_Time: 0.4026206089183688s
Epoch[2/20 691/700] - Loss: 168.6684265137 - MSE: 168.36786 - batch_Time: 0.408357793930918s
Epoch[2/20 692/700] - Loss: 272.6342468262 - MSE: 272.25800 - batch_Time: 0.395591578213498s
Epoch[2/20 693/700] - Loss: 163.4013977051 - MSE: 163.00285 - batch_Time: 0.3969124620780349s
Epoch[2/20 694/700] - Loss: 383.8161315918 - MSE: 383.39426 - batch_Time: 0.40035963407717645s
Epoch[2/20 695/700] - Loss: 137.1208648682 - MSE: 136.85840 - batch_Time: 0.3967845239676535s
Epoch[2/20 696/700] - Loss: 205.5249023438 - MSE: 205.12811 - batch_Time: 0.3964470678474754s
Epoch[2/20 697/700] - Loss: 278.7084960938 - MSE: 278.16302 - batch_Time: 0.39734379784204066s
Epoch[2/20 698/700] - Loss: 298.4368591309 - MSE: 297.93118 - batch_Time: 0.3972843689844012s
Epoch[2/20 699/700] - Loss: 331.6802978516 - MSE: 331.20709 - batch_Time: 0.3965830060187727s
Epoch[2] - 2021-08-06 21:19:12.785335
/hy-tmp/OURS/ttsr_dx/experiment.py:171: UserWarning: torch.nn.utils.clip_grad_norm is now deprecated in favor of torch.nn.utils.clip_grad_norm_.
  nn.utils.clip_grad_norm(self.model.parameters(), 1, norm_type=2)
Epoch[2- train_loss: 263.2409461539 - train_error: 262.6889276886 - val_loss: 70.4557765961 - val_error: 70.2950758171 - val_psnr: 29.9182698898 - val_ssim: 0.8097743888 - epoch_Time: 360.92363480012864s
Save Model in Epoch:2
Current learning rate: 0.0001
Epoch[3/20] - 2021-08-06 21:20:23.124441
Epoch[3/20 0/700] - Loss: 307.9322814941 - MSE: 307.37698 - batch_Time: 0.4171354961581528s
Epoch[3/20 1/700] - Loss: 212.9008789062 - MSE: 212.55542 - batch_Time: 0.40081183006986976s
Epoch[3/20 2/700] - Loss: 245.9581756592 - MSE: 245.49086 - batch_Time: 0.3938606281299144s
Epoch[3/20 3/700] - Loss: 218.3841247559 - MSE: 217.97705 - batch_Time: 0.3945888401940465s
Epoch[3/20 4/700] - Loss: 425.1235351562 - MSE: 424.19504 - batch_Time: 0.3944372711703181s
Epoch[3/20 5/700] - Loss: 211.2655487061 - MSE: 210.85733 - batch_Time: 0.4023129229899496s
Epoch[3/20 6/700] - Loss: 228.6592102051 - MSE: 228.18427 - batch_Time: 0.39438448194414377s
Epoch[3/20 7/700] - Loss: 450.5239868164 - MSE: 449.90408 - batch_Time: 0.3930340469814837s
Epoch[3/20 8/700] - Loss: 177.4985198975 - MSE: 177.04391 - batch_Time: 0.39459167001768947s
Epoch[3/20 9/700] - Loss: 188.3271484375 - MSE: 187.96428 - batch_Time: 0.39801006205379963s
Epoch[3/20 10/700] - Loss: 233.9142608643 - MSE: 233.38901 - batch_Time: 0.39645646908320487s
Epoch[3/20 11/700] - Loss: 290.5298461914 - MSE: 290.00317 - batch_Time: 0.3989329310134053s
Epoch[3/20 12/700] - Loss: 297.9705200195 - MSE: 297.33234 - batch_Time: 0.39790600212290883s
Epoch[3/20 13/700] - Loss: 423.8170776367 - MSE: 423.13406 - batch_Time: 0.39486936712637544s
Epoch[3/20 14/700] - Loss: 313.9421081543 - MSE: 313.21262 - batch_Time: 0.39956232416443527s
Epoch[3/20 15/700] - Loss: 228.1139221191 - MSE: 227.62457 - batch_Time: 0.39770741504617035s
Epoch[3/20 16/700] - Loss: 241.6451873779 - MSE: 241.25365 - batch_Time: 0.40011041797697544s
Epoch[3/20 17/700] - Loss: 320.6278381348 - MSE: 319.90839 - batch_Time: 0.3946949690580368s
Epoch[3/20 18/700] - Loss: 249.7831726074 - MSE: 249.25977 - batch_Time: 0.39126029796898365s
Epoch[3/20 19/700] - Loss: 237.9781494141 - MSE: 237.24442 - batch_Time: 0.3973865588195622s
Epoch[3/20 20/700] - Loss: 235.8949737549 - MSE: 235.28925 - batch_Time: 0.3970117818098515s
Epoch[3/20 21/700] - Loss: 194.7515716553 - MSE: 194.25676 - batch_Time: 0.39879922312684357s
Epoch[3/20 22/700] - Loss: 246.3989105225 - MSE: 245.76993 - batch_Time: 0.39780018385499716s
Epoch[3/20 23/700] - Loss: 251.1464233398 - MSE: 250.72943 - batch_Time: 0.3996628930326551s
Epoch[3/20 24/700] - Loss: 214.3260192871 - MSE: 213.86263 - batch_Time: 0.39653514907695353s
Epoch[3/20 25/700] - Loss: 260.4451904297 - MSE: 259.81116 - batch_Time: 0.3982493991497904s
Epoch[3/20 26/700] - Loss: 309.6108093262 - MSE: 309.08417 - batch_Time: 0.39842073689214885s
Epoch[3/20 27/700] - Loss: 171.1027832031 - MSE: 170.69704 - batch_Time: 0.39815562102012336s
Epoch[3/20 28/700] - Loss: 178.7036132812 - MSE: 178.33186 - batch_Time: 0.3939945369493216s
Epoch[3/20 29/700] - Loss: 181.5701141357 - MSE: 181.13818 - batch_Time: 0.40100632794201374s
Epoch[3/20 30/700] - Loss: 202.2593994141 - MSE: 201.89401 - batch_Time: 0.40338697005063295s
Epoch[3/20 31/700] - Loss: 227.5332336426 - MSE: 227.14648 - batch_Time: 0.4016120301093906s
Epoch[3/20 32/700] - Loss: 272.8845825195 - MSE: 272.09314 - batch_Time: 0.3984989058226347s
Epoch[3/20 33/700] - Loss: 203.6353302002 - MSE: 202.78069 - batch_Time: 0.3992050278466195s
Epoch[3/20 34/700] - Loss: 246.3600006104 - MSE: 245.94728 - batch_Time: 0.4009959581308067s
Epoch[3/20 35/700] - Loss: 227.2989349365 - MSE: 226.91502 - batch_Time: 0.39733822806738317s
Epoch[3/20 36/700] - Loss: 252.5928955078 - MSE: 251.94424 - batch_Time: 0.398584873881191s
Epoch[3/20 37/700] - Loss: 213.0980377197 - MSE: 212.54263 - batch_Time: 0.3988684208597988s
Epoch[3/20 38/700] - Loss: 237.4775085449 - MSE: 237.19432 - batch_Time: 0.3976846251171082s
Epoch[3/20 39/700] - Loss: 196.5837097168 - MSE: 196.11269 - batch_Time: 0.3984339570160955s
Epoch[3/20 40/700] - Loss: 241.0876770020 - MSE: 240.81143 - batch_Time: 0.3988932608626783s
Epoch[3/20 41/700] - Loss: 338.9738464355 - MSE: 338.51163 - batch_Time: 0.3988254920113832s
Epoch[3/20 42/700] - Loss: 319.0053100586 - MSE: 318.58282 - batch_Time: 0.39807453099638224s
Epoch[3/20 43/700] - Loss: 386.0548706055 - MSE: 385.61145 - batch_Time: 0.40170695004053414s
Epoch[3/20 44/700] - Loss: 193.7707519531 - MSE: 193.30659 - batch_Time: 0.39601276395842433s
Epoch[3/20 45/700] - Loss: 277.6808471680 - MSE: 277.17499 - batch_Time: 0.3997961110435426s
Epoch[3/20 46/700] - Loss: 248.2648773193 - MSE: 247.82628 - batch_Time: 0.3980915208812803s
Epoch[3/20 47/700] - Loss: 282.2918395996 - MSE: 281.86087 - batch_Time: 0.4001885468605906s
Epoch[3/20 48/700] - Loss: 450.9696044922 - MSE: 450.45865 - batch_Time: 0.40073449118062854s
Epoch[3/20 49/700] - Loss: 239.9592285156 - MSE: 239.51639 - batch_Time: 0.40224778302945197s
Epoch[3/20 50/700] - Loss: 260.2581481934 - MSE: 259.75107 - batch_Time: 0.3945897000376135s
Epoch[3/20 51/700] - Loss: 391.4436035156 - MSE: 390.80878 - batch_Time: 0.39890683093108237s
Epoch[3/20 52/700] - Loss: 293.7340087891 - MSE: 293.19370 - batch_Time: 0.3962955109309405s
Epoch[3/20 53/700] - Loss: 233.7167968750 - MSE: 233.13605 - batch_Time: 0.3955899188295007s
Epoch[3/20 54/700] - Loss: 248.3544921875 - MSE: 247.83162 - batch_Time: 0.39945953502319753s
Epoch[3/20 55/700] - Loss: 317.9942626953 - MSE: 317.19321 - batch_Time: 0.40386206610128284s
Epoch[3/20 56/700] - Loss: 338.3961791992 - MSE: 337.80170 - batch_Time: 0.39891433087177575s
Epoch[3/20 57/700] - Loss: 262.7290954590 - MSE: 262.21732 - batch_Time: 0.4103035640437156s
Epoch[3/20 58/700] - Loss: 244.6521301270 - MSE: 244.20682 - batch_Time: 0.39293804788030684s
Epoch[3/20 59/700] - Loss: 266.7157897949 - MSE: 266.28094 - batch_Time: 0.39307441702112556s
Epoch[3/20 60/700] - Loss: 247.0120239258 - MSE: 246.62784 - batch_Time: 0.3961930819787085s
Epoch[3/20 61/700] - Loss: 245.1724243164 - MSE: 244.63387 - batch_Time: 0.40045118401758373s
Epoch[3/20 62/700] - Loss: 327.9971313477 - MSE: 327.53607 - batch_Time: 0.3966145080048591s
Epoch[3/20 63/700] - Loss: 282.7870178223 - MSE: 282.36148 - batch_Time: 0.39672302501276135s
Epoch[3/20 64/700] - Loss: 268.3255920410 - MSE: 267.79575 - batch_Time: 0.4024683409370482s
Epoch[3/20 65/700] - Loss: 279.2246704102 - MSE: 278.65353 - batch_Time: 0.3965655779466033s
Epoch[3/20 66/700] - Loss: 181.3192596436 - MSE: 180.86458 - batch_Time: 0.39778176392428577s
Epoch[3/20 67/700] - Loss: 324.3969421387 - MSE: 323.71289 - batch_Time: 0.3991056701634079s
Epoch[3/20 68/700] - Loss: 240.9354553223 - MSE: 240.52066 - batch_Time: 0.39690651395358145s
Epoch[3/20 69/700] - Loss: 231.7406463623 - MSE: 231.26401 - batch_Time: 0.3971402619499713s
Epoch[3/20 70/700] - Loss: 182.6573333740 - MSE: 182.09277 - batch_Time: 0.4029203860554844s
Epoch[3/20 71/700] - Loss: 288.3171081543 - MSE: 287.44980 - batch_Time: 0.39609280298464s
Epoch[3/20 72/700] - Loss: 161.2122955322 - MSE: 160.84819 - batch_Time: 0.39623425202444196s
Epoch[3/20 73/700] - Loss: 208.8509063721 - MSE: 208.36334 - batch_Time: 0.39977899193763733s
Epoch[3/20 74/700] - Loss: 141.4329833984 - MSE: 140.89105 - batch_Time: 0.3967142959591001s
Epoch[3/20 75/700] - Loss: 176.4696807861 - MSE: 175.76328 - batch_Time: 0.4118376160040498s
Epoch[3/20 76/700] - Loss: 204.9719390869 - MSE: 204.57689 - batch_Time: 0.3941547649446875s
Epoch[3/20 77/700] - Loss: 289.2127075195 - MSE: 288.82019 - batch_Time: 0.3962431519757956s
Epoch[3/20 78/700] - Loss: 205.5550842285 - MSE: 205.01099 - batch_Time: 0.39575729705393314s
Epoch[3/20 79/700] - Loss: 236.0497436523 - MSE: 235.48174 - batch_Time: 0.4011794759426266s
Epoch[3/20 80/700] - Loss: 230.6356201172 - MSE: 230.19891 - batch_Time: 0.39572547702118754s
Epoch[3/20 81/700] - Loss: 216.7794647217 - MSE: 216.21262 - batch_Time: 0.3967916960828006s
Epoch[3/20 82/700] - Loss: 220.7946166992 - MSE: 220.30365 - batch_Time: 0.4011888960376382s
Epoch[3/20 83/700] - Loss: 123.1392517090 - MSE: 122.87620 - batch_Time: 0.39790943288244307s
Epoch[3/20 84/700] - Loss: 144.8437805176 - MSE: 144.56915 - batch_Time: 0.40004223911091685s
Epoch[3/20 85/700] - Loss: 147.4527587891 - MSE: 146.72342 - batch_Time: 0.3990073511376977s
Epoch[3/20 86/700] - Loss: 170.0906982422 - MSE: 169.66071 - batch_Time: 0.40274909883737564s
Epoch[3/20 87/700] - Loss: 206.1040802002 - MSE: 205.67133 - batch_Time: 0.40067103295587003s
Epoch[3/20 88/700] - Loss: 366.7557678223 - MSE: 365.89386 - batch_Time: 0.4026664791163057s
Epoch[3/20 89/700] - Loss: 225.9043273926 - MSE: 225.65213 - batch_Time: 0.40500996308401227s
Epoch[3/20 90/700] - Loss: 375.4187316895 - MSE: 374.69778 - batch_Time: 0.40383447613567114s
Epoch[3/20 91/700] - Loss: 218.6311492920 - MSE: 218.23062 - batch_Time: 0.4038557759486139s
Epoch[3/20 92/700] - Loss: 312.1403808594 - MSE: 311.57343 - batch_Time: 0.40552337700501084s
Epoch[3/20 93/700] - Loss: 245.0756225586 - MSE: 244.45914 - batch_Time: 0.3994906051084399s
Epoch[3/20 94/700] - Loss: 175.9253387451 - MSE: 175.57700 - batch_Time: 0.399385147029534s
Epoch[3/20 95/700] - Loss: 222.2067718506 - MSE: 221.81766 - batch_Time: 0.40015009813942015s
Epoch[3/20 96/700] - Loss: 286.6423950195 - MSE: 286.27664 - batch_Time: 0.3998971909750253s
Epoch[3/20 97/700] - Loss: 187.3827209473 - MSE: 186.88408 - batch_Time: 0.39670754596590996s
Epoch[3/20 98/700] - Loss: 150.7596740723 - MSE: 150.52931 - batch_Time: 0.39681189600378275s
Epoch[3/20 99/700] - Loss: 205.9431610107 - MSE: 205.52336 - batch_Time: 0.3978711429517716s
Epoch[3/20 100/700] - Loss: 258.3477172852 - MSE: 257.90851 - batch_Time: 0.4009122389834374s
Epoch[3/20 101/700] - Loss: 122.0733184814 - MSE: 121.72888 - batch_Time: 0.39733453001827s
Epoch[3/20 102/700] - Loss: 349.0903320312 - MSE: 348.15823 - batch_Time: 0.39933438692241907s
Epoch[3/20 103/700] - Loss: 281.7269897461 - MSE: 281.43152 - batch_Time: 0.39524428197182715s
Epoch[3/20 104/700] - Loss: 257.6533203125 - MSE: 257.12915 - batch_Time: 0.40087159001268446s
Epoch[3/20 105/700] - Loss: 310.3424682617 - MSE: 309.80533 - batch_Time: 0.3982538899872452s
Epoch[3/20 106/700] - Loss: 212.9265747070 - MSE: 212.47908 - batch_Time: 0.395262632984668s
Epoch[3/20 107/700] - Loss: 336.4318542480 - MSE: 335.80725 - batch_Time: 0.3941601950209588s
Epoch[3/20 108/700] - Loss: 283.5012207031 - MSE: 283.04004 - batch_Time: 0.40112344711087644s
Epoch[3/20 109/700] - Loss: 232.5079040527 - MSE: 232.04790 - batch_Time: 0.4020132969599217s
Epoch[3/20 110/700] - Loss: 288.1337585449 - MSE: 287.58981 - batch_Time: 0.39607432414777577s
Epoch[3/20 111/700] - Loss: 446.4576721191 - MSE: 445.76379 - batch_Time: 0.39851204585283995s
Epoch[3/20 112/700] - Loss: 314.2162780762 - MSE: 313.56989 - batch_Time: 0.40248563210479915s
Epoch[3/20 113/700] - Loss: 165.9070892334 - MSE: 165.26242 - batch_Time: 0.4022239549085498s
Epoch[3/20 114/700] - Loss: 331.3739624023 - MSE: 330.52664 - batch_Time: 0.4014959631022066s
Epoch[3/20 115/700] - Loss: 190.1468658447 - MSE: 189.85733 - batch_Time: 0.4016146610956639s
Epoch[3/20 116/700] - Loss: 177.2768554688 - MSE: 176.76315 - batch_Time: 0.4034365208353847s
Epoch[3/20 117/700] - Loss: 143.5023803711 - MSE: 143.13234 - batch_Time: 0.39591618604026735s
Epoch[3/20 118/700] - Loss: 204.7034912109 - MSE: 204.30978 - batch_Time: 0.40328051312826574s
Epoch[3/20 119/700] - Loss: 225.3506927490 - MSE: 224.97125 - batch_Time: 0.40439285011962056s
Epoch[3/20 120/700] - Loss: 210.9152832031 - MSE: 210.39639 - batch_Time: 0.4041763520799577s
Epoch[3/20 121/700] - Loss: 129.5842895508 - MSE: 129.28589 - batch_Time: 0.39861250505782664s
Epoch[3/20 122/700] - Loss: 214.8381958008 - MSE: 214.37772 - batch_Time: 0.3962835520505905s
Epoch[3/20 123/700] - Loss: 337.8226318359 - MSE: 337.27832 - batch_Time: 0.4030619449913502s
Epoch[3/20 124/700] - Loss: 208.6579895020 - MSE: 208.18872 - batch_Time: 0.39899946190416813s
Epoch[3/20 125/700] - Loss: 152.5930175781 - MSE: 152.24565 - batch_Time: 0.40126541489735246s
Epoch[3/20 126/700] - Loss: 331.6348876953 - MSE: 331.04553 - batch_Time: 0.42425459693185985s
Epoch[3/20 127/700] - Loss: 158.2786407471 - MSE: 157.86095 - batch_Time: 0.3945269810501486s
Epoch[3/20 128/700] - Loss: 132.0270385742 - MSE: 131.64178 - batch_Time: 0.39965013414621353s
Epoch[3/20 129/700] - Loss: 194.8309173584 - MSE: 194.33231 - batch_Time: 0.39573283796198666s
Epoch[3/20 130/700] - Loss: 188.0005798340 - MSE: 187.60498 - batch_Time: 0.39707423304207623s
Epoch[3/20 131/700] - Loss: 229.5369567871 - MSE: 229.00444 - batch_Time: 0.40078099095262587s
Epoch[3/20 132/700] - Loss: 237.2836914062 - MSE: 236.76794 - batch_Time: 0.403308492153883s
Epoch[3/20 133/700] - Loss: 171.2273712158 - MSE: 170.85751 - batch_Time: 0.4057087560649961s
Epoch[3/20 134/700] - Loss: 202.2782745361 - MSE: 201.70418 - batch_Time: 0.40337985195219517s
Epoch[3/20 135/700] - Loss: 180.8570556641 - MSE: 180.55553 - batch_Time: 0.40230244398117065s
Epoch[3/20 136/700] - Loss: 181.1231689453 - MSE: 180.75407 - batch_Time: 0.4006716129370034s
Epoch[3/20 137/700] - Loss: 169.9048767090 - MSE: 168.99188 - batch_Time: 0.39931742777116597s
Epoch[3/20 138/700] - Loss: 316.7474670410 - MSE: 315.93677 - batch_Time: 0.40183832915499806s
Epoch[3/20 139/700] - Loss: 208.7318725586 - MSE: 208.33772 - batch_Time: 0.3962331018410623s
Epoch[3/20 140/700] - Loss: 175.6774291992 - MSE: 175.16937 - batch_Time: 0.4002008468378335s
Epoch[3/20 141/700] - Loss: 392.0451965332 - MSE: 391.58734 - batch_Time: 0.40171555103734136s
Epoch[3/20 142/700] - Loss: 171.9609832764 - MSE: 171.61378 - batch_Time: 0.4013921038713306s
Epoch[3/20 143/700] - Loss: 157.7967071533 - MSE: 157.38904 - batch_Time: 0.40152325201779604s
Epoch[3/20 144/700] - Loss: 229.2329254150 - MSE: 228.32628 - batch_Time: 0.40124584501609206s
Epoch[3/20 145/700] - Loss: 210.0555572510 - MSE: 209.68193 - batch_Time: 0.4009823079686612s
Epoch[3/20 146/700] - Loss: 227.2097778320 - MSE: 226.77264 - batch_Time: 0.4005963441450149s
Epoch[3/20 147/700] - Loss: 100.9963455200 - MSE: 100.64516 - batch_Time: 0.4004417050164193s
Epoch[3/20 148/700] - Loss: 193.1744384766 - MSE: 192.91553 - batch_Time: 0.40255240094847977s
Epoch[3/20 149/700] - Loss: 386.8895568848 - MSE: 386.02554 - batch_Time: 0.40173945017158985s
Epoch[3/20 150/700] - Loss: 222.0252380371 - MSE: 221.68314 - batch_Time: 0.3993402770720422s
Epoch[3/20 151/700] - Loss: 174.0183410645 - MSE: 173.65880 - batch_Time: 0.4004723750986159s
Epoch[3/20 152/700] - Loss: 285.5647888184 - MSE: 285.01266 - batch_Time: 0.39632449112832546s
Epoch[3/20 153/700] - Loss: 88.7133102417 - MSE: 88.35423 - batch_Time: 0.4007707310374826s
Epoch[3/20 154/700] - Loss: 181.3201446533 - MSE: 180.84612 - batch_Time: 0.3994538760744035s
Epoch[3/20 155/700] - Loss: 183.5504150391 - MSE: 183.22021 - batch_Time: 0.4015512519981712s
Epoch[3/20 156/700] - Loss: 272.0601806641 - MSE: 271.54919 - batch_Time: 0.4040634741540998s
Epoch[3/20 157/700] - Loss: 271.8940124512 - MSE: 271.37613 - batch_Time: 0.40383688593283296s
Epoch[3/20 158/700] - Loss: 267.8812255859 - MSE: 267.48550 - batch_Time: 0.4103473329450935s
Epoch[3/20 159/700] - Loss: 177.9253234863 - MSE: 177.47969 - batch_Time: 0.40257664979435503s
Epoch[3/20 160/700] - Loss: 213.9681243896 - MSE: 213.24791 - batch_Time: 0.41208583395928144s
Epoch[3/20 161/700] - Loss: 241.1812591553 - MSE: 240.90053 - batch_Time: 0.40368448896333575s
Epoch[3/20 162/700] - Loss: 172.4013977051 - MSE: 171.95667 - batch_Time: 0.397892233915627s
Epoch[3/20 163/700] - Loss: 233.5487365723 - MSE: 233.08751 - batch_Time: 0.40176088991574943s
Epoch[3/20 164/700] - Loss: 215.0608215332 - MSE: 214.61295 - batch_Time: 0.3985190561506897s
Epoch[3/20 165/700] - Loss: 133.6010284424 - MSE: 133.20032 - batch_Time: 0.4025585209019482s
Epoch[3/20 166/700] - Loss: 182.4150085449 - MSE: 181.98180 - batch_Time: 0.4019207479432225s
Epoch[3/20 167/700] - Loss: 341.3850708008 - MSE: 340.80670 - batch_Time: 0.40175746008753777s
Epoch[3/20 168/700] - Loss: 391.2607421875 - MSE: 390.67874 - batch_Time: 0.40190533897839487s
Epoch[3/20 169/700] - Loss: 313.3833618164 - MSE: 312.94122 - batch_Time: 0.40407510404475033s
Epoch[3/20 170/700] - Loss: 244.8427581787 - MSE: 244.43590 - batch_Time: 0.4040793040767312s
Epoch[3/20 171/700] - Loss: 219.4850311279 - MSE: 218.99831 - batch_Time: 0.39348391303792596s
Epoch[3/20 172/700] - Loss: 383.7925109863 - MSE: 383.20270 - batch_Time: 0.3970400330144912s
Epoch[3/20 173/700] - Loss: 179.8994750977 - MSE: 179.53023 - batch_Time: 0.40107696782797575s
Epoch[3/20 174/700] - Loss: 190.3503875732 - MSE: 189.99591 - batch_Time: 0.40155007177963853s
Epoch[3/20 175/700] - Loss: 501.7317810059 - MSE: 500.85965 - batch_Time: 0.39879874396137893s
Epoch[3/20 176/700] - Loss: 211.4965515137 - MSE: 210.87280 - batch_Time: 0.3997803118545562s
Epoch[3/20 177/700] - Loss: 224.7773590088 - MSE: 224.39923 - batch_Time: 0.4003311258275062s
Epoch[3/20 178/700] - Loss: 274.0791931152 - MSE: 273.08636 - batch_Time: 0.4010839369148016s
Epoch[3/20 179/700] - Loss: 298.2374267578 - MSE: 297.81250 - batch_Time: 0.39966140408068895s
Epoch[3/20 180/700] - Loss: 204.7880706787 - MSE: 204.49295 - batch_Time: 0.4008352509699762s
Epoch[3/20 181/700] - Loss: 220.5991668701 - MSE: 220.20120 - batch_Time: 0.4008257498499006s
Epoch[3/20 182/700] - Loss: 233.1541137695 - MSE: 232.56308 - batch_Time: 0.4025571111124009s
Epoch[3/20 183/700] - Loss: 182.2900695801 - MSE: 181.93370 - batch_Time: 0.4016044621821493s
Epoch[3/20 184/700] - Loss: 134.7097625732 - MSE: 134.16229 - batch_Time: 0.40179614000953734s
Epoch[3/20 185/700] - Loss: 238.8351287842 - MSE: 238.37918 - batch_Time: 0.3993606970179826s
Epoch[3/20 186/700] - Loss: 122.7688446045 - MSE: 122.32097 - batch_Time: 0.40161857195198536s
Epoch[3/20 187/700] - Loss: 170.4641113281 - MSE: 170.05623 - batch_Time: 0.3990372410044074s
Epoch[3/20 188/700] - Loss: 205.7899932861 - MSE: 205.36858 - batch_Time: 0.39970996393822134s
Epoch[3/20 189/700] - Loss: 260.9484558105 - MSE: 260.43738 - batch_Time: 0.4011586068663746s
Epoch[3/20 190/700] - Loss: 361.2499389648 - MSE: 360.41553 - batch_Time: 0.3992808179464191s
Epoch[3/20 191/700] - Loss: 244.8383789062 - MSE: 244.22346 - batch_Time: 0.4014134439639747s
Epoch[3/20 192/700] - Loss: 225.9639282227 - MSE: 225.70816 - batch_Time: 0.4030022961087525s
Epoch[3/20 193/700] - Loss: 454.3783569336 - MSE: 453.62265 - batch_Time: 0.39867796492762864s
Epoch[3/20 194/700] - Loss: 256.4853515625 - MSE: 255.96198 - batch_Time: 0.40057398308999836s
Epoch[3/20 195/700] - Loss: 216.7425842285 - MSE: 216.27423 - batch_Time: 0.40309943491593003s
Epoch[3/20 196/700] - Loss: 193.8292236328 - MSE: 193.31874 - batch_Time: 0.40056522306986153s
Epoch[3/20 197/700] - Loss: 203.5608520508 - MSE: 202.75305 - batch_Time: 0.40001438022591174s
Epoch[3/20 198/700] - Loss: 147.5460510254 - MSE: 147.05884 - batch_Time: 0.40294304699636996s
Epoch[3/20 199/700] - Loss: 308.8899230957 - MSE: 308.30353 - batch_Time: 0.4014270140323788s
Epoch[3/20 200/700] - Loss: 252.4721679688 - MSE: 252.16214 - batch_Time: 0.4007323819678277s
Epoch[3/20 201/700] - Loss: 292.6167297363 - MSE: 291.95856 - batch_Time: 0.39898566086776555s
Epoch[3/20 202/700] - Loss: 192.9584655762 - MSE: 192.54013 - batch_Time: 0.40064662299118936s
Epoch[3/20 203/700] - Loss: 299.3378295898 - MSE: 298.66675 - batch_Time: 0.39952496509067714s
Epoch[3/20 204/700] - Loss: 200.7709197998 - MSE: 200.33310 - batch_Time: 0.3990620309486985s
Epoch[3/20 205/700] - Loss: 212.4084167480 - MSE: 212.05014 - batch_Time: 0.39888715208508074s
Epoch[3/20 206/700] - Loss: 137.1137695312 - MSE: 136.72832 - batch_Time: 0.4008320909924805s
Epoch[3/20 207/700] - Loss: 301.1767578125 - MSE: 300.35468 - batch_Time: 0.3993648369796574s
Epoch[3/20 208/700] - Loss: 182.5955657959 - MSE: 182.08322 - batch_Time: 0.3995645740069449s
Epoch[3/20 209/700] - Loss: 189.1598052979 - MSE: 188.69176 - batch_Time: 0.39845991716720164s
Epoch[3/20 210/700] - Loss: 207.4930572510 - MSE: 206.70081 - batch_Time: 0.39709965302608907s
Epoch[3/20 211/700] - Loss: 346.4907226562 - MSE: 345.80255 - batch_Time: 0.4023350840434432s
Epoch[3/20 212/700] - Loss: 195.2479095459 - MSE: 194.90875 - batch_Time: 0.39621660206466913s
Epoch[3/20 213/700] - Loss: 306.2572326660 - MSE: 305.70474 - batch_Time: 0.40053369384258986s
Epoch[3/20 214/700] - Loss: 219.5953369141 - MSE: 219.18175 - batch_Time: 0.39582019695080817s
Epoch[3/20 215/700] - Loss: 183.6783447266 - MSE: 183.36600 - batch_Time: 0.4013281848747283s
Epoch[3/20 216/700] - Loss: 212.0513610840 - MSE: 211.57097 - batch_Time: 0.39605023502372205s
Epoch[3/20 217/700] - Loss: 415.5978393555 - MSE: 414.99823 - batch_Time: 0.3999438500031829s
Epoch[3/20 218/700] - Loss: 133.3544006348 - MSE: 133.03523 - batch_Time: 0.4023071441333741s
Epoch[3/20 219/700] - Loss: 200.7514953613 - MSE: 200.18475 - batch_Time: 0.39741476997733116s
Epoch[3/20 220/700] - Loss: 202.2000579834 - MSE: 201.68950 - batch_Time: 0.40070461109280586s
Epoch[3/20 221/700] - Loss: 264.2781372070 - MSE: 263.79358 - batch_Time: 0.3980522220954299s
Epoch[3/20 222/700] - Loss: 233.7537841797 - MSE: 233.45456 - batch_Time: 0.3972181621938944s
Epoch[3/20 223/700] - Loss: 279.8541870117 - MSE: 279.37378 - batch_Time: 0.40217920602299273s
Epoch[3/20 224/700] - Loss: 247.0376434326 - MSE: 246.27208 - batch_Time: 0.4010045889299363s
Epoch[3/20 225/700] - Loss: 226.9764556885 - MSE: 226.39130 - batch_Time: 0.3991621001623571s
Epoch[3/20 226/700] - Loss: 235.3472900391 - MSE: 234.65794 - batch_Time: 0.39955094503238797s
Epoch[3/20 227/700] - Loss: 273.4230346680 - MSE: 273.01538 - batch_Time: 0.39958006399683654s
Epoch[3/20 228/700] - Loss: 265.2078857422 - MSE: 264.65356 - batch_Time: 0.40218313480727375s
Epoch[3/20 229/700] - Loss: 175.3344726562 - MSE: 175.03369 - batch_Time: 0.3976827869191766s
Epoch[3/20 230/700] - Loss: 142.0038757324 - MSE: 141.70801 - batch_Time: 0.4001370680052787s
Epoch[3/20 231/700] - Loss: 282.3121032715 - MSE: 281.78223 - batch_Time: 0.4021322759799659s
Epoch[3/20 232/700] - Loss: 147.6452026367 - MSE: 146.99185 - batch_Time: 0.3975889969151467s
Epoch[3/20 233/700] - Loss: 160.0296020508 - MSE: 159.62909 - batch_Time: 0.4043538710102439s
Epoch[3/20 234/700] - Loss: 174.0805664062 - MSE: 173.76016 - batch_Time: 0.4003513059578836s
Epoch[3/20 235/700] - Loss: 188.4708862305 - MSE: 187.81021 - batch_Time: 0.3953025930095464s
Epoch[3/20 236/700] - Loss: 137.5349121094 - MSE: 137.20786 - batch_Time: 0.3946494509000331s
Epoch[3/20 237/700] - Loss: 236.4473419189 - MSE: 235.92706 - batch_Time: 0.39373550098389387s
Epoch[3/20 238/700] - Loss: 206.4470825195 - MSE: 205.91476 - batch_Time: 0.39523120294325054s
Epoch[3/20 239/700] - Loss: 265.8347778320 - MSE: 265.48642 - batch_Time: 0.39840985811315477s
Epoch[3/20 240/700] - Loss: 319.1063842773 - MSE: 318.70166 - batch_Time: 0.39924157899804413s
Epoch[3/20 241/700] - Loss: 250.9416656494 - MSE: 250.41853 - batch_Time: 0.4072688880842179s
Epoch[3/20 242/700] - Loss: 208.5304870605 - MSE: 208.15858 - batch_Time: 0.3958382769487798s
Epoch[3/20 243/700] - Loss: 177.0105133057 - MSE: 176.72450 - batch_Time: 0.4010928070638329s
Epoch[3/20 244/700] - Loss: 197.0581512451 - MSE: 196.62096 - batch_Time: 0.395119785098359s
Epoch[3/20 245/700] - Loss: 377.5811767578 - MSE: 376.89893 - batch_Time: 0.3948069578036666s
Epoch[3/20 246/700] - Loss: 378.7629394531 - MSE: 378.21280 - batch_Time: 0.40145834418945014s
Epoch[3/20 247/700] - Loss: 373.1174316406 - MSE: 372.54581 - batch_Time: 0.39545986196026206s
Epoch[3/20 248/700] - Loss: 192.1941528320 - MSE: 191.79034 - batch_Time: 0.40055368305183947s
Epoch[3/20 249/700] - Loss: 326.2607421875 - MSE: 325.62061 - batch_Time: 0.39644936891272664s
Epoch[3/20 250/700] - Loss: 215.3789520264 - MSE: 214.79919 - batch_Time: 0.39636652101762593s
Epoch[3/20 251/700] - Loss: 275.8400268555 - MSE: 275.03641 - batch_Time: 0.4013619350735098s
Epoch[3/20 252/700] - Loss: 222.5577850342 - MSE: 222.09601 - batch_Time: 0.39531923294998705s
Epoch[3/20 253/700] - Loss: 205.3784179688 - MSE: 204.94325 - batch_Time: 0.4040437249932438s
Epoch[3/20 254/700] - Loss: 213.0587158203 - MSE: 212.36072 - batch_Time: 0.40421745204366744s
Epoch[3/20 255/700] - Loss: 245.1640319824 - MSE: 244.69064 - batch_Time: 0.40166280092671514s
Epoch[3/20 256/700] - Loss: 350.5346069336 - MSE: 350.05930 - batch_Time: 0.4021990248002112s
Epoch[3/20 257/700] - Loss: 207.2837524414 - MSE: 206.88951 - batch_Time: 0.3959380758460611s
Epoch[3/20 258/700] - Loss: 139.0293273926 - MSE: 138.63153 - batch_Time: 0.39982965192757547s
Epoch[3/20 259/700] - Loss: 299.4343261719 - MSE: 298.90176 - batch_Time: 0.3962193629704416s
Epoch[3/20 260/700] - Loss: 251.3575286865 - MSE: 250.87781 - batch_Time: 0.4006813319865614s
Epoch[3/20 261/700] - Loss: 253.4270019531 - MSE: 253.04269 - batch_Time: 0.3970798230729997s
Epoch[3/20 262/700] - Loss: 266.8852539062 - MSE: 266.28625 - batch_Time: 0.39443078311160207s
Epoch[3/20 263/700] - Loss: 86.5526885986 - MSE: 86.31007 - batch_Time: 0.3973716599866748s
Epoch[3/20 264/700] - Loss: 275.7736511230 - MSE: 274.67926 - batch_Time: 0.3967198471073061s
Epoch[3/20 265/700] - Loss: 202.2067413330 - MSE: 201.55928 - batch_Time: 0.40026267687790096s
Epoch[3/20 266/700] - Loss: 189.8140869141 - MSE: 189.14435 - batch_Time: 0.39958772505633533s
Epoch[3/20 267/700] - Loss: 199.5806427002 - MSE: 199.03638 - batch_Time: 0.3958712469320744s
Epoch[3/20 268/700] - Loss: 283.5203857422 - MSE: 282.87378 - batch_Time: 0.3967899759300053s
Epoch[3/20 269/700] - Loss: 241.0787963867 - MSE: 240.63797 - batch_Time: 0.4013783549889922s
Epoch[3/20 270/700] - Loss: 239.9832763672 - MSE: 239.40305 - batch_Time: 0.3968415658455342s
Epoch[3/20 271/700] - Loss: 259.3675231934 - MSE: 258.95731 - batch_Time: 0.397014084039256s
Epoch[3/20 272/700] - Loss: 407.8005981445 - MSE: 406.81244 - batch_Time: 0.3985948860645294s
Epoch[3/20 273/700] - Loss: 153.5626831055 - MSE: 153.20883 - batch_Time: 0.39912771014496684s
Epoch[3/20 274/700] - Loss: 264.9223632812 - MSE: 264.61646 - batch_Time: 0.3981216619722545s
Epoch[3/20 275/700] - Loss: 239.9638061523 - MSE: 239.66611 - batch_Time: 0.39821411995217204s
Epoch[3/20 276/700] - Loss: 290.1706542969 - MSE: 289.61026 - batch_Time: 0.4006783328950405s
Epoch[3/20 277/700] - Loss: 153.6217803955 - MSE: 152.87759 - batch_Time: 0.4046382780652493s
Epoch[3/20 278/700] - Loss: 219.3188476562 - MSE: 218.83211 - batch_Time: 0.3941063468810171s
Epoch[3/20 279/700] - Loss: 291.6026000977 - MSE: 290.87543 - batch_Time: 0.3970463729929179s
Epoch[3/20 280/700] - Loss: 163.3775329590 - MSE: 162.87999 - batch_Time: 0.39623289299197495s
Epoch[3/20 281/700] - Loss: 247.3687744141 - MSE: 247.05696 - batch_Time: 0.3971426230855286s
Epoch[3/20 282/700] - Loss: 204.0295562744 - MSE: 203.50479 - batch_Time: 0.4051919118501246s
Epoch[3/20 283/700] - Loss: 220.0968322754 - MSE: 219.60359 - batch_Time: 0.39685230515897274s
Epoch[3/20 284/700] - Loss: 326.0776367188 - MSE: 325.25882 - batch_Time: 0.39893575198948383s
Epoch[3/20 285/700] - Loss: 346.3142700195 - MSE: 345.42767 - batch_Time: 0.4024289730004966s
Epoch[3/20 286/700] - Loss: 126.2759399414 - MSE: 125.90561 - batch_Time: 0.40138673409819603s
Epoch[3/20 287/700] - Loss: 325.1946411133 - MSE: 324.49557 - batch_Time: 0.40185076906345785s
Epoch[3/20 288/700] - Loss: 298.7113037109 - MSE: 298.06097 - batch_Time: 0.4080591800156981s
Epoch[3/20 289/700] - Loss: 254.8695983887 - MSE: 254.46959 - batch_Time: 0.40032942686229944s
Epoch[3/20 290/700] - Loss: 203.7627258301 - MSE: 203.33559 - batch_Time: 0.3970782929100096s
Epoch[3/20 291/700] - Loss: 623.7574462891 - MSE: 622.87738 - batch_Time: 0.4012900060042739s
Epoch[3/20 292/700] - Loss: 315.7566833496 - MSE: 314.74017 - batch_Time: 0.3957062379922718s
Epoch[3/20 293/700] - Loss: 219.6171875000 - MSE: 219.08089 - batch_Time: 0.401650930987671s
Epoch[3/20 294/700] - Loss: 366.1429443359 - MSE: 365.67825 - batch_Time: 0.3968035459984094s
Epoch[3/20 295/700] - Loss: 228.9411163330 - MSE: 228.59570 - batch_Time: 0.3984767470974475s
Epoch[3/20 296/700] - Loss: 178.2698364258 - MSE: 177.53955 - batch_Time: 0.4033794819843024s
Epoch[3/20 297/700] - Loss: 183.1899871826 - MSE: 182.49100 - batch_Time: 0.39588572597131133s
Epoch[3/20 298/700] - Loss: 258.2751159668 - MSE: 257.90894 - batch_Time: 0.40376243786886334s
Epoch[3/20 299/700] - Loss: 205.6215667725 - MSE: 204.84088 - batch_Time: 0.40063184406608343s
Epoch[3/20 300/700] - Loss: 197.8824768066 - MSE: 197.35040 - batch_Time: 0.4037292192224413s
Epoch[3/20 301/700] - Loss: 308.2358703613 - MSE: 307.79944 - batch_Time: 0.40645205811597407s
Epoch[3/20 302/700] - Loss: 338.5973510742 - MSE: 338.02902 - batch_Time: 0.4045201689004898s
Epoch[3/20 303/700] - Loss: 256.4165649414 - MSE: 256.06833 - batch_Time: 0.40122924698516726s
Epoch[3/20 304/700] - Loss: 191.0055694580 - MSE: 190.42180 - batch_Time: 0.4028158080764115s
Epoch[3/20 305/700] - Loss: 178.3566589355 - MSE: 177.73923 - batch_Time: 0.40208223601803184s
Epoch[3/20 306/700] - Loss: 203.9710998535 - MSE: 203.46909 - batch_Time: 0.40553608792833984s
Epoch[3/20 307/700] - Loss: 282.5576171875 - MSE: 282.07776 - batch_Time: 0.400955029996112s
Epoch[3/20 308/700] - Loss: 231.6310729980 - MSE: 231.03194 - batch_Time: 0.3973608808591962s
Epoch[3/20 309/700] - Loss: 210.6492309570 - MSE: 209.92580 - batch_Time: 0.40051676519215107s
Epoch[3/20 310/700] - Loss: 152.0774841309 - MSE: 151.61794 - batch_Time: 0.3966866380069405s
Epoch[3/20 311/700] - Loss: 194.5861511230 - MSE: 194.17102 - batch_Time: 0.39713451196439564s
Epoch[3/20 312/700] - Loss: 179.1881713867 - MSE: 178.87527 - batch_Time: 0.4029390779323876s
Epoch[3/20 313/700] - Loss: 220.8389587402 - MSE: 220.48370 - batch_Time: 0.40403884509578347s
Epoch[3/20 314/700] - Loss: 202.0844421387 - MSE: 201.72322 - batch_Time: 0.4001144689973444s
Epoch[3/20 315/700] - Loss: 301.0775451660 - MSE: 300.66928 - batch_Time: 0.39527582307346165s
Epoch[3/20 316/700] - Loss: 247.8846740723 - MSE: 247.23050 - batch_Time: 0.40398768591694534s
Epoch[3/20 317/700] - Loss: 228.9186401367 - MSE: 228.52150 - batch_Time: 0.4013920750003308s
Epoch[3/20 318/700] - Loss: 191.0682525635 - MSE: 190.56213 - batch_Time: 0.40126588591374457s
Epoch[3/20 319/700] - Loss: 232.7711791992 - MSE: 232.33426 - batch_Time: 0.3983892980031669s
Epoch[3/20 320/700] - Loss: 208.8856811523 - MSE: 208.40892 - batch_Time: 0.40506494301371276s
Epoch[3/20 321/700] - Loss: 243.9603881836 - MSE: 243.47337 - batch_Time: 0.4014085750095546s
Epoch[3/20 322/700] - Loss: 327.2309265137 - MSE: 326.85522 - batch_Time: 0.40106535889208317s
Epoch[3/20 323/700] - Loss: 349.5222167969 - MSE: 348.80316 - batch_Time: 0.40003060013987124s
Epoch[3/20 324/700] - Loss: 142.7134704590 - MSE: 142.50551 - batch_Time: 0.4028635669965297s
Epoch[3/20 325/700] - Loss: 243.8540191650 - MSE: 243.44495 - batch_Time: 0.3993902469519526s
Epoch[3/20 326/700] - Loss: 285.9862670898 - MSE: 285.51572 - batch_Time: 0.4033725920598954s
Epoch[3/20 327/700] - Loss: 219.4087371826 - MSE: 219.08195 - batch_Time: 0.4012151260394603s
Epoch[3/20 328/700] - Loss: 316.7675781250 - MSE: 316.14304 - batch_Time: 0.40358870988711715s
Epoch[3/20 329/700] - Loss: 387.1081237793 - MSE: 386.40717 - batch_Time: 0.4013918349519372s
Epoch[3/20 330/700] - Loss: 200.9328613281 - MSE: 200.54857 - batch_Time: 0.4030828350223601s
Epoch[3/20 331/700] - Loss: 216.3803710938 - MSE: 216.06450 - batch_Time: 0.39456131192855537s
Epoch[3/20 332/700] - Loss: 216.7285766602 - MSE: 215.93538 - batch_Time: 0.40226708515547216s
Epoch[3/20 333/700] - Loss: 256.6137390137 - MSE: 255.78561 - batch_Time: 0.39495390793308616s
Epoch[3/20 334/700] - Loss: 629.3150634766 - MSE: 628.37366 - batch_Time: 0.4013912039808929s
Epoch[3/20 335/700] - Loss: 277.6955566406 - MSE: 277.04202 - batch_Time: 0.39603249495849013s
Epoch[3/20 336/700] - Loss: 209.7763977051 - MSE: 209.49211 - batch_Time: 0.40048015490174294s
Epoch[3/20 337/700] - Loss: 223.8361816406 - MSE: 223.45778 - batch_Time: 0.39926697919145226s
Epoch[3/20 338/700] - Loss: 718.9796142578 - MSE: 718.25555 - batch_Time: 0.4037948378827423s
Epoch[3/20 339/700] - Loss: 282.4219360352 - MSE: 282.00745 - batch_Time: 0.39681836613453925s
Epoch[3/20 340/700] - Loss: 335.9275817871 - MSE: 335.19769 - batch_Time: 0.4045301901642233s
Epoch[3/20 341/700] - Loss: 225.0419616699 - MSE: 224.56674 - batch_Time: 0.3991375109180808s
Epoch[3/20 342/700] - Loss: 174.8884735107 - MSE: 174.54066 - batch_Time: 0.40045025502331555s
Epoch[3/20 343/700] - Loss: 181.9115600586 - MSE: 181.61224 - batch_Time: 0.4019532878883183s
Epoch[3/20 344/700] - Loss: 359.1472778320 - MSE: 358.41345 - batch_Time: 0.4014019949827343s
Epoch[3/20 345/700] - Loss: 409.4340515137 - MSE: 408.95251 - batch_Time: 0.4012910460587591s
Epoch[3/20 346/700] - Loss: 275.8518676758 - MSE: 275.18304 - batch_Time: 0.4025141119491309s
Epoch[3/20 347/700] - Loss: 178.2533874512 - MSE: 177.74222 - batch_Time: 0.401775459991768s
Epoch[3/20 348/700] - Loss: 267.0571899414 - MSE: 266.76086 - batch_Time: 0.39912164118140936s
Epoch[3/20 349/700] - Loss: 194.9759521484 - MSE: 194.52580 - batch_Time: 0.4041974828578532s
Epoch[3/20 350/700] - Loss: 293.0106201172 - MSE: 292.11313 - batch_Time: 0.39677902683615685s
Epoch[3/20 351/700] - Loss: 266.0848388672 - MSE: 265.42023 - batch_Time: 0.4021142271813005s
Epoch[3/20 352/700] - Loss: 336.3394165039 - MSE: 335.83240 - batch_Time: 0.4027116000652313s
Epoch[3/20 353/700] - Loss: 164.9816131592 - MSE: 164.54105 - batch_Time: 0.3937368909828365s
Epoch[3/20 354/700] - Loss: 271.9747619629 - MSE: 271.46414 - batch_Time: 0.39355704304762185s
Epoch[3/20 355/700] - Loss: 152.8033599854 - MSE: 152.53934 - batch_Time: 0.39891859190538526s
Epoch[3/20 356/700] - Loss: 239.1218566895 - MSE: 238.69237 - batch_Time: 0.3964392200578004s
Epoch[3/20 357/700] - Loss: 188.5540924072 - MSE: 188.07880 - batch_Time: 0.3956985678523779s
Epoch[3/20 358/700] - Loss: 174.2286376953 - MSE: 173.87967 - batch_Time: 0.39602703507989645s
Epoch[3/20 359/700] - Loss: 405.8883361816 - MSE: 404.97998 - batch_Time: 0.3969972839113325s
Epoch[3/20 360/700] - Loss: 288.2554626465 - MSE: 287.74255 - batch_Time: 0.3947049700655043s
Epoch[3/20 361/700] - Loss: 171.2872161865 - MSE: 170.81174 - batch_Time: 0.3943472739774734s
Epoch[3/20 362/700] - Loss: 330.8320007324 - MSE: 330.46326 - batch_Time: 0.39487190800718963s
Epoch[3/20 363/700] - Loss: 296.2534790039 - MSE: 295.61511 - batch_Time: 0.3969666741322726s
Epoch[3/20 364/700] - Loss: 308.5117492676 - MSE: 308.19257 - batch_Time: 0.3960973438806832s
Epoch[3/20 365/700] - Loss: 239.1007080078 - MSE: 238.48808 - batch_Time: 0.3962231921032071s
Epoch[3/20 366/700] - Loss: 219.4073486328 - MSE: 218.77356 - batch_Time: 0.395762428175658s
Epoch[3/20 367/700] - Loss: 319.3043823242 - MSE: 318.77850 - batch_Time: 0.3950639560353011s
Epoch[3/20 368/700] - Loss: 230.5162506104 - MSE: 230.18010 - batch_Time: 0.39494186802767217s
Epoch[3/20 369/700] - Loss: 385.1412048340 - MSE: 384.70715 - batch_Time: 0.3952940138988197s
Epoch[3/20 370/700] - Loss: 192.8016967773 - MSE: 192.30582 - batch_Time: 0.3975483688991517s
Epoch[3/20 371/700] - Loss: 212.5735473633 - MSE: 212.25681 - batch_Time: 0.39504062687046826s
Epoch[3/20 372/700] - Loss: 272.9804992676 - MSE: 272.48486 - batch_Time: 0.3960444759577513s
Epoch[3/20 373/700] - Loss: 213.3610992432 - MSE: 212.85394 - batch_Time: 0.3967918469570577s
Epoch[3/20 374/700] - Loss: 267.2490234375 - MSE: 266.79309 - batch_Time: 0.3960401949007064s
Epoch[3/20 375/700] - Loss: 162.1386566162 - MSE: 161.77234 - batch_Time: 0.4007136421278119s
Epoch[3/20 376/700] - Loss: 165.2168273926 - MSE: 164.86929 - batch_Time: 0.40453223907388747s
Epoch[3/20 377/700] - Loss: 269.7561340332 - MSE: 269.18842 - batch_Time: 0.40013122907839715s
Epoch[3/20 378/700] - Loss: 339.6610107422 - MSE: 338.96231 - batch_Time: 0.40176639100536704s
Epoch[3/20 379/700] - Loss: 251.9769592285 - MSE: 251.42361 - batch_Time: 0.3991574300453067s
Epoch[3/20 380/700] - Loss: 183.3393859863 - MSE: 182.87930 - batch_Time: 0.3975438878405839s
Epoch[3/20 381/700] - Loss: 289.6589965820 - MSE: 289.24173 - batch_Time: 0.39616287406533957s
Epoch[3/20 382/700] - Loss: 176.1164703369 - MSE: 175.78571 - batch_Time: 0.4010896678082645s
Epoch[3/20 383/700] - Loss: 200.3778228760 - MSE: 199.80252 - batch_Time: 0.3963680509477854s
Epoch[3/20 384/700] - Loss: 160.9709014893 - MSE: 160.35829 - batch_Time: 0.398513046791777s
Epoch[3/20 385/700] - Loss: 176.8132476807 - MSE: 176.53029 - batch_Time: 0.400426316075027s
Epoch[3/20 386/700] - Loss: 216.4245300293 - MSE: 215.78081 - batch_Time: 0.40092606004327536s
Epoch[3/20 387/700] - Loss: 130.2338256836 - MSE: 129.98148 - batch_Time: 0.39735247008502483s
Epoch[3/20 388/700] - Loss: 180.0776824951 - MSE: 179.75505 - batch_Time: 0.3961685940157622s
Epoch[3/20 389/700] - Loss: 190.4598846436 - MSE: 189.99098 - batch_Time: 0.40647728787735105s
Epoch[3/20 390/700] - Loss: 141.4888305664 - MSE: 140.88768 - batch_Time: 0.39970984403043985s
Epoch[3/20 391/700] - Loss: 186.5446319580 - MSE: 186.24025 - batch_Time: 0.40429536206647754s
Epoch[3/20 392/700] - Loss: 297.0253906250 - MSE: 296.62726 - batch_Time: 0.4005951138678938s
Epoch[3/20 393/700] - Loss: 228.8374786377 - MSE: 228.44810 - batch_Time: 0.40160937211476266s
Epoch[3/20 394/700] - Loss: 163.0464782715 - MSE: 162.68727 - batch_Time: 0.39950235607102513s
Epoch[3/20 395/700] - Loss: 198.8280029297 - MSE: 198.44536 - batch_Time: 0.400558213936165s
Epoch[3/20 396/700] - Loss: 230.9585571289 - MSE: 230.24559 - batch_Time: 0.4020198390353471s
Epoch[3/20 397/700] - Loss: 253.1851806641 - MSE: 252.81223 - batch_Time: 0.3988636329304427s
Epoch[3/20 398/700] - Loss: 232.6098022461 - MSE: 231.90332 - batch_Time: 0.4012071471661329s
Epoch[3/20 399/700] - Loss: 202.9993743896 - MSE: 202.24094 - batch_Time: 0.39943733694963157s
Epoch[3/20 400/700] - Loss: 207.4541778564 - MSE: 207.06143 - batch_Time: 0.3940822670701891s
Epoch[3/20 401/700] - Loss: 241.8496551514 - MSE: 241.28810 - batch_Time: 0.39777392614632845s
Epoch[3/20 402/700] - Loss: 160.4865264893 - MSE: 160.18881 - batch_Time: 0.39941118680872023s
Epoch[3/20 403/700] - Loss: 296.3005981445 - MSE: 295.80411 - batch_Time: 0.39632344199344516s
Epoch[3/20 404/700] - Loss: 217.6835784912 - MSE: 217.21106 - batch_Time: 0.39725600206293166s
Epoch[3/20 405/700] - Loss: 212.3423156738 - MSE: 212.02898 - batch_Time: 0.3963322408962995s
Epoch[3/20 406/700] - Loss: 191.0509033203 - MSE: 190.59331 - batch_Time: 0.39594752597622573s
Epoch[3/20 407/700] - Loss: 137.3208618164 - MSE: 136.75589 - batch_Time: 0.4011567779816687s
Epoch[3/20 408/700] - Loss: 163.2864837646 - MSE: 163.03215 - batch_Time: 0.39819458103738725s
Epoch[3/20 409/700] - Loss: 194.1579895020 - MSE: 193.90105 - batch_Time: 0.39548302185721695s
Epoch[3/20 410/700] - Loss: 183.6004638672 - MSE: 183.17886 - batch_Time: 0.4037414980120957s
Epoch[3/20 411/700] - Loss: 219.6087188721 - MSE: 219.21861 - batch_Time: 0.3957725581713021s
Epoch[3/20 412/700] - Loss: 229.4475250244 - MSE: 228.96994 - batch_Time: 0.39312852709554136s
Epoch[3/20 413/700] - Loss: 232.6227722168 - MSE: 232.26683 - batch_Time: 0.39495241711847484s
Epoch[3/20 414/700] - Loss: 222.5769653320 - MSE: 222.10452 - batch_Time: 0.39548918209038675s
Epoch[3/20 415/700] - Loss: 277.3051757812 - MSE: 276.91116 - batch_Time: 0.3964931301306933s
Epoch[3/20 416/700] - Loss: 209.7010192871 - MSE: 209.32677 - batch_Time: 0.40261784195899963s
Epoch[3/20 417/700] - Loss: 104.2718811035 - MSE: 103.92725 - batch_Time: 0.40181037108413875s
Epoch[3/20 418/700] - Loss: 306.5717468262 - MSE: 306.03046 - batch_Time: 0.39874532516114414s
Epoch[3/20 419/700] - Loss: 267.1903686523 - MSE: 266.62256 - batch_Time: 0.3970234948210418s
Epoch[3/20 420/700] - Loss: 195.0311126709 - MSE: 194.29053 - batch_Time: 0.39837474888190627s
Epoch[3/20 421/700] - Loss: 153.1513671875 - MSE: 152.75064 - batch_Time: 0.39681926602497697s
Epoch[3/20 422/700] - Loss: 282.9822082520 - MSE: 282.53915 - batch_Time: 0.3957753679715097s
Epoch[3/20 423/700] - Loss: 161.0524597168 - MSE: 160.82555 - batch_Time: 0.3980451130773872s
Epoch[3/20 424/700] - Loss: 203.9453125000 - MSE: 203.43010 - batch_Time: 0.4015176328830421s
Epoch[3/20 425/700] - Loss: 252.0838623047 - MSE: 251.58841 - batch_Time: 0.39505600719712675s
Epoch[3/20 426/700] - Loss: 233.9120025635 - MSE: 233.17548 - batch_Time: 0.39372950210236013s
Epoch[3/20 427/700] - Loss: 318.1209716797 - MSE: 317.53378 - batch_Time: 0.3954838819336146s
Epoch[3/20 428/700] - Loss: 345.7617187500 - MSE: 345.11490 - batch_Time: 0.39684969605877995s
Epoch[3/20 429/700] - Loss: 207.7154998779 - MSE: 207.33858 - batch_Time: 0.3963478021323681s
Epoch[3/20 430/700] - Loss: 239.5736999512 - MSE: 239.02492 - batch_Time: 0.4015977231319994s
Epoch[3/20 431/700] - Loss: 176.5021820068 - MSE: 176.26552 - batch_Time: 0.39662252785637975s
Epoch[3/20 432/700] - Loss: 201.7462768555 - MSE: 201.16220 - batch_Time: 0.3964454310480505s
Epoch[3/20 433/700] - Loss: 124.8349914551 - MSE: 124.62390 - batch_Time: 0.39563952991738915s
Epoch[3/20 434/700] - Loss: 377.8030700684 - MSE: 377.21808 - batch_Time: 0.3940249281004071s
Epoch[3/20 435/700] - Loss: 185.3551940918 - MSE: 184.90195 - batch_Time: 0.39412337611429393s
Epoch[3/20 436/700] - Loss: 283.3168945312 - MSE: 282.84961 - batch_Time: 0.3968586658593267s
Epoch[3/20 437/700] - Loss: 175.5814514160 - MSE: 175.07431 - batch_Time: 0.39658616995438933s
Epoch[3/20 438/700] - Loss: 279.6721801758 - MSE: 279.13010 - batch_Time: 0.39852297701872885s
Epoch[3/20 439/700] - Loss: 143.9123840332 - MSE: 143.60666 - batch_Time: 0.3981617309618741s
Epoch[3/20 440/700] - Loss: 260.0130310059 - MSE: 259.56717 - batch_Time: 0.3971240140963346s
Epoch[3/20 441/700] - Loss: 208.3187713623 - MSE: 207.53531 - batch_Time: 0.3974343598820269s
Epoch[3/20 442/700] - Loss: 350.2169494629 - MSE: 349.81427 - batch_Time: 0.3963217120617628s
Epoch[3/20 443/700] - Loss: 172.7699737549 - MSE: 172.44916 - batch_Time: 0.39616682403720915s
Epoch[3/20 444/700] - Loss: 333.0165100098 - MSE: 332.42816 - batch_Time: 0.39426833507604897s
Epoch[3/20 445/700] - Loss: 237.4355773926 - MSE: 236.98148 - batch_Time: 0.3944749829825014s
Epoch[3/20 446/700] - Loss: 235.4920043945 - MSE: 234.95967 - batch_Time: 0.3969265758059919s
Epoch[3/20 447/700] - Loss: 183.6608581543 - MSE: 183.33649 - batch_Time: 0.40272795013152063s
Epoch[3/20 448/700] - Loss: 323.9203796387 - MSE: 323.24658 - batch_Time: 0.40325459418818355s
Epoch[3/20 449/700] - Loss: 249.6169433594 - MSE: 249.13002 - batch_Time: 0.4132941709831357s
Epoch[3/20 450/700] - Loss: 162.4602050781 - MSE: 161.89984 - batch_Time: 0.40226732613518834s
Epoch[3/20 451/700] - Loss: 119.6539916992 - MSE: 119.42448 - batch_Time: 0.39737280108965933s
Epoch[3/20 452/700] - Loss: 209.9802856445 - MSE: 209.46458 - batch_Time: 0.40460870903916657s
Epoch[3/20 453/700] - Loss: 241.8251342773 - MSE: 241.43324 - batch_Time: 0.39893774315714836s
Epoch[3/20 454/700] - Loss: 299.5476684570 - MSE: 298.78860 - batch_Time: 0.4016414729412645s
Epoch[3/20 455/700] - Loss: 228.4910888672 - MSE: 227.88626 - batch_Time: 0.40175870107486844s
Epoch[3/20 456/700] - Loss: 274.7453002930 - MSE: 274.19293 - batch_Time: 0.4003361470531672s
Epoch[3/20 457/700] - Loss: 677.3957519531 - MSE: 676.14575 - batch_Time: 0.3975960281677544s
Epoch[3/20 458/700] - Loss: 133.8183898926 - MSE: 133.48589 - batch_Time: 0.4033423438668251s
Epoch[3/20 459/700] - Loss: 185.3028564453 - MSE: 184.61902 - batch_Time: 0.4027919890359044s
Epoch[3/20 460/700] - Loss: 298.5633239746 - MSE: 297.94748 - batch_Time: 0.3963778908364475s
Epoch[3/20 461/700] - Loss: 199.0371398926 - MSE: 198.77548 - batch_Time: 0.39838861906901s
Epoch[3/20 462/700] - Loss: 156.4836120605 - MSE: 156.04309 - batch_Time: 0.40302113606594503s
Epoch[3/20 463/700] - Loss: 499.0670776367 - MSE: 498.31161 - batch_Time: 0.40162941301241517s
Epoch[3/20 464/700] - Loss: 312.4118347168 - MSE: 311.82455 - batch_Time: 0.3986425460316241s
Epoch[3/20 465/700] - Loss: 146.4963989258 - MSE: 146.21375 - batch_Time: 0.40271841012872756s
Epoch[3/20 466/700] - Loss: 203.9052124023 - MSE: 203.51855 - batch_Time: 0.4020233179908246s
Epoch[3/20 467/700] - Loss: 238.5232238770 - MSE: 238.02946 - batch_Time: 0.40251111285761s
Epoch[3/20 468/700] - Loss: 222.5518188477 - MSE: 222.14062 - batch_Time: 0.39599811588414013s
Epoch[3/20 469/700] - Loss: 496.9482116699 - MSE: 496.10730 - batch_Time: 0.3957786981482059s
Epoch[3/20 470/700] - Loss: 127.9203186035 - MSE: 127.62818 - batch_Time: 0.402081036940217s
Epoch[3/20 471/700] - Loss: 238.9908752441 - MSE: 238.48935 - batch_Time: 0.4014291239436716s
Epoch[3/20 472/700] - Loss: 131.3117523193 - MSE: 131.05342 - batch_Time: 0.40197623800486326s
Epoch[3/20 473/700] - Loss: 255.2459411621 - MSE: 254.52699 - batch_Time: 0.40017908881418407s
Epoch[3/20 474/700] - Loss: 126.5347747803 - MSE: 126.25946 - batch_Time: 0.4036492598243058s
Epoch[3/20 475/700] - Loss: 195.5435638428 - MSE: 195.15883 - batch_Time: 0.40301285590976477s
Epoch[3/20 476/700] - Loss: 264.2503356934 - MSE: 263.71024 - batch_Time: 0.4008608309086412s
Epoch[3/20 477/700] - Loss: 260.6458435059 - MSE: 260.29129 - batch_Time: 0.4073830880224705s
Epoch[3/20 478/700] - Loss: 186.7637634277 - MSE: 186.32892 - batch_Time: 0.4051013740245253s
Epoch[3/20 479/700] - Loss: 214.4258880615 - MSE: 213.90753 - batch_Time: 0.3998758827801794s
Epoch[3/20 480/700] - Loss: 184.7765808105 - MSE: 184.37735 - batch_Time: 0.3975365390069783s
Epoch[3/20 481/700] - Loss: 150.1788330078 - MSE: 149.78471 - batch_Time: 0.3984036878682673s
Epoch[3/20 482/700] - Loss: 132.5742492676 - MSE: 132.11594 - batch_Time: 0.3993875270243734s
Epoch[3/20 483/700] - Loss: 245.4540405273 - MSE: 244.83604 - batch_Time: 0.3990691408980638s
Epoch[3/20 484/700] - Loss: 229.5007629395 - MSE: 229.03702 - batch_Time: 0.39849183801561594s
Epoch[3/20 485/700] - Loss: 353.5075073242 - MSE: 352.78040 - batch_Time: 0.3990844408981502s
Epoch[3/20 486/700] - Loss: 158.1504821777 - MSE: 157.73349 - batch_Time: 0.4000412910245359s
Epoch[3/20 487/700] - Loss: 285.6995239258 - MSE: 285.26660 - batch_Time: 0.39991793199442327s
Epoch[3/20 488/700] - Loss: 218.7594299316 - MSE: 218.38036 - batch_Time: 0.39784306520596147s
Epoch[3/20 489/700] - Loss: 162.1101684570 - MSE: 161.88177 - batch_Time: 0.3982714598532766s
Epoch[3/20 490/700] - Loss: 207.0877227783 - MSE: 206.41071 - batch_Time: 0.39839955884963274s
Epoch[3/20 491/700] - Loss: 332.7003784180 - MSE: 331.92624 - batch_Time: 0.39865129604004323s
Epoch[3/20 492/700] - Loss: 195.5907897949 - MSE: 194.91460 - batch_Time: 0.39811548311263323s
Epoch[3/20 493/700] - Loss: 224.5954742432 - MSE: 224.05013 - batch_Time: 0.39892370300367475s
Epoch[3/20 494/700] - Loss: 153.8687591553 - MSE: 153.16643 - batch_Time: 0.4016949620563537s
Epoch[3/20 495/700] - Loss: 261.4906005859 - MSE: 261.09869 - batch_Time: 0.3971257130615413s
Epoch[3/20 496/700] - Loss: 215.5141601562 - MSE: 215.14868 - batch_Time: 0.398214760934934s
Epoch[3/20 497/700] - Loss: 195.4481964111 - MSE: 194.98427 - batch_Time: 0.401905549922958s
Epoch[3/20 498/700] - Loss: 270.6406250000 - MSE: 270.23944 - batch_Time: 0.39828783995471895s
Epoch[3/20 499/700] - Loss: 179.1379394531 - MSE: 178.82715 - batch_Time: 0.39786507515236735s
Epoch[3/20 500/700] - Loss: 438.4027099609 - MSE: 437.71329 - batch_Time: 0.3984489489812404s
Epoch[3/20 501/700] - Loss: 205.0437927246 - MSE: 204.24902 - batch_Time: 0.39864059584215283s
Epoch[3/20 502/700] - Loss: 305.7781982422 - MSE: 305.30588 - batch_Time: 0.3978283649776131s
Epoch[3/20 503/700] - Loss: 292.9122924805 - MSE: 292.18417 - batch_Time: 0.39754604804329574s
Epoch[3/20 504/700] - Loss: 119.8080673218 - MSE: 119.56313 - batch_Time: 0.3988815729971975s
Epoch[3/20 505/700] - Loss: 274.9662475586 - MSE: 274.49942 - batch_Time: 0.3973760611843318s
Epoch[3/20 506/700] - Loss: 199.8520507812 - MSE: 199.45026 - batch_Time: 0.39842128893360496s
Epoch[3/20 507/700] - Loss: 200.1444549561 - MSE: 199.47607 - batch_Time: 0.4034706118982285s
Epoch[3/20 508/700] - Loss: 333.2255554199 - MSE: 332.85941 - batch_Time: 0.3968980659265071s
Epoch[3/20 509/700] - Loss: 227.4866943359 - MSE: 227.15816 - batch_Time: 0.39859164715744555s
Epoch[3/20 510/700] - Loss: 194.7982788086 - MSE: 194.38394 - batch_Time: 0.39816380105912685s
Epoch[3/20 511/700] - Loss: 219.3432159424 - MSE: 218.90576 - batch_Time: 0.3979901229031384s
Epoch[3/20 512/700] - Loss: 271.8823852539 - MSE: 271.34579 - batch_Time: 0.3984158190432936s
Epoch[3/20 513/700] - Loss: 265.0050048828 - MSE: 264.54944 - batch_Time: 0.39633053191937506s
Epoch[3/20 514/700] - Loss: 324.3461303711 - MSE: 323.76382 - batch_Time: 0.4012797169853002s
Epoch[3/20 515/700] - Loss: 207.9234161377 - MSE: 207.42427 - batch_Time: 0.3980497531592846s
Epoch[3/20 516/700] - Loss: 155.6122741699 - MSE: 155.19427 - batch_Time: 0.39674652786925435s
Epoch[3/20 517/700] - Loss: 202.8479614258 - MSE: 202.60748 - batch_Time: 0.39629162289202213s
Epoch[3/20 518/700] - Loss: 190.8286895752 - MSE: 190.53342 - batch_Time: 0.394521462963894s
Epoch[3/20 519/700] - Loss: 214.1871795654 - MSE: 213.77582 - batch_Time: 0.39671468804590404s
Epoch[3/20 520/700] - Loss: 265.9184570312 - MSE: 265.40952 - batch_Time: 0.397980994079262s
Epoch[3/20 521/700] - Loss: 234.8740386963 - MSE: 234.24265 - batch_Time: 0.39941209787502885s
Epoch[3/20 522/700] - Loss: 207.6415405273 - MSE: 207.23203 - batch_Time: 0.4077900839038193s
Epoch[3/20 523/700] - Loss: 342.9482116699 - MSE: 342.45190 - batch_Time: 0.4061405120883137s
Epoch[3/20 524/700] - Loss: 202.9423522949 - MSE: 202.28195 - batch_Time: 0.4022554859984666s
Epoch[3/20 525/700] - Loss: 415.1471557617 - MSE: 414.59753 - batch_Time: 0.39378045103512704s
Epoch[3/20 526/700] - Loss: 285.6538696289 - MSE: 285.26791 - batch_Time: 0.3958114280831069s
Epoch[3/20 527/700] - Loss: 185.5424346924 - MSE: 185.18535 - batch_Time: 0.3960693848785013s
Epoch[3/20 528/700] - Loss: 142.4659576416 - MSE: 142.14380 - batch_Time: 0.3961045949254185s
Epoch[3/20 529/700] - Loss: 251.4070129395 - MSE: 250.93755 - batch_Time: 0.39566138992086053s
Epoch[3/20 530/700] - Loss: 239.1975708008 - MSE: 238.67014 - batch_Time: 0.39516643597744405s
Epoch[3/20 531/700] - Loss: 231.2700500488 - MSE: 230.81046 - batch_Time: 0.3990320418961346s
Epoch[3/20 532/700] - Loss: 390.2027587891 - MSE: 389.82477 - batch_Time: 0.3962357130367309s
Epoch[3/20 533/700] - Loss: 280.8482666016 - MSE: 280.15924 - batch_Time: 0.39433217514306307s
Epoch[3/20 534/700] - Loss: 313.7846679688 - MSE: 313.23077 - batch_Time: 0.3960139260161668s
Epoch[3/20 535/700] - Loss: 346.9797973633 - MSE: 346.06683 - batch_Time: 0.39833906991407275s
Epoch[3/20 536/700] - Loss: 220.7079010010 - MSE: 220.24362 - batch_Time: 0.40090650087222457s
Epoch[3/20 537/700] - Loss: 185.4167938232 - MSE: 184.85419 - batch_Time: 0.4048694660887122s
Epoch[3/20 538/700] - Loss: 179.3138885498 - MSE: 178.80757 - batch_Time: 0.40401628613471985s
Epoch[3/20 539/700] - Loss: 223.1216583252 - MSE: 222.59140 - batch_Time: 0.4023505849763751s
Epoch[3/20 540/700] - Loss: 332.5368347168 - MSE: 331.71750 - batch_Time: 0.39650011993944645s
Epoch[3/20 541/700] - Loss: 489.3236083984 - MSE: 488.60196 - batch_Time: 0.4088940108194947s
Epoch[3/20 542/700] - Loss: 267.4013671875 - MSE: 266.88034 - batch_Time: 0.3978423750959337s
Epoch[3/20 543/700] - Loss: 421.4949340820 - MSE: 420.84735 - batch_Time: 0.3996343850158155s
Epoch[3/20 544/700] - Loss: 174.0537109375 - MSE: 173.71840 - batch_Time: 0.39760684804059565s
Epoch[3/20 545/700] - Loss: 233.8618316650 - MSE: 233.40263 - batch_Time: 0.40573716699145734s
Epoch[3/20 546/700] - Loss: 171.6803436279 - MSE: 171.24411 - batch_Time: 0.39460203191265464s
Epoch[3/20 547/700] - Loss: 355.9966735840 - MSE: 355.37189 - batch_Time: 0.3993321789894253s
Epoch[3/20 548/700] - Loss: 233.8085937500 - MSE: 233.42934 - batch_Time: 0.40147853503003716s
Epoch[3/20 549/700] - Loss: 253.4185485840 - MSE: 252.78079 - batch_Time: 0.40411915397271514s
Epoch[3/20 550/700] - Loss: 154.4251251221 - MSE: 154.03297 - batch_Time: 0.3951254370622337s
Epoch[3/20 551/700] - Loss: 281.2072753906 - MSE: 280.56052 - batch_Time: 0.40257465303875506s
Epoch[3/20 552/700] - Loss: 259.1330261230 - MSE: 258.61600 - batch_Time: 0.3997126950416714s
Epoch[3/20 553/700] - Loss: 226.3045959473 - MSE: 225.94333 - batch_Time: 0.4036371810361743s
Epoch[3/20 554/700] - Loss: 242.1329956055 - MSE: 241.62247 - batch_Time: 0.4026116421446204s
Epoch[3/20 555/700] - Loss: 210.1566162109 - MSE: 209.53293 - batch_Time: 0.4028296689502895s
Epoch[3/20 556/700] - Loss: 375.5889282227 - MSE: 374.94293 - batch_Time: 0.40254518296569586s
Epoch[3/20 557/700] - Loss: 271.7772216797 - MSE: 271.27481 - batch_Time: 0.4058225150220096s
Epoch[3/20 558/700] - Loss: 259.7767944336 - MSE: 259.27869 - batch_Time: 0.40166203305125237s
Epoch[3/20 559/700] - Loss: 141.7958984375 - MSE: 141.29826 - batch_Time: 0.39655404002405703s
Epoch[3/20 560/700] - Loss: 189.4894714355 - MSE: 188.93872 - batch_Time: 0.39980467315763235s
Epoch[3/20 561/700] - Loss: 155.8595886230 - MSE: 155.40375 - batch_Time: 0.39920383994467556s
Epoch[3/20 562/700] - Loss: 190.5143127441 - MSE: 190.06192 - batch_Time: 0.4021889758296311s
Epoch[3/20 563/700] - Loss: 334.9717102051 - MSE: 334.44098 - batch_Time: 0.39870622591115534s
Epoch[3/20 564/700] - Loss: 187.0884399414 - MSE: 186.49153 - batch_Time: 0.3968515070155263s
Epoch[3/20 565/700] - Loss: 222.3764038086 - MSE: 221.89291 - batch_Time: 0.39842572901397943s
Epoch[3/20 566/700] - Loss: 199.7834930420 - MSE: 199.45605 - batch_Time: 0.39664991991594434s
Epoch[3/20 567/700] - Loss: 204.7335357666 - MSE: 204.51050 - batch_Time: 0.4006674129050225s
Epoch[3/20 568/700] - Loss: 217.5584259033 - MSE: 216.99191 - batch_Time: 0.3984476588666439s
Epoch[3/20 569/700] - Loss: 201.3665924072 - MSE: 200.77380 - batch_Time: 0.4006979828700423s
Epoch[3/20 570/700] - Loss: 265.3717041016 - MSE: 264.61978 - batch_Time: 0.39902892196550965s
Epoch[3/20 571/700] - Loss: 241.7620086670 - MSE: 241.30177 - batch_Time: 0.39773325715214014s
Epoch[3/20 572/700] - Loss: 279.8959960938 - MSE: 279.16638 - batch_Time: 0.4023345538880676s
Epoch[3/20 573/700] - Loss: 235.8956451416 - MSE: 235.12912 - batch_Time: 0.40107270888984203s
Epoch[3/20 574/700] - Loss: 251.0021972656 - MSE: 250.43120 - batch_Time: 0.3929643309675157s
Epoch[3/20 575/700] - Loss: 200.0448303223 - MSE: 199.42989 - batch_Time: 0.39922145986929536s
Epoch[3/20 576/700] - Loss: 224.4197540283 - MSE: 223.91623 - batch_Time: 0.3959837961010635s
Epoch[3/20 577/700] - Loss: 240.1188659668 - MSE: 239.54599 - batch_Time: 0.4014738949481398s
Epoch[3/20 578/700] - Loss: 284.4215087891 - MSE: 284.01520 - batch_Time: 0.39535146299749613s
Epoch[3/20 579/700] - Loss: 258.3300170898 - MSE: 257.83441 - batch_Time: 0.4011571879964322s
Epoch[3/20 580/700] - Loss: 208.0828552246 - MSE: 207.72150 - batch_Time: 0.39624405303038657s
Epoch[3/20 581/700] - Loss: 192.6852416992 - MSE: 192.23062 - batch_Time: 0.3990530311129987s
Epoch[3/20 582/700] - Loss: 257.7524719238 - MSE: 257.30872 - batch_Time: 0.39342461503110826s
Epoch[3/20 583/700] - Loss: 215.0225677490 - MSE: 214.60626 - batch_Time: 0.3988296650350094s
Epoch[3/20 584/700] - Loss: 198.9378662109 - MSE: 198.54407 - batch_Time: 0.3941981769166887s
Epoch[3/20 585/700] - Loss: 177.4348297119 - MSE: 177.00998 - batch_Time: 0.4001482999883592s
Epoch[3/20 586/700] - Loss: 210.6765747070 - MSE: 210.14116 - batch_Time: 0.39548898208886385s
Epoch[3/20 587/700] - Loss: 322.3244018555 - MSE: 321.61749 - batch_Time: 0.4020511480048299s
Epoch[3/20 588/700] - Loss: 181.0737915039 - MSE: 180.71262 - batch_Time: 0.3954869320150465s
Epoch[3/20 589/700] - Loss: 164.2909393311 - MSE: 163.75284 - batch_Time: 0.4008675708901137s
Epoch[3/20 590/700] - Loss: 230.1900024414 - MSE: 229.85315 - batch_Time: 0.39559129113331437s
Epoch[3/20 591/700] - Loss: 153.1403198242 - MSE: 152.84384 - batch_Time: 0.40009847981855273s
Epoch[3/20 592/700] - Loss: 190.2531585693 - MSE: 189.80066 - batch_Time: 0.40319028520025313s
Epoch[3/20 593/700] - Loss: 195.4872589111 - MSE: 195.09442 - batch_Time: 0.40006433008238673s
Epoch[3/20 594/700] - Loss: 199.4086151123 - MSE: 198.91579 - batch_Time: 0.4007745331618935s
Epoch[3/20 595/700] - Loss: 227.5594635010 - MSE: 227.30063 - batch_Time: 0.398844274925068s
Epoch[3/20 596/700] - Loss: 332.1353149414 - MSE: 331.19830 - batch_Time: 0.3966434400063008s
Epoch[3/20 597/700] - Loss: 284.3876953125 - MSE: 283.84723 - batch_Time: 0.3975944791454822s
Epoch[3/20 598/700] - Loss: 292.9112854004 - MSE: 292.38904 - batch_Time: 0.3963622418232262s
Epoch[3/20 599/700] - Loss: 198.5622711182 - MSE: 198.18660 - batch_Time: 0.39591000718064606s
Epoch[3/20 600/700] - Loss: 150.5343933105 - MSE: 149.98726 - batch_Time: 0.39314897800795734s
Epoch[3/20 601/700] - Loss: 289.8614501953 - MSE: 289.30139 - batch_Time: 0.39364752313122153s
Epoch[3/20 602/700] - Loss: 310.8586120605 - MSE: 310.20917 - batch_Time: 0.39549669180996716s
Epoch[3/20 603/700] - Loss: 213.1679382324 - MSE: 212.79314 - batch_Time: 0.40057348599657416s
Epoch[3/20 604/700] - Loss: 224.3978881836 - MSE: 223.79712 - batch_Time: 0.40047874697484076s
Epoch[3/20 605/700] - Loss: 190.7826843262 - MSE: 190.23364 - batch_Time: 0.3955440209247172s
Epoch[3/20 606/700] - Loss: 176.0304260254 - MSE: 175.57158 - batch_Time: 0.3968543268274516s
Epoch[3/20 607/700] - Loss: 265.1105957031 - MSE: 264.63214 - batch_Time: 0.3984892079606652s
Epoch[3/20 608/700] - Loss: 295.4610900879 - MSE: 294.97955 - batch_Time: 0.40097700082696974s
Epoch[3/20 609/700] - Loss: 338.0388183594 - MSE: 337.37225 - batch_Time: 0.39432721491903067s
Epoch[3/20 610/700] - Loss: 332.1813049316 - MSE: 331.70999 - batch_Time: 0.3966276999562979s
Epoch[3/20 611/700] - Loss: 202.8843688965 - MSE: 202.59151 - batch_Time: 0.39602104597724974s
Epoch[3/20 612/700] - Loss: 235.6276855469 - MSE: 235.29297 - batch_Time: 0.3979382640682161s
Epoch[3/20 613/700] - Loss: 196.8270111084 - MSE: 196.57332 - batch_Time: 0.3974869998637587s
Epoch[3/20 614/700] - Loss: 277.0017700195 - MSE: 276.39035 - batch_Time: 0.3981709110084921s
Epoch[3/20 615/700] - Loss: 167.9728546143 - MSE: 167.62454 - batch_Time: 0.39928100001998246s
Epoch[3/20 616/700] - Loss: 282.1947021484 - MSE: 281.88400 - batch_Time: 0.39724827208556235s
Epoch[3/20 617/700] - Loss: 181.3383178711 - MSE: 180.93005 - batch_Time: 0.395024336874485s
Epoch[3/20 618/700] - Loss: 196.6703338623 - MSE: 196.09477 - batch_Time: 0.4027603298891336s
Epoch[3/20 619/700] - Loss: 188.8307647705 - MSE: 188.29526 - batch_Time: 0.3951355661265552s
Epoch[3/20 620/700] - Loss: 172.1960144043 - MSE: 171.80165 - batch_Time: 0.3989974719006568s
Epoch[3/20 621/700] - Loss: 234.1493530273 - MSE: 233.65656 - batch_Time: 0.39329419704154134s
Epoch[3/20 622/700] - Loss: 215.6280975342 - MSE: 215.21001 - batch_Time: 0.4003148579504341s
Epoch[3/20 623/700] - Loss: 191.6446990967 - MSE: 191.12958 - batch_Time: 0.3965432408731431s
Epoch[3/20 624/700] - Loss: 313.9129028320 - MSE: 313.31097 - batch_Time: 0.40122534800320864s
Epoch[3/20 625/700] - Loss: 224.0534210205 - MSE: 223.64832 - batch_Time: 0.39762935787439346s
Epoch[3/20 626/700] - Loss: 219.7058410645 - MSE: 219.19650 - batch_Time: 0.40193510008975863s
Epoch[3/20 627/700] - Loss: 257.6641845703 - MSE: 257.22906 - batch_Time: 0.3978552049957216s
Epoch[3/20 628/700] - Loss: 233.9517517090 - MSE: 233.45163 - batch_Time: 0.4018056411296129s
Epoch[3/20 629/700] - Loss: 170.8851776123 - MSE: 170.48979 - batch_Time: 0.3931675578933209s
Epoch[3/20 630/700] - Loss: 296.5001525879 - MSE: 295.76379 - batch_Time: 0.40062800399027765s
Epoch[3/20 631/700] - Loss: 255.6252746582 - MSE: 255.18497 - batch_Time: 0.4007935328409076s
Epoch[3/20 632/700] - Loss: 212.8220367432 - MSE: 212.42014 - batch_Time: 0.4016330330632627s
Epoch[3/20 633/700] - Loss: 178.8614501953 - MSE: 178.56509 - batch_Time: 0.3991149910725653s
Epoch[3/20 634/700] - Loss: 138.3638763428 - MSE: 137.93359 - batch_Time: 0.40270328102633357s
Epoch[3/20 635/700] - Loss: 183.6431274414 - MSE: 183.33624 - batch_Time: 0.3955608911346644s
Epoch[3/20 636/700] - Loss: 190.1646881104 - MSE: 189.78212 - batch_Time: 0.4023842851165682s
Epoch[3/20 637/700] - Loss: 152.6039276123 - MSE: 152.09885 - batch_Time: 0.39892942388541996s
Epoch[3/20 638/700] - Loss: 250.0357971191 - MSE: 249.77126 - batch_Time: 0.40047787595540285s
Epoch[3/20 639/700] - Loss: 223.3191528320 - MSE: 222.96237 - batch_Time: 0.3960608260240406s
Epoch[3/20 640/700] - Loss: 151.5903930664 - MSE: 151.34453 - batch_Time: 0.3935425840318203s
Epoch[3/20 641/700] - Loss: 239.1412963867 - MSE: 238.61121 - batch_Time: 0.3946567310485989s
Epoch[3/20 642/700] - Loss: 208.9673156738 - MSE: 208.51321 - batch_Time: 0.4015570639166981s
Epoch[3/20 643/700] - Loss: 183.7590484619 - MSE: 183.53838 - batch_Time: 0.3957304588984698s
Epoch[3/20 644/700] - Loss: 192.3713531494 - MSE: 191.92522 - batch_Time: 0.40105002000927925s
Epoch[3/20 645/700] - Loss: 225.6586303711 - MSE: 225.05489 - batch_Time: 0.3966469089500606s
Epoch[3/20 646/700] - Loss: 342.8060302734 - MSE: 342.22839 - batch_Time: 0.4009900698438287s
Epoch[3/20 647/700] - Loss: 193.4481811523 - MSE: 193.07811 - batch_Time: 0.3953600430395454s
Epoch[3/20 648/700] - Loss: 118.1746292114 - MSE: 117.87328 - batch_Time: 0.3993336788844317s
Epoch[3/20 649/700] - Loss: 172.4631042480 - MSE: 172.15263 - batch_Time: 0.4016458431724459s
Epoch[3/20 650/700] - Loss: 230.3181457520 - MSE: 229.87933 - batch_Time: 0.40085547184571624s
Epoch[3/20 651/700] - Loss: 206.3464355469 - MSE: 205.84750 - batch_Time: 0.39972192398272455s
Epoch[3/20 652/700] - Loss: 278.0195312500 - MSE: 277.47446 - batch_Time: 0.40074244304560125s
Epoch[3/20 653/700] - Loss: 159.8280029297 - MSE: 159.24329 - batch_Time: 0.4035077129956335s
Epoch[3/20 654/700] - Loss: 310.4228515625 - MSE: 309.86533 - batch_Time: 0.4009142511058599s
Epoch[3/20 655/700] - Loss: 319.1220703125 - MSE: 318.63812 - batch_Time: 0.40191374998539686s
Epoch[3/20 656/700] - Loss: 339.4690551758 - MSE: 339.04626 - batch_Time: 0.4014369659125805s
Epoch[3/20 657/700] - Loss: 197.0578765869 - MSE: 196.59911 - batch_Time: 0.4048973759636283s
Epoch[3/20 658/700] - Loss: 193.2953186035 - MSE: 192.91580 - batch_Time: 0.4050162851344794s
Epoch[3/20 659/700] - Loss: 337.5121459961 - MSE: 336.93060 - batch_Time: 0.4062755710911006s
Epoch[3/20 660/700] - Loss: 372.8053588867 - MSE: 372.27737 - batch_Time: 0.407144091790542s
Epoch[3/20 661/700] - Loss: 370.8769836426 - MSE: 369.98694 - batch_Time: 0.40156134380958974s
Epoch[3/20 662/700] - Loss: 277.1940917969 - MSE: 276.55435 - batch_Time: 0.40052474616095424s
Epoch[3/20 663/700] - Loss: 164.5400695801 - MSE: 164.04356 - batch_Time: 0.40713892108760774s
Epoch[3/20 664/700] - Loss: 158.5864562988 - MSE: 158.19690 - batch_Time: 0.4041796450037509s
Epoch[3/20 665/700] - Loss: 208.4238586426 - MSE: 207.99243 - batch_Time: 0.40089811105281115s
Epoch[3/20 666/700] - Loss: 138.1092987061 - MSE: 137.52722 - batch_Time: 0.408910971833393s
Epoch[3/20 667/700] - Loss: 267.4939880371 - MSE: 267.16727 - batch_Time: 0.4103769848588854s
Epoch[3/20 668/700] - Loss: 341.4153442383 - MSE: 340.80518 - batch_Time: 0.4127447889186442s
Epoch[3/20 669/700] - Loss: 275.6395874023 - MSE: 274.95309 - batch_Time: 0.40169202210381627s
Epoch[3/20 670/700] - Loss: 207.8605499268 - MSE: 207.31575 - batch_Time: 0.40360724087804556s
Epoch[3/20 671/700] - Loss: 252.7129516602 - MSE: 252.20352 - batch_Time: 0.4061152031645179s
Epoch[3/20 672/700] - Loss: 198.0569610596 - MSE: 197.52718 - batch_Time: 0.40834534796886146s
Epoch[3/20 673/700] - Loss: 250.9723815918 - MSE: 250.31282 - batch_Time: 0.4068794639315456s
Epoch[3/20 674/700] - Loss: 251.9685821533 - MSE: 251.27856 - batch_Time: 0.4049029159359634s
Epoch[3/20 675/700] - Loss: 124.5319824219 - MSE: 124.21713 - batch_Time: 0.40260293311439455s
Epoch[3/20 676/700] - Loss: 206.6279602051 - MSE: 206.22501 - batch_Time: 0.4050208160188049s
Epoch[3/20 677/700] - Loss: 455.2840881348 - MSE: 454.57703 - batch_Time: 0.4059360548853874s
Epoch[3/20 678/700] - Loss: 326.1167297363 - MSE: 325.47385 - batch_Time: 0.4052666029892862s
Epoch[3/20 679/700] - Loss: 291.3893737793 - MSE: 290.82129 - batch_Time: 0.4058643861208111s
Epoch[3/20 680/700] - Loss: 330.9323120117 - MSE: 330.16812 - batch_Time: 0.4046830190345645s
Epoch[3/20 681/700] - Loss: 229.0776214600 - MSE: 228.77954 - batch_Time: 0.4052765329834074s
Epoch[3/20 682/700] - Loss: 268.9720458984 - MSE: 268.37927 - batch_Time: 0.4069186740089208s
Epoch[3/20 683/700] - Loss: 182.7651824951 - MSE: 182.43297 - batch_Time: 0.40624982095323503s
Epoch[3/20 684/700] - Loss: 156.1131591797 - MSE: 155.78362 - batch_Time: 0.40798869193531573s
Epoch[3/20 685/700] - Loss: 314.3258056641 - MSE: 313.88263 - batch_Time: 0.4063559011556208s
Epoch[3/20 686/700] - Loss: 146.7354125977 - MSE: 146.49768 - batch_Time: 0.40459330892190337s
Epoch[3/20 687/700] - Loss: 253.2881774902 - MSE: 252.96063 - batch_Time: 0.4060709229670465s
Epoch[3/20 688/700] - Loss: 153.7040405273 - MSE: 153.32211 - batch_Time: 0.4048673959914595s
Epoch[3/20 689/700] - Loss: 260.4671936035 - MSE: 260.03137 - batch_Time: 0.40487816696986556s
Epoch[3/20 690/700] - Loss: 259.1553955078 - MSE: 258.74377 - batch_Time: 0.4050530150998384s
Epoch[3/20 691/700] - Loss: 272.9267272949 - MSE: 272.43362 - batch_Time: 0.4063408300280571s
Epoch[3/20 692/700] - Loss: 176.7106323242 - MSE: 176.10782 - batch_Time: 0.40546866902150214s
Epoch[3/20 693/700] - Loss: 181.8113555908 - MSE: 181.43057 - batch_Time: 0.4055659289006144s
Epoch[3/20 694/700] - Loss: 252.0767822266 - MSE: 251.57205 - batch_Time: 0.4058716050349176s
Epoch[3/20 695/700] - Loss: 160.8698120117 - MSE: 160.46744 - batch_Time: 0.40656474814750254s
Epoch[3/20 696/700] - Loss: 252.0043487549 - MSE: 251.26953 - batch_Time: 0.40875390311703086s
Epoch[3/20 697/700] - Loss: 223.7460174561 - MSE: 223.27464 - batch_Time: 0.40387027710676193s
Epoch[3/20 698/700] - Loss: 246.6575317383 - MSE: 246.21944 - batch_Time: 0.3983923699706793s
Epoch[3/20 699/700] - Loss: 212.2138061523 - MSE: 211.69983 - batch_Time: 0.4022459560073912s
Epoch[3] - 2021-08-06 21:25:14.674434
/hy-tmp/OURS/ttsr_dx/experiment.py:171: UserWarning: torch.nn.utils.clip_grad_norm is now deprecated in favor of torch.nn.utils.clip_grad_norm_.
  nn.utils.clip_grad_norm(self.model.parameters(), 1, norm_type=2)
Epoch[3- train_loss: 240.2656989397 - train_error: 239.7665147618 - val_loss: 64.0128555489 - val_error: 63.8662760735 - val_psnr: 30.3540426217 - val_ssim: 0.8150761635 - epoch_Time: 360.634276533965s
Save Model in Epoch:3
Current learning rate: 0.0001
Epoch[4/20] - 2021-08-06 21:26:24.847999
Epoch[4/20 0/700] - Loss: 617.8916625977 - MSE: 617.12280 - batch_Time: 0.42275450588203967s
Epoch[4/20 1/700] - Loss: 157.7022705078 - MSE: 157.35968 - batch_Time: 0.4029230491723865s
Epoch[4/20 2/700] - Loss: 189.6810913086 - MSE: 189.36116 - batch_Time: 0.4023485751822591s
Epoch[4/20 3/700] - Loss: 179.0428466797 - MSE: 178.55241 - batch_Time: 0.3975990191102028s
Epoch[4/20 4/700] - Loss: 166.9841613770 - MSE: 166.66473 - batch_Time: 0.4023178559727967s
Epoch[4/20 5/700] - Loss: 84.8396835327 - MSE: 84.57710 - batch_Time: 0.39580264897085726s
Epoch[4/20 6/700] - Loss: 337.9952087402 - MSE: 337.41660 - batch_Time: 0.39552632300183177s
Epoch[4/20 7/700] - Loss: 287.0688476562 - MSE: 286.63382 - batch_Time: 0.3958654389716685s
Epoch[4/20 8/700] - Loss: 283.2997436523 - MSE: 282.73431 - batch_Time: 0.39956668694503605s
Epoch[4/20 9/700] - Loss: 196.2783203125 - MSE: 195.86079 - batch_Time: 0.3998052638489753s
Epoch[4/20 10/700] - Loss: 295.1064147949 - MSE: 294.36133 - batch_Time: 0.4029634092003107s
Epoch[4/20 11/700] - Loss: 175.1435546875 - MSE: 174.77916 - batch_Time: 0.4004967170767486s
Epoch[4/20 12/700] - Loss: 313.1189575195 - MSE: 312.52826 - batch_Time: 0.40224360581487417s
Epoch[4/20 13/700] - Loss: 292.3933715820 - MSE: 291.97693 - batch_Time: 0.4012808569241315s
Epoch[4/20 14/700] - Loss: 266.4130249023 - MSE: 265.98062 - batch_Time: 0.4000969009939581s
Epoch[4/20 15/700] - Loss: 189.5023651123 - MSE: 189.26660 - batch_Time: 0.3938506708946079s
Epoch[4/20 16/700] - Loss: 203.0701599121 - MSE: 202.72122 - batch_Time: 0.3938070919830352s
Epoch[4/20 17/700] - Loss: 226.6648712158 - MSE: 226.34686 - batch_Time: 0.399191111093387s
Epoch[4/20 18/700] - Loss: 197.1497955322 - MSE: 196.72266 - batch_Time: 0.3974675100762397s
Epoch[4/20 19/700] - Loss: 192.5671081543 - MSE: 192.03458 - batch_Time: 0.3990699229761958s
Epoch[4/20 20/700] - Loss: 180.0177917480 - MSE: 179.50903 - batch_Time: 0.40023606992326677s
Epoch[4/20 21/700] - Loss: 288.4285888672 - MSE: 287.60950 - batch_Time: 0.39519836683757603s
Epoch[4/20 22/700] - Loss: 309.6188354492 - MSE: 309.17035 - batch_Time: 0.4001357408706099s
Epoch[4/20 23/700] - Loss: 227.8585510254 - MSE: 227.27426 - batch_Time: 0.3964777421206236s
Epoch[4/20 24/700] - Loss: 241.5608825684 - MSE: 241.06682 - batch_Time: 0.40020568016916513s
Epoch[4/20 25/700] - Loss: 306.9459533691 - MSE: 306.17374 - batch_Time: 0.3961734960321337s
Epoch[4/20 26/700] - Loss: 211.1755828857 - MSE: 210.92699 - batch_Time: 0.3999229131732136s
Epoch[4/20 27/700] - Loss: 166.3969421387 - MSE: 165.94609 - batch_Time: 0.39636327303014696s
Epoch[4/20 28/700] - Loss: 267.3399353027 - MSE: 266.82849 - batch_Time: 0.39722502301447093s
Epoch[4/20 29/700] - Loss: 283.4111022949 - MSE: 282.59436 - batch_Time: 0.4020422180183232s
Epoch[4/20 30/700] - Loss: 388.7736511230 - MSE: 388.36325 - batch_Time: 0.39968400611542165s
Epoch[4/20 31/700] - Loss: 196.4829254150 - MSE: 195.98543 - batch_Time: 0.3991399919614196s
Epoch[4/20 32/700] - Loss: 212.3155517578 - MSE: 211.97485 - batch_Time: 0.40571311698295176s
Epoch[4/20 33/700] - Loss: 219.0742034912 - MSE: 218.73305 - batch_Time: 0.3946024929173291s
Epoch[4/20 34/700] - Loss: 259.9454650879 - MSE: 259.27441 - batch_Time: 0.39396403986029327s
Epoch[4/20 35/700] - Loss: 222.9826049805 - MSE: 222.67947 - batch_Time: 0.39699656586162746s
Epoch[4/20 36/700] - Loss: 290.5548095703 - MSE: 289.77228 - batch_Time: 0.4003199888393283s
Epoch[4/20 37/700] - Loss: 228.5550537109 - MSE: 228.19513 - batch_Time: 0.39530536509118974s
Epoch[4/20 38/700] - Loss: 177.8409576416 - MSE: 177.25002 - batch_Time: 0.3979589748196304s
Epoch[4/20 39/700] - Loss: 170.6619110107 - MSE: 169.98102 - batch_Time: 0.39615647518076s
Epoch[4/20 40/700] - Loss: 182.1247558594 - MSE: 181.77351 - batch_Time: 0.40302238799631596s
Epoch[4/20 41/700] - Loss: 206.3336334229 - MSE: 205.57797 - batch_Time: 0.3957940600812435s
Epoch[4/20 42/700] - Loss: 127.7618331909 - MSE: 127.51455 - batch_Time: 0.4030365280341357s
Epoch[4/20 43/700] - Loss: 280.8204040527 - MSE: 279.98886 - batch_Time: 0.4000160819850862s
Epoch[4/20 44/700] - Loss: 218.5879974365 - MSE: 218.04398 - batch_Time: 0.4044867819175124s
Epoch[4/20 45/700] - Loss: 195.9481506348 - MSE: 195.64983 - batch_Time: 0.3986885470803827s
Epoch[4/20 46/700] - Loss: 204.9399719238 - MSE: 204.24841 - batch_Time: 0.41186732798814774s
Epoch[4/20 47/700] - Loss: 244.2413940430 - MSE: 244.01552 - batch_Time: 0.4019202310591936s
Epoch[4/20 48/700] - Loss: 166.7682189941 - MSE: 166.39163 - batch_Time: 0.40296520898118615s
Epoch[4/20 49/700] - Loss: 314.2884826660 - MSE: 313.78397 - batch_Time: 0.4000829809810966s
Epoch[4/20 50/700] - Loss: 248.7267456055 - MSE: 248.14812 - batch_Time: 0.39870909601449966s
Epoch[4/20 51/700] - Loss: 239.8439788818 - MSE: 239.43182 - batch_Time: 0.4002477789763361s
Epoch[4/20 52/700] - Loss: 268.1314086914 - MSE: 267.66171 - batch_Time: 0.39863788802176714s
Epoch[4/20 53/700] - Loss: 180.1298522949 - MSE: 179.84099 - batch_Time: 0.398190732114017s
Epoch[4/20 54/700] - Loss: 228.2991943359 - MSE: 227.60593 - batch_Time: 0.4023779460694641s
Epoch[4/20 55/700] - Loss: 235.1636199951 - MSE: 234.70990 - batch_Time: 0.40124870790168643s
Epoch[4/20 56/700] - Loss: 301.3468017578 - MSE: 300.89917 - batch_Time: 0.4051332250237465s
Epoch[4/20 57/700] - Loss: 194.4423370361 - MSE: 193.98958 - batch_Time: 0.4015868538990617s
Epoch[4/20 58/700] - Loss: 185.1999816895 - MSE: 184.71764 - batch_Time: 0.40076130302622914s
Epoch[4/20 59/700] - Loss: 176.2072906494 - MSE: 175.78125 - batch_Time: 0.39689151709899306s
Epoch[4/20 60/700] - Loss: 225.1038513184 - MSE: 224.65038 - batch_Time: 0.40245036501437426s
Epoch[4/20 61/700] - Loss: 256.2024841309 - MSE: 255.81636 - batch_Time: 0.40078354300931096s
Epoch[4/20 62/700] - Loss: 151.3898315430 - MSE: 150.98456 - batch_Time: 0.4026813709642738s
Epoch[4/20 63/700] - Loss: 172.9190826416 - MSE: 172.31219 - batch_Time: 0.39613394578918815s
Epoch[4/20 64/700] - Loss: 181.9755401611 - MSE: 181.46777 - batch_Time: 0.40018174098804593s
Epoch[4/20 65/700] - Loss: 378.8511962891 - MSE: 378.42529 - batch_Time: 0.3985853078775108s
Epoch[4/20 66/700] - Loss: 277.9765014648 - MSE: 277.52063 - batch_Time: 0.4099585609510541s
Epoch[4/20 67/700] - Loss: 135.8024902344 - MSE: 135.47586 - batch_Time: 0.39907764201052487s
Epoch[4/20 68/700] - Loss: 173.2613830566 - MSE: 172.82672 - batch_Time: 0.3979353648610413s
Epoch[4/20 69/700] - Loss: 178.4453277588 - MSE: 177.99203 - batch_Time: 0.4002443791832775s
Epoch[4/20 70/700] - Loss: 175.0654144287 - MSE: 174.64433 - batch_Time: 0.40125347790308297s
Epoch[4/20 71/700] - Loss: 231.0769042969 - MSE: 230.57018 - batch_Time: 0.401125879958272s
Epoch[4/20 72/700] - Loss: 201.2884674072 - MSE: 200.98920 - batch_Time: 0.40151317487470806s
Epoch[4/20 73/700] - Loss: 206.5398254395 - MSE: 206.15962 - batch_Time: 0.40066639496944845s
Epoch[4/20 74/700] - Loss: 237.2594604492 - MSE: 236.84375 - batch_Time: 0.3988663151394576s
Epoch[4/20 75/700] - Loss: 204.3370056152 - MSE: 203.77161 - batch_Time: 0.39862017799168825s
Epoch[4/20 76/700] - Loss: 200.9357299805 - MSE: 200.58702 - batch_Time: 0.4001797898672521s
Epoch[4/20 77/700] - Loss: 250.9812927246 - MSE: 250.51535 - batch_Time: 0.3981559530366212s
Epoch[4/20 78/700] - Loss: 173.4370727539 - MSE: 173.05914 - batch_Time: 0.3986860369332135s
Epoch[4/20 79/700] - Loss: 189.9399414062 - MSE: 189.55574 - batch_Time: 0.39912369195371866s
Epoch[4/20 80/700] - Loss: 237.9462127686 - MSE: 237.19112 - batch_Time: 0.3986518981400877s
Epoch[4/20 81/700] - Loss: 351.8224487305 - MSE: 351.35220 - batch_Time: 0.39789372589439154s
Epoch[4/20 82/700] - Loss: 238.6639404297 - MSE: 238.24908 - batch_Time: 0.4042605038266629s
Epoch[4/20 83/700] - Loss: 176.8534851074 - MSE: 176.55103 - batch_Time: 0.40088390186429024s
Epoch[4/20 84/700] - Loss: 206.0432281494 - MSE: 205.66711 - batch_Time: 0.402985179098323s
Epoch[4/20 85/700] - Loss: 279.1850891113 - MSE: 278.56351 - batch_Time: 0.4016456939280033s
Epoch[4/20 86/700] - Loss: 177.4746856689 - MSE: 177.11545 - batch_Time: 0.3989560538902879s
Epoch[4/20 87/700] - Loss: 341.0043334961 - MSE: 340.48016 - batch_Time: 0.3975854190066457s
Epoch[4/20 88/700] - Loss: 236.3578796387 - MSE: 235.72736 - batch_Time: 0.39895368413999677s
Epoch[4/20 89/700] - Loss: 217.5209503174 - MSE: 217.17549 - batch_Time: 0.40048256586305797s
Epoch[4/20 90/700] - Loss: 183.6976165771 - MSE: 183.13342 - batch_Time: 0.4000609018839896s
Epoch[4/20 91/700] - Loss: 241.1963806152 - MSE: 240.62375 - batch_Time: 0.40881832293234766s
Epoch[4/20 92/700] - Loss: 255.4989013672 - MSE: 255.02049 - batch_Time: 0.4048268091864884s
Epoch[4/20 93/700] - Loss: 159.1720733643 - MSE: 158.58730 - batch_Time: 0.3958061190787703s
Epoch[4/20 94/700] - Loss: 243.4242706299 - MSE: 242.76848 - batch_Time: 0.39578242995776236s
Epoch[4/20 95/700] - Loss: 265.8067626953 - MSE: 265.15845 - batch_Time: 0.401600053999573s
Epoch[4/20 96/700] - Loss: 222.9319152832 - MSE: 222.54181 - batch_Time: 0.3999693018849939s
Epoch[4/20 97/700] - Loss: 191.3823852539 - MSE: 190.80885 - batch_Time: 0.40205880906432867s
Epoch[4/20 98/700] - Loss: 269.8193664551 - MSE: 269.48996 - batch_Time: 0.3955322520341724s
Epoch[4/20 99/700] - Loss: 156.1347351074 - MSE: 155.76163 - batch_Time: 0.40013279113918543s
Epoch[4/20 100/700] - Loss: 185.4705657959 - MSE: 184.91010 - batch_Time: 0.40006023086607456s
Epoch[4/20 101/700] - Loss: 230.7781066895 - MSE: 230.31793 - batch_Time: 0.3990274730604142s
Epoch[4/20 102/700] - Loss: 213.2457733154 - MSE: 212.70345 - batch_Time: 0.39504494797438383s
Epoch[4/20 103/700] - Loss: 234.2495727539 - MSE: 233.91705 - batch_Time: 0.4024332051631063s
Epoch[4/20 104/700] - Loss: 243.6983947754 - MSE: 242.98401 - batch_Time: 0.3981510230805725s
Epoch[4/20 105/700] - Loss: 267.6399536133 - MSE: 267.25461 - batch_Time: 0.3952359959948808s
Epoch[4/20 106/700] - Loss: 206.6296386719 - MSE: 206.27809 - batch_Time: 0.39466731320135295s
Epoch[4/20 107/700] - Loss: 213.0105285645 - MSE: 212.36899 - batch_Time: 0.4005436971783638s
Epoch[4/20 108/700] - Loss: 193.6045684814 - MSE: 193.28206 - batch_Time: 0.40023281006142497s
Epoch[4/20 109/700] - Loss: 237.6973266602 - MSE: 237.17476 - batch_Time: 0.3956832909025252s
Epoch[4/20 110/700] - Loss: 279.4473571777 - MSE: 278.97266 - batch_Time: 0.39403526904061437s
Epoch[4/20 111/700] - Loss: 183.8684387207 - MSE: 183.45248 - batch_Time: 0.40865346509963274s
Epoch[4/20 112/700] - Loss: 214.9659423828 - MSE: 214.49829 - batch_Time: 0.3961633360013366s
Epoch[4/20 113/700] - Loss: 291.5774841309 - MSE: 291.10580 - batch_Time: 0.3975557901430875s
Epoch[4/20 114/700] - Loss: 335.7373962402 - MSE: 335.22504 - batch_Time: 0.3955734809860587s
Epoch[4/20 115/700] - Loss: 217.3260192871 - MSE: 216.72136 - batch_Time: 0.3936196349095553s
Epoch[4/20 116/700] - Loss: 278.9667968750 - MSE: 278.58063 - batch_Time: 0.4028490409255028s
Epoch[4/20 117/700] - Loss: 235.0938720703 - MSE: 234.36485 - batch_Time: 0.3995778481476009s
Epoch[4/20 118/700] - Loss: 272.4654235840 - MSE: 271.74863 - batch_Time: 0.3927500538993627s
Epoch[4/20 119/700] - Loss: 265.0167236328 - MSE: 264.33667 - batch_Time: 0.40060551511123776s
Epoch[4/20 120/700] - Loss: 138.8623657227 - MSE: 138.39499 - batch_Time: 0.3994506180752069s
Epoch[4/20 121/700] - Loss: 179.1500701904 - MSE: 178.57681 - batch_Time: 0.40565948793664575s
Epoch[4/20 122/700] - Loss: 192.4930114746 - MSE: 191.91360 - batch_Time: 0.4023949259426445s
Epoch[4/20 123/700] - Loss: 168.3590850830 - MSE: 167.95471 - batch_Time: 0.3958163890056312s
Epoch[4/20 124/700] - Loss: 185.7886810303 - MSE: 185.22699 - batch_Time: 0.3956237519159913s
Epoch[4/20 125/700] - Loss: 314.1646118164 - MSE: 313.79373 - batch_Time: 0.39317639893852174s
Epoch[4/20 126/700] - Loss: 341.6914672852 - MSE: 341.11539 - batch_Time: 0.3996951549779624s
Epoch[4/20 127/700] - Loss: 164.9053344727 - MSE: 164.47047 - batch_Time: 0.40058177593164146s
Epoch[4/20 128/700] - Loss: 190.5833892822 - MSE: 190.00618 - batch_Time: 0.40120456903241575s
Epoch[4/20 129/700] - Loss: 164.9507141113 - MSE: 164.62456 - batch_Time: 0.40301736793480814s
Epoch[4/20 130/700] - Loss: 188.0157928467 - MSE: 187.40726 - batch_Time: 0.3972637830302119s
Epoch[4/20 131/700] - Loss: 199.2570343018 - MSE: 198.84813 - batch_Time: 0.40892084199003875s
Epoch[4/20 132/700] - Loss: 271.6127929688 - MSE: 271.14484 - batch_Time: 0.394240097142756s
Epoch[4/20 133/700] - Loss: 166.0536804199 - MSE: 165.63808 - batch_Time: 0.39822599198669195s
Epoch[4/20 134/700] - Loss: 195.5669403076 - MSE: 195.15486 - batch_Time: 0.3982205418869853s
Epoch[4/20 135/700] - Loss: 230.5529327393 - MSE: 230.24332 - batch_Time: 0.39800816401839256s
Epoch[4/20 136/700] - Loss: 203.4176940918 - MSE: 202.96242 - batch_Time: 0.3995354368817061s
Epoch[4/20 137/700] - Loss: 232.6724548340 - MSE: 232.15794 - batch_Time: 0.40017921081744134s
Epoch[4/20 138/700] - Loss: 184.6033172607 - MSE: 184.22942 - batch_Time: 0.4001362710259855s
Epoch[4/20 139/700] - Loss: 216.2401123047 - MSE: 215.90025 - batch_Time: 0.4007331139873713s
Epoch[4/20 140/700] - Loss: 227.6741485596 - MSE: 227.24695 - batch_Time: 0.40491113695316017s
Epoch[4/20 141/700] - Loss: 154.8675994873 - MSE: 154.48715 - batch_Time: 0.40115907904691994s
Epoch[4/20 142/700] - Loss: 226.2167968750 - MSE: 225.72662 - batch_Time: 0.3969381970819086s
Epoch[4/20 143/700] - Loss: 162.6593475342 - MSE: 162.28667 - batch_Time: 0.3960493770428002s
Epoch[4/20 144/700] - Loss: 268.1189575195 - MSE: 267.76218 - batch_Time: 0.3990259731654078s
Epoch[4/20 145/700] - Loss: 199.0983428955 - MSE: 198.69902 - batch_Time: 0.400874312967062s
Epoch[4/20 146/700] - Loss: 153.2889404297 - MSE: 153.02789 - batch_Time: 0.3981733729597181s
Epoch[4/20 147/700] - Loss: 200.3575592041 - MSE: 199.79462 - batch_Time: 0.39940823893994093s
Epoch[4/20 148/700] - Loss: 203.4459838867 - MSE: 202.89217 - batch_Time: 0.40215123910456896s
Epoch[4/20 149/700] - Loss: 158.4075164795 - MSE: 157.99677 - batch_Time: 0.3917686848435551s
Epoch[4/20 150/700] - Loss: 113.8395233154 - MSE: 113.50809 - batch_Time: 0.39923719107173383s
Epoch[4/20 151/700] - Loss: 269.2804260254 - MSE: 268.82114 - batch_Time: 0.3960759269539267s
Epoch[4/20 152/700] - Loss: 172.2459564209 - MSE: 171.89523 - batch_Time: 0.40305448812432587s
Epoch[4/20 153/700] - Loss: 208.9764099121 - MSE: 208.42274 - batch_Time: 0.39709738502278924s
Epoch[4/20 154/700] - Loss: 209.3782958984 - MSE: 208.91766 - batch_Time: 0.39708116510882974s
Epoch[4/20 155/700] - Loss: 323.8416748047 - MSE: 323.39951 - batch_Time: 0.3957142010331154s
Epoch[4/20 156/700] - Loss: 193.6269683838 - MSE: 192.96971 - batch_Time: 0.40061656502075493s
Epoch[4/20 157/700] - Loss: 201.2604675293 - MSE: 200.69292 - batch_Time: 0.40291704004630446s
Epoch[4/20 158/700] - Loss: 272.7010803223 - MSE: 272.15851 - batch_Time: 0.39819509210065007s
Epoch[4/20 159/700] - Loss: 107.4485168457 - MSE: 107.04989 - batch_Time: 0.39524620585143566s
Epoch[4/20 160/700] - Loss: 126.2413635254 - MSE: 125.67580 - batch_Time: 0.40166280302219093s
Epoch[4/20 161/700] - Loss: 310.1699829102 - MSE: 309.20856 - batch_Time: 0.40105725987814367s
Epoch[4/20 162/700] - Loss: 261.4718017578 - MSE: 260.96576 - batch_Time: 0.4002852290868759s
Epoch[4/20 163/700] - Loss: 157.6286621094 - MSE: 157.37563 - batch_Time: 0.3950294489040971s
Epoch[4/20 164/700] - Loss: 242.1746520996 - MSE: 241.72386 - batch_Time: 0.40165907284244895s
Epoch[4/20 165/700] - Loss: 222.7674713135 - MSE: 222.31021 - batch_Time: 0.39901053300127387s
Epoch[4/20 166/700] - Loss: 284.9566345215 - MSE: 284.35794 - batch_Time: 0.39860264817252755s
Epoch[4/20 167/700] - Loss: 318.4882202148 - MSE: 317.81549 - batch_Time: 0.3957170608919114s
Epoch[4/20 168/700] - Loss: 168.8735961914 - MSE: 168.52507 - batch_Time: 0.4033723250031471s
Epoch[4/20 169/700] - Loss: 212.0027465820 - MSE: 211.59448 - batch_Time: 0.3948475900106132s
Epoch[4/20 170/700] - Loss: 192.2805480957 - MSE: 191.56889 - batch_Time: 0.40167416306212544s
Epoch[4/20 171/700] - Loss: 147.7151489258 - MSE: 147.13330 - batch_Time: 0.39508416689932346s
Epoch[4/20 172/700] - Loss: 335.5758972168 - MSE: 335.23718 - batch_Time: 0.4018164318986237s
Epoch[4/20 173/700] - Loss: 185.6579589844 - MSE: 184.83038 - batch_Time: 0.4001599110197276s
Epoch[4/20 174/700] - Loss: 197.7180328369 - MSE: 197.34520 - batch_Time: 0.40060531510971487s
Epoch[4/20 175/700] - Loss: 262.5785522461 - MSE: 262.12924 - batch_Time: 0.3982356220949441s
Epoch[4/20 176/700] - Loss: 192.6764373779 - MSE: 192.35754 - batch_Time: 0.39934445987455547s
Epoch[4/20 177/700] - Loss: 272.9645996094 - MSE: 272.59872 - batch_Time: 0.39534053509123623s
Epoch[4/20 178/700] - Loss: 159.9246826172 - MSE: 159.41162 - batch_Time: 0.40511793503537774s
Epoch[4/20 179/700] - Loss: 265.4802551270 - MSE: 265.18979 - batch_Time: 0.3965682019479573s
Epoch[4/20 180/700] - Loss: 240.2668914795 - MSE: 239.94266 - batch_Time: 0.40325273596681654s
Epoch[4/20 181/700] - Loss: 248.0216674805 - MSE: 247.30217 - batch_Time: 0.40202592010609806s
Epoch[4/20 182/700] - Loss: 260.5820312500 - MSE: 260.04843 - batch_Time: 0.39729499304667115s
Epoch[4/20 183/700] - Loss: 183.5337066650 - MSE: 182.91925 - batch_Time: 0.40133768785744905s
Epoch[4/20 184/700] - Loss: 233.3599243164 - MSE: 232.89537 - batch_Time: 0.40104676107876003s
Epoch[4/20 185/700] - Loss: 265.2379150391 - MSE: 264.57507 - batch_Time: 0.40212608803994954s
Epoch[4/20 186/700] - Loss: 200.6279907227 - MSE: 200.37628 - batch_Time: 0.39604436699301004s
Epoch[4/20 187/700] - Loss: 186.1906127930 - MSE: 185.81316 - batch_Time: 0.39421964692883193s
Epoch[4/20 188/700] - Loss: 183.6526336670 - MSE: 183.00688 - batch_Time: 0.3981733829714358s
Epoch[4/20 189/700] - Loss: 245.4287109375 - MSE: 244.94212 - batch_Time: 0.400158820906654s
Epoch[4/20 190/700] - Loss: 275.5898742676 - MSE: 274.97598 - batch_Time: 0.4000645608175546s
Epoch[4/20 191/700] - Loss: 126.7337570190 - MSE: 126.52625 - batch_Time: 0.39654964092187583s
Epoch[4/20 192/700] - Loss: 217.7202606201 - MSE: 217.26707 - batch_Time: 0.39965704595670104s
Epoch[4/20 193/700] - Loss: 216.4810791016 - MSE: 215.78021 - batch_Time: 0.4006788849364966s
Epoch[4/20 194/700] - Loss: 275.4671325684 - MSE: 274.87463 - batch_Time: 0.40064603509381413s
Epoch[4/20 195/700] - Loss: 272.3898925781 - MSE: 271.72354 - batch_Time: 0.39442048501223326s
Epoch[4/20 196/700] - Loss: 260.2707519531 - MSE: 259.83658 - batch_Time: 0.39535842509940267s
Epoch[4/20 197/700] - Loss: 370.9001159668 - MSE: 370.20740 - batch_Time: 0.396256284089759s
Epoch[4/20 198/700] - Loss: 190.6356964111 - MSE: 190.32919 - batch_Time: 0.3981156039517373s
Epoch[4/20 199/700] - Loss: 202.6730651855 - MSE: 202.12976 - batch_Time: 0.394687372026965s
Epoch[4/20 200/700] - Loss: 231.2331390381 - MSE: 230.95293 - batch_Time: 0.3985358190257102s
Epoch[4/20 201/700] - Loss: 187.2474517822 - MSE: 186.73439 - batch_Time: 0.39656004193238914s
Epoch[4/20 202/700] - Loss: 202.6555175781 - MSE: 202.22005 - batch_Time: 0.3943951160181314s
Epoch[4/20 203/700] - Loss: 172.9374542236 - MSE: 172.48563 - batch_Time: 0.39362828410230577s
Epoch[4/20 204/700] - Loss: 238.1351470947 - MSE: 237.52701 - batch_Time: 0.3959070588462055s
Epoch[4/20 205/700] - Loss: 267.2715454102 - MSE: 266.95007 - batch_Time: 0.3966584999579936s
Epoch[4/20 206/700] - Loss: 280.0936279297 - MSE: 279.48593 - batch_Time: 0.39698752597905695s
Epoch[4/20 207/700] - Loss: 170.2762145996 - MSE: 169.95078 - batch_Time: 0.3958447491750121s
Epoch[4/20 208/700] - Loss: 181.8843994141 - MSE: 181.61589 - batch_Time: 0.3973811308387667s
Epoch[4/20 209/700] - Loss: 272.7249145508 - MSE: 272.32935 - batch_Time: 0.393527755048126s
Epoch[4/20 210/700] - Loss: 248.3593139648 - MSE: 247.95218 - batch_Time: 0.3933391780592501s
Epoch[4/20 211/700] - Loss: 398.8016052246 - MSE: 398.16516 - batch_Time: 0.394869620911777s
Epoch[4/20 212/700] - Loss: 409.2337646484 - MSE: 408.80142 - batch_Time: 0.3963606439065188s
Epoch[4/20 213/700] - Loss: 515.9684448242 - MSE: 515.42828 - batch_Time: 0.39532324485480785s
Epoch[4/20 214/700] - Loss: 167.8329467773 - MSE: 167.53896 - batch_Time: 0.39447063487023115s
Epoch[4/20 215/700] - Loss: 468.5647277832 - MSE: 467.61353 - batch_Time: 0.39300591102801263s
Epoch[4/20 216/700] - Loss: 259.2030029297 - MSE: 258.63098 - batch_Time: 0.3959051389247179s
Epoch[4/20 217/700] - Loss: 330.7243652344 - MSE: 330.13879 - batch_Time: 0.3968917769379914s
Epoch[4/20 218/700] - Loss: 246.5730590820 - MSE: 246.11328 - batch_Time: 0.40800615306943655s
Epoch[4/20 219/700] - Loss: 171.0576629639 - MSE: 170.65971 - batch_Time: 0.40598418610170484s
Epoch[4/20 220/700] - Loss: 167.2151336670 - MSE: 166.62260 - batch_Time: 0.402020680019632s
Epoch[4/20 221/700] - Loss: 216.4065856934 - MSE: 215.97586 - batch_Time: 0.40087717305868864s
Epoch[4/20 222/700] - Loss: 213.3169555664 - MSE: 212.75354 - batch_Time: 0.4030826981179416s
Epoch[4/20 223/700] - Loss: 265.7074584961 - MSE: 265.29041 - batch_Time: 0.4084441480226815s
Epoch[4/20 224/700] - Loss: 205.9687652588 - MSE: 205.42847 - batch_Time: 0.4073692800011486s
Epoch[4/20 225/700] - Loss: 161.4626464844 - MSE: 161.11742 - batch_Time: 0.40751354792155325s
Epoch[4/20 226/700] - Loss: 422.2319641113 - MSE: 421.39105 - batch_Time: 0.4126979489810765s
Epoch[4/20 227/700] - Loss: 256.3225097656 - MSE: 255.85126 - batch_Time: 0.404536000918597s
Epoch[4/20 228/700] - Loss: 159.7658538818 - MSE: 159.27806 - batch_Time: 0.39891157508827746s
Epoch[4/20 229/700] - Loss: 280.8883056641 - MSE: 280.55807 - batch_Time: 0.4080212418921292s
Epoch[4/20 230/700] - Loss: 198.7930908203 - MSE: 198.24072 - batch_Time: 0.4065417591482401s
Epoch[4/20 231/700] - Loss: 465.9302978516 - MSE: 465.16385 - batch_Time: 0.40404593711718917s
Epoch[4/20 232/700] - Loss: 166.9816894531 - MSE: 166.41882 - batch_Time: 0.39660521084442735s
Epoch[4/20 233/700] - Loss: 248.4335479736 - MSE: 247.87115 - batch_Time: 0.3974470009561628s
Epoch[4/20 234/700] - Loss: 230.3661956787 - MSE: 230.00328 - batch_Time: 0.40204804902896285s
Epoch[4/20 235/700] - Loss: 184.0423583984 - MSE: 183.68262 - batch_Time: 0.4001443311572075s
Epoch[4/20 236/700] - Loss: 169.4502258301 - MSE: 169.01675 - batch_Time: 0.40084269386716187s
Epoch[4/20 237/700] - Loss: 224.4708251953 - MSE: 224.10349 - batch_Time: 0.40392068889923394s
Epoch[4/20 238/700] - Loss: 246.8015441895 - MSE: 246.46069 - batch_Time: 0.4016909340862185s
Epoch[4/20 239/700] - Loss: 140.3441925049 - MSE: 140.06091 - batch_Time: 0.3968788469210267s
Epoch[4/20 240/700] - Loss: 256.0073242188 - MSE: 255.52719 - batch_Time: 0.3988426949363202s
Epoch[4/20 241/700] - Loss: 177.7592163086 - MSE: 177.41795 - batch_Time: 0.3967801190447062s
Epoch[4/20 242/700] - Loss: 247.3534698486 - MSE: 246.71645 - batch_Time: 0.39892839500680566s
Epoch[4/20 243/700] - Loss: 227.0836791992 - MSE: 226.46616 - batch_Time: 0.3985270499251783s
Epoch[4/20 244/700] - Loss: 317.3532409668 - MSE: 316.85397 - batch_Time: 0.3989397049881518s
Epoch[4/20 245/700] - Loss: 171.4537963867 - MSE: 171.09209 - batch_Time: 0.4014737759716809s
Epoch[4/20 246/700] - Loss: 202.5861663818 - MSE: 201.79703 - batch_Time: 0.39770986908115447s
Epoch[4/20 247/700] - Loss: 278.2336730957 - MSE: 277.67847 - batch_Time: 0.39810923393815756s
Epoch[4/20 248/700] - Loss: 167.9419860840 - MSE: 167.55002 - batch_Time: 0.40122150909155607s
Epoch[4/20 249/700] - Loss: 254.6043395996 - MSE: 254.14850 - batch_Time: 0.3986646879930049s
Epoch[4/20 250/700] - Loss: 704.9062500000 - MSE: 704.13751 - batch_Time: 0.39746573101729155s
Epoch[4/20 251/700] - Loss: 257.1298522949 - MSE: 256.52380 - batch_Time: 0.3976460490375757s
Epoch[4/20 252/700] - Loss: 227.4207000732 - MSE: 226.92860 - batch_Time: 0.40263845305889845s
Epoch[4/20 253/700] - Loss: 210.0761566162 - MSE: 209.71751 - batch_Time: 0.3963998439721763s
Epoch[4/20 254/700] - Loss: 170.5385742188 - MSE: 169.69003 - batch_Time: 0.3965431919787079s
Epoch[4/20 255/700] - Loss: 255.6996459961 - MSE: 255.11690 - batch_Time: 0.4012605280149728s
Epoch[4/20 256/700] - Loss: 247.3822174072 - MSE: 246.89551 - batch_Time: 0.39716241508722305s
Epoch[4/20 257/700] - Loss: 225.0511474609 - MSE: 224.32005 - batch_Time: 0.3997761148493737s
Epoch[4/20 258/700] - Loss: 200.3553619385 - MSE: 199.80661 - batch_Time: 0.39654762181453407s
Epoch[4/20 259/700] - Loss: 221.5539093018 - MSE: 220.98415 - batch_Time: 0.397191263968125s
Epoch[4/20 260/700] - Loss: 257.0970764160 - MSE: 256.55814 - batch_Time: 0.3973720627836883s
Epoch[4/20 261/700] - Loss: 259.7620239258 - MSE: 259.04395 - batch_Time: 0.4013752471655607s
Epoch[4/20 262/700] - Loss: 312.5410766602 - MSE: 312.13297 - batch_Time: 0.39759488101117313s
Epoch[4/20 263/700] - Loss: 241.4066619873 - MSE: 241.03891 - batch_Time: 0.39848430012352765s
Epoch[4/20 264/700] - Loss: 158.4971160889 - MSE: 158.03842 - batch_Time: 0.3978325971402228s
Epoch[4/20 265/700] - Loss: 194.8883514404 - MSE: 194.54327 - batch_Time: 0.39617570489645004s
Epoch[4/20 266/700] - Loss: 179.2270812988 - MSE: 178.90440 - batch_Time: 0.3975761099718511s
Epoch[4/20 267/700] - Loss: 175.2830047607 - MSE: 174.82646 - batch_Time: 0.39752837107516825s
Epoch[4/20 268/700] - Loss: 204.2424011230 - MSE: 203.57074 - batch_Time: 0.3998325848951936s
Epoch[4/20 269/700] - Loss: 254.6407775879 - MSE: 254.06456 - batch_Time: 0.39921388193033636s
Epoch[4/20 270/700] - Loss: 246.5470886230 - MSE: 245.87488 - batch_Time: 0.3978779169265181s
Epoch[4/20 271/700] - Loss: 204.4825286865 - MSE: 204.10670 - batch_Time: 0.39786851685494184s
Epoch[4/20 272/700] - Loss: 378.8615722656 - MSE: 378.32095 - batch_Time: 0.3986748680472374s
Epoch[4/20 273/700] - Loss: 196.6665039062 - MSE: 196.36487 - batch_Time: 0.39915602188557386s
Epoch[4/20 274/700] - Loss: 184.6751251221 - MSE: 184.33102 - batch_Time: 0.3994357390329242s
Epoch[4/20 275/700] - Loss: 138.8874206543 - MSE: 138.62622 - batch_Time: 0.3994585678447038s
Epoch[4/20 276/700] - Loss: 217.4771881104 - MSE: 217.07553 - batch_Time: 0.40445391181856394s
Epoch[4/20 277/700] - Loss: 202.0474548340 - MSE: 201.53430 - batch_Time: 0.39760676003061235s
Epoch[4/20 278/700] - Loss: 285.3534545898 - MSE: 284.97217 - batch_Time: 0.39850800996646285s
Epoch[4/20 279/700] - Loss: 160.5881652832 - MSE: 160.16965 - batch_Time: 0.4073124809656292s
Epoch[4/20 280/700] - Loss: 169.4136962891 - MSE: 168.99670 - batch_Time: 0.39879676583223045s
Epoch[4/20 281/700] - Loss: 239.9018554688 - MSE: 239.39293 - batch_Time: 0.4040048180613667s
Epoch[4/20 282/700] - Loss: 261.4840393066 - MSE: 260.89160 - batch_Time: 0.4007600140757859s
Epoch[4/20 283/700] - Loss: 273.1938476562 - MSE: 272.62283 - batch_Time: 0.39863015711307526s
Epoch[4/20 284/700] - Loss: 124.6214599609 - MSE: 124.23759 - batch_Time: 0.4035928819794208s
Epoch[4/20 285/700] - Loss: 211.8755035400 - MSE: 211.33498 - batch_Time: 0.4022621971089393s
Epoch[4/20 286/700] - Loss: 200.3024444580 - MSE: 199.83334 - batch_Time: 0.40543990093283355s
Epoch[4/20 287/700] - Loss: 219.8043212891 - MSE: 219.55757 - batch_Time: 0.40356286289170384s
Epoch[4/20 288/700] - Loss: 268.0473022461 - MSE: 267.25690 - batch_Time: 0.40343900420702994s
Epoch[4/20 289/700] - Loss: 272.8873901367 - MSE: 272.29865 - batch_Time: 0.4008299629203975s
Epoch[4/20 290/700] - Loss: 252.0573730469 - MSE: 251.68169 - batch_Time: 0.39919812185689807s
Epoch[4/20 291/700] - Loss: 366.4043884277 - MSE: 365.90378 - batch_Time: 0.39766948809847236s
Epoch[4/20 292/700] - Loss: 165.1406250000 - MSE: 164.82687 - batch_Time: 0.40166318393312395s
Epoch[4/20 293/700] - Loss: 342.8320922852 - MSE: 341.96613 - batch_Time: 0.4017758530098945s
Epoch[4/20 294/700] - Loss: 213.8538513184 - MSE: 213.25153 - batch_Time: 0.39488551998510957s
Epoch[4/20 295/700] - Loss: 116.0458831787 - MSE: 115.82033 - batch_Time: 0.39615804492495954s
Epoch[4/20 296/700] - Loss: 207.7575378418 - MSE: 207.31363 - batch_Time: 0.3978629370685667s
Epoch[4/20 297/700] - Loss: 158.8125915527 - MSE: 158.45761 - batch_Time: 0.40117188985459507s
Epoch[4/20 298/700] - Loss: 168.1507873535 - MSE: 167.75198 - batch_Time: 0.39814193407073617s
Epoch[4/20 299/700] - Loss: 209.8267517090 - MSE: 209.33926 - batch_Time: 0.39812641381286085s
Epoch[4/20 300/700] - Loss: 209.7284240723 - MSE: 209.35486 - batch_Time: 0.4036434821318835s
Epoch[4/20 301/700] - Loss: 263.9913330078 - MSE: 263.65189 - batch_Time: 0.4028739097993821s
Epoch[4/20 302/700] - Loss: 284.3695983887 - MSE: 283.91898 - batch_Time: 0.3981572729535401s
Epoch[4/20 303/700] - Loss: 148.6879272461 - MSE: 148.44405 - batch_Time: 0.4014003670308739s
Epoch[4/20 304/700] - Loss: 276.2474670410 - MSE: 275.79489 - batch_Time: 0.3947248528711498s
Epoch[4/20 305/700] - Loss: 299.8604736328 - MSE: 299.41376 - batch_Time: 0.3977150390855968s
Epoch[4/20 306/700] - Loss: 215.7785034180 - MSE: 215.30090 - batch_Time: 0.402229867875576s
Epoch[4/20 307/700] - Loss: 171.5539550781 - MSE: 171.33478 - batch_Time: 0.39571868092752993s
Epoch[4/20 308/700] - Loss: 140.3904571533 - MSE: 140.06004 - batch_Time: 0.3983561110217124s
Epoch[4/20 309/700] - Loss: 237.0651397705 - MSE: 236.65990 - batch_Time: 0.40356773301027715s
Epoch[4/20 310/700] - Loss: 205.4815063477 - MSE: 204.96364 - batch_Time: 0.4039809280075133s
Epoch[4/20 311/700] - Loss: 286.6594848633 - MSE: 286.22070 - batch_Time: 0.39936520997434855s
Epoch[4/20 312/700] - Loss: 266.6635437012 - MSE: 266.07257 - batch_Time: 0.39767014887183905s
Epoch[4/20 313/700] - Loss: 197.0798950195 - MSE: 196.50958 - batch_Time: 0.39901157398708165s
Epoch[4/20 314/700] - Loss: 230.8669586182 - MSE: 230.47928 - batch_Time: 0.4006634349934757s
Epoch[4/20 315/700] - Loss: 218.8185424805 - MSE: 218.46222 - batch_Time: 0.39955002698116004s
Epoch[4/20 316/700] - Loss: 258.2944335938 - MSE: 257.99191 - batch_Time: 0.40488008805550635s
Epoch[4/20 317/700] - Loss: 218.5513305664 - MSE: 218.25919 - batch_Time: 0.39834621106274426s
Epoch[4/20 318/700] - Loss: 415.3352661133 - MSE: 414.75842 - batch_Time: 0.40284367091953754s
Epoch[4/20 319/700] - Loss: 220.6524658203 - MSE: 220.40895 - batch_Time: 0.40092853200621903s
Epoch[4/20 320/700] - Loss: 267.4582519531 - MSE: 267.05594 - batch_Time: 0.4022786768618971s
Epoch[4/20 321/700] - Loss: 220.8147888184 - MSE: 220.36798 - batch_Time: 0.39840764086693525s
Epoch[4/20 322/700] - Loss: 228.6837463379 - MSE: 228.17570 - batch_Time: 0.3991293718572706s
Epoch[4/20 323/700] - Loss: 239.6432495117 - MSE: 239.20255 - batch_Time: 0.4026559030171484s
Epoch[4/20 324/700] - Loss: 299.3738098145 - MSE: 298.71106 - batch_Time: 0.40042231790721416s
Epoch[4/20 325/700] - Loss: 359.5305175781 - MSE: 358.78107 - batch_Time: 0.4026934530120343s
Epoch[4/20 326/700] - Loss: 173.2115478516 - MSE: 172.73479 - batch_Time: 0.4029044401831925s
Epoch[4/20 327/700] - Loss: 272.3587951660 - MSE: 271.81403 - batch_Time: 0.40213477914221585s
Epoch[4/20 328/700] - Loss: 157.5403442383 - MSE: 157.14365 - batch_Time: 0.40329676610417664s
Epoch[4/20 329/700] - Loss: 290.9774169922 - MSE: 290.42258 - batch_Time: 0.40262019308283925s
Epoch[4/20 330/700] - Loss: 221.5574493408 - MSE: 221.06075 - batch_Time: 0.40068510500714183s
Epoch[4/20 331/700] - Loss: 480.6479187012 - MSE: 479.93521 - batch_Time: 0.4008487230166793s
Epoch[4/20 332/700] - Loss: 178.5359191895 - MSE: 178.07358 - batch_Time: 0.4004746580030769s
Epoch[4/20 333/700] - Loss: 191.9584503174 - MSE: 191.50493 - batch_Time: 0.4034415539354086s
Epoch[4/20 334/700] - Loss: 115.7812652588 - MSE: 115.35455 - batch_Time: 0.3992106218356639s
Epoch[4/20 335/700] - Loss: 352.6303100586 - MSE: 352.09323 - batch_Time: 0.4009302509948611s
Epoch[4/20 336/700] - Loss: 333.0852355957 - MSE: 332.51419 - batch_Time: 0.403370204847306s
Epoch[4/20 337/700] - Loss: 199.2117614746 - MSE: 198.77669 - batch_Time: 0.403650521999225s
Epoch[4/20 338/700] - Loss: 150.5525512695 - MSE: 150.19479 - batch_Time: 0.40215812902897596s
Epoch[4/20 339/700] - Loss: 277.4216918945 - MSE: 277.04288 - batch_Time: 0.40340486401692033s
Epoch[4/20 340/700] - Loss: 233.1359100342 - MSE: 232.64046 - batch_Time: 0.4017966620158404s
Epoch[4/20 341/700] - Loss: 169.9081420898 - MSE: 169.54196 - batch_Time: 0.3989296250510961s
Epoch[4/20 342/700] - Loss: 166.0772247314 - MSE: 165.75964 - batch_Time: 0.39581200992688537s
Epoch[4/20 343/700] - Loss: 211.7926788330 - MSE: 211.45291 - batch_Time: 0.40135340695269406s
Epoch[4/20 344/700] - Loss: 320.9434204102 - MSE: 320.43756 - batch_Time: 0.401212059892714s
Epoch[4/20 345/700] - Loss: 207.5653686523 - MSE: 207.18668 - batch_Time: 0.4045169020537287s
Epoch[4/20 346/700] - Loss: 257.8516235352 - MSE: 257.46341 - batch_Time: 0.400214821100235s
Epoch[4/20 347/700] - Loss: 358.3493957520 - MSE: 357.88589 - batch_Time: 0.40050248708575964s
Epoch[4/20 348/700] - Loss: 224.3179016113 - MSE: 223.85240 - batch_Time: 0.40194382099434733s
Epoch[4/20 349/700] - Loss: 105.8900909424 - MSE: 105.50513 - batch_Time: 0.4050329860765487s
Epoch[4/20 350/700] - Loss: 195.7949523926 - MSE: 195.04491 - batch_Time: 0.4026978730689734s
Epoch[4/20 351/700] - Loss: 202.2817077637 - MSE: 201.55826 - batch_Time: 0.40396469784900546s
Epoch[4/20 352/700] - Loss: 114.6586608887 - MSE: 114.23674 - batch_Time: 0.40066239587031305s
Epoch[4/20 353/700] - Loss: 233.5189514160 - MSE: 233.03011 - batch_Time: 0.40019168984144926s
Epoch[4/20 354/700] - Loss: 252.3316345215 - MSE: 251.58392 - batch_Time: 0.402440746081993s
Epoch[4/20 355/700] - Loss: 234.7926330566 - MSE: 234.33374 - batch_Time: 0.3983652701135725s
Epoch[4/20 356/700] - Loss: 203.0786132812 - MSE: 202.67352 - batch_Time: 0.3994438489899039s
Epoch[4/20 357/700] - Loss: 179.3592529297 - MSE: 178.90669 - batch_Time: 0.39915648102760315s
Epoch[4/20 358/700] - Loss: 269.5019836426 - MSE: 269.08856 - batch_Time: 0.4004234781023115s
Epoch[4/20 359/700] - Loss: 110.5354919434 - MSE: 110.37811 - batch_Time: 0.40179349202662706s
Epoch[4/20 360/700] - Loss: 203.7009582520 - MSE: 203.21272 - batch_Time: 0.40171402390114963s
Epoch[4/20 361/700] - Loss: 236.7683258057 - MSE: 236.34741 - batch_Time: 0.4002836300060153s
Epoch[4/20 362/700] - Loss: 222.2658233643 - MSE: 221.76511 - batch_Time: 0.4003179690334946s
Epoch[4/20 363/700] - Loss: 168.4228515625 - MSE: 168.11765 - batch_Time: 0.3980480539612472s
Epoch[4/20 364/700] - Loss: 182.0275726318 - MSE: 181.61064 - batch_Time: 0.40043784817680717s
Epoch[4/20 365/700] - Loss: 100.4888610840 - MSE: 100.19949 - batch_Time: 0.40113308979198337s
Epoch[4/20 366/700] - Loss: 179.4051666260 - MSE: 179.06592 - batch_Time: 0.399841204052791s
Epoch[4/20 367/700] - Loss: 239.3666534424 - MSE: 238.96286 - batch_Time: 0.40050115692429245s
Epoch[4/20 368/700] - Loss: 216.9584960938 - MSE: 216.32858 - batch_Time: 0.40175203303806484s
Epoch[4/20 369/700] - Loss: 166.4826049805 - MSE: 166.09933 - batch_Time: 0.40021589002572s
Epoch[4/20 370/700] - Loss: 305.7576293945 - MSE: 305.34174 - batch_Time: 0.4020141300279647s
Epoch[4/20 371/700] - Loss: 163.5540771484 - MSE: 163.23686 - batch_Time: 0.3953728850465268s
Epoch[4/20 372/700] - Loss: 247.5267028809 - MSE: 247.04703 - batch_Time: 0.40122337895445526s
Epoch[4/20 373/700] - Loss: 199.6855163574 - MSE: 199.01491 - batch_Time: 0.40826973994262516s
Epoch[4/20 374/700] - Loss: 160.3321990967 - MSE: 159.66197 - batch_Time: 0.4021848088596016s
Epoch[4/20 375/700] - Loss: 173.4641418457 - MSE: 173.11359 - batch_Time: 0.40166242397390306s
Epoch[4/20 376/700] - Loss: 187.1143493652 - MSE: 186.45021 - batch_Time: 0.3953244851436466s
Epoch[4/20 377/700] - Loss: 273.4053649902 - MSE: 272.85455 - batch_Time: 0.39642809401266277s
Epoch[4/20 378/700] - Loss: 237.9943542480 - MSE: 237.57062 - batch_Time: 0.3970887749455869s
Epoch[4/20 379/700] - Loss: 163.5691070557 - MSE: 162.82388 - batch_Time: 0.3970485059544444s
Epoch[4/20 380/700] - Loss: 374.3530273438 - MSE: 373.74991 - batch_Time: 0.3964620630722493s
Epoch[4/20 381/700] - Loss: 155.2884826660 - MSE: 154.95036 - batch_Time: 0.39579914999194443s
Epoch[4/20 382/700] - Loss: 180.0076751709 - MSE: 179.56174 - batch_Time: 0.39417777792550623s
Epoch[4/20 383/700] - Loss: 397.9323730469 - MSE: 396.88425 - batch_Time: 0.3951734669972211s
Epoch[4/20 384/700] - Loss: 222.4836425781 - MSE: 222.14020 - batch_Time: 0.3965110629796982s
Epoch[4/20 385/700] - Loss: 241.9687347412 - MSE: 241.56197 - batch_Time: 0.39603651710785925s
Epoch[4/20 386/700] - Loss: 202.1002655029 - MSE: 201.77795 - batch_Time: 0.3958059099968523s
Epoch[4/20 387/700] - Loss: 299.6954956055 - MSE: 299.33167 - batch_Time: 0.39672881993465126s
Epoch[4/20 388/700] - Loss: 185.0260620117 - MSE: 184.79015 - batch_Time: 0.3984372599516064s
Epoch[4/20 389/700] - Loss: 298.2220458984 - MSE: 297.79776 - batch_Time: 0.3964866118039936s
Epoch[4/20 390/700] - Loss: 318.9918823242 - MSE: 318.24780 - batch_Time: 0.3929054730106145s
Epoch[4/20 391/700] - Loss: 180.4711456299 - MSE: 180.21613 - batch_Time: 0.39607726712711155s
Epoch[4/20 392/700] - Loss: 253.1367950439 - MSE: 252.76123 - batch_Time: 0.3948817700147629s
Epoch[4/20 393/700] - Loss: 219.6053771973 - MSE: 219.16222 - batch_Time: 0.39666142011992633s
Epoch[4/20 394/700] - Loss: 219.6627197266 - MSE: 219.16261 - batch_Time: 0.39656212204135954s
Epoch[4/20 395/700] - Loss: 202.8505706787 - MSE: 202.39148 - batch_Time: 0.3971442049369216s
Epoch[4/20 396/700] - Loss: 316.6135253906 - MSE: 316.11905 - batch_Time: 0.39596871891990304s
Epoch[4/20 397/700] - Loss: 235.1199035645 - MSE: 234.40317 - batch_Time: 0.39417289895936847s
Epoch[4/20 398/700] - Loss: 219.8884887695 - MSE: 219.41823 - batch_Time: 0.3933829681482166s
Epoch[4/20 399/700] - Loss: 125.8442993164 - MSE: 125.38065 - batch_Time: 0.39493200997821987s
Epoch[4/20 400/700] - Loss: 301.7340087891 - MSE: 301.25836 - batch_Time: 0.3958018901757896s
Epoch[4/20 401/700] - Loss: 171.4981536865 - MSE: 171.07317 - batch_Time: 0.3965585408732295s
Epoch[4/20 402/700] - Loss: 340.7499389648 - MSE: 340.42084 - batch_Time: 0.395508524030447s
Epoch[4/20 403/700] - Loss: 304.5389404297 - MSE: 304.16278 - batch_Time: 0.3940285698045045s
Epoch[4/20 404/700] - Loss: 223.4789123535 - MSE: 223.09714 - batch_Time: 0.3934635960031301s
Epoch[4/20 405/700] - Loss: 493.2389221191 - MSE: 492.26132 - batch_Time: 0.39757040119729936s
Epoch[4/20 406/700] - Loss: 253.8242797852 - MSE: 253.24768 - batch_Time: 0.3962845441419631s
Epoch[4/20 407/700] - Loss: 238.7980957031 - MSE: 238.20267 - batch_Time: 0.39786202693358064s
Epoch[4/20 408/700] - Loss: 282.1736450195 - MSE: 281.66568 - batch_Time: 0.3961661960929632s
Epoch[4/20 409/700] - Loss: 134.4845581055 - MSE: 134.24162 - batch_Time: 0.39568331209011376s
Epoch[4/20 410/700] - Loss: 175.5642700195 - MSE: 175.14836 - batch_Time: 0.39448264497332275s
Epoch[4/20 411/700] - Loss: 180.7658843994 - MSE: 180.36157 - batch_Time: 0.39583313884213567s
Epoch[4/20 412/700] - Loss: 107.4518356323 - MSE: 107.15260 - batch_Time: 0.39393346081487834s
Epoch[4/20 413/700] - Loss: 231.7883911133 - MSE: 231.11224 - batch_Time: 0.3955841129645705s
Epoch[4/20 414/700] - Loss: 176.6875000000 - MSE: 176.39120 - batch_Time: 0.3985416190698743s
Epoch[4/20 415/700] - Loss: 189.3078613281 - MSE: 188.93433 - batch_Time: 0.3965016729198396s
Epoch[4/20 416/700] - Loss: 447.6643676758 - MSE: 447.04080 - batch_Time: 0.39798259595409036s
Epoch[4/20 417/700] - Loss: 153.5813903809 - MSE: 153.34315 - batch_Time: 0.4101990379858762s
Epoch[4/20 418/700] - Loss: 169.2221374512 - MSE: 168.85390 - batch_Time: 0.3947111931629479s
Epoch[4/20 419/700] - Loss: 299.5277099609 - MSE: 298.98566 - batch_Time: 0.3973950620274991s
Epoch[4/20 420/700] - Loss: 249.1610107422 - MSE: 248.69629 - batch_Time: 0.40455502085387707s
Epoch[4/20 421/700] - Loss: 212.6726074219 - MSE: 212.17123 - batch_Time: 0.3988610359374434s
Epoch[4/20 422/700] - Loss: 290.5858459473 - MSE: 289.84021 - batch_Time: 0.40221607801504433s
Epoch[4/20 423/700] - Loss: 250.7948760986 - MSE: 250.54025 - batch_Time: 0.4016380039975047s
Epoch[4/20 424/700] - Loss: 232.0997009277 - MSE: 231.61554 - batch_Time: 0.40425277408212423s
Epoch[4/20 425/700] - Loss: 396.7629394531 - MSE: 395.95444 - batch_Time: 0.40268941200338304s
Epoch[4/20 426/700] - Loss: 267.3119506836 - MSE: 266.84366 - batch_Time: 0.3987932170275599s
Epoch[4/20 427/700] - Loss: 175.2808837891 - MSE: 174.92789 - batch_Time: 0.3958811389748007s
Epoch[4/20 428/700] - Loss: 400.9141845703 - MSE: 400.14581 - batch_Time: 0.39785329811275005s
Epoch[4/20 429/700] - Loss: 247.8764343262 - MSE: 247.41989 - batch_Time: 0.3958737689536065s
Epoch[4/20 430/700] - Loss: 276.6079101562 - MSE: 276.29770 - batch_Time: 0.3991064331494272s
Epoch[4/20 431/700] - Loss: 193.8445587158 - MSE: 193.39812 - batch_Time: 0.3955943228211254s
Epoch[4/20 432/700] - Loss: 198.6878967285 - MSE: 198.22368 - batch_Time: 0.40614577382802963s
Epoch[4/20 433/700] - Loss: 232.5258331299 - MSE: 231.82562 - batch_Time: 0.39952350803650916s
Epoch[4/20 434/700] - Loss: 154.9010925293 - MSE: 154.45757 - batch_Time: 0.4001497309654951s
Epoch[4/20 435/700] - Loss: 280.4303283691 - MSE: 279.91132 - batch_Time: 0.4002469698898494s
Epoch[4/20 436/700] - Loss: 256.8793945312 - MSE: 256.20413 - batch_Time: 0.40237392601557076s
Epoch[4/20 437/700] - Loss: 226.6983947754 - MSE: 226.16927 - batch_Time: 0.4005118671339005s
Epoch[4/20 438/700] - Loss: 179.2936096191 - MSE: 178.76978 - batch_Time: 0.4004543679766357s
Epoch[4/20 439/700] - Loss: 220.1669921875 - MSE: 219.60892 - batch_Time: 0.4022270378191024s
Epoch[4/20 440/700] - Loss: 121.1367187500 - MSE: 120.72736 - batch_Time: 0.403236455982551s
Epoch[4/20 441/700] - Loss: 255.4399566650 - MSE: 254.89345 - batch_Time: 0.4078092649579048s
Epoch[4/20 442/700] - Loss: 191.7960815430 - MSE: 191.35767 - batch_Time: 0.40747735905461013s
Epoch[4/20 443/700] - Loss: 191.7915802002 - MSE: 191.44995 - batch_Time: 0.40318589797243476s
Epoch[4/20 444/700] - Loss: 190.9172363281 - MSE: 190.53358 - batch_Time: 0.39658732200041413s
Epoch[4/20 445/700] - Loss: 302.6004333496 - MSE: 302.04193 - batch_Time: 0.39825462410226464s
Epoch[4/20 446/700] - Loss: 181.1649780273 - MSE: 180.75282 - batch_Time: 0.4003937691450119s
Epoch[4/20 447/700] - Loss: 262.3500671387 - MSE: 261.86591 - batch_Time: 0.39890076499432325s
Epoch[4/20 448/700] - Loss: 262.5418701172 - MSE: 262.19867 - batch_Time: 0.40447453199885786s
Epoch[4/20 449/700] - Loss: 288.3428649902 - MSE: 287.95435 - batch_Time: 0.39976062602363527s
Epoch[4/20 450/700] - Loss: 162.2912292480 - MSE: 162.07788 - batch_Time: 0.40311654820106924s
Epoch[4/20 451/700] - Loss: 137.8212738037 - MSE: 137.36572 - batch_Time: 0.40213359892368317s
Epoch[4/20 452/700] - Loss: 301.1218566895 - MSE: 300.54453 - batch_Time: 0.4020636898931116s
Epoch[4/20 453/700] - Loss: 292.6255798340 - MSE: 291.81451 - batch_Time: 0.4009003429673612s
Epoch[4/20 454/700] - Loss: 262.3628540039 - MSE: 261.92587 - batch_Time: 0.3998041448649019s
Epoch[4/20 455/700] - Loss: 180.8820190430 - MSE: 180.61024 - batch_Time: 0.3983744408469647s
Epoch[4/20 456/700] - Loss: 305.4967651367 - MSE: 305.03326 - batch_Time: 0.40258190385065973s
Epoch[4/20 457/700] - Loss: 291.4586791992 - MSE: 290.98471 - batch_Time: 0.40061754593625665s
Epoch[4/20 458/700] - Loss: 340.1795654297 - MSE: 339.59256 - batch_Time: 0.40017059119418263s
Epoch[4/20 459/700] - Loss: 305.6558532715 - MSE: 305.28391 - batch_Time: 0.40025491011328995s
Epoch[4/20 460/700] - Loss: 154.0869598389 - MSE: 153.82703 - batch_Time: 0.39881779602728784s
Epoch[4/20 461/700] - Loss: 399.5453491211 - MSE: 398.92010 - batch_Time: 0.4023333771619946s
Epoch[4/20 462/700] - Loss: 265.2872924805 - MSE: 264.70471 - batch_Time: 0.4026616329792887s
Epoch[4/20 463/700] - Loss: 329.8497314453 - MSE: 329.40646 - batch_Time: 0.39884158596396446s
Epoch[4/20 464/700] - Loss: 261.5817871094 - MSE: 261.23386 - batch_Time: 0.40339420503005385s
Epoch[4/20 465/700] - Loss: 223.5057220459 - MSE: 223.17662 - batch_Time: 0.40541744185611606s
Epoch[4/20 466/700] - Loss: 407.9923706055 - MSE: 407.27460 - batch_Time: 0.40190805098973215s
Epoch[4/20 467/700] - Loss: 287.2381896973 - MSE: 286.69550 - batch_Time: 0.4018964720889926s
Epoch[4/20 468/700] - Loss: 528.9878540039 - MSE: 527.92010 - batch_Time: 0.39909818302839994s
Epoch[4/20 469/700] - Loss: 179.9878692627 - MSE: 179.63443 - batch_Time: 0.3981923731043935s
Epoch[4/20 470/700] - Loss: 436.5217285156 - MSE: 435.95007 - batch_Time: 0.40127672790549695s
Epoch[4/20 471/700] - Loss: 261.3703613281 - MSE: 260.97278 - batch_Time: 0.40272011212073267s
Epoch[4/20 472/700] - Loss: 126.8632354736 - MSE: 126.50253 - batch_Time: 0.40266588306985795s
Epoch[4/20 473/700] - Loss: 210.8296966553 - MSE: 210.53850 - batch_Time: 0.40201007993891835s
Epoch[4/20 474/700] - Loss: 286.5123901367 - MSE: 286.13449 - batch_Time: 0.4022891470231116s
Epoch[4/20 475/700] - Loss: 239.5156555176 - MSE: 239.05119 - batch_Time: 0.4024245960172266s
Epoch[4/20 476/700] - Loss: 169.8254089355 - MSE: 169.56505 - batch_Time: 0.4002425998914987s
Epoch[4/20 477/700] - Loss: 481.6817016602 - MSE: 481.25153 - batch_Time: 0.4015901351813227s
Epoch[4/20 478/700] - Loss: 230.4488677979 - MSE: 229.85510 - batch_Time: 0.4009943609125912s
Epoch[4/20 479/700] - Loss: 225.1539001465 - MSE: 224.47766 - batch_Time: 0.4010864410083741s
Epoch[4/20 480/700] - Loss: 297.8963623047 - MSE: 297.54767 - batch_Time: 0.4021940079983324s
Epoch[4/20 481/700] - Loss: 148.9875183105 - MSE: 148.46562 - batch_Time: 0.4003798281773925s
Epoch[4/20 482/700] - Loss: 211.4681396484 - MSE: 210.86076 - batch_Time: 0.403706390876323s
Epoch[4/20 483/700] - Loss: 256.1528015137 - MSE: 255.80585 - batch_Time: 0.4018312629777938s
Epoch[4/20 484/700] - Loss: 237.7301635742 - MSE: 236.94221 - batch_Time: 0.4028297308832407s
Epoch[4/20 485/700] - Loss: 299.9925231934 - MSE: 299.31494 - batch_Time: 0.4012058100197464s
Epoch[4/20 486/700] - Loss: 200.3436889648 - MSE: 200.02335 - batch_Time: 0.39931037998758256s
Epoch[4/20 487/700] - Loss: 140.7593841553 - MSE: 140.41344 - batch_Time: 0.3985214591957629s
Epoch[4/20 488/700] - Loss: 207.1509399414 - MSE: 206.68201 - batch_Time: 0.4017236940562725s
Epoch[4/20 489/700] - Loss: 155.5389099121 - MSE: 155.22856 - batch_Time: 0.3989081350155175s
Epoch[4/20 490/700] - Loss: 235.8950805664 - MSE: 235.41632 - batch_Time: 0.3950177491642535s
Epoch[4/20 491/700] - Loss: 182.0362854004 - MSE: 181.32391 - batch_Time: 0.40169336390681565s
Epoch[4/20 492/700] - Loss: 216.7972412109 - MSE: 216.35876 - batch_Time: 0.396225456148386s
Epoch[4/20 493/700] - Loss: 169.3559875488 - MSE: 168.88733 - batch_Time: 0.40236145607195795s
Epoch[4/20 494/700] - Loss: 224.3804321289 - MSE: 223.81468 - batch_Time: 0.3973775929771364s
Epoch[4/20 495/700] - Loss: 186.4353027344 - MSE: 185.86703 - batch_Time: 0.40192750096321106s
Epoch[4/20 496/700] - Loss: 213.7109832764 - MSE: 213.22313 - batch_Time: 0.39583554002456367s
Epoch[4/20 497/700] - Loss: 172.9274902344 - MSE: 172.61156 - batch_Time: 0.39657088182866573s
Epoch[4/20 498/700] - Loss: 233.0035858154 - MSE: 232.57022 - batch_Time: 0.39515236718580127s
Epoch[4/20 499/700] - Loss: 250.2136993408 - MSE: 249.66034 - batch_Time: 0.3931711500044912s
Epoch[4/20 500/700] - Loss: 115.3057479858 - MSE: 115.08590 - batch_Time: 0.39572355104610324s
Epoch[4/20 501/700] - Loss: 251.3043823242 - MSE: 250.86871 - batch_Time: 0.4008064439985901s
Epoch[4/20 502/700] - Loss: 127.4233093262 - MSE: 127.08246 - batch_Time: 0.3987656570971012s
Epoch[4/20 503/700] - Loss: 201.6236877441 - MSE: 201.26749 - batch_Time: 0.3973831229377538s
Epoch[4/20 504/700] - Loss: 272.3931884766 - MSE: 271.95898 - batch_Time: 0.3972814241424203s
Epoch[4/20 505/700] - Loss: 204.3568115234 - MSE: 204.01926 - batch_Time: 0.3960823870729655s
Epoch[4/20 506/700] - Loss: 256.8755798340 - MSE: 256.32166 - batch_Time: 0.39525811607018113s
Epoch[4/20 507/700] - Loss: 324.7713928223 - MSE: 324.24423 - batch_Time: 0.3944653158541769s
Epoch[4/20 508/700] - Loss: 202.2571258545 - MSE: 201.67819 - batch_Time: 0.3941677580587566s
Epoch[4/20 509/700] - Loss: 93.2742156982 - MSE: 92.88174 - batch_Time: 0.3958210099954158s
Epoch[4/20 510/700] - Loss: 275.4773864746 - MSE: 275.18384 - batch_Time: 0.39526531705632806s
Epoch[4/20 511/700] - Loss: 289.2555541992 - MSE: 288.34451 - batch_Time: 0.39945999905467033s
Epoch[4/20 512/700] - Loss: 214.3431243896 - MSE: 213.91771 - batch_Time: 0.3983174921013415s
Epoch[4/20 513/700] - Loss: 161.6634368896 - MSE: 161.37691 - batch_Time: 0.3967702491208911s
Epoch[4/20 514/700] - Loss: 218.3789672852 - MSE: 218.03607 - batch_Time: 0.39836977212689817s
Epoch[4/20 515/700] - Loss: 379.1356201172 - MSE: 378.51801 - batch_Time: 0.40201277984306216s
Epoch[4/20 516/700] - Loss: 258.6414489746 - MSE: 258.06293 - batch_Time: 0.4009966719895601s
Epoch[4/20 517/700] - Loss: 221.3319549561 - MSE: 220.77994 - batch_Time: 0.40130435884930193s
Epoch[4/20 518/700] - Loss: 329.0008850098 - MSE: 328.36954 - batch_Time: 0.39848634018562734s
Epoch[4/20 519/700] - Loss: 159.2933197021 - MSE: 158.81767 - batch_Time: 0.40168882394209504s
Epoch[4/20 520/700] - Loss: 182.7766571045 - MSE: 182.40648 - batch_Time: 0.4029799092095345s
Epoch[4/20 521/700] - Loss: 284.2992248535 - MSE: 283.70746 - batch_Time: 0.40241065598092973s
Epoch[4/20 522/700] - Loss: 158.3702392578 - MSE: 158.02446 - batch_Time: 0.4010491808876395s
Epoch[4/20 523/700] - Loss: 282.2501831055 - MSE: 281.69287 - batch_Time: 0.40167215396650136s
Epoch[4/20 524/700] - Loss: 320.0065307617 - MSE: 319.44504 - batch_Time: 0.3975770599208772s
Epoch[4/20 525/700] - Loss: 236.0254058838 - MSE: 235.55794 - batch_Time: 0.3980694548226893s
Epoch[4/20 526/700] - Loss: 180.0418853760 - MSE: 179.65085 - batch_Time: 0.40721560199745s
Epoch[4/20 527/700] - Loss: 212.7947998047 - MSE: 212.16257 - batch_Time: 0.4015971350017935s
Epoch[4/20 528/700] - Loss: 197.1269683838 - MSE: 196.77980 - batch_Time: 0.39964978699572384s
Epoch[4/20 529/700] - Loss: 233.6189422607 - MSE: 233.21507 - batch_Time: 0.3974713319912553s
Epoch[4/20 530/700] - Loss: 318.9062500000 - MSE: 318.40961 - batch_Time: 0.39501776988618076s
Epoch[4/20 531/700] - Loss: 275.2714233398 - MSE: 274.95569 - batch_Time: 0.4019393320195377s
Epoch[4/20 532/700] - Loss: 310.9193725586 - MSE: 310.37842 - batch_Time: 0.4023103571962565s
Epoch[4/20 533/700] - Loss: 168.7617950439 - MSE: 168.28467 - batch_Time: 0.4054379218723625s
Epoch[4/20 534/700] - Loss: 191.3137817383 - MSE: 191.07660 - batch_Time: 0.40543122310191393s
Epoch[4/20 535/700] - Loss: 127.1544265747 - MSE: 126.83191 - batch_Time: 0.4121640669181943s
Epoch[4/20 536/700] - Loss: 272.3553466797 - MSE: 271.59613 - batch_Time: 0.39629699499346316s
Epoch[4/20 537/700] - Loss: 151.1740722656 - MSE: 150.86642 - batch_Time: 0.3982924420852214s
Epoch[4/20 538/700] - Loss: 311.3647460938 - MSE: 310.89813 - batch_Time: 0.4036962219979614s
Epoch[4/20 539/700] - Loss: 229.7062835693 - MSE: 229.19577 - batch_Time: 0.3965174318291247s
Epoch[4/20 540/700] - Loss: 189.8673095703 - MSE: 189.48505 - batch_Time: 0.40117254108190536s
Epoch[4/20 541/700] - Loss: 165.1705932617 - MSE: 164.84911 - batch_Time: 0.3974196820054203s
Epoch[4/20 542/700] - Loss: 313.4699707031 - MSE: 312.69400 - batch_Time: 0.3971775649115443s
Epoch[4/20 543/700] - Loss: 346.3369750977 - MSE: 345.58252 - batch_Time: 0.3997083669528365s
Epoch[4/20 544/700] - Loss: 289.4925842285 - MSE: 288.92255 - batch_Time: 0.40455899108201265s
Epoch[4/20 545/700] - Loss: 187.1743011475 - MSE: 186.81052 - batch_Time: 0.39686698792502284s
Epoch[4/20 546/700] - Loss: 283.8804931641 - MSE: 283.43024 - batch_Time: 0.40244741598144174s
Epoch[4/20 547/700] - Loss: 234.7166290283 - MSE: 234.30327 - batch_Time: 0.40099805197678506s
Epoch[4/20 548/700] - Loss: 170.5645599365 - MSE: 170.20654 - batch_Time: 0.3952969261445105s
Epoch[4/20 549/700] - Loss: 258.2384948730 - MSE: 257.93015 - batch_Time: 0.39728039293549955s
Epoch[4/20 550/700] - Loss: 265.7443237305 - MSE: 265.19730 - batch_Time: 0.3991990019567311s
Epoch[4/20 551/700] - Loss: 190.3127593994 - MSE: 189.96130 - batch_Time: 0.39618615596555173s
Epoch[4/20 552/700] - Loss: 251.1799926758 - MSE: 250.80786 - batch_Time: 0.39754917100071907s
Epoch[4/20 553/700] - Loss: 354.6630249023 - MSE: 353.94330 - batch_Time: 0.396692130016163s
Epoch[4/20 554/700] - Loss: 263.3425292969 - MSE: 263.00488 - batch_Time: 0.40297510009258986s
Epoch[4/20 555/700] - Loss: 209.1729583740 - MSE: 208.88351 - batch_Time: 0.3954280149191618s
Epoch[4/20 556/700] - Loss: 229.5607910156 - MSE: 229.17392 - batch_Time: 0.39623273513279855s
Epoch[4/20 557/700] - Loss: 396.5957336426 - MSE: 396.07129 - batch_Time: 0.4021691989619285s
Epoch[4/20 558/700] - Loss: 258.0228881836 - MSE: 257.52075 - batch_Time: 0.40249557490460575s
Epoch[4/20 559/700] - Loss: 253.6309204102 - MSE: 253.16437 - batch_Time: 0.4011818100698292s
Epoch[4/20 560/700] - Loss: 400.5374755859 - MSE: 399.96552 - batch_Time: 0.4021733980625868s
Epoch[4/20 561/700] - Loss: 195.7180328369 - MSE: 195.30960 - batch_Time: 0.3981867528054863s
Epoch[4/20 562/700] - Loss: 207.0210266113 - MSE: 206.41389 - batch_Time: 0.40361836180090904s
Epoch[4/20 563/700] - Loss: 169.0923767090 - MSE: 168.66776 - batch_Time: 0.3985731489956379s
Epoch[4/20 564/700] - Loss: 326.0402526855 - MSE: 325.19147 - batch_Time: 0.39856553985737264s
Epoch[4/20 565/700] - Loss: 285.2304687500 - MSE: 284.63733 - batch_Time: 0.402095268946141s
Epoch[4/20 566/700] - Loss: 321.9286804199 - MSE: 321.11469 - batch_Time: 0.39779975707642734s
Epoch[4/20 567/700] - Loss: 184.6631927490 - MSE: 184.34015 - batch_Time: 0.39776787790469825s
Epoch[4/20 568/700] - Loss: 166.4062042236 - MSE: 166.00719 - batch_Time: 0.39840748091228306s
Epoch[4/20 569/700] - Loss: 222.1551513672 - MSE: 221.53264 - batch_Time: 0.3979830159805715s
Epoch[4/20 570/700] - Loss: 317.9336853027 - MSE: 317.29175 - batch_Time: 0.3994225689675659s
Epoch[4/20 571/700] - Loss: 262.0447082520 - MSE: 261.65875 - batch_Time: 0.40247410512529314s
Epoch[4/20 572/700] - Loss: 177.3323364258 - MSE: 176.72020 - batch_Time: 0.3962043959181756s
Epoch[4/20 573/700] - Loss: 237.6056518555 - MSE: 237.11993 - batch_Time: 0.39925669110380113s
Epoch[4/20 574/700] - Loss: 194.5549926758 - MSE: 194.19958 - batch_Time: 0.397237204015255s
Epoch[4/20 575/700] - Loss: 243.6264648438 - MSE: 243.17300 - batch_Time: 0.4023378170095384s
Epoch[4/20 576/700] - Loss: 382.5461730957 - MSE: 382.09039 - batch_Time: 0.4023028479423374s
Epoch[4/20 577/700] - Loss: 276.4556884766 - MSE: 275.87054 - batch_Time: 0.40792787494137883s
Epoch[4/20 578/700] - Loss: 180.5991516113 - MSE: 180.30878 - batch_Time: 0.4030544678680599s
Epoch[4/20 579/700] - Loss: 223.8651123047 - MSE: 223.50455 - batch_Time: 0.4022117687854916s
Epoch[4/20 580/700] - Loss: 164.2934570312 - MSE: 163.94849 - batch_Time: 0.40096209198236465s
Epoch[4/20 581/700] - Loss: 247.7651062012 - MSE: 247.44925 - batch_Time: 0.40219953819178045s
Epoch[4/20 582/700] - Loss: 374.3897705078 - MSE: 373.80032 - batch_Time: 0.40451317210681736s
Epoch[4/20 583/700] - Loss: 221.4593200684 - MSE: 221.04315 - batch_Time: 0.4019814510829747s
Epoch[4/20 584/700] - Loss: 203.5251159668 - MSE: 203.04395 - batch_Time: 0.40019920095801353s
Epoch[4/20 585/700] - Loss: 284.3131408691 - MSE: 283.76666 - batch_Time: 0.40571262896992266s
Epoch[4/20 586/700] - Loss: 228.1701812744 - MSE: 227.61560 - batch_Time: 0.40790357487276196s
Epoch[4/20 587/700] - Loss: 212.3137664795 - MSE: 211.84009 - batch_Time: 0.4009577031247318s
Epoch[4/20 588/700] - Loss: 139.1144561768 - MSE: 138.63152 - batch_Time: 0.39447625493630767s
Epoch[4/20 589/700] - Loss: 169.3008422852 - MSE: 168.77922 - batch_Time: 0.39866028795950115s
Epoch[4/20 590/700] - Loss: 146.6655578613 - MSE: 146.24818 - batch_Time: 0.3985644991043955s
Epoch[4/20 591/700] - Loss: 332.0281372070 - MSE: 331.46567 - batch_Time: 0.39816972403787076s
Epoch[4/20 592/700] - Loss: 275.5004272461 - MSE: 275.01514 - batch_Time: 0.39897213503718376s
Epoch[4/20 593/700] - Loss: 153.3988494873 - MSE: 153.19029 - batch_Time: 0.3957504010759294s
Epoch[4/20 594/700] - Loss: 220.8930969238 - MSE: 220.21393 - batch_Time: 0.3961626058444381s
Epoch[4/20 595/700] - Loss: 470.2896728516 - MSE: 469.47076 - batch_Time: 0.39339002780616283s
Epoch[4/20 596/700] - Loss: 334.9069824219 - MSE: 334.41858 - batch_Time: 0.3933481879066676s
Epoch[4/20 597/700] - Loss: 246.1632385254 - MSE: 245.68686 - batch_Time: 0.3956128219142556s
Epoch[4/20 598/700] - Loss: 383.6485595703 - MSE: 383.05255 - batch_Time: 0.4019021720159799s
Epoch[4/20 599/700] - Loss: 220.1001129150 - MSE: 219.49028 - batch_Time: 0.39484174083918333s
Epoch[4/20 600/700] - Loss: 217.5140686035 - MSE: 217.03937 - batch_Time: 0.3968369490467012s
Epoch[4/20 601/700] - Loss: 231.7198638916 - MSE: 231.28706 - batch_Time: 0.3959440591279417s
Epoch[4/20 602/700] - Loss: 222.0979309082 - MSE: 221.54831 - batch_Time: 0.39599957782775164s
Epoch[4/20 603/700] - Loss: 216.1599426270 - MSE: 215.56944 - batch_Time: 0.39535243599675596s
Epoch[4/20 604/700] - Loss: 348.1914062500 - MSE: 347.52960 - batch_Time: 0.3931476599536836s
Epoch[4/20 605/700] - Loss: 245.7710113525 - MSE: 245.28528 - batch_Time: 0.39506932883523405s
Epoch[4/20 606/700] - Loss: 254.4382324219 - MSE: 254.02277 - batch_Time: 0.4028062620200217s
Epoch[4/20 607/700] - Loss: 330.6083984375 - MSE: 329.93423 - batch_Time: 0.4022391678299755s
Epoch[4/20 608/700] - Loss: 242.4906768799 - MSE: 242.06784 - batch_Time: 0.401507267029956s
Epoch[4/20 609/700] - Loss: 193.1382751465 - MSE: 192.61650 - batch_Time: 0.4036773319821805s
Epoch[4/20 610/700] - Loss: 284.3794250488 - MSE: 283.72955 - batch_Time: 0.4007765050046146s
Epoch[4/20 611/700] - Loss: 230.1139526367 - MSE: 229.50488 - batch_Time: 0.4000749420374632s
Epoch[4/20 612/700] - Loss: 225.6921844482 - MSE: 225.17691 - batch_Time: 0.3999825930222869s
Epoch[4/20 613/700] - Loss: 299.1094360352 - MSE: 298.45609 - batch_Time: 0.39936505001969635s
Epoch[4/20 614/700] - Loss: 184.0441131592 - MSE: 183.62015 - batch_Time: 0.3997818757779896s
Epoch[4/20 615/700] - Loss: 249.4621276855 - MSE: 249.02222 - batch_Time: 0.4012808380648494s
Epoch[4/20 616/700] - Loss: 303.8092041016 - MSE: 303.32422 - batch_Time: 0.39805950480513275s
Epoch[4/20 617/700] - Loss: 312.9920654297 - MSE: 312.50146 - batch_Time: 0.3954981039278209s
Epoch[4/20 618/700] - Loss: 172.3847961426 - MSE: 171.99455 - batch_Time: 0.39906006399542093s
Epoch[4/20 619/700] - Loss: 185.9085845947 - MSE: 185.28267 - batch_Time: 0.3964256630279124s
Epoch[4/20 620/700] - Loss: 290.8198242188 - MSE: 290.28165 - batch_Time: 0.40267157298512757s
Epoch[4/20 621/700] - Loss: 293.5404663086 - MSE: 293.05157 - batch_Time: 0.39566470216959715s
Epoch[4/20 622/700] - Loss: 269.0860900879 - MSE: 268.30823 - batch_Time: 0.40121364989317954s
Epoch[4/20 623/700] - Loss: 190.0816650391 - MSE: 189.79022 - batch_Time: 0.39625748503021896s
Epoch[4/20 624/700] - Loss: 324.6486816406 - MSE: 324.21045 - batch_Time: 0.40165839390829206s
Epoch[4/20 625/700] - Loss: 242.2393188477 - MSE: 241.74103 - batch_Time: 0.3968150890432298s
Epoch[4/20 626/700] - Loss: 235.2156066895 - MSE: 234.89793 - batch_Time: 0.4015836948528886s
Epoch[4/20 627/700] - Loss: 197.5657958984 - MSE: 197.06665 - batch_Time: 0.39619273599237204s
Epoch[4/20 628/700] - Loss: 190.2449951172 - MSE: 189.76878 - batch_Time: 0.3999688138719648s
Epoch[4/20 629/700] - Loss: 254.7427673340 - MSE: 254.32387 - batch_Time: 0.40150584606453776s
Epoch[4/20 630/700] - Loss: 239.7432098389 - MSE: 239.24132 - batch_Time: 0.3997801160439849s
Epoch[4/20 631/700] - Loss: 345.7221069336 - MSE: 345.14139 - batch_Time: 0.3985115902032703s
Epoch[4/20 632/700] - Loss: 235.4298400879 - MSE: 235.10829 - batch_Time: 0.4015270459931344s
Epoch[4/20 633/700] - Loss: 271.5772399902 - MSE: 271.17728 - batch_Time: 0.39770229905843735s
Epoch[4/20 634/700] - Loss: 209.3186340332 - MSE: 208.86876 - batch_Time: 0.40699033509008586s
Epoch[4/20 635/700] - Loss: 241.1259765625 - MSE: 240.74358 - batch_Time: 0.3991569229401648s
Epoch[4/20 636/700] - Loss: 247.6946258545 - MSE: 247.10245 - batch_Time: 0.4007556149736047s
Epoch[4/20 637/700] - Loss: 197.0542755127 - MSE: 196.83359 - batch_Time: 0.4010223909281194s
Epoch[4/20 638/700] - Loss: 181.9831542969 - MSE: 181.58470 - batch_Time: 0.40295841987244785s
Epoch[4/20 639/700] - Loss: 136.3145141602 - MSE: 136.06346 - batch_Time: 0.4000145841855556s
Epoch[4/20 640/700] - Loss: 290.2043762207 - MSE: 289.50641 - batch_Time: 0.40066899498924613s
Epoch[4/20 641/700] - Loss: 196.5618591309 - MSE: 196.05031 - batch_Time: 0.3997941149864346s
Epoch[4/20 642/700] - Loss: 210.4697418213 - MSE: 210.09201 - batch_Time: 0.3996325780171901s
Epoch[4/20 643/700] - Loss: 265.1094360352 - MSE: 264.70432 - batch_Time: 0.4017887329682708s
Epoch[4/20 644/700] - Loss: 205.7398223877 - MSE: 205.15697 - batch_Time: 0.40890681301243603s
Epoch[4/20 645/700] - Loss: 214.6688385010 - MSE: 214.26154 - batch_Time: 0.40085623296909034s
Epoch[4/20 646/700] - Loss: 239.4851226807 - MSE: 238.91357 - batch_Time: 0.40263111400417984s
Epoch[4/20 647/700] - Loss: 185.3506164551 - MSE: 185.03555 - batch_Time: 0.3990384640637785s
Epoch[4/20 648/700] - Loss: 197.1510009766 - MSE: 196.69016 - batch_Time: 0.40302630001679063s
Epoch[4/20 649/700] - Loss: 272.1724548340 - MSE: 271.51419 - batch_Time: 0.4051738849375397s
Epoch[4/20 650/700] - Loss: 330.9548645020 - MSE: 330.34949 - batch_Time: 0.40261093410663307s
Epoch[4/20 651/700] - Loss: 366.0125732422 - MSE: 365.53220 - batch_Time: 0.40107516199350357s
Epoch[4/20 652/700] - Loss: 176.4603729248 - MSE: 176.11403 - batch_Time: 0.40191267197951674s
Epoch[4/20 653/700] - Loss: 167.8519134521 - MSE: 167.51839 - batch_Time: 0.3988285060040653s
Epoch[4/20 654/700] - Loss: 199.0464477539 - MSE: 198.73520 - batch_Time: 0.398343491833657s
Epoch[4/20 655/700] - Loss: 318.7310485840 - MSE: 318.31125 - batch_Time: 0.39391891099512577s
Epoch[4/20 656/700] - Loss: 232.7283630371 - MSE: 232.35284 - batch_Time: 0.40017317119054496s
Epoch[4/20 657/700] - Loss: 237.9696197510 - MSE: 237.47919 - batch_Time: 0.4032793471124023s
Epoch[4/20 658/700] - Loss: 133.8312072754 - MSE: 133.41150 - batch_Time: 0.4046991500072181s
Epoch[4/20 659/700] - Loss: 119.3546600342 - MSE: 118.86622 - batch_Time: 0.4026491141412407s
Epoch[4/20 660/700] - Loss: 327.5206909180 - MSE: 327.06180 - batch_Time: 0.3997905550058931s
Epoch[4/20 661/700] - Loss: 298.5495605469 - MSE: 297.97760 - batch_Time: 0.3998400450218469s
Epoch[4/20 662/700] - Loss: 221.2072601318 - MSE: 220.92122 - batch_Time: 0.39808328496292233s
Epoch[4/20 663/700] - Loss: 229.4387207031 - MSE: 229.07077 - batch_Time: 0.40205036103725433s
Epoch[4/20 664/700] - Loss: 196.6222839355 - MSE: 196.33420 - batch_Time: 0.4008049350231886s
Epoch[4/20 665/700] - Loss: 289.0228271484 - MSE: 288.61639 - batch_Time: 0.4024960349779576s
Epoch[4/20 666/700] - Loss: 192.1396484375 - MSE: 191.81410 - batch_Time: 0.4017705931328237s
Epoch[4/20 667/700] - Loss: 197.9958343506 - MSE: 197.55627 - batch_Time: 0.4010043719317764s
Epoch[4/20 668/700] - Loss: 309.0636291504 - MSE: 308.32043 - batch_Time: 0.40354683296754956s
Epoch[4/20 669/700] - Loss: 237.1056823730 - MSE: 236.62630 - batch_Time: 0.3992952408734709s
Epoch[4/20 670/700] - Loss: 464.3615722656 - MSE: 463.92596 - batch_Time: 0.3985459189862013s
Epoch[4/20 671/700] - Loss: 293.2893371582 - MSE: 292.49496 - batch_Time: 0.40318489796482027s
Epoch[4/20 672/700] - Loss: 308.7822875977 - MSE: 308.23508 - batch_Time: 0.4036565918941051s
Epoch[4/20 673/700] - Loss: 405.9788513184 - MSE: 405.34702 - batch_Time: 0.3990317040588707s
Epoch[4/20 674/700] - Loss: 274.2104187012 - MSE: 273.85663 - batch_Time: 0.39592885901220143s
Epoch[4/20 675/700] - Loss: 192.3939514160 - MSE: 192.00058 - batch_Time: 0.3931102801579982s
Epoch[4/20 676/700] - Loss: 262.0052795410 - MSE: 261.33844 - batch_Time: 0.3941824189387262s
Epoch[4/20 677/700] - Loss: 210.0631103516 - MSE: 209.61980 - batch_Time: 0.3947122630197555s
Epoch[4/20 678/700] - Loss: 146.1001434326 - MSE: 145.63416 - batch_Time: 0.3958857499528676s
Epoch[4/20 679/700] - Loss: 195.1161041260 - MSE: 194.80977 - batch_Time: 0.3956176028586924s
Epoch[4/20 680/700] - Loss: 271.0161132812 - MSE: 270.54095 - batch_Time: 0.3950344289187342s
Epoch[4/20 681/700] - Loss: 169.4897155762 - MSE: 168.99182 - batch_Time: 0.403115157969296s
Epoch[4/20 682/700] - Loss: 288.5454101562 - MSE: 288.05194 - batch_Time: 0.4009166120085865s
Epoch[4/20 683/700] - Loss: 111.1233978271 - MSE: 110.74824 - batch_Time: 0.4011319209821522s
Epoch[4/20 684/700] - Loss: 198.6272430420 - MSE: 198.28279 - batch_Time: 0.3989434048999101s
Epoch[4/20 685/700] - Loss: 304.4350585938 - MSE: 303.93210 - batch_Time: 0.40412420709617436s
Epoch[4/20 686/700] - Loss: 184.7835998535 - MSE: 184.56741 - batch_Time: 0.3998645150568336s
Epoch[4/20 687/700] - Loss: 247.1434326172 - MSE: 246.62018 - batch_Time: 0.4007749550510198s
Epoch[4/20 688/700] - Loss: 278.4849243164 - MSE: 278.01990 - batch_Time: 0.4059922359883785s
Epoch[4/20 689/700] - Loss: 146.5417175293 - MSE: 146.14746 - batch_Time: 0.3984248910564929s
Epoch[4/20 690/700] - Loss: 150.8698730469 - MSE: 150.58443 - batch_Time: 0.39803424500860274s
Epoch[4/20 691/700] - Loss: 213.9276123047 - MSE: 213.48582 - batch_Time: 0.39942096010781825s
Epoch[4/20 692/700] - Loss: 287.0885314941 - MSE: 286.67358 - batch_Time: 0.39939303998835385s
Epoch[4/20 693/700] - Loss: 192.1724243164 - MSE: 191.71602 - batch_Time: 0.3972659439314157s
Epoch[4/20 694/700] - Loss: 241.5892333984 - MSE: 240.70058 - batch_Time: 0.4019262020010501s
Epoch[4/20 695/700] - Loss: 162.0823974609 - MSE: 161.74139 - batch_Time: 0.4002018009778112s
Epoch[4/20 696/700] - Loss: 300.9491882324 - MSE: 300.44073 - batch_Time: 0.4001241819933057s
Epoch[4/20 697/700] - Loss: 213.3610687256 - MSE: 213.06270 - batch_Time: 0.39585011010058224s
Epoch[4/20 698/700] - Loss: 429.1885986328 - MSE: 428.59555 - batch_Time: 0.39638634491711855s
Epoch[4/20 699/700] - Loss: 210.8080596924 - MSE: 210.23846 - batch_Time: 0.3973384031560272s
Epoch[4] - 2021-08-06 21:31:16.543061
/hy-tmp/OURS/ttsr_dx/experiment.py:171: UserWarning: torch.nn.utils.clip_grad_norm is now deprecated in favor of torch.nn.utils.clip_grad_norm_.
  nn.utils.clip_grad_norm(self.model.parameters(), 1, norm_type=2)
Epoch[4- train_loss: 235.7437565177 - train_error: 235.2659396035 - val_loss: 60.6721555805 - val_error: 60.5326574135 - val_psnr: 30.6605525361 - val_ssim: 0.8226592220 - epoch_Time: 361.25590904802084s
Save Model in Epoch:4
Current learning rate: 0.0001
Epoch[5/20] - 2021-08-06 21:32:27.433505
Epoch[5/20 0/700] - Loss: 171.2273559570 - MSE: 170.88815 - batch_Time: 0.4088890489656478s
Epoch[5/20 1/700] - Loss: 249.3577575684 - MSE: 248.93510 - batch_Time: 0.39808763400651515s
Epoch[5/20 2/700] - Loss: 571.1550903320 - MSE: 570.01410 - batch_Time: 0.4025257609318942s
Epoch[5/20 3/700] - Loss: 314.8724365234 - MSE: 314.30927 - batch_Time: 0.3990381769835949s
Epoch[5/20 4/700] - Loss: 272.8908691406 - MSE: 272.44855 - batch_Time: 0.3951309591066092s
Epoch[5/20 5/700] - Loss: 199.7481384277 - MSE: 199.25912 - batch_Time: 0.3969622820150107s
Epoch[5/20 6/700] - Loss: 230.3768463135 - MSE: 229.92580 - batch_Time: 0.40213749604299664s
Epoch[5/20 7/700] - Loss: 287.0447082520 - MSE: 286.43787 - batch_Time: 0.39738565497100353s
Epoch[5/20 8/700] - Loss: 238.4387664795 - MSE: 238.11267 - batch_Time: 0.39095822209492326s
Epoch[5/20 9/700] - Loss: 271.5380859375 - MSE: 270.93964 - batch_Time: 0.3934511768165976s
Epoch[5/20 10/700] - Loss: 223.5745697021 - MSE: 222.88197 - batch_Time: 0.3976761179510504s
Epoch[5/20 11/700] - Loss: 171.2944183350 - MSE: 170.94543 - batch_Time: 0.39968866598792374s
Epoch[5/20 12/700] - Loss: 184.4290161133 - MSE: 184.11029 - batch_Time: 0.4016062058508396s
Epoch[5/20 13/700] - Loss: 197.5231933594 - MSE: 197.13788 - batch_Time: 0.39294061390683055s
Epoch[5/20 14/700] - Loss: 301.6358642578 - MSE: 301.20514 - batch_Time: 0.3983531869016588s
Epoch[5/20 15/700] - Loss: 207.6319427490 - MSE: 207.25218 - batch_Time: 0.3930083999875933s
Epoch[5/20 16/700] - Loss: 188.2658386230 - MSE: 187.92439 - batch_Time: 0.40001871599815786s
Epoch[5/20 17/700] - Loss: 150.8279418945 - MSE: 150.46826 - batch_Time: 0.3908411350566894s
Epoch[5/20 18/700] - Loss: 186.2876892090 - MSE: 185.85994 - batch_Time: 0.40026386198587716s
Epoch[5/20 19/700] - Loss: 244.1441802979 - MSE: 243.71623 - batch_Time: 0.39580149902030826s
Epoch[5/20 20/700] - Loss: 227.1923980713 - MSE: 226.67296 - batch_Time: 0.39796133898198605s
Epoch[5/20 21/700] - Loss: 173.9142761230 - MSE: 173.57629 - batch_Time: 0.39575634407810867s
Epoch[5/20 22/700] - Loss: 187.2713165283 - MSE: 186.89905 - batch_Time: 0.40212920610792935s
Epoch[5/20 23/700] - Loss: 295.3430175781 - MSE: 294.66986 - batch_Time: 0.39352323208004236s
Epoch[5/20 24/700] - Loss: 268.3975524902 - MSE: 267.72479 - batch_Time: 0.40167622407898307s
Epoch[5/20 25/700] - Loss: 175.7564086914 - MSE: 175.14043 - batch_Time: 0.39397281710989773s
Epoch[5/20 26/700] - Loss: 196.6194152832 - MSE: 195.60062 - batch_Time: 0.3998384370934218s
Epoch[5/20 27/700] - Loss: 297.3441467285 - MSE: 296.82089 - batch_Time: 0.3926483988761902s
Epoch[5/20 28/700] - Loss: 282.4696044922 - MSE: 282.01523 - batch_Time: 0.4011323880404234s
Epoch[5/20 29/700] - Loss: 168.5590057373 - MSE: 168.02626 - batch_Time: 0.3905703939963132s
Epoch[5/20 30/700] - Loss: 284.9548339844 - MSE: 284.48871 - batch_Time: 0.3954566309694201s
Epoch[5/20 31/700] - Loss: 294.2276306152 - MSE: 293.54327 - batch_Time: 0.39438995183445513s
Epoch[5/20 32/700] - Loss: 171.9771270752 - MSE: 171.58246 - batch_Time: 0.39558247686363757s
Epoch[5/20 33/700] - Loss: 278.9368591309 - MSE: 278.49695 - batch_Time: 0.3909388240426779s
Epoch[5/20 34/700] - Loss: 389.7467041016 - MSE: 388.94858 - batch_Time: 0.3982544590253383s
Epoch[5/20 35/700] - Loss: 165.9385986328 - MSE: 165.61334 - batch_Time: 0.3929794318974018s
Epoch[5/20 36/700] - Loss: 187.6212310791 - MSE: 187.13965 - batch_Time: 0.3945223221089691s
Epoch[5/20 37/700] - Loss: 442.8904418945 - MSE: 442.27792 - batch_Time: 0.39097864809446037s
Epoch[5/20 38/700] - Loss: 195.0727386475 - MSE: 194.72296 - batch_Time: 0.40537823899649084s
Epoch[5/20 39/700] - Loss: 304.4034729004 - MSE: 304.03949 - batch_Time: 0.40138472616672516s
Epoch[5/20 40/700] - Loss: 342.2502441406 - MSE: 341.79999 - batch_Time: 0.3924673350993544s
Epoch[5/20 41/700] - Loss: 153.4434509277 - MSE: 153.14377 - batch_Time: 0.4028806150890887s
Epoch[5/20 42/700] - Loss: 196.2625274658 - MSE: 195.62088 - batch_Time: 0.3983243349939585s
Epoch[5/20 43/700] - Loss: 237.5462493896 - MSE: 236.93654 - batch_Time: 0.3954370638821274s
Epoch[5/20 44/700] - Loss: 152.3492279053 - MSE: 152.06981 - batch_Time: 0.3938920721411705s
Epoch[5/20 45/700] - Loss: 229.2337799072 - MSE: 228.74358 - batch_Time: 0.3959669389296323s
Epoch[5/20 46/700] - Loss: 191.5864868164 - MSE: 190.94193 - batch_Time: 0.39467986300587654s
Epoch[5/20 47/700] - Loss: 191.8348083496 - MSE: 191.35367 - batch_Time: 0.39951071003451943s
Epoch[5/20 48/700] - Loss: 250.8404541016 - MSE: 250.41331 - batch_Time: 0.3978649638593197s
Epoch[5/20 49/700] - Loss: 153.2180938721 - MSE: 153.02615 - batch_Time: 0.39872358087450266s
Epoch[5/20 50/700] - Loss: 216.3064880371 - MSE: 216.00325 - batch_Time: 0.40376157290302217s
Epoch[5/20 51/700] - Loss: 165.9786987305 - MSE: 165.40466 - batch_Time: 0.3986321159172803s
Epoch[5/20 52/700] - Loss: 120.4426422119 - MSE: 120.10683 - batch_Time: 0.3956398880109191s
Epoch[5/20 53/700] - Loss: 156.3987121582 - MSE: 156.16029 - batch_Time: 0.39621674292720854s
Epoch[5/20 54/700] - Loss: 160.1347656250 - MSE: 159.67099 - batch_Time: 0.39524018787778914s
Epoch[5/20 55/700] - Loss: 211.2885131836 - MSE: 210.72607 - batch_Time: 0.3945005170535296s
Epoch[5/20 56/700] - Loss: 140.6150817871 - MSE: 140.33029 - batch_Time: 0.39272506395354867s
Epoch[5/20 57/700] - Loss: 148.0313415527 - MSE: 147.49026 - batch_Time: 0.3955824379809201s
Epoch[5/20 58/700] - Loss: 257.3295288086 - MSE: 256.83731 - batch_Time: 0.39672420104034245s
Epoch[5/20 59/700] - Loss: 315.3978881836 - MSE: 314.93011 - batch_Time: 0.39520182693377137s
Epoch[5/20 60/700] - Loss: 177.0220336914 - MSE: 176.70964 - batch_Time: 0.3969529161695391s
Epoch[5/20 61/700] - Loss: 205.3770446777 - MSE: 204.99265 - batch_Time: 0.39508996391668916s
Epoch[5/20 62/700] - Loss: 337.5206298828 - MSE: 336.87280 - batch_Time: 0.4031325438991189s
Epoch[5/20 63/700] - Loss: 156.6740570068 - MSE: 156.39131 - batch_Time: 0.4010669430717826s
Epoch[5/20 64/700] - Loss: 255.1434936523 - MSE: 254.55109 - batch_Time: 0.39764207717962563s
Epoch[5/20 65/700] - Loss: 252.3804321289 - MSE: 251.79433 - batch_Time: 0.4011162081733346s
Epoch[5/20 66/700] - Loss: 310.5140380859 - MSE: 309.81464 - batch_Time: 0.39640578906983137s
Epoch[5/20 67/700] - Loss: 201.5871887207 - MSE: 201.15810 - batch_Time: 0.401791559997946s
Epoch[5/20 68/700] - Loss: 126.0940933228 - MSE: 125.74440 - batch_Time: 0.3974477010779083s
Epoch[5/20 69/700] - Loss: 278.9688110352 - MSE: 278.45267 - batch_Time: 0.3973008890170604s
Epoch[5/20 70/700] - Loss: 475.3487854004 - MSE: 474.24173 - batch_Time: 0.39707826799713075s
Epoch[5/20 71/700] - Loss: 303.0982666016 - MSE: 302.64227 - batch_Time: 0.39937500609084964s
Epoch[5/20 72/700] - Loss: 268.6658325195 - MSE: 268.25363 - batch_Time: 0.39504076284356415s
Epoch[5/20 73/700] - Loss: 238.1569366455 - MSE: 237.54265 - batch_Time: 0.39794694911688566s
Epoch[5/20 74/700] - Loss: 145.1008300781 - MSE: 144.66927 - batch_Time: 0.3930070288479328s
Epoch[5/20 75/700] - Loss: 310.3497924805 - MSE: 309.83609 - batch_Time: 0.3992698679212481s
Epoch[5/20 76/700] - Loss: 204.3977508545 - MSE: 203.86243 - batch_Time: 0.39531919616274536s
Epoch[5/20 77/700] - Loss: 204.0182800293 - MSE: 203.66209 - batch_Time: 0.39847381808795035s
Epoch[5/20 78/700] - Loss: 253.2767028809 - MSE: 252.91547 - batch_Time: 0.39746465301141143s
Epoch[5/20 79/700] - Loss: 161.6178283691 - MSE: 161.25304 - batch_Time: 0.3962980539072305s
Epoch[5/20 80/700] - Loss: 251.2932281494 - MSE: 250.98297 - batch_Time: 0.3962924531660974s
Epoch[5/20 81/700] - Loss: 178.8380279541 - MSE: 178.47775 - batch_Time: 0.4009498299565166s
Epoch[5/20 82/700] - Loss: 270.3200988770 - MSE: 269.70789 - batch_Time: 0.39712898479774594s
Epoch[5/20 83/700] - Loss: 176.2773132324 - MSE: 175.94789 - batch_Time: 0.39615828008390963s
Epoch[5/20 84/700] - Loss: 171.6669158936 - MSE: 171.31360 - batch_Time: 0.4005780939478427s
Epoch[5/20 85/700] - Loss: 341.5569458008 - MSE: 341.07678 - batch_Time: 0.3969273008406162s
Epoch[5/20 86/700] - Loss: 255.3395843506 - MSE: 254.92010 - batch_Time: 0.3966395210009068s
Epoch[5/20 87/700] - Loss: 255.6421203613 - MSE: 255.15414 - batch_Time: 0.39707894599996507s
Epoch[5/20 88/700] - Loss: 161.0305938721 - MSE: 160.54164 - batch_Time: 0.3957411730661988s
Epoch[5/20 89/700] - Loss: 211.3146209717 - MSE: 210.83241 - batch_Time: 0.39490789198316634s
Epoch[5/20 90/700] - Loss: 417.1859130859 - MSE: 416.66095 - batch_Time: 0.39246425521560013s
Epoch[5/20 91/700] - Loss: 173.8156127930 - MSE: 173.30460 - batch_Time: 0.3952257880009711s
Epoch[5/20 92/700] - Loss: 375.1768188477 - MSE: 374.59317 - batch_Time: 0.3961339720990509s
Epoch[5/20 93/700] - Loss: 185.6055450439 - MSE: 185.23561 - batch_Time: 0.3966162989381701s
Epoch[5/20 94/700] - Loss: 267.9635314941 - MSE: 267.40125 - batch_Time: 0.3956008611712605s
Epoch[5/20 95/700] - Loss: 172.8081512451 - MSE: 172.10632 - batch_Time: 0.400217437883839s
Epoch[5/20 96/700] - Loss: 227.8258972168 - MSE: 227.35757 - batch_Time: 0.3958926061168313s
Epoch[5/20 97/700] - Loss: 194.0933837891 - MSE: 193.83945 - batch_Time: 0.3932238770648837s
Epoch[5/20 98/700] - Loss: 220.9492187500 - MSE: 220.47197 - batch_Time: 0.3955464737955481s
Epoch[5/20 99/700] - Loss: 195.4583282471 - MSE: 194.99142 - batch_Time: 0.3962359190918505s
Epoch[5/20 100/700] - Loss: 162.0017852783 - MSE: 161.74841 - batch_Time: 0.39626815798692405s
Epoch[5/20 101/700] - Loss: 243.1983947754 - MSE: 242.85730 - batch_Time: 0.39720860007219017s
Epoch[5/20 102/700] - Loss: 273.0115966797 - MSE: 272.65283 - batch_Time: 0.4003018250223249s
Epoch[5/20 103/700] - Loss: 294.3348083496 - MSE: 293.50641 - batch_Time: 0.39656674093566835s
Epoch[5/20 104/700] - Loss: 359.5440063477 - MSE: 359.10419 - batch_Time: 0.3967018579132855s
Epoch[5/20 105/700] - Loss: 241.3781738281 - MSE: 241.06192 - batch_Time: 0.3942492990754545s
Epoch[5/20 106/700] - Loss: 171.4329681396 - MSE: 170.80814 - batch_Time: 0.3929845818784088s
Epoch[5/20 107/700] - Loss: 112.9191665649 - MSE: 112.68776 - batch_Time: 0.3953950109425932s
Epoch[5/20 108/700] - Loss: 239.2724914551 - MSE: 238.76144 - batch_Time: 0.3966144220903516s
Epoch[5/20 109/700] - Loss: 247.9292297363 - MSE: 247.62662 - batch_Time: 0.3959034641738981s
Epoch[5/20 110/700] - Loss: 84.1545104980 - MSE: 83.94093 - batch_Time: 0.3976675739977509s
Epoch[5/20 111/700] - Loss: 163.9873962402 - MSE: 163.65189 - batch_Time: 0.4012786929961294s
Epoch[5/20 112/700] - Loss: 378.3939819336 - MSE: 377.41583 - batch_Time: 0.4032552628777921s
Epoch[5/20 113/700] - Loss: 263.4765014648 - MSE: 262.91568 - batch_Time: 0.3994857668876648s
Epoch[5/20 114/700] - Loss: 219.2331390381 - MSE: 218.75873 - batch_Time: 0.4014690772164613s
Epoch[5/20 115/700] - Loss: 258.1272277832 - MSE: 257.74561 - batch_Time: 0.4004228909034282s
Epoch[5/20 116/700] - Loss: 146.4024505615 - MSE: 146.17262 - batch_Time: 0.4003081580158323s
Epoch[5/20 117/700] - Loss: 204.5416412354 - MSE: 204.18716 - batch_Time: 0.401463882997632s
Epoch[5/20 118/700] - Loss: 172.7548828125 - MSE: 172.25699 - batch_Time: 0.40228403406217694s
Epoch[5/20 119/700] - Loss: 243.9363403320 - MSE: 243.60654 - batch_Time: 0.40009187581017613s
Epoch[5/20 120/700] - Loss: 273.7206420898 - MSE: 272.98972 - batch_Time: 0.39762241509743035s
Epoch[5/20 121/700] - Loss: 154.8615417480 - MSE: 154.51143 - batch_Time: 0.4024111900944263s
Epoch[5/20 122/700] - Loss: 189.6486968994 - MSE: 189.21924 - batch_Time: 0.3999935800675303s
Epoch[5/20 123/700] - Loss: 99.2152481079 - MSE: 98.84189 - batch_Time: 0.39851609501056373s
Epoch[5/20 124/700] - Loss: 133.1464080811 - MSE: 132.81729 - batch_Time: 0.4016750887967646s
Epoch[5/20 125/700] - Loss: 170.0655670166 - MSE: 169.75128 - batch_Time: 0.4006300810724497s
Epoch[5/20 126/700] - Loss: 219.4050903320 - MSE: 218.94225 - batch_Time: 0.3987841899506748s
Epoch[5/20 127/700] - Loss: 267.5747985840 - MSE: 267.12921 - batch_Time: 0.3987430080305785s
Epoch[5/20 128/700] - Loss: 428.7816162109 - MSE: 428.18997 - batch_Time: 0.4020538688637316s
Epoch[5/20 129/700] - Loss: 165.9070739746 - MSE: 165.50389 - batch_Time: 0.40101838391274214s
Epoch[5/20 130/700] - Loss: 224.1742858887 - MSE: 223.66386 - batch_Time: 0.40073899109847844s
Epoch[5/20 131/700] - Loss: 264.9421691895 - MSE: 264.46924 - batch_Time: 0.40038679307326674s
Epoch[5/20 132/700] - Loss: 297.5543212891 - MSE: 296.99222 - batch_Time: 0.3996905339881778s
Epoch[5/20 133/700] - Loss: 276.6628723145 - MSE: 276.27121 - batch_Time: 0.39993114094249904s
Epoch[5/20 134/700] - Loss: 225.1709289551 - MSE: 224.55573 - batch_Time: 0.39976468100212514s
Epoch[5/20 135/700] - Loss: 269.1534423828 - MSE: 268.41806 - batch_Time: 0.3981563048437238s
Epoch[5/20 136/700] - Loss: 308.2744445801 - MSE: 307.73254 - batch_Time: 0.3992130800615996s
Epoch[5/20 137/700] - Loss: 226.7171478271 - MSE: 226.34109 - batch_Time: 0.4001975618302822s
Epoch[5/20 138/700] - Loss: 165.4647216797 - MSE: 165.19130 - batch_Time: 0.399280154844746s
Epoch[5/20 139/700] - Loss: 324.3106689453 - MSE: 323.71832 - batch_Time: 0.40128357289358974s
Epoch[5/20 140/700] - Loss: 116.5746078491 - MSE: 116.30051 - batch_Time: 0.40083358297124505s
Epoch[5/20 141/700] - Loss: 211.8777160645 - MSE: 211.45418 - batch_Time: 0.4006214439868927s
Epoch[5/20 142/700] - Loss: 184.8980865479 - MSE: 184.59938 - batch_Time: 0.40074708010070026s
Epoch[5/20 143/700] - Loss: 373.6278381348 - MSE: 373.02368 - batch_Time: 0.4003535609226674s
Epoch[5/20 144/700] - Loss: 300.1549377441 - MSE: 299.60187 - batch_Time: 0.3974055440630764s
Epoch[5/20 145/700] - Loss: 199.9925994873 - MSE: 199.60721 - batch_Time: 0.39990864018909633s
Epoch[5/20 146/700] - Loss: 267.7782592773 - MSE: 267.27652 - batch_Time: 0.40347654093056917s
Epoch[5/20 147/700] - Loss: 221.4552764893 - MSE: 221.11911 - batch_Time: 0.4018201550934464s
Epoch[5/20 148/700] - Loss: 213.8957061768 - MSE: 213.45787 - batch_Time: 0.40127111901529133s
Epoch[5/20 149/700] - Loss: 259.5067749023 - MSE: 259.05075 - batch_Time: 0.40119143621996045s
Epoch[5/20 150/700] - Loss: 203.9547729492 - MSE: 203.19745 - batch_Time: 0.4011930038686842s
Epoch[5/20 151/700] - Loss: 150.4360198975 - MSE: 149.91971 - batch_Time: 0.3989155648741871s
Epoch[5/20 152/700] - Loss: 225.5434265137 - MSE: 225.00928 - batch_Time: 0.396730283042416s
Epoch[5/20 153/700] - Loss: 152.0117950439 - MSE: 151.62021 - batch_Time: 0.39736513001844287s
Epoch[5/20 154/700] - Loss: 412.2940368652 - MSE: 411.83453 - batch_Time: 0.3999060520436615s
Epoch[5/20 155/700] - Loss: 170.2831420898 - MSE: 170.04616 - batch_Time: 0.3965651788748801s
Epoch[5/20 156/700] - Loss: 253.8057250977 - MSE: 253.33295 - batch_Time: 0.4019924299791455s
Epoch[5/20 157/700] - Loss: 189.5315093994 - MSE: 189.19565 - batch_Time: 0.4015623410232365s
Epoch[5/20 158/700] - Loss: 231.5600585938 - MSE: 231.19801 - batch_Time: 0.3960975280497223s
Epoch[5/20 159/700] - Loss: 284.7890319824 - MSE: 284.31442 - batch_Time: 0.4004002420697361s
Epoch[5/20 160/700] - Loss: 272.1274414062 - MSE: 271.46890 - batch_Time: 0.4116674051620066s
Epoch[5/20 161/700] - Loss: 223.5260620117 - MSE: 223.21216 - batch_Time: 0.398231039987877s
Epoch[5/20 162/700] - Loss: 393.1256713867 - MSE: 392.46527 - batch_Time: 0.4069311150815338s
Epoch[5/20 163/700] - Loss: 239.2289581299 - MSE: 238.85139 - batch_Time: 0.39434999716468155s
Epoch[5/20 164/700] - Loss: 506.2132568359 - MSE: 505.64557 - batch_Time: 0.3999213359784335s
Epoch[5/20 165/700] - Loss: 268.7039184570 - MSE: 268.23517 - batch_Time: 0.3987085029948503s
Epoch[5/20 166/700] - Loss: 263.4528198242 - MSE: 262.83237 - batch_Time: 0.40393347200006247s
Epoch[5/20 167/700] - Loss: 174.7968292236 - MSE: 174.34821 - batch_Time: 0.3991555559914559s
Epoch[5/20 168/700] - Loss: 267.1384277344 - MSE: 266.08276 - batch_Time: 0.4051332729868591s
Epoch[5/20 169/700] - Loss: 185.8868408203 - MSE: 185.33823 - batch_Time: 0.39508271287195385s
Epoch[5/20 170/700] - Loss: 205.7510528564 - MSE: 205.31479 - batch_Time: 0.4029270519968122s
Epoch[5/20 171/700] - Loss: 219.8224945068 - MSE: 219.31827 - batch_Time: 0.39869330008514225s
Epoch[5/20 172/700] - Loss: 217.6804656982 - MSE: 217.27374 - batch_Time: 0.40109086805023253s
Epoch[5/20 173/700] - Loss: 218.2557525635 - MSE: 217.74374 - batch_Time: 0.39864379703067243s
Epoch[5/20 174/700] - Loss: 169.7020568848 - MSE: 169.36615 - batch_Time: 0.3945239169988781s
Epoch[5/20 175/700] - Loss: 264.8191223145 - MSE: 264.26117 - batch_Time: 0.39235546812415123s
Epoch[5/20 176/700] - Loss: 241.8776702881 - MSE: 241.26651 - batch_Time: 0.3966882429085672s
Epoch[5/20 177/700] - Loss: 223.2618408203 - MSE: 222.74107 - batch_Time: 0.39857705193571746s
Epoch[5/20 178/700] - Loss: 203.0682983398 - MSE: 202.50903 - batch_Time: 0.3994848739821464s
Epoch[5/20 179/700] - Loss: 297.2936401367 - MSE: 296.79788 - batch_Time: 0.4016952330712229s
Epoch[5/20 180/700] - Loss: 260.1260070801 - MSE: 259.67395 - batch_Time: 0.39590731100179255s
Epoch[5/20 181/700] - Loss: 162.5510711670 - MSE: 162.21349 - batch_Time: 0.401014382019639s
Epoch[5/20 182/700] - Loss: 268.1419677734 - MSE: 267.59024 - batch_Time: 0.39501498197205365s
Epoch[5/20 183/700] - Loss: 289.9423522949 - MSE: 289.36230 - batch_Time: 0.40868643787689507s
Epoch[5/20 184/700] - Loss: 274.3023071289 - MSE: 273.74869 - batch_Time: 0.39918089704588056s
Epoch[5/20 185/700] - Loss: 164.4489593506 - MSE: 164.11496 - batch_Time: 0.39656672812998295s
Epoch[5/20 186/700] - Loss: 169.5583190918 - MSE: 169.20724 - batch_Time: 0.39643506705760956s
Epoch[5/20 187/700] - Loss: 215.7944030762 - MSE: 215.37201 - batch_Time: 0.4009689420927316s
Epoch[5/20 188/700] - Loss: 194.5709228516 - MSE: 194.21794 - batch_Time: 0.3964174229186028s
Epoch[5/20 189/700] - Loss: 144.2487792969 - MSE: 143.95160 - batch_Time: 0.3936150169465691s
Epoch[5/20 190/700] - Loss: 159.7898406982 - MSE: 159.47797 - batch_Time: 0.39500364707782865s
Epoch[5/20 191/700] - Loss: 182.0904541016 - MSE: 181.74551 - batch_Time: 0.3962204600684345s
Epoch[5/20 192/700] - Loss: 206.8951873779 - MSE: 206.61803 - batch_Time: 0.3966333370190114s
Epoch[5/20 193/700] - Loss: 186.2175750732 - MSE: 185.71204 - batch_Time: 0.39757673908025026s
Epoch[5/20 194/700] - Loss: 201.6727294922 - MSE: 201.35765 - batch_Time: 0.3963769250549376s
Epoch[5/20 195/700] - Loss: 300.9632263184 - MSE: 300.43933 - batch_Time: 0.40748458402231336s
Epoch[5/20 196/700] - Loss: 144.4624328613 - MSE: 144.04668 - batch_Time: 0.4041257011704147s
Epoch[5/20 197/700] - Loss: 184.1036682129 - MSE: 183.72073 - batch_Time: 0.3983576779719442s
Epoch[5/20 198/700] - Loss: 151.5251617432 - MSE: 151.17801 - batch_Time: 0.3980762679129839s
Epoch[5/20 199/700] - Loss: 263.6851501465 - MSE: 263.14081 - batch_Time: 0.3971540939528495s
Epoch[5/20 200/700] - Loss: 244.7955169678 - MSE: 244.40172 - batch_Time: 0.3956199281383306s
Epoch[5/20 201/700] - Loss: 144.2167053223 - MSE: 144.00661 - batch_Time: 0.39366797800175846s
Epoch[5/20 202/700] - Loss: 245.9181823730 - MSE: 245.46202 - batch_Time: 0.39564107498154044s
Epoch[5/20 203/700] - Loss: 315.8723144531 - MSE: 315.22290 - batch_Time: 0.39604777190834284s
Epoch[5/20 204/700] - Loss: 240.6484375000 - MSE: 240.06262 - batch_Time: 0.4046122948639095s
Epoch[5/20 205/700] - Loss: 174.8962707520 - MSE: 174.51794 - batch_Time: 0.3958805580623448s
Epoch[5/20 206/700] - Loss: 135.6404418945 - MSE: 135.23761 - batch_Time: 0.4058762851636857s
Epoch[5/20 207/700] - Loss: 129.9620971680 - MSE: 129.64909 - batch_Time: 0.4037275929003954s
Epoch[5/20 208/700] - Loss: 244.4938354492 - MSE: 244.00844 - batch_Time: 0.3953701669815928s
Epoch[5/20 209/700] - Loss: 186.0238647461 - MSE: 185.47318 - batch_Time: 0.39518633601255715s
Epoch[5/20 210/700] - Loss: 143.6616058350 - MSE: 143.14583 - batch_Time: 0.3955428919289261s
Epoch[5/20 211/700] - Loss: 181.8962707520 - MSE: 181.46396 - batch_Time: 0.40094166179187596s
Epoch[5/20 212/700] - Loss: 198.5240478516 - MSE: 198.17624 - batch_Time: 0.40380559395998716s
Epoch[5/20 213/700] - Loss: 205.4169616699 - MSE: 205.07251 - batch_Time: 0.39314445084892213s
Epoch[5/20 214/700] - Loss: 248.2411499023 - MSE: 247.79799 - batch_Time: 0.3987114077899605s
Epoch[5/20 215/700] - Loss: 197.2331848145 - MSE: 196.90170 - batch_Time: 0.39431684114970267s
Epoch[5/20 216/700] - Loss: 204.5837249756 - MSE: 204.07274 - batch_Time: 0.39541754382662475s
Epoch[5/20 217/700] - Loss: 290.5074768066 - MSE: 289.87845 - batch_Time: 0.39579699910245836s
Epoch[5/20 218/700] - Loss: 134.7238769531 - MSE: 134.43156 - batch_Time: 0.3944642459973693s
Epoch[5/20 219/700] - Loss: 221.0283660889 - MSE: 220.79044 - batch_Time: 0.4052876550704241s
Epoch[5/20 220/700] - Loss: 166.9132690430 - MSE: 166.60812 - batch_Time: 0.4030391159467399s
Epoch[5/20 221/700] - Loss: 223.7980041504 - MSE: 223.43539 - batch_Time: 0.39853743789717555s
Epoch[5/20 222/700] - Loss: 251.6767730713 - MSE: 251.08667 - batch_Time: 0.3963366379030049s
Epoch[5/20 223/700] - Loss: 282.2373352051 - MSE: 281.77170 - batch_Time: 0.39746062201447785s
Epoch[5/20 224/700] - Loss: 231.1967773438 - MSE: 230.77783 - batch_Time: 0.39546952908858657s
Epoch[5/20 225/700] - Loss: 258.9911804199 - MSE: 258.60086 - batch_Time: 0.4011526789981872s
Epoch[5/20 226/700] - Loss: 241.8445892334 - MSE: 241.20108 - batch_Time: 0.3993769660592079s
Epoch[5/20 227/700] - Loss: 153.4898681641 - MSE: 153.09196 - batch_Time: 0.4025905460584909s
Epoch[5/20 228/700] - Loss: 173.8204498291 - MSE: 173.43149 - batch_Time: 0.3970755860209465s
Epoch[5/20 229/700] - Loss: 209.3597412109 - MSE: 208.54836 - batch_Time: 0.3990451020654291s
Epoch[5/20 230/700] - Loss: 150.8637390137 - MSE: 150.37209 - batch_Time: 0.39696137281134725s
Epoch[5/20 231/700] - Loss: 223.5375366211 - MSE: 223.03598 - batch_Time: 0.3973609069362283s
Epoch[5/20 232/700] - Loss: 213.5310363770 - MSE: 212.94151 - batch_Time: 0.40174015308730304s
Epoch[5/20 233/700] - Loss: 162.3295593262 - MSE: 161.86467 - batch_Time: 0.40729874186217785s
Epoch[5/20 234/700] - Loss: 140.9810791016 - MSE: 140.33679 - batch_Time: 0.40140691096894443s
Epoch[5/20 235/700] - Loss: 142.9763641357 - MSE: 142.61409 - batch_Time: 0.40378165896981955s
Epoch[5/20 236/700] - Loss: 283.3297729492 - MSE: 282.71240 - batch_Time: 0.40185394510626793s
Epoch[5/20 237/700] - Loss: 123.1416473389 - MSE: 122.90012 - batch_Time: 0.407106856117025s
Epoch[5/20 238/700] - Loss: 131.5221405029 - MSE: 131.24487 - batch_Time: 0.40344389295205474s
Epoch[5/20 239/700] - Loss: 275.3669128418 - MSE: 275.09872 - batch_Time: 0.4006738970056176s
Epoch[5/20 240/700] - Loss: 241.3940582275 - MSE: 240.83487 - batch_Time: 0.40066124591976404s
Epoch[5/20 241/700] - Loss: 253.8871154785 - MSE: 253.52562 - batch_Time: 0.4010168618988246s
Epoch[5/20 242/700] - Loss: 261.6062011719 - MSE: 261.23645 - batch_Time: 0.4033849488478154s
Epoch[5/20 243/700] - Loss: 194.4069061279 - MSE: 194.07904 - batch_Time: 0.4101249889936298s
Epoch[5/20 244/700] - Loss: 360.4704589844 - MSE: 360.01596 - batch_Time: 0.4050645048264414s
Epoch[5/20 245/700] - Loss: 387.4716186523 - MSE: 386.93240 - batch_Time: 0.402055521029979s
Epoch[5/20 246/700] - Loss: 204.6840057373 - MSE: 204.23175 - batch_Time: 0.4030723129399121s
Epoch[5/20 247/700] - Loss: 268.4630737305 - MSE: 267.92719 - batch_Time: 0.40296021313406527s
Epoch[5/20 248/700] - Loss: 158.2952575684 - MSE: 157.71837 - batch_Time: 0.4048549779690802s
Epoch[5/20 249/700] - Loss: 185.7157745361 - MSE: 185.36305 - batch_Time: 0.403284298023209s
Epoch[5/20 250/700] - Loss: 203.7375488281 - MSE: 203.30635 - batch_Time: 0.4004611710552126s
Epoch[5/20 251/700] - Loss: 158.2252044678 - MSE: 157.93436 - batch_Time: 0.39695511804893613s
Epoch[5/20 252/700] - Loss: 373.6514892578 - MSE: 373.17429 - batch_Time: 0.402267558965832s
Epoch[5/20 253/700] - Loss: 167.1775054932 - MSE: 166.96262 - batch_Time: 0.395860810065642s
Epoch[5/20 254/700] - Loss: 201.2632904053 - MSE: 200.84557 - batch_Time: 0.39644938707351685s
Epoch[5/20 255/700] - Loss: 210.9213256836 - MSE: 210.52966 - batch_Time: 0.39687248109839857s
Epoch[5/20 256/700] - Loss: 219.9917297363 - MSE: 219.35674 - batch_Time: 0.39994941418990493s
Epoch[5/20 257/700] - Loss: 280.3461914062 - MSE: 279.64453 - batch_Time: 0.39746462600305676s
Epoch[5/20 258/700] - Loss: 288.7057189941 - MSE: 288.20844 - batch_Time: 0.39661082811653614s
Epoch[5/20 259/700] - Loss: 211.6697235107 - MSE: 211.08334 - batch_Time: 0.39695191592909396s
Epoch[5/20 260/700] - Loss: 240.8456115723 - MSE: 240.35777 - batch_Time: 0.3962760870344937s
Epoch[5/20 261/700] - Loss: 184.0479125977 - MSE: 183.68051 - batch_Time: 0.3944346169009805s
Epoch[5/20 262/700] - Loss: 158.3975524902 - MSE: 158.11549 - batch_Time: 0.39524071011692286s
Epoch[5/20 263/700] - Loss: 178.7678833008 - MSE: 178.47037 - batch_Time: 0.39613005402497947s
Epoch[5/20 264/700] - Loss: 232.9181823730 - MSE: 232.50761 - batch_Time: 0.40098649682477117s
Epoch[5/20 265/700] - Loss: 178.0137939453 - MSE: 177.71988 - batch_Time: 0.397872389992699s
Epoch[5/20 266/700] - Loss: 192.5290374756 - MSE: 192.04321 - batch_Time: 0.39705059491097927s
Epoch[5/20 267/700] - Loss: 165.1115112305 - MSE: 164.73676 - batch_Time: 0.39708912186324596s
Epoch[5/20 268/700] - Loss: 159.1246337891 - MSE: 158.74329 - batch_Time: 0.4024042310193181s
Epoch[5/20 269/700] - Loss: 189.2980651855 - MSE: 188.91129 - batch_Time: 0.39725864795036614s
Epoch[5/20 270/700] - Loss: 274.3543701172 - MSE: 273.76651 - batch_Time: 0.3957508539315313s
Epoch[5/20 271/700] - Loss: 434.7157592773 - MSE: 434.03290 - batch_Time: 0.3939722639042884s
Epoch[5/20 272/700] - Loss: 197.1487731934 - MSE: 196.67740 - batch_Time: 0.39364790287800133s
Epoch[5/20 273/700] - Loss: 206.0279388428 - MSE: 205.45877 - batch_Time: 0.39532154193148017s
Epoch[5/20 274/700] - Loss: 287.5735473633 - MSE: 287.12332 - batch_Time: 0.4003987330943346s
Epoch[5/20 275/700] - Loss: 181.7380371094 - MSE: 181.37045 - batch_Time: 0.4022601100150496s
Epoch[5/20 276/700] - Loss: 272.4348449707 - MSE: 272.07135 - batch_Time: 0.3966917011421174s
Epoch[5/20 277/700] - Loss: 190.1935729980 - MSE: 189.76089 - batch_Time: 0.402229187078774s
Epoch[5/20 278/700] - Loss: 178.6777648926 - MSE: 178.37796 - batch_Time: 0.39565735403448343s
Epoch[5/20 279/700] - Loss: 253.9759063721 - MSE: 253.56891 - batch_Time: 0.40219563408754766s
Epoch[5/20 280/700] - Loss: 271.3571777344 - MSE: 270.96951 - batch_Time: 0.3961301369126886s
Epoch[5/20 281/700] - Loss: 140.3753967285 - MSE: 139.98825 - batch_Time: 0.40214859205298126s
Epoch[5/20 282/700] - Loss: 272.9065246582 - MSE: 272.39175 - batch_Time: 0.39573510619811714s
Epoch[5/20 283/700] - Loss: 284.4028930664 - MSE: 283.90985 - batch_Time: 0.40196144091896713s
Epoch[5/20 284/700] - Loss: 112.1878204346 - MSE: 111.67872 - batch_Time: 0.39639661903493106s
Epoch[5/20 285/700] - Loss: 290.0746765137 - MSE: 289.61453 - batch_Time: 0.40085849282331765s
Epoch[5/20 286/700] - Loss: 274.7922363281 - MSE: 274.37415 - batch_Time: 0.39927123091183603s
Epoch[5/20 287/700] - Loss: 347.8612365723 - MSE: 347.38483 - batch_Time: 0.3970843399874866s
Epoch[5/20 288/700] - Loss: 211.5851135254 - MSE: 211.08321 - batch_Time: 0.39732249919325113s
Epoch[5/20 289/700] - Loss: 203.3293762207 - MSE: 202.86093 - batch_Time: 0.3948081489652395s
Epoch[5/20 290/700] - Loss: 184.4956665039 - MSE: 184.19267 - batch_Time: 0.3960915619973093s
Epoch[5/20 291/700] - Loss: 277.1253662109 - MSE: 276.71799 - batch_Time: 0.3939456318039447s
Epoch[5/20 292/700] - Loss: 114.1836013794 - MSE: 113.98352 - batch_Time: 0.40014575608074665s
Epoch[5/20 293/700] - Loss: 211.9372863770 - MSE: 211.42290 - batch_Time: 0.40422382298856974s
Epoch[5/20 294/700] - Loss: 297.3883361816 - MSE: 296.97305 - batch_Time: 0.4015860839281231s
Epoch[5/20 295/700] - Loss: 222.5475463867 - MSE: 222.23416 - batch_Time: 0.3986024910118431s
Epoch[5/20 296/700] - Loss: 240.5806579590 - MSE: 240.15611 - batch_Time: 0.40253999596461654s
Epoch[5/20 297/700] - Loss: 168.4086914062 - MSE: 168.10104 - batch_Time: 0.39881085604429245s
Epoch[5/20 298/700] - Loss: 158.3945007324 - MSE: 158.05241 - batch_Time: 0.3990317340940237s
Epoch[5/20 299/700] - Loss: 198.6360321045 - MSE: 198.22119 - batch_Time: 0.39815775607712567s
Epoch[5/20 300/700] - Loss: 173.4361572266 - MSE: 172.81561 - batch_Time: 0.3991005711723119s
Epoch[5/20 301/700] - Loss: 238.7766265869 - MSE: 238.46092 - batch_Time: 0.39872324909083545s
Epoch[5/20 302/700] - Loss: 158.3342285156 - MSE: 158.04358 - batch_Time: 0.3998221531510353s
Epoch[5/20 303/700] - Loss: 280.1113281250 - MSE: 279.81964 - batch_Time: 0.3995232619345188s
Epoch[5/20 304/700] - Loss: 316.6241455078 - MSE: 316.06326 - batch_Time: 0.3984027770347893s
Epoch[5/20 305/700] - Loss: 242.0308837891 - MSE: 241.43982 - batch_Time: 0.40095930197276175s
Epoch[5/20 306/700] - Loss: 241.6557312012 - MSE: 241.16666 - batch_Time: 0.398339913925156s
Epoch[5/20 307/700] - Loss: 225.6884155273 - MSE: 225.17197 - batch_Time: 0.39869377203285694s
Epoch[5/20 308/700] - Loss: 297.3631896973 - MSE: 296.75308 - batch_Time: 0.3994671159889549s
Epoch[5/20 309/700] - Loss: 210.5496673584 - MSE: 210.00150 - batch_Time: 0.39692911808378994s
Epoch[5/20 310/700] - Loss: 122.4443664551 - MSE: 122.04134 - batch_Time: 0.39848245796747506s
Epoch[5/20 311/700] - Loss: 137.5312042236 - MSE: 137.21501 - batch_Time: 0.3990151828620583s
Epoch[5/20 312/700] - Loss: 223.8478698730 - MSE: 223.47482 - batch_Time: 0.3985292150173336s
Epoch[5/20 313/700] - Loss: 172.3279266357 - MSE: 171.85541 - batch_Time: 0.3985959819983691s
Epoch[5/20 314/700] - Loss: 158.6043701172 - MSE: 158.15663 - batch_Time: 0.402578477980569s
Epoch[5/20 315/700] - Loss: 212.9680480957 - MSE: 212.35117 - batch_Time: 0.3983615809120238s
Epoch[5/20 316/700] - Loss: 183.8768768311 - MSE: 183.44612 - batch_Time: 0.3974636250641197s
Epoch[5/20 317/700] - Loss: 187.3811035156 - MSE: 187.03439 - batch_Time: 0.39708928600884974s
Epoch[5/20 318/700] - Loss: 212.9907836914 - MSE: 212.58295 - batch_Time: 0.3978541190735996s
Epoch[5/20 319/700] - Loss: 202.8742523193 - MSE: 202.25920 - batch_Time: 0.3983939851168543s
Epoch[5/20 320/700] - Loss: 255.8176269531 - MSE: 255.37634 - batch_Time: 0.399158749030903s
Epoch[5/20 321/700] - Loss: 285.8687744141 - MSE: 285.30859 - batch_Time: 0.3987254200037569s
Epoch[5/20 322/700] - Loss: 341.9953002930 - MSE: 341.29630 - batch_Time: 0.3978071541059762s
Epoch[5/20 323/700] - Loss: 220.0486450195 - MSE: 219.69177 - batch_Time: 0.4002690580673516s
Epoch[5/20 324/700] - Loss: 337.0844421387 - MSE: 336.43970 - batch_Time: 0.3985071668867022s
Epoch[5/20 325/700] - Loss: 215.8245239258 - MSE: 215.57146 - batch_Time: 0.398037486942485s
Epoch[5/20 326/700] - Loss: 241.7444000244 - MSE: 241.35593 - batch_Time: 0.4012176680844277s
Epoch[5/20 327/700] - Loss: 274.4248352051 - MSE: 273.94171 - batch_Time: 0.4010753580369055s
Epoch[5/20 328/700] - Loss: 352.3458862305 - MSE: 351.90381 - batch_Time: 0.40673708193935454s
Epoch[5/20 329/700] - Loss: 248.5232849121 - MSE: 247.99869 - batch_Time: 0.4015899619553238s
Epoch[5/20 330/700] - Loss: 124.5003890991 - MSE: 124.26616 - batch_Time: 0.40136066009290516s
Epoch[5/20 331/700] - Loss: 261.5422058105 - MSE: 260.74863 - batch_Time: 0.39943303097970784s
Epoch[5/20 332/700] - Loss: 320.3537902832 - MSE: 319.85678 - batch_Time: 0.3989553009159863s
Epoch[5/20 333/700] - Loss: 368.7367858887 - MSE: 368.17178 - batch_Time: 0.3968938519246876s
Epoch[5/20 334/700] - Loss: 151.2216491699 - MSE: 150.91882 - batch_Time: 0.39624549401924014s
Epoch[5/20 335/700] - Loss: 119.3839111328 - MSE: 119.03362 - batch_Time: 0.40948967495933175s
Epoch[5/20 336/700] - Loss: 219.7073974609 - MSE: 219.18558 - batch_Time: 0.40043054800480604s
Epoch[5/20 337/700] - Loss: 198.2802581787 - MSE: 197.79422 - batch_Time: 0.4144055040087551s
Epoch[5/20 338/700] - Loss: 279.5195312500 - MSE: 279.02698 - batch_Time: 0.4070903859101236s
Epoch[5/20 339/700] - Loss: 357.7272338867 - MSE: 357.11865 - batch_Time: 0.40177653497084975s
Epoch[5/20 340/700] - Loss: 118.2803573608 - MSE: 118.09689 - batch_Time: 0.40418598894029856s
Epoch[5/20 341/700] - Loss: 221.4252777100 - MSE: 221.19933 - batch_Time: 0.4055754810106009s
Epoch[5/20 342/700] - Loss: 366.5260620117 - MSE: 365.41467 - batch_Time: 0.39702066709287465s
Epoch[5/20 343/700] - Loss: 224.8067932129 - MSE: 224.27301 - batch_Time: 0.3967587980441749s
Epoch[5/20 344/700] - Loss: 261.3227539062 - MSE: 260.78345 - batch_Time: 0.39627991896122694s
Epoch[5/20 345/700] - Loss: 196.9111785889 - MSE: 196.52823 - batch_Time: 0.40229583205655217s
Epoch[5/20 346/700] - Loss: 236.5821533203 - MSE: 235.84163 - batch_Time: 0.4020207629073411s
Epoch[5/20 347/700] - Loss: 174.7324676514 - MSE: 174.37451 - batch_Time: 0.39826423302292824s
Epoch[5/20 348/700] - Loss: 314.9358520508 - MSE: 314.36996 - batch_Time: 0.4000185818877071s
Epoch[5/20 349/700] - Loss: 232.7979736328 - MSE: 232.46344 - batch_Time: 0.4018714481499046s
Epoch[5/20 350/700] - Loss: 149.4179840088 - MSE: 149.07611 - batch_Time: 0.3967326879501343s
Epoch[5/20 351/700] - Loss: 245.2409057617 - MSE: 244.82793 - batch_Time: 0.39898296305909753s
Epoch[5/20 352/700] - Loss: 285.7707519531 - MSE: 285.37921 - batch_Time: 0.40293921809643507s
Epoch[5/20 353/700] - Loss: 133.5009460449 - MSE: 133.26695 - batch_Time: 0.403769263997674s
Epoch[5/20 354/700] - Loss: 209.0658721924 - MSE: 208.67514 - batch_Time: 0.4009196669794619s
Epoch[5/20 355/700] - Loss: 225.2378692627 - MSE: 224.61369 - batch_Time: 0.39776084502227604s
Epoch[5/20 356/700] - Loss: 235.0139312744 - MSE: 234.60626 - batch_Time: 0.4000501800328493s
Epoch[5/20 357/700] - Loss: 249.5616760254 - MSE: 249.18872 - batch_Time: 0.39935038215480745s
Epoch[5/20 358/700] - Loss: 258.3583068848 - MSE: 257.80682 - batch_Time: 0.39987808815203607s
Epoch[5/20 359/700] - Loss: 230.2321319580 - MSE: 229.70193 - batch_Time: 0.39750452898442745s
Epoch[5/20 360/700] - Loss: 189.8361663818 - MSE: 189.45384 - batch_Time: 0.4078756379894912s
Epoch[5/20 361/700] - Loss: 182.3768920898 - MSE: 181.86156 - batch_Time: 0.4011296739336103s
Epoch[5/20 362/700] - Loss: 328.5002441406 - MSE: 327.76141 - batch_Time: 0.4051790109369904s
Epoch[5/20 363/700] - Loss: 155.9500885010 - MSE: 155.51726 - batch_Time: 0.40435872483067214s
Epoch[5/20 364/700] - Loss: 197.3166809082 - MSE: 196.78165 - batch_Time: 0.4136344769503921s
Epoch[5/20 365/700] - Loss: 219.7140502930 - MSE: 219.27449 - batch_Time: 0.40372589603066444s
Epoch[5/20 366/700] - Loss: 228.3541259766 - MSE: 227.79843 - batch_Time: 0.4044379279948771s
Epoch[5/20 367/700] - Loss: 149.7555847168 - MSE: 149.39290 - batch_Time: 0.4000737238675356s
Epoch[5/20 368/700] - Loss: 283.8909606934 - MSE: 283.09180 - batch_Time: 0.4002275599632412s
Epoch[5/20 369/700] - Loss: 228.1127929688 - MSE: 227.74486 - batch_Time: 0.4017000598832965s
Epoch[5/20 370/700] - Loss: 328.1083679199 - MSE: 327.74591 - batch_Time: 0.4003749480471015s
Epoch[5/20 371/700] - Loss: 129.2439270020 - MSE: 128.93053 - batch_Time: 0.40101834083907306s
Epoch[5/20 372/700] - Loss: 178.3721008301 - MSE: 178.07898 - batch_Time: 0.39740161201916635s
Epoch[5/20 373/700] - Loss: 382.3376159668 - MSE: 381.77350 - batch_Time: 0.3959175581112504s
Epoch[5/20 374/700] - Loss: 194.2020721436 - MSE: 193.74977 - batch_Time: 0.3971144910901785s
Epoch[5/20 375/700] - Loss: 213.1825714111 - MSE: 212.82301 - batch_Time: 0.3978531949687749s
Epoch[5/20 376/700] - Loss: 251.0440063477 - MSE: 250.47101 - batch_Time: 0.40422299480997026s
Epoch[5/20 377/700] - Loss: 201.2432098389 - MSE: 200.79578 - batch_Time: 0.4013971008826047s
Epoch[5/20 378/700] - Loss: 283.1671447754 - MSE: 282.90048 - batch_Time: 0.40421544201672077s
Epoch[5/20 379/700] - Loss: 115.1198577881 - MSE: 114.85661 - batch_Time: 0.3984589660540223s
Epoch[5/20 380/700] - Loss: 290.1857910156 - MSE: 289.38986 - batch_Time: 0.40102120698429644s
Epoch[5/20 381/700] - Loss: 313.3814086914 - MSE: 312.98468 - batch_Time: 0.4005837389267981s
Epoch[5/20 382/700] - Loss: 365.2361755371 - MSE: 364.63446 - batch_Time: 0.3968907608650625s
Epoch[5/20 383/700] - Loss: 175.8648071289 - MSE: 175.51724 - batch_Time: 0.39687580801546574s
Epoch[5/20 384/700] - Loss: 157.2792968750 - MSE: 156.88985 - batch_Time: 0.4009768641553819s
Epoch[5/20 385/700] - Loss: 294.1978149414 - MSE: 293.68146 - batch_Time: 0.3991623017936945s
Epoch[5/20 386/700] - Loss: 205.5253753662 - MSE: 205.03915 - batch_Time: 0.39698587404564023s
Epoch[5/20 387/700] - Loss: 223.2034912109 - MSE: 222.71347 - batch_Time: 0.39713670196942985s
Epoch[5/20 388/700] - Loss: 241.9934844971 - MSE: 241.48650 - batch_Time: 0.39960776502266526s
Epoch[5/20 389/700] - Loss: 268.0250854492 - MSE: 267.35181 - batch_Time: 0.39672100311145186s
Epoch[5/20 390/700] - Loss: 239.4353942871 - MSE: 239.03256 - batch_Time: 0.3969012279994786s
Epoch[5/20 391/700] - Loss: 205.2945709229 - MSE: 204.89333 - batch_Time: 0.4022892948705703s
Epoch[5/20 392/700] - Loss: 340.0952148438 - MSE: 339.44547 - batch_Time: 0.39640624914318323s
Epoch[5/20 393/700] - Loss: 300.8315429688 - MSE: 300.14209 - batch_Time: 0.3980826470069587s
Epoch[5/20 394/700] - Loss: 218.4501037598 - MSE: 218.10818 - batch_Time: 0.3968340940773487s
Epoch[5/20 395/700] - Loss: 183.8767700195 - MSE: 183.52187 - batch_Time: 0.39771709591150284s
Epoch[5/20 396/700] - Loss: 219.3004913330 - MSE: 218.78851 - batch_Time: 0.40320609300397336s
Epoch[5/20 397/700] - Loss: 134.9276733398 - MSE: 134.49352 - batch_Time: 0.3961685220710933s
Epoch[5/20 398/700] - Loss: 186.6440582275 - MSE: 186.29430 - batch_Time: 0.3989786261226982s
Epoch[5/20 399/700] - Loss: 179.9204711914 - MSE: 179.62807 - batch_Time: 0.40346480696462095s
Epoch[5/20 400/700] - Loss: 193.6592864990 - MSE: 193.11256 - batch_Time: 0.3969922731630504s
Epoch[5/20 401/700] - Loss: 530.7908325195 - MSE: 530.14270 - batch_Time: 0.3961198190227151s
Epoch[5/20 402/700] - Loss: 250.7892303467 - MSE: 250.38498 - batch_Time: 0.3968040910549462s
Epoch[5/20 403/700] - Loss: 264.8050537109 - MSE: 264.38840 - batch_Time: 0.39784335484728217s
Epoch[5/20 404/700] - Loss: 273.3412475586 - MSE: 272.87671 - batch_Time: 0.3977048338856548s
Epoch[5/20 405/700] - Loss: 126.7287216187 - MSE: 126.39607 - batch_Time: 0.3975666640326381s
Epoch[5/20 406/700] - Loss: 240.7717895508 - MSE: 240.03752 - batch_Time: 0.39693949720822275s
Epoch[5/20 407/700] - Loss: 242.8925628662 - MSE: 242.25194 - batch_Time: 0.3977773990482092s
Epoch[5/20 408/700] - Loss: 238.9532012939 - MSE: 238.27837 - batch_Time: 0.3985356439370662s
Epoch[5/20 409/700] - Loss: 351.4809875488 - MSE: 350.98166 - batch_Time: 0.39693500101566315s
Epoch[5/20 410/700] - Loss: 105.8514862061 - MSE: 105.46799 - batch_Time: 0.4003037300426513s
Epoch[5/20 411/700] - Loss: 159.9997863770 - MSE: 159.55779 - batch_Time: 0.40339590096846223s
Epoch[5/20 412/700] - Loss: 174.0820617676 - MSE: 173.71291 - batch_Time: 0.4020369960926473s
Epoch[5/20 413/700] - Loss: 202.2037506104 - MSE: 201.81219 - batch_Time: 0.39570805500261486s
Epoch[5/20 414/700] - Loss: 149.6220245361 - MSE: 149.33302 - batch_Time: 0.3946389479096979s
Epoch[5/20 415/700] - Loss: 237.6800842285 - MSE: 237.35231 - batch_Time: 0.3968596952036023s
Epoch[5/20 416/700] - Loss: 181.2519226074 - MSE: 180.81006 - batch_Time: 0.3952342430129647s
Epoch[5/20 417/700] - Loss: 253.3281250000 - MSE: 252.52365 - batch_Time: 0.3929611751809716s
Epoch[5/20 418/700] - Loss: 294.0437011719 - MSE: 293.07977 - batch_Time: 0.39393641892820597s
Epoch[5/20 419/700] - Loss: 164.9009857178 - MSE: 164.45671 - batch_Time: 0.3961640221532434s
Epoch[5/20 420/700] - Loss: 212.5029296875 - MSE: 211.96432 - batch_Time: 0.40034030587412417s
Epoch[5/20 421/700] - Loss: 346.1926574707 - MSE: 345.12875 - batch_Time: 0.4021559930406511s
Epoch[5/20 422/700] - Loss: 192.8290863037 - MSE: 192.33252 - batch_Time: 0.3947459871415049s
Epoch[5/20 423/700] - Loss: 289.5282287598 - MSE: 288.78586 - batch_Time: 0.412879906129092s
Epoch[5/20 424/700] - Loss: 249.8391265869 - MSE: 249.11076 - batch_Time: 0.397458896972239s
Epoch[5/20 425/700] - Loss: 173.6356048584 - MSE: 173.15057 - batch_Time: 0.39583939709700644s
Epoch[5/20 426/700] - Loss: 724.7225952148 - MSE: 724.00293 - batch_Time: 0.39368410781025887s
Epoch[5/20 427/700] - Loss: 258.0136413574 - MSE: 257.29221 - batch_Time: 0.395693153841421s
Epoch[5/20 428/700] - Loss: 199.8427734375 - MSE: 199.40686 - batch_Time: 0.40224265307188034s
Epoch[5/20 429/700] - Loss: 236.4767761230 - MSE: 236.11784 - batch_Time: 0.3944985179696232s
Epoch[5/20 430/700] - Loss: 303.9485168457 - MSE: 303.58597 - batch_Time: 0.3963262678589672s
Epoch[5/20 431/700] - Loss: 262.6961059570 - MSE: 261.84360 - batch_Time: 0.40157782193273306s
Epoch[5/20 432/700] - Loss: 166.2459259033 - MSE: 165.62540 - batch_Time: 0.3954667099751532s
Epoch[5/20 433/700] - Loss: 212.9597778320 - MSE: 212.33719 - batch_Time: 0.39576980588026345s
Epoch[5/20 434/700] - Loss: 293.6322631836 - MSE: 293.16183 - batch_Time: 0.39718692493624985s
Epoch[5/20 435/700] - Loss: 142.4915466309 - MSE: 141.94206 - batch_Time: 0.40004878700710833s
Epoch[5/20 436/700] - Loss: 180.2391204834 - MSE: 179.93456 - batch_Time: 0.4006607998162508s
Epoch[5/20 437/700] - Loss: 237.3565673828 - MSE: 237.02751 - batch_Time: 0.4003745219670236s
Epoch[5/20 438/700] - Loss: 247.0540008545 - MSE: 246.75471 - batch_Time: 0.40173739194869995s
Epoch[5/20 439/700] - Loss: 239.2395172119 - MSE: 238.81818 - batch_Time: 0.4029078430030495s
Epoch[5/20 440/700] - Loss: 252.4334716797 - MSE: 252.06979 - batch_Time: 0.39729660702869296s
Epoch[5/20 441/700] - Loss: 258.3225402832 - MSE: 257.82458 - batch_Time: 0.3954510558396578s
Epoch[5/20 442/700] - Loss: 241.7457580566 - MSE: 241.34854 - batch_Time: 0.40339622693136334s
Epoch[5/20 443/700] - Loss: 268.2600097656 - MSE: 267.85889 - batch_Time: 0.3951913348864764s
Epoch[5/20 444/700] - Loss: 200.9152679443 - MSE: 200.49799 - batch_Time: 0.40291079692542553s
Epoch[5/20 445/700] - Loss: 229.1819152832 - MSE: 228.75165 - batch_Time: 0.40240457910113037s
Epoch[5/20 446/700] - Loss: 202.3189849854 - MSE: 202.03809 - batch_Time: 0.4009568360634148s
Epoch[5/20 447/700] - Loss: 232.1841125488 - MSE: 231.57791 - batch_Time: 0.39775833510793746s
Epoch[5/20 448/700] - Loss: 149.8819732666 - MSE: 149.65260 - batch_Time: 0.4032471578102559s
Epoch[5/20 449/700] - Loss: 285.2043151855 - MSE: 284.60422 - batch_Time: 0.4011396309360862s
Epoch[5/20 450/700] - Loss: 185.0784606934 - MSE: 184.56793 - batch_Time: 0.39585305098444223s
Epoch[5/20 451/700] - Loss: 162.2499084473 - MSE: 161.96321 - batch_Time: 0.3973692611325532s
Epoch[5/20 452/700] - Loss: 206.2299652100 - MSE: 205.90079 - batch_Time: 0.39725357107818127s
Epoch[5/20 453/700] - Loss: 185.4405975342 - MSE: 184.84422 - batch_Time: 0.4064781710039824s
Epoch[5/20 454/700] - Loss: 239.2366027832 - MSE: 238.75560 - batch_Time: 0.4024317557923496s
Epoch[5/20 455/700] - Loss: 128.1514129639 - MSE: 127.71513 - batch_Time: 0.40153215010650456s
Epoch[5/20 456/700] - Loss: 217.8376922607 - MSE: 217.53740 - batch_Time: 0.4055135641247034s
Epoch[5/20 457/700] - Loss: 207.6684112549 - MSE: 207.07349 - batch_Time: 0.39769072085618973s
Epoch[5/20 458/700] - Loss: 134.4820098877 - MSE: 134.15723 - batch_Time: 0.39792178687639534s
Epoch[5/20 459/700] - Loss: 126.9609909058 - MSE: 126.65208 - batch_Time: 0.3984925840049982s
Epoch[5/20 460/700] - Loss: 257.0212707520 - MSE: 256.67834 - batch_Time: 0.40151347196660936s
Epoch[5/20 461/700] - Loss: 187.4904479980 - MSE: 187.13474 - batch_Time: 0.3973138891160488s
Epoch[5/20 462/700] - Loss: 159.9236297607 - MSE: 159.46292 - batch_Time: 0.40155586088076234s
Epoch[5/20 463/700] - Loss: 403.4288635254 - MSE: 402.95404 - batch_Time: 0.3964687099214643s
Epoch[5/20 464/700] - Loss: 136.5417327881 - MSE: 136.11299 - batch_Time: 0.3980796900577843s
Epoch[5/20 465/700] - Loss: 159.1338653564 - MSE: 158.82678 - batch_Time: 0.39681134605780244s
Epoch[5/20 466/700] - Loss: 186.9020080566 - MSE: 186.34412 - batch_Time: 0.39798709796741605s
Epoch[5/20 467/700] - Loss: 360.2067871094 - MSE: 359.73376 - batch_Time: 0.39774379692971706s
Epoch[5/20 468/700] - Loss: 190.7234191895 - MSE: 190.37085 - batch_Time: 0.4018791599664837s
Epoch[5/20 469/700] - Loss: 156.4845275879 - MSE: 156.14479 - batch_Time: 0.39824317186139524s
Epoch[5/20 470/700] - Loss: 287.0948791504 - MSE: 286.62131 - batch_Time: 0.3971599671058357s
Epoch[5/20 471/700] - Loss: 290.6821289062 - MSE: 290.11691 - batch_Time: 0.40121397096663713s
Epoch[5/20 472/700] - Loss: 171.3787994385 - MSE: 171.03848 - batch_Time: 0.398436025949195s
Epoch[5/20 473/700] - Loss: 223.3024902344 - MSE: 222.84952 - batch_Time: 0.40317719615995884s
Epoch[5/20 474/700] - Loss: 194.7176666260 - MSE: 194.25481 - batch_Time: 0.39762876904569566s
Epoch[5/20 475/700] - Loss: 119.6951141357 - MSE: 119.30405 - batch_Time: 0.40017774095758796s
Epoch[5/20 476/700] - Loss: 161.3977355957 - MSE: 161.18608 - batch_Time: 0.3974034481216222s
Epoch[5/20 477/700] - Loss: 233.2117614746 - MSE: 232.82248 - batch_Time: 0.3991537338588387s
Epoch[5/20 478/700] - Loss: 266.3309631348 - MSE: 265.90958 - batch_Time: 0.39588186517357826s
Epoch[5/20 479/700] - Loss: 196.2193450928 - MSE: 195.89119 - batch_Time: 0.40278757899068296s
Epoch[5/20 480/700] - Loss: 386.6484985352 - MSE: 385.81653 - batch_Time: 0.4022566811181605s
Epoch[5/20 481/700] - Loss: 195.2966308594 - MSE: 194.92120 - batch_Time: 0.40232446999289095s
Epoch[5/20 482/700] - Loss: 207.8120880127 - MSE: 207.33768 - batch_Time: 0.401496103964746s
Epoch[5/20 483/700] - Loss: 146.5810546875 - MSE: 146.23709 - batch_Time: 0.40290956501848996s
Epoch[5/20 484/700] - Loss: 154.9540252686 - MSE: 154.45230 - batch_Time: 0.40059457486495376s
Epoch[5/20 485/700] - Loss: 186.6376800537 - MSE: 186.14767 - batch_Time: 0.4011449220124632s
Epoch[5/20 486/700] - Loss: 204.7666625977 - MSE: 204.34973 - batch_Time: 0.4007401531562209s
Epoch[5/20 487/700] - Loss: 265.2612609863 - MSE: 264.66837 - batch_Time: 0.39742681314237416s
Epoch[5/20 488/700] - Loss: 197.1217346191 - MSE: 196.63007 - batch_Time: 0.4000652760732919s
Epoch[5/20 489/700] - Loss: 179.2326049805 - MSE: 178.89270 - batch_Time: 0.3978670169599354s
Epoch[5/20 490/700] - Loss: 228.8369750977 - MSE: 228.42630 - batch_Time: 0.40020306198857725s
Epoch[5/20 491/700] - Loss: 247.5523986816 - MSE: 247.27914 - batch_Time: 0.40024864999577403s
Epoch[5/20 492/700] - Loss: 226.2290802002 - MSE: 225.69109 - batch_Time: 0.40042464807629585s
Epoch[5/20 493/700] - Loss: 250.9394989014 - MSE: 250.35490 - batch_Time: 0.3997216511052102s
Epoch[5/20 494/700] - Loss: 259.0916748047 - MSE: 258.67447 - batch_Time: 0.40196940395981073s
Epoch[5/20 495/700] - Loss: 188.1225738525 - MSE: 187.61115 - batch_Time: 0.40029711509123445s
Epoch[5/20 496/700] - Loss: 239.7180480957 - MSE: 239.27048 - batch_Time: 0.39886418101377785s
Epoch[5/20 497/700] - Loss: 495.1062622070 - MSE: 494.56415 - batch_Time: 0.39379830402322114s
Epoch[5/20 498/700] - Loss: 172.6158752441 - MSE: 171.97794 - batch_Time: 0.39474480506032705s
Epoch[5/20 499/700] - Loss: 205.7271575928 - MSE: 205.24716 - batch_Time: 0.39518952113576233s
Epoch[5/20 500/700] - Loss: 237.1591949463 - MSE: 236.61665 - batch_Time: 0.3946328959427774s
Epoch[5/20 501/700] - Loss: 288.0419616699 - MSE: 287.44342 - batch_Time: 0.3926900040823966s
Epoch[5/20 502/700] - Loss: 139.2112884521 - MSE: 138.66103 - batch_Time: 0.3943043639883399s
Epoch[5/20 503/700] - Loss: 169.4213256836 - MSE: 169.05586 - batch_Time: 0.39642617804929614s
Epoch[5/20 504/700] - Loss: 256.9676208496 - MSE: 256.53268 - batch_Time: 0.39497999707236886s
Epoch[5/20 505/700] - Loss: 300.0267944336 - MSE: 299.64761 - batch_Time: 0.395881500095129s
Epoch[5/20 506/700] - Loss: 158.2376098633 - MSE: 157.80270 - batch_Time: 0.3927541871089488s
Epoch[5/20 507/700] - Loss: 186.1539611816 - MSE: 185.79178 - batch_Time: 0.39388852985575795s
Epoch[5/20 508/700] - Loss: 358.0748901367 - MSE: 357.72568 - batch_Time: 0.40014489693567157s
Epoch[5/20 509/700] - Loss: 273.2929077148 - MSE: 272.55487 - batch_Time: 0.39557030610740185s
Epoch[5/20 510/700] - Loss: 248.4889068604 - MSE: 248.03084 - batch_Time: 0.401447816984728s
Epoch[5/20 511/700] - Loss: 240.9619903564 - MSE: 240.66791 - batch_Time: 0.39556269301101565s
Epoch[5/20 512/700] - Loss: 167.1568145752 - MSE: 166.62161 - batch_Time: 0.40202775108627975s
Epoch[5/20 513/700] - Loss: 280.0582885742 - MSE: 279.61151 - batch_Time: 0.39958440512418747s
Epoch[5/20 514/700] - Loss: 239.8811187744 - MSE: 239.43690 - batch_Time: 0.39748044800944626s
Epoch[5/20 515/700] - Loss: 219.6065368652 - MSE: 219.06186 - batch_Time: 0.3951720208860934s
Epoch[5/20 516/700] - Loss: 278.6560668945 - MSE: 278.20297 - batch_Time: 0.3930778428912163s
Epoch[5/20 517/700] - Loss: 185.1631927490 - MSE: 184.91191 - batch_Time: 0.39289709413424134s
Epoch[5/20 518/700] - Loss: 219.0749206543 - MSE: 218.68896 - batch_Time: 0.394810849102214s
Epoch[5/20 519/700] - Loss: 281.6794433594 - MSE: 281.18356 - batch_Time: 0.3965682580601424s
Epoch[5/20 520/700] - Loss: 341.4249572754 - MSE: 340.83923 - batch_Time: 0.3953854329884052s
Epoch[5/20 521/700] - Loss: 246.8651733398 - MSE: 246.34906 - batch_Time: 0.40024267020635307s
Epoch[5/20 522/700] - Loss: 275.3708496094 - MSE: 275.03055 - batch_Time: 0.40477612102404237s
Epoch[5/20 523/700] - Loss: 191.2198028564 - MSE: 190.72694 - batch_Time: 0.40311939897947013s
Epoch[5/20 524/700] - Loss: 154.3387603760 - MSE: 153.88193 - batch_Time: 0.400429175933823s
Epoch[5/20 525/700] - Loss: 231.8195800781 - MSE: 231.46158 - batch_Time: 0.40282639884389937s
Epoch[5/20 526/700] - Loss: 177.5104064941 - MSE: 177.18924 - batch_Time: 0.4031794050242752s
Epoch[5/20 527/700] - Loss: 215.4934082031 - MSE: 215.08723 - batch_Time: 0.4024821000639349s
Epoch[5/20 528/700] - Loss: 275.1567077637 - MSE: 274.56448 - batch_Time: 0.4038921380415559s
Epoch[5/20 529/700] - Loss: 262.6287231445 - MSE: 261.85144 - batch_Time: 0.40114604495465755s
Epoch[5/20 530/700] - Loss: 245.6186065674 - MSE: 244.84583 - batch_Time: 0.40065216599032283s
Epoch[5/20 531/700] - Loss: 193.1723175049 - MSE: 192.79720 - batch_Time: 0.40325930900871754s
Epoch[5/20 532/700] - Loss: 186.5905151367 - MSE: 186.15109 - batch_Time: 0.4049619159195572s
Epoch[5/20 533/700] - Loss: 208.3414459229 - MSE: 207.96214 - batch_Time: 0.40237287199124694s
Epoch[5/20 534/700] - Loss: 200.7656555176 - MSE: 200.22604 - batch_Time: 0.4019804031122476s
Epoch[5/20 535/700] - Loss: 261.8452758789 - MSE: 261.38141 - batch_Time: 0.4007715389598161s
Epoch[5/20 536/700] - Loss: 156.5010070801 - MSE: 155.87614 - batch_Time: 0.4039744280744344s
Epoch[5/20 537/700] - Loss: 211.2447814941 - MSE: 210.73166 - batch_Time: 0.40115032298490405s
Epoch[5/20 538/700] - Loss: 139.4220581055 - MSE: 139.10857 - batch_Time: 0.40246464498341084s
Epoch[5/20 539/700] - Loss: 298.0344848633 - MSE: 297.73715 - batch_Time: 0.4029957400634885s
Epoch[5/20 540/700] - Loss: 248.8403167725 - MSE: 248.46223 - batch_Time: 0.4028261289931834s
Epoch[5/20 541/700] - Loss: 412.9769897461 - MSE: 412.47650 - batch_Time: 0.3996475499588996s
Epoch[5/20 542/700] - Loss: 215.6368713379 - MSE: 215.17677 - batch_Time: 0.40077294991351664s
Epoch[5/20 543/700] - Loss: 142.6099548340 - MSE: 142.33896 - batch_Time: 0.4025603770278394s
Epoch[5/20 544/700] - Loss: 142.7104492188 - MSE: 142.41682 - batch_Time: 0.4040626659989357s
Epoch[5/20 545/700] - Loss: 212.1628570557 - MSE: 211.93324 - batch_Time: 0.4019546390045434s
Epoch[5/20 546/700] - Loss: 177.8623962402 - MSE: 177.38141 - batch_Time: 0.40292409202083945s
Epoch[5/20 547/700] - Loss: 245.1718750000 - MSE: 244.71982 - batch_Time: 0.4027454399038106s
Epoch[5/20 548/700] - Loss: 324.4992980957 - MSE: 324.07663 - batch_Time: 0.40703413309529424s
Epoch[5/20 549/700] - Loss: 180.6280059814 - MSE: 180.07672 - batch_Time: 0.4019153530243784s
Epoch[5/20 550/700] - Loss: 310.0719604492 - MSE: 309.80920 - batch_Time: 0.40322228404693305s
Epoch[5/20 551/700] - Loss: 247.7835083008 - MSE: 247.15585 - batch_Time: 0.40240044798702s
Epoch[5/20 552/700] - Loss: 197.8944396973 - MSE: 197.22188 - batch_Time: 0.40073472796939313s
Epoch[5/20 553/700] - Loss: 258.3126220703 - MSE: 257.93759 - batch_Time: 0.4027476739138365s
Epoch[5/20 554/700] - Loss: 200.6891326904 - MSE: 200.38692 - batch_Time: 0.40057385503314435s
Epoch[5/20 555/700] - Loss: 278.6045532227 - MSE: 277.82550 - batch_Time: 0.4040854531340301s
Epoch[5/20 556/700] - Loss: 178.7344818115 - MSE: 178.32292 - batch_Time: 0.40377519303001463s
Epoch[5/20 557/700] - Loss: 215.0612945557 - MSE: 214.34384 - batch_Time: 0.4013282780069858s
Epoch[5/20 558/700] - Loss: 200.0489654541 - MSE: 199.46136 - batch_Time: 0.39949431899003685s
Epoch[5/20 559/700] - Loss: 221.6819458008 - MSE: 221.29683 - batch_Time: 0.40318724303506315s
Epoch[5/20 560/700] - Loss: 199.9817504883 - MSE: 199.66507 - batch_Time: 0.40574576589278877s
Epoch[5/20 561/700] - Loss: 176.3003082275 - MSE: 175.98012 - batch_Time: 0.3963097049854696s
Epoch[5/20 562/700] - Loss: 186.7334899902 - MSE: 186.18965 - batch_Time: 0.40451008011586964s
Epoch[5/20 563/700] - Loss: 434.9124145508 - MSE: 434.27573 - batch_Time: 0.3951540410052985s
Epoch[5/20 564/700] - Loss: 321.9222412109 - MSE: 321.33694 - batch_Time: 0.4027494790498167s
Epoch[5/20 565/700] - Loss: 222.3664245605 - MSE: 221.97308 - batch_Time: 0.3960928828455508s
Epoch[5/20 566/700] - Loss: 288.4968566895 - MSE: 288.01923 - batch_Time: 0.4010667169932276s
Epoch[5/20 567/700] - Loss: 195.9696960449 - MSE: 195.37476 - batch_Time: 0.39554965402930975s
Epoch[5/20 568/700] - Loss: 198.1855621338 - MSE: 197.91110 - batch_Time: 0.40177977993153036s
Epoch[5/20 569/700] - Loss: 175.7279815674 - MSE: 175.25374 - batch_Time: 0.3958089391235262s
Epoch[5/20 570/700] - Loss: 251.3393249512 - MSE: 250.84784 - batch_Time: 0.405851012095809s
Epoch[5/20 571/700] - Loss: 371.5247192383 - MSE: 370.91162 - batch_Time: 0.39490235201083124s
Epoch[5/20 572/700] - Loss: 175.1713867188 - MSE: 174.80882 - batch_Time: 0.3998996790032834s
Epoch[5/20 573/700] - Loss: 177.0910339355 - MSE: 176.77281 - batch_Time: 0.3937328471802175s
Epoch[5/20 574/700] - Loss: 236.5667724609 - MSE: 236.15790 - batch_Time: 0.399975114967674s
Epoch[5/20 575/700] - Loss: 149.9383697510 - MSE: 149.67957 - batch_Time: 0.39579360210336745s
Epoch[5/20 576/700] - Loss: 187.4213104248 - MSE: 186.88377 - batch_Time: 0.39531979290768504s
Epoch[5/20 577/700] - Loss: 183.5553283691 - MSE: 183.07007 - batch_Time: 0.3954441621899605s
Epoch[5/20 578/700] - Loss: 278.8931274414 - MSE: 278.10153 - batch_Time: 0.3949135828297585s
Epoch[5/20 579/700] - Loss: 188.0847625732 - MSE: 187.47192 - batch_Time: 0.3942975669633597s
Epoch[5/20 580/700] - Loss: 209.3668518066 - MSE: 209.04008 - batch_Time: 0.39947628090158105s
Epoch[5/20 581/700] - Loss: 204.4126281738 - MSE: 204.08636 - batch_Time: 0.40588164795190096s
Epoch[5/20 582/700] - Loss: 195.1191406250 - MSE: 194.74310 - batch_Time: 0.4038467810023576s
Epoch[5/20 583/700] - Loss: 214.3300781250 - MSE: 213.95435 - batch_Time: 0.4009652480017394s
Epoch[5/20 584/700] - Loss: 238.8545074463 - MSE: 238.50128 - batch_Time: 0.4039910070132464s
Epoch[5/20 585/700] - Loss: 318.2536010742 - MSE: 317.90564 - batch_Time: 0.4002259389963001s
Epoch[5/20 586/700] - Loss: 237.7196044922 - MSE: 237.26025 - batch_Time: 0.398199032060802s
Epoch[5/20 587/700] - Loss: 207.4097137451 - MSE: 207.00336 - batch_Time: 0.3947569848969579s
Epoch[5/20 588/700] - Loss: 153.8590393066 - MSE: 153.54787 - batch_Time: 0.39547390793450177s
Epoch[5/20 589/700] - Loss: 163.4095764160 - MSE: 162.73709 - batch_Time: 0.39734671521000564s
Epoch[5/20 590/700] - Loss: 271.0725708008 - MSE: 270.57437 - batch_Time: 0.39763751113787293s
Epoch[5/20 591/700] - Loss: 163.1333618164 - MSE: 162.80577 - batch_Time: 0.39771708007901907s
Epoch[5/20 592/700] - Loss: 213.7153320312 - MSE: 213.00148 - batch_Time: 0.3982326549012214s
Epoch[5/20 593/700] - Loss: 309.8253784180 - MSE: 309.29443 - batch_Time: 0.39555621100589633s
Epoch[5/20 594/700] - Loss: 276.7103271484 - MSE: 276.09415 - batch_Time: 0.3956175288185477s
Epoch[5/20 595/700] - Loss: 223.8655395508 - MSE: 223.40121 - batch_Time: 0.3977715640794486s
Epoch[5/20 596/700] - Loss: 282.2572631836 - MSE: 281.88425 - batch_Time: 0.3975528359878808s
Epoch[5/20 597/700] - Loss: 139.8340454102 - MSE: 139.48157 - batch_Time: 0.39653847995214164s
Epoch[5/20 598/700] - Loss: 273.1304626465 - MSE: 272.72305 - batch_Time: 0.3966446779668331s
Epoch[5/20 599/700] - Loss: 191.6933593750 - MSE: 191.08228 - batch_Time: 0.3976172909606248s
Epoch[5/20 600/700] - Loss: 198.5346069336 - MSE: 197.90710 - batch_Time: 0.39674175484105945s
Epoch[5/20 601/700] - Loss: 275.1076049805 - MSE: 274.77753 - batch_Time: 0.39628619817085564s
Epoch[5/20 602/700] - Loss: 151.5847320557 - MSE: 151.21664 - batch_Time: 0.3937588019762188s
Epoch[5/20 603/700] - Loss: 254.4238739014 - MSE: 253.90685 - batch_Time: 0.39496957301162183s
Epoch[5/20 604/700] - Loss: 259.4080810547 - MSE: 258.85825 - batch_Time: 0.3953759898431599s
Epoch[5/20 605/700] - Loss: 233.6477203369 - MSE: 233.01779 - batch_Time: 0.3971355559770018s
Epoch[5/20 606/700] - Loss: 385.8816833496 - MSE: 385.37885 - batch_Time: 0.3972093160264194s
Epoch[5/20 607/700] - Loss: 299.9417114258 - MSE: 299.24567 - batch_Time: 0.3979432980995625s
Epoch[5/20 608/700] - Loss: 180.2787475586 - MSE: 179.98618 - batch_Time: 0.3963902578689158s
Epoch[5/20 609/700] - Loss: 215.1960296631 - MSE: 214.79434 - batch_Time: 0.39631766686215997s
Epoch[5/20 610/700] - Loss: 243.7756347656 - MSE: 243.43410 - batch_Time: 0.3953320328146219s
Epoch[5/20 611/700] - Loss: 109.1279678345 - MSE: 108.84040 - batch_Time: 0.3951225630007684s
Epoch[5/20 612/700] - Loss: 228.8410034180 - MSE: 228.51828 - batch_Time: 0.3951719310134649s
Epoch[5/20 613/700] - Loss: 211.6579437256 - MSE: 211.20573 - batch_Time: 0.39595752605237067s
Epoch[5/20 614/700] - Loss: 154.7947998047 - MSE: 154.22748 - batch_Time: 0.3963988199830055s
Epoch[5/20 615/700] - Loss: 254.8882446289 - MSE: 254.58789 - batch_Time: 0.4000968348700553s
Epoch[5/20 616/700] - Loss: 532.8439331055 - MSE: 532.16705 - batch_Time: 0.397337632952258s
Epoch[5/20 617/700] - Loss: 222.4998779297 - MSE: 221.96896 - batch_Time: 0.39798698714002967s
Epoch[5/20 618/700] - Loss: 162.3187866211 - MSE: 161.88747 - batch_Time: 0.39724666182883084s
Epoch[5/20 619/700] - Loss: 209.1744537354 - MSE: 208.81677 - batch_Time: 0.3978537949733436s
Epoch[5/20 620/700] - Loss: 335.7098999023 - MSE: 334.99335 - batch_Time: 0.396419714204967s
Epoch[5/20 621/700] - Loss: 183.0321350098 - MSE: 182.39328 - batch_Time: 0.3979158520232886s
Epoch[5/20 622/700] - Loss: 241.3735656738 - MSE: 240.85451 - batch_Time: 0.3968423279002309s
Epoch[5/20 623/700] - Loss: 243.9497528076 - MSE: 243.42409 - batch_Time: 0.40446606697514653s
Epoch[5/20 624/700] - Loss: 264.2117004395 - MSE: 263.64975 - batch_Time: 0.3970619242172688s
Epoch[5/20 625/700] - Loss: 343.4845275879 - MSE: 342.91016 - batch_Time: 0.39528513606637716s
Epoch[5/20 626/700] - Loss: 283.4819641113 - MSE: 282.85858 - batch_Time: 0.40249421494081616s
Epoch[5/20 627/700] - Loss: 162.8788452148 - MSE: 162.60965 - batch_Time: 0.3949361750856042s
Epoch[5/20 628/700] - Loss: 218.5628509521 - MSE: 217.98581 - batch_Time: 0.39745208784006536s
Epoch[5/20 629/700] - Loss: 175.7270660400 - MSE: 175.41794 - batch_Time: 0.3971860180608928s
Epoch[5/20 630/700] - Loss: 170.5233764648 - MSE: 170.19409 - batch_Time: 0.3943312270566821s
Epoch[5/20 631/700] - Loss: 308.0299987793 - MSE: 307.71014 - batch_Time: 0.39802406006492674s
Epoch[5/20 632/700] - Loss: 222.6681518555 - MSE: 222.16629 - batch_Time: 0.3979933690279722s
Epoch[5/20 633/700] - Loss: 221.8081665039 - MSE: 221.33939 - batch_Time: 0.3967351068276912s
Epoch[5/20 634/700] - Loss: 197.8155975342 - MSE: 197.46310 - batch_Time: 0.39602935896255076s
Epoch[5/20 635/700] - Loss: 143.2237396240 - MSE: 142.94083 - batch_Time: 0.3962811881210655s
Epoch[5/20 636/700] - Loss: 229.4121856689 - MSE: 228.92329 - batch_Time: 0.39783396502025425s
Epoch[5/20 637/700] - Loss: 187.6258850098 - MSE: 187.34433 - batch_Time: 0.3938762410543859s
Epoch[5/20 638/700] - Loss: 228.8788452148 - MSE: 228.48004 - batch_Time: 0.39454372599720955s
Epoch[5/20 639/700] - Loss: 187.0155639648 - MSE: 186.60791 - batch_Time: 0.3948145129252225s
Epoch[5/20 640/700] - Loss: 288.4591674805 - MSE: 287.81805 - batch_Time: 0.3961696329060942s
Epoch[5/20 641/700] - Loss: 208.8937530518 - MSE: 208.40529 - batch_Time: 0.39489799994044006s
Epoch[5/20 642/700] - Loss: 228.9660186768 - MSE: 228.49051 - batch_Time: 0.39518138696439564s
Epoch[5/20 643/700] - Loss: 247.4101562500 - MSE: 246.88387 - batch_Time: 0.3930537598207593s
Epoch[5/20 644/700] - Loss: 200.7802734375 - MSE: 200.46794 - batch_Time: 0.3945522189605981s
Epoch[5/20 645/700] - Loss: 197.4509887695 - MSE: 197.16389 - batch_Time: 0.3963292969856411s
Epoch[5/20 646/700] - Loss: 169.8444213867 - MSE: 169.37949 - batch_Time: 0.39636747306212783s
Epoch[5/20 647/700] - Loss: 256.5634155273 - MSE: 256.27368 - batch_Time: 0.3972558870445937s
Epoch[5/20 648/700] - Loss: 246.0937500000 - MSE: 245.53525 - batch_Time: 0.39686867711134255s
Epoch[5/20 649/700] - Loss: 164.4301452637 - MSE: 164.14275 - batch_Time: 0.39534833701327443s
Epoch[5/20 650/700] - Loss: 170.0540313721 - MSE: 169.65263 - batch_Time: 0.39288241299800575s
Epoch[5/20 651/700] - Loss: 254.6632690430 - MSE: 253.97250 - batch_Time: 0.3935698471032083s
Epoch[5/20 652/700] - Loss: 259.2806396484 - MSE: 258.72150 - batch_Time: 0.3950755470432341s
Epoch[5/20 653/700] - Loss: 224.4239959717 - MSE: 224.05681 - batch_Time: 0.39592813909985125s
Epoch[5/20 654/700] - Loss: 189.5084686279 - MSE: 189.09866 - batch_Time: 0.39608439709991217s
Epoch[5/20 655/700] - Loss: 168.3083190918 - MSE: 167.75513 - batch_Time: 0.39324548398144543s
Epoch[5/20 656/700] - Loss: 142.5858154297 - MSE: 142.35548 - batch_Time: 0.39475688291713595s
Epoch[5/20 657/700] - Loss: 209.3001861572 - MSE: 208.84737 - batch_Time: 0.3964551619719714s
Epoch[5/20 658/700] - Loss: 191.5312042236 - MSE: 191.09756 - batch_Time: 0.398502814816311s
Epoch[5/20 659/700] - Loss: 161.3157653809 - MSE: 161.05940 - batch_Time: 0.4014586750417948s
Epoch[5/20 660/700] - Loss: 241.8708801270 - MSE: 241.51900 - batch_Time: 0.3990318689029664s
Epoch[5/20 661/700] - Loss: 111.5754699707 - MSE: 111.24609 - batch_Time: 0.39612771896645427s
Epoch[5/20 662/700] - Loss: 226.1984100342 - MSE: 225.76773 - batch_Time: 0.39941047597676516s
Epoch[5/20 663/700] - Loss: 283.7489624023 - MSE: 283.29010 - batch_Time: 0.40185524709522724s
Epoch[5/20 664/700] - Loss: 166.1769866943 - MSE: 165.91907 - batch_Time: 0.4014659009408206s
Epoch[5/20 665/700] - Loss: 303.6563110352 - MSE: 302.98273 - batch_Time: 0.3959188750013709s
Epoch[5/20 666/700] - Loss: 242.4699707031 - MSE: 242.03386 - batch_Time: 0.4084850980434567s
Epoch[5/20 667/700] - Loss: 235.5089874268 - MSE: 234.95082 - batch_Time: 0.3955668560229242s
Epoch[5/20 668/700] - Loss: 167.7115020752 - MSE: 167.37671 - batch_Time: 0.4000131939537823s
Epoch[5/20 669/700] - Loss: 135.6012420654 - MSE: 135.22311 - batch_Time: 0.40200768900103867s
Epoch[5/20 670/700] - Loss: 198.6552886963 - MSE: 198.17763 - batch_Time: 0.39989792089909315s
Epoch[5/20 671/700] - Loss: 214.4534454346 - MSE: 214.08995 - batch_Time: 0.4065267560072243s
Epoch[5/20 672/700] - Loss: 217.8005981445 - MSE: 217.45505 - batch_Time: 0.40038763685151935s
Epoch[5/20 673/700] - Loss: 395.2330017090 - MSE: 394.66425 - batch_Time: 0.4071772280149162s
Epoch[5/20 674/700] - Loss: 212.4977722168 - MSE: 211.98535 - batch_Time: 0.40463006496429443s
Epoch[5/20 675/700] - Loss: 290.9903869629 - MSE: 290.60645 - batch_Time: 0.4054885278455913s
Epoch[5/20 676/700] - Loss: 274.1233520508 - MSE: 273.72134 - batch_Time: 0.40083923004567623s
Epoch[5/20 677/700] - Loss: 204.2615509033 - MSE: 203.76028 - batch_Time: 0.4041150149423629s
Epoch[5/20 678/700] - Loss: 213.8593750000 - MSE: 213.47528 - batch_Time: 0.3988401999231428s
Epoch[5/20 679/700] - Loss: 183.8636932373 - MSE: 183.42697 - batch_Time: 0.4044652311131358s
Epoch[5/20 680/700] - Loss: 228.9213867188 - MSE: 228.23131 - batch_Time: 0.3956470510456711s
Epoch[5/20 681/700] - Loss: 111.2994613647 - MSE: 111.00367 - batch_Time: 0.4045030891429633s
Epoch[5/20 682/700] - Loss: 433.5099792480 - MSE: 432.99176 - batch_Time: 0.39478734298609197s
Epoch[5/20 683/700] - Loss: 196.1661224365 - MSE: 195.76027 - batch_Time: 0.4019105739425868s
Epoch[5/20 684/700] - Loss: 80.1309814453 - MSE: 79.79042 - batch_Time: 0.3955130169633776s
Epoch[5/20 685/700] - Loss: 317.7626342773 - MSE: 316.92288 - batch_Time: 0.40144835505634546s
Epoch[5/20 686/700] - Loss: 228.9387207031 - MSE: 228.33936 - batch_Time: 0.4010279569774866s
Epoch[5/20 687/700] - Loss: 179.7537841797 - MSE: 179.44611 - batch_Time: 0.40091657591983676s
Epoch[5/20 688/700] - Loss: 249.1272125244 - MSE: 248.61705 - batch_Time: 0.39540050411596894s
Epoch[5/20 689/700] - Loss: 228.1896057129 - MSE: 227.63644 - batch_Time: 0.40174248698167503s
Epoch[5/20 690/700] - Loss: 205.4118041992 - MSE: 205.01071 - batch_Time: 0.4024214311502874s
Epoch[5/20 691/700] - Loss: 153.1353759766 - MSE: 152.60339 - batch_Time: 0.40292726713232696s
Epoch[5/20 692/700] - Loss: 264.1519165039 - MSE: 263.79556 - batch_Time: 0.4025140879675746s
Epoch[5/20 693/700] - Loss: 165.5099334717 - MSE: 165.11713 - batch_Time: 0.40070921112783253s
Epoch[5/20 694/700] - Loss: 194.4663085938 - MSE: 193.90602 - batch_Time: 0.39922035904601216s
Epoch[5/20 695/700] - Loss: 168.0967407227 - MSE: 167.71352 - batch_Time: 0.39878779207356274s
Epoch[5/20 696/700] - Loss: 173.2311401367 - MSE: 172.89275 - batch_Time: 0.3986839409917593s
Epoch[5/20 697/700] - Loss: 247.2909240723 - MSE: 246.94255 - batch_Time: 0.3982023228891194s
Epoch[5/20 698/700] - Loss: 215.6249847412 - MSE: 215.09723 - batch_Time: 0.401683968026191s
Epoch[5/20 699/700] - Loss: 90.7771072388 - MSE: 90.51959 - batch_Time: 0.39618072495795786s
Epoch[5] - 2021-08-06 21:37:18.561220
/hy-tmp/OURS/ttsr_dx/experiment.py:171: UserWarning: torch.nn.utils.clip_grad_norm is now deprecated in favor of torch.nn.utils.clip_grad_norm_.
  nn.utils.clip_grad_norm(self.model.parameters(), 1, norm_type=2)
Epoch[5- train_loss: 227.5339885603 - train_error: 227.0730036054 - val_loss: 65.1027447128 - val_error: 64.9583538628 - val_psnr: 30.2871602772 - val_ssim: 0.8134447961 - epoch_Time: 360.35244581801817s
Current learning rate: 0.0001
Epoch[6/20] - 2021-08-06 21:38:29.310570
Epoch[6/20 0/700] - Loss: 194.2458496094 - MSE: 193.79605 - batch_Time: 0.40314110391773283s
Epoch[6/20 1/700] - Loss: 360.5104370117 - MSE: 359.86084 - batch_Time: 0.4005959739442915s
Epoch[6/20 2/700] - Loss: 217.8198242188 - MSE: 217.12520 - batch_Time: 0.3980763000436127s
Epoch[6/20 3/700] - Loss: 174.4828033447 - MSE: 174.12616 - batch_Time: 0.40241662692278624s
Epoch[6/20 4/700] - Loss: 241.5310516357 - MSE: 241.14987 - batch_Time: 0.39610033319331706s
Epoch[6/20 5/700] - Loss: 181.0919342041 - MSE: 180.64528 - batch_Time: 0.3929957849904895s
Epoch[6/20 6/700] - Loss: 179.1319427490 - MSE: 178.78592 - batch_Time: 0.3972739428281784s
Epoch[6/20 7/700] - Loss: 168.4923706055 - MSE: 168.25470 - batch_Time: 0.395039367955178s
Epoch[6/20 8/700] - Loss: 327.9659423828 - MSE: 327.31659 - batch_Time: 0.3946784199215472s
Epoch[6/20 9/700] - Loss: 165.0871124268 - MSE: 164.66611 - batch_Time: 0.39626917615532875s
Epoch[6/20 10/700] - Loss: 265.5903625488 - MSE: 265.27982 - batch_Time: 0.39903972507454455s
Epoch[6/20 11/700] - Loss: 361.5426635742 - MSE: 360.94556 - batch_Time: 0.3948126561008394s
Epoch[6/20 12/700] - Loss: 332.2012634277 - MSE: 331.68948 - batch_Time: 0.39516936196014285s
Epoch[6/20 13/700] - Loss: 201.9975280762 - MSE: 201.78806 - batch_Time: 0.39407608984038234s
Epoch[6/20 14/700] - Loss: 337.9274291992 - MSE: 337.49396 - batch_Time: 0.39140260801650584s
Epoch[6/20 15/700] - Loss: 276.7174377441 - MSE: 276.28656 - batch_Time: 0.3927627271041274s
Epoch[6/20 16/700] - Loss: 208.0498809814 - MSE: 207.75797 - batch_Time: 0.39323117421008646s
Epoch[6/20 17/700] - Loss: 251.3788452148 - MSE: 250.64711 - batch_Time: 0.3926362758502364s
Epoch[6/20 18/700] - Loss: 193.8581390381 - MSE: 193.55635 - batch_Time: 0.396147979889065s
Epoch[6/20 19/700] - Loss: 200.1805267334 - MSE: 199.84846 - batch_Time: 0.401498488150537s
Epoch[6/20 20/700] - Loss: 281.8293151855 - MSE: 281.50146 - batch_Time: 0.3957082210108638s
Epoch[6/20 21/700] - Loss: 196.0767669678 - MSE: 195.70001 - batch_Time: 0.40044709481298923s
Epoch[6/20 22/700] - Loss: 475.4378662109 - MSE: 474.98392 - batch_Time: 0.400804361095652s
Epoch[6/20 23/700] - Loss: 199.6787872314 - MSE: 199.29480 - batch_Time: 0.40586896310560405s
Epoch[6/20 24/700] - Loss: 166.8098602295 - MSE: 166.45349 - batch_Time: 0.4022855169605464s
Epoch[6/20 25/700] - Loss: 159.9441070557 - MSE: 159.70996 - batch_Time: 0.3985609950032085s
Epoch[6/20 26/700] - Loss: 163.6546020508 - MSE: 163.08282 - batch_Time: 0.39667883794754744s
Epoch[6/20 27/700] - Loss: 121.5261383057 - MSE: 121.16994 - batch_Time: 0.39561576512642205s
Epoch[6/20 28/700] - Loss: 230.5939788818 - MSE: 229.98814 - batch_Time: 0.39717578305862844s
Epoch[6/20 29/700] - Loss: 199.5202484131 - MSE: 199.25331 - batch_Time: 0.39823445305228233s
Epoch[6/20 30/700] - Loss: 243.1356964111 - MSE: 242.74513 - batch_Time: 0.3965897960588336s
Epoch[6/20 31/700] - Loss: 201.6544189453 - MSE: 201.37991 - batch_Time: 0.3973460979759693s
Epoch[6/20 32/700] - Loss: 250.2755432129 - MSE: 249.75757 - batch_Time: 0.4009255401324481s
Epoch[6/20 33/700] - Loss: 196.6873321533 - MSE: 196.31773 - batch_Time: 0.3991776220500469s
Epoch[6/20 34/700] - Loss: 193.7533721924 - MSE: 193.42430 - batch_Time: 0.3983283380512148s
Epoch[6/20 35/700] - Loss: 284.4581298828 - MSE: 284.09021 - batch_Time: 0.39844685699790716s
Epoch[6/20 36/700] - Loss: 153.9552001953 - MSE: 153.72040 - batch_Time: 0.40212545706890523s
Epoch[6/20 37/700] - Loss: 228.9205017090 - MSE: 228.41943 - batch_Time: 0.39379619993269444s
Epoch[6/20 38/700] - Loss: 152.2100524902 - MSE: 151.82191 - batch_Time: 0.39786751684732735s
Epoch[6/20 39/700] - Loss: 253.2543487549 - MSE: 252.67554 - batch_Time: 0.39840963296592236s
Epoch[6/20 40/700] - Loss: 201.1145782471 - MSE: 200.76007 - batch_Time: 0.40037208795547485s
Epoch[6/20 41/700] - Loss: 309.1408996582 - MSE: 308.66046 - batch_Time: 0.40042812493629754s
Epoch[6/20 42/700] - Loss: 205.8390045166 - MSE: 205.23651 - batch_Time: 0.40033131605014205s
Epoch[6/20 43/700] - Loss: 204.3720092773 - MSE: 204.01181 - batch_Time: 0.40149010508321226s
Epoch[6/20 44/700] - Loss: 218.4579925537 - MSE: 217.89674 - batch_Time: 0.3999796169809997s
Epoch[6/20 45/700] - Loss: 223.1171264648 - MSE: 222.75612 - batch_Time: 0.40459352103061974s
Epoch[6/20 46/700] - Loss: 125.0373229980 - MSE: 124.76862 - batch_Time: 0.39862888399511576s
Epoch[6/20 47/700] - Loss: 108.6769943237 - MSE: 108.36951 - batch_Time: 0.4015985920559615s
Epoch[6/20 48/700] - Loss: 226.4282226562 - MSE: 225.91371 - batch_Time: 0.39906143909320235s
Epoch[6/20 49/700] - Loss: 183.4793395996 - MSE: 183.16817 - batch_Time: 0.4076572139747441s
Epoch[6/20 50/700] - Loss: 196.7808074951 - MSE: 196.48357 - batch_Time: 0.401042252080515s
Epoch[6/20 51/700] - Loss: 149.6749420166 - MSE: 149.32919 - batch_Time: 0.40251955995336175s
Epoch[6/20 52/700] - Loss: 343.9276733398 - MSE: 343.30722 - batch_Time: 0.40091027109883726s
Epoch[6/20 53/700] - Loss: 224.1682434082 - MSE: 223.57417 - batch_Time: 0.40205231215804815s
Epoch[6/20 54/700] - Loss: 146.8753967285 - MSE: 146.59441 - batch_Time: 0.3989810040220618s
Epoch[6/20 55/700] - Loss: 401.1540832520 - MSE: 400.46671 - batch_Time: 0.4041539141908288s
Epoch[6/20 56/700] - Loss: 252.8081512451 - MSE: 252.46834 - batch_Time: 0.4015404940582812s
Epoch[6/20 57/700] - Loss: 268.2711486816 - MSE: 267.88828 - batch_Time: 0.4032308692112565s
Epoch[6/20 58/700] - Loss: 202.3431091309 - MSE: 202.04517 - batch_Time: 0.4004030500072986s
Epoch[6/20 59/700] - Loss: 202.9433898926 - MSE: 202.65942 - batch_Time: 0.400168219814077s
Epoch[6/20 60/700] - Loss: 278.9288940430 - MSE: 278.65723 - batch_Time: 0.3969983330462128s
Epoch[6/20 61/700] - Loss: 251.5968627930 - MSE: 251.14960 - batch_Time: 0.40057680616155267s
Epoch[6/20 62/700] - Loss: 242.4194183350 - MSE: 242.06380 - batch_Time: 0.4005310661159456s
Epoch[6/20 63/700] - Loss: 220.1727294922 - MSE: 219.74486 - batch_Time: 0.4054616270586848s
Epoch[6/20 64/700] - Loss: 271.0919189453 - MSE: 270.61047 - batch_Time: 0.40140193700790405s
Epoch[6/20 65/700] - Loss: 266.3908996582 - MSE: 265.84933 - batch_Time: 0.4022629288956523s
Epoch[6/20 66/700] - Loss: 188.1110992432 - MSE: 187.65120 - batch_Time: 0.4015367040410638s
Epoch[6/20 67/700] - Loss: 176.7389068604 - MSE: 176.46094 - batch_Time: 0.4000690041575581s
Epoch[6/20 68/700] - Loss: 248.5535736084 - MSE: 247.99210 - batch_Time: 0.41456201300024986s
Epoch[6/20 69/700] - Loss: 197.9718780518 - MSE: 197.37683 - batch_Time: 0.3977636690251529s
Epoch[6/20 70/700] - Loss: 513.0028076172 - MSE: 512.60907 - batch_Time: 0.4005017278250307s
Epoch[6/20 71/700] - Loss: 247.6160430908 - MSE: 247.12733 - batch_Time: 0.40082011511549354s
Epoch[6/20 72/700] - Loss: 150.5260314941 - MSE: 150.17126 - batch_Time: 0.40393660007975996s
Epoch[6/20 73/700] - Loss: 197.6975708008 - MSE: 197.37708 - batch_Time: 0.40236949105747044s
Epoch[6/20 74/700] - Loss: 296.5095825195 - MSE: 296.08246 - batch_Time: 0.4021581308916211s
Epoch[6/20 75/700] - Loss: 194.7839355469 - MSE: 194.46512 - batch_Time: 0.3969182809814811s
Epoch[6/20 76/700] - Loss: 236.4312896729 - MSE: 235.98470 - batch_Time: 0.39690979896113276s
Epoch[6/20 77/700] - Loss: 172.5705261230 - MSE: 172.38370 - batch_Time: 0.400957158068195s
Epoch[6/20 78/700] - Loss: 278.1252136230 - MSE: 277.50546 - batch_Time: 0.40032226289622486s
Epoch[6/20 79/700] - Loss: 177.5956878662 - MSE: 177.28683 - batch_Time: 0.3977860489394516s
Epoch[6/20 80/700] - Loss: 193.2633819580 - MSE: 192.87799 - batch_Time: 0.4007920869626105s
Epoch[6/20 81/700] - Loss: 213.2430877686 - MSE: 212.96036 - batch_Time: 0.3998382338322699s
Epoch[6/20 82/700] - Loss: 330.2392883301 - MSE: 329.67978 - batch_Time: 0.4018559758551419s
Epoch[6/20 83/700] - Loss: 241.1907196045 - MSE: 240.67563 - batch_Time: 0.3993351450189948s
Epoch[6/20 84/700] - Loss: 160.9550628662 - MSE: 160.54813 - batch_Time: 0.4011942900251597s
Epoch[6/20 85/700] - Loss: 213.9150390625 - MSE: 212.99750 - batch_Time: 0.39949333295226097s
Epoch[6/20 86/700] - Loss: 117.0993499756 - MSE: 116.80579 - batch_Time: 0.40548841492272913s
Epoch[6/20 87/700] - Loss: 260.5054321289 - MSE: 259.89740 - batch_Time: 0.4010615178849548s
Epoch[6/20 88/700] - Loss: 298.1526489258 - MSE: 297.66046 - batch_Time: 0.39916535187512636s
Epoch[6/20 89/700] - Loss: 392.6711120605 - MSE: 392.14301 - batch_Time: 0.398399607045576s
Epoch[6/20 90/700] - Loss: 231.7801513672 - MSE: 231.43446 - batch_Time: 0.3943581869825721s
Epoch[6/20 91/700] - Loss: 300.9787292480 - MSE: 300.63208 - batch_Time: 0.39427627599798143s
Epoch[6/20 92/700] - Loss: 166.8236694336 - MSE: 166.37329 - batch_Time: 0.3975213919766247s
Epoch[6/20 93/700] - Loss: 280.0231018066 - MSE: 279.52072 - batch_Time: 0.39692442514933646s
Epoch[6/20 94/700] - Loss: 71.4417877197 - MSE: 71.24062 - batch_Time: 0.401143291965127s
Epoch[6/20 95/700] - Loss: 232.3679656982 - MSE: 231.38628 - batch_Time: 0.3963837269693613s
Epoch[6/20 96/700] - Loss: 258.5739746094 - MSE: 258.24915 - batch_Time: 0.39594333921559155s
Epoch[6/20 97/700] - Loss: 214.4000396729 - MSE: 213.83228 - batch_Time: 0.3978129541501403s
Epoch[6/20 98/700] - Loss: 256.7179565430 - MSE: 256.39203 - batch_Time: 0.3963907239958644s
Epoch[6/20 99/700] - Loss: 258.6559448242 - MSE: 258.39496 - batch_Time: 0.39472342608496547s
Epoch[6/20 100/700] - Loss: 144.2997741699 - MSE: 144.03084 - batch_Time: 0.39401505002751946s
Epoch[6/20 101/700] - Loss: 245.7606506348 - MSE: 245.36586 - batch_Time: 0.39670219807885587s
Epoch[6/20 102/700] - Loss: 246.8973693848 - MSE: 246.48720 - batch_Time: 0.39554221788421273s
Epoch[6/20 103/700] - Loss: 225.0966033936 - MSE: 224.54944 - batch_Time: 0.39938248693943024s
Epoch[6/20 104/700] - Loss: 260.5546875000 - MSE: 260.17770 - batch_Time: 0.402705101063475s
Epoch[6/20 105/700] - Loss: 175.1039428711 - MSE: 174.75320 - batch_Time: 0.39441093313507736s
Epoch[6/20 106/700] - Loss: 233.2266693115 - MSE: 232.80948 - batch_Time: 0.39859111001715064s
Epoch[6/20 107/700] - Loss: 200.3826141357 - MSE: 199.79898 - batch_Time: 0.39494150900281966s
Epoch[6/20 108/700] - Loss: 239.9609069824 - MSE: 239.39143 - batch_Time: 0.39671659213490784s
Epoch[6/20 109/700] - Loss: 198.2202453613 - MSE: 197.68478 - batch_Time: 0.3957432701718062s
Epoch[6/20 110/700] - Loss: 244.2344360352 - MSE: 243.53543 - batch_Time: 0.39610277581959963s
Epoch[6/20 111/700] - Loss: 197.5410156250 - MSE: 197.23111 - batch_Time: 0.39667942002415657s
Epoch[6/20 112/700] - Loss: 174.5713500977 - MSE: 174.22623 - batch_Time: 0.39389484096318483s
Epoch[6/20 113/700] - Loss: 319.4305114746 - MSE: 318.87051 - batch_Time: 0.3950607201550156s
Epoch[6/20 114/700] - Loss: 241.3582763672 - MSE: 240.90895 - batch_Time: 0.3952595491427928s
Epoch[6/20 115/700] - Loss: 200.5045166016 - MSE: 200.20255 - batch_Time: 0.395130107877776s
Epoch[6/20 116/700] - Loss: 146.0499572754 - MSE: 145.58701 - batch_Time: 0.3974338409025222s
Epoch[6/20 117/700] - Loss: 167.5788421631 - MSE: 167.22841 - batch_Time: 0.3936910789925605s
Epoch[6/20 118/700] - Loss: 466.8575134277 - MSE: 466.20367 - batch_Time: 0.39636722719296813s
Epoch[6/20 119/700] - Loss: 213.6360015869 - MSE: 213.29134 - batch_Time: 0.3970760409720242s
Epoch[6/20 120/700] - Loss: 185.0411376953 - MSE: 184.63895 - batch_Time: 0.39740314590744674s
Epoch[6/20 121/700] - Loss: 182.5236206055 - MSE: 182.14702 - batch_Time: 0.397338286973536s
Epoch[6/20 122/700] - Loss: 175.4978485107 - MSE: 174.77762 - batch_Time: 0.3973287360277027s
Epoch[6/20 123/700] - Loss: 177.4920654297 - MSE: 177.20683 - batch_Time: 0.397794630844146s
Epoch[6/20 124/700] - Loss: 214.5263214111 - MSE: 214.18741 - batch_Time: 0.39798043901100755s
Epoch[6/20 125/700] - Loss: 265.7470092773 - MSE: 265.32031 - batch_Time: 0.3977512689307332s
Epoch[6/20 126/700] - Loss: 239.5986938477 - MSE: 239.15083 - batch_Time: 0.39577672514133155s
Epoch[6/20 127/700] - Loss: 192.2306365967 - MSE: 191.88562 - batch_Time: 0.40167127805761993s
Epoch[6/20 128/700] - Loss: 183.0181579590 - MSE: 182.67270 - batch_Time: 0.4013671188149601s
Epoch[6/20 129/700] - Loss: 163.1173095703 - MSE: 162.57333 - batch_Time: 0.40064039500430226s
Epoch[6/20 130/700] - Loss: 489.7061767578 - MSE: 488.87479 - batch_Time: 0.4017800239380449s
Epoch[6/20 131/700] - Loss: 208.1502532959 - MSE: 207.70523 - batch_Time: 0.39354412793181837s
Epoch[6/20 132/700] - Loss: 142.1323852539 - MSE: 141.87810 - batch_Time: 0.39510900410823524s
Epoch[6/20 133/700] - Loss: 282.7227783203 - MSE: 282.18628 - batch_Time: 0.3997568578924984s
Epoch[6/20 134/700] - Loss: 220.5473632812 - MSE: 219.99129 - batch_Time: 0.402542905183509s
Epoch[6/20 135/700] - Loss: 218.2753601074 - MSE: 217.99094 - batch_Time: 0.40194544894620776s
Epoch[6/20 136/700] - Loss: 242.9883117676 - MSE: 242.26163 - batch_Time: 0.4019968679640442s
Epoch[6/20 137/700] - Loss: 130.0357208252 - MSE: 129.45132 - batch_Time: 0.4009993451181799s
Epoch[6/20 138/700] - Loss: 194.3834686279 - MSE: 193.97606 - batch_Time: 0.4009875929914415s
Epoch[6/20 139/700] - Loss: 158.8820343018 - MSE: 158.52434 - batch_Time: 0.40203093411400914s
Epoch[6/20 140/700] - Loss: 254.8737182617 - MSE: 254.45268 - batch_Time: 0.4007033631205559s
Epoch[6/20 141/700] - Loss: 190.7239379883 - MSE: 190.31468 - batch_Time: 0.4004231949802488s
Epoch[6/20 142/700] - Loss: 147.2679748535 - MSE: 146.90872 - batch_Time: 0.4006562118884176s
Epoch[6/20 143/700] - Loss: 142.3560333252 - MSE: 142.16925 - batch_Time: 0.40128695708699524s
Epoch[6/20 144/700] - Loss: 124.9477691650 - MSE: 124.70472 - batch_Time: 0.39993035583756864s
Epoch[6/20 145/700] - Loss: 225.5419616699 - MSE: 225.15770 - batch_Time: 0.39935854100622237s
Epoch[6/20 146/700] - Loss: 165.3723602295 - MSE: 165.00734 - batch_Time: 0.39521378208883107s
Epoch[6/20 147/700] - Loss: 394.0475158691 - MSE: 393.65738 - batch_Time: 0.40187564911320806s
Epoch[6/20 148/700] - Loss: 177.0530090332 - MSE: 176.68484 - batch_Time: 0.39669230906292796s
Epoch[6/20 149/700] - Loss: 190.6211853027 - MSE: 190.06732 - batch_Time: 0.3940878380089998s
Epoch[6/20 150/700] - Loss: 222.1519775391 - MSE: 221.33600 - batch_Time: 0.39445028407499194s
Epoch[6/20 151/700] - Loss: 351.9965820312 - MSE: 351.55899 - batch_Time: 0.400179049000144s
Epoch[6/20 152/700] - Loss: 244.2487030029 - MSE: 243.83334 - batch_Time: 0.39611559989862144s
Epoch[6/20 153/700] - Loss: 160.5224151611 - MSE: 159.96295 - batch_Time: 0.3942839130759239s
Epoch[6/20 154/700] - Loss: 146.4872436523 - MSE: 146.12779 - batch_Time: 0.3989758549723774s
Epoch[6/20 155/700] - Loss: 161.9559631348 - MSE: 161.67850 - batch_Time: 0.39359758608043194s
Epoch[6/20 156/700] - Loss: 335.9672546387 - MSE: 335.45844 - batch_Time: 0.400914179161191s
Epoch[6/20 157/700] - Loss: 228.5163421631 - MSE: 228.18942 - batch_Time: 0.3945022968109697s
Epoch[6/20 158/700] - Loss: 273.8595886230 - MSE: 273.39960 - batch_Time: 0.39928047894500196s
Epoch[6/20 159/700] - Loss: 229.6459045410 - MSE: 229.27315 - batch_Time: 0.39908559108152986s
Epoch[6/20 160/700] - Loss: 178.9488220215 - MSE: 178.27939 - batch_Time: 0.3998132739216089s
Epoch[6/20 161/700] - Loss: 213.0591735840 - MSE: 212.46179 - batch_Time: 0.39578350400552154s
Epoch[6/20 162/700] - Loss: 295.2139282227 - MSE: 294.77130 - batch_Time: 0.40230544307269156s
Epoch[6/20 163/700] - Loss: 217.4038696289 - MSE: 216.90897 - batch_Time: 0.4001803179271519s
Epoch[6/20 164/700] - Loss: 196.7845916748 - MSE: 196.20253 - batch_Time: 0.4007623919751495s
Epoch[6/20 165/700] - Loss: 189.4735412598 - MSE: 189.17007 - batch_Time: 0.39520629588514566s
Epoch[6/20 166/700] - Loss: 154.7835845947 - MSE: 154.48711 - batch_Time: 0.4039748169016093s
Epoch[6/20 167/700] - Loss: 154.4777526855 - MSE: 154.04900 - batch_Time: 0.39816866093315184s
Epoch[6/20 168/700] - Loss: 199.4170989990 - MSE: 198.69868 - batch_Time: 0.40049715200439095s
Epoch[6/20 169/700] - Loss: 138.2321166992 - MSE: 137.89426 - batch_Time: 0.3958926759660244s
Epoch[6/20 170/700] - Loss: 212.0877990723 - MSE: 211.74979 - batch_Time: 0.39514178107492626s
Epoch[6/20 171/700] - Loss: 131.5022125244 - MSE: 131.06755 - batch_Time: 0.39395681000314653s
Epoch[6/20 172/700] - Loss: 237.7406616211 - MSE: 237.49707 - batch_Time: 0.39445497607812285s
Epoch[6/20 173/700] - Loss: 227.3125457764 - MSE: 226.94586 - batch_Time: 0.3971336539834738s
Epoch[6/20 174/700] - Loss: 250.0018615723 - MSE: 249.62326 - batch_Time: 0.3976597487926483s
Epoch[6/20 175/700] - Loss: 110.9496765137 - MSE: 110.80795 - batch_Time: 0.3950034389272332s
Epoch[6/20 176/700] - Loss: 173.4834289551 - MSE: 173.14435 - batch_Time: 0.3952969559468329s
Epoch[6/20 177/700] - Loss: 217.1907501221 - MSE: 216.53856 - batch_Time: 0.39343970990739763s
Epoch[6/20 178/700] - Loss: 246.8355102539 - MSE: 246.39368 - batch_Time: 0.39309959090314806s
Epoch[6/20 179/700] - Loss: 159.7194671631 - MSE: 159.28778 - batch_Time: 0.3948338769841939s
Epoch[6/20 180/700] - Loss: 283.4916992188 - MSE: 283.04428 - batch_Time: 0.3957837480120361s
Epoch[6/20 181/700] - Loss: 185.6969604492 - MSE: 185.51343 - batch_Time: 0.39335883711464703s
Epoch[6/20 182/700] - Loss: 223.1164093018 - MSE: 222.56085 - batch_Time: 0.3933722460642457s
Epoch[6/20 183/700] - Loss: 183.3333435059 - MSE: 182.88654 - batch_Time: 0.3957845959812403s
Epoch[6/20 184/700] - Loss: 159.9855651855 - MSE: 159.69176 - batch_Time: 0.3980521080084145s
Epoch[6/20 185/700] - Loss: 222.5855255127 - MSE: 222.14583 - batch_Time: 0.39975737291388214s
Epoch[6/20 186/700] - Loss: 331.7395019531 - MSE: 331.33432 - batch_Time: 0.39626365015283227s
Epoch[6/20 187/700] - Loss: 198.6583251953 - MSE: 197.96967 - batch_Time: 0.39428048487752676s
Epoch[6/20 188/700] - Loss: 144.2107849121 - MSE: 143.88550 - batch_Time: 0.3928098550532013s
Epoch[6/20 189/700] - Loss: 225.3479156494 - MSE: 225.02737 - batch_Time: 0.3990901759825647s
Epoch[6/20 190/700] - Loss: 200.6894989014 - MSE: 200.32016 - batch_Time: 0.3954183228779584s
Epoch[6/20 191/700] - Loss: 171.4936676025 - MSE: 171.12532 - batch_Time: 0.400057784980163s
Epoch[6/20 192/700] - Loss: 186.6796264648 - MSE: 186.40710 - batch_Time: 0.39523555315099657s
Epoch[6/20 193/700] - Loss: 211.9338836670 - MSE: 211.37700 - batch_Time: 0.39986226591281593s
Epoch[6/20 194/700] - Loss: 181.2452087402 - MSE: 180.80844 - batch_Time: 0.3947571360040456s
Epoch[6/20 195/700] - Loss: 166.6404113770 - MSE: 166.32390 - batch_Time: 0.39866023301146924s
Epoch[6/20 196/700] - Loss: 226.6977081299 - MSE: 226.37585 - batch_Time: 0.4038841121364385s
Epoch[6/20 197/700] - Loss: 291.2317199707 - MSE: 290.70288 - batch_Time: 0.4011799229774624s
Epoch[6/20 198/700] - Loss: 182.1675109863 - MSE: 181.70079 - batch_Time: 0.4047889029607177s
Epoch[6/20 199/700] - Loss: 177.3883666992 - MSE: 176.82928 - batch_Time: 0.4006588850170374s
Epoch[6/20 200/700] - Loss: 211.0858764648 - MSE: 210.84535 - batch_Time: 0.40190656390041113s
Epoch[6/20 201/700] - Loss: 324.0277709961 - MSE: 323.35193 - batch_Time: 0.4065016768872738s
Epoch[6/20 202/700] - Loss: 167.1542816162 - MSE: 166.73569 - batch_Time: 0.408062833128497s
Epoch[6/20 203/700] - Loss: 224.0478210449 - MSE: 223.63643 - batch_Time: 0.4010780081152916s
Epoch[6/20 204/700] - Loss: 128.8393096924 - MSE: 128.38335 - batch_Time: 0.4057319110725075s
Epoch[6/20 205/700] - Loss: 231.7382507324 - MSE: 231.14937 - batch_Time: 0.400994136929512s
Epoch[6/20 206/700] - Loss: 224.6585693359 - MSE: 223.98512 - batch_Time: 0.405598150100559s
Epoch[6/20 207/700] - Loss: 224.6313476562 - MSE: 224.27014 - batch_Time: 0.40007260208949447s
Epoch[6/20 208/700] - Loss: 230.3726043701 - MSE: 230.02753 - batch_Time: 0.4001777309458703s
Epoch[6/20 209/700] - Loss: 409.7050476074 - MSE: 409.07727 - batch_Time: 0.4003018590155989s
Epoch[6/20 210/700] - Loss: 174.6602478027 - MSE: 174.30453 - batch_Time: 0.4146899748593569s
Epoch[6/20 211/700] - Loss: 249.8286590576 - MSE: 249.33885 - batch_Time: 0.39973890292458236s
Epoch[6/20 212/700] - Loss: 137.5536193848 - MSE: 137.28491 - batch_Time: 0.40089898207224905s
Epoch[6/20 213/700] - Loss: 217.1669464111 - MSE: 216.72415 - batch_Time: 0.4008997108321637s
Epoch[6/20 214/700] - Loss: 137.8668823242 - MSE: 137.61148 - batch_Time: 0.4084200810175389s
Epoch[6/20 215/700] - Loss: 130.9508056641 - MSE: 130.61188 - batch_Time: 0.41249738703481853s
Epoch[6/20 216/700] - Loss: 224.0325775146 - MSE: 223.54341 - batch_Time: 0.39920528209768236s
Epoch[6/20 217/700] - Loss: 213.3136596680 - MSE: 213.05696 - batch_Time: 0.402737433090806s
Epoch[6/20 218/700] - Loss: 185.4990386963 - MSE: 184.96306 - batch_Time: 0.399393378989771s
Epoch[6/20 219/700] - Loss: 131.8607177734 - MSE: 131.67221 - batch_Time: 0.40235172398388386s
Epoch[6/20 220/700] - Loss: 207.1502685547 - MSE: 206.78656 - batch_Time: 0.395504908869043s
Epoch[6/20 221/700] - Loss: 199.0277862549 - MSE: 198.60954 - batch_Time: 0.39964619488455355s
Epoch[6/20 222/700] - Loss: 140.3201446533 - MSE: 140.02002 - batch_Time: 0.4009012430906296s
Epoch[6/20 223/700] - Loss: 305.2354736328 - MSE: 304.57263 - batch_Time: 0.3983069430105388s
Epoch[6/20 224/700] - Loss: 186.3276672363 - MSE: 185.87552 - batch_Time: 0.4016879959963262s
Epoch[6/20 225/700] - Loss: 157.7971801758 - MSE: 157.27165 - batch_Time: 0.396361717954278s
Epoch[6/20 226/700] - Loss: 166.1740112305 - MSE: 165.89845 - batch_Time: 0.40444620186463s
Epoch[6/20 227/700] - Loss: 392.7893676758 - MSE: 392.09619 - batch_Time: 0.4028143850155175s
Epoch[6/20 228/700] - Loss: 268.4278564453 - MSE: 267.96225 - batch_Time: 0.39927897206507623s
Epoch[6/20 229/700] - Loss: 245.1324768066 - MSE: 244.31001 - batch_Time: 0.39836344914510846s
Epoch[6/20 230/700] - Loss: 321.0685424805 - MSE: 320.69702 - batch_Time: 0.39866078621707857s
Epoch[6/20 231/700] - Loss: 180.0885314941 - MSE: 179.79871 - batch_Time: 0.3995445368345827s
Epoch[6/20 232/700] - Loss: 215.0949707031 - MSE: 214.67596 - batch_Time: 0.4011383531615138s
Epoch[6/20 233/700] - Loss: 238.2963409424 - MSE: 237.76149 - batch_Time: 0.3969839059282094s
Epoch[6/20 234/700] - Loss: 351.9537658691 - MSE: 351.21182 - batch_Time: 0.40099489386193454s
Epoch[6/20 235/700] - Loss: 228.1836700439 - MSE: 227.53880 - batch_Time: 0.3967935051769018s
Epoch[6/20 236/700] - Loss: 255.4564666748 - MSE: 254.69087 - batch_Time: 0.3994344030506909s
Epoch[6/20 237/700] - Loss: 175.6146850586 - MSE: 175.24847 - batch_Time: 0.39971892116591334s
Epoch[6/20 238/700] - Loss: 309.6029357910 - MSE: 309.27100 - batch_Time: 0.40081946086138487s
Epoch[6/20 239/700] - Loss: 229.3288574219 - MSE: 228.84158 - batch_Time: 0.3980570819694549s
Epoch[6/20 240/700] - Loss: 132.0460205078 - MSE: 131.71744 - batch_Time: 0.3962179671507329s
Epoch[6/20 241/700] - Loss: 247.7846527100 - MSE: 247.29227 - batch_Time: 0.3951143941376358s
Epoch[6/20 242/700] - Loss: 150.4802551270 - MSE: 150.14796 - batch_Time: 0.3972640070132911s
Epoch[6/20 243/700] - Loss: 186.4879913330 - MSE: 186.13669 - batch_Time: 0.3982235980220139s
Epoch[6/20 244/700] - Loss: 163.2328491211 - MSE: 162.91246 - batch_Time: 0.4006427589338273s
Epoch[6/20 245/700] - Loss: 222.3198852539 - MSE: 221.67911 - batch_Time: 0.3949950330425054s
Epoch[6/20 246/700] - Loss: 347.0382080078 - MSE: 346.48825 - batch_Time: 0.3961738820653409s
Epoch[6/20 247/700] - Loss: 326.3444213867 - MSE: 325.76929 - batch_Time: 0.39712193491868675s
Epoch[6/20 248/700] - Loss: 244.6753997803 - MSE: 244.22751 - batch_Time: 0.4007770139724016s
Epoch[6/20 249/700] - Loss: 175.8235931396 - MSE: 175.55899 - batch_Time: 0.39807637501508s
Epoch[6/20 250/700] - Loss: 282.8733520508 - MSE: 282.15405 - batch_Time: 0.3992852938827127s
Epoch[6/20 251/700] - Loss: 186.9262390137 - MSE: 186.27119 - batch_Time: 0.4023263400886208s
Epoch[6/20 252/700] - Loss: 202.4609375000 - MSE: 201.87387 - batch_Time: 0.4008771909866482s
Epoch[6/20 253/700] - Loss: 244.3540191650 - MSE: 243.93602 - batch_Time: 0.39636258501559496s
Epoch[6/20 254/700] - Loss: 204.1112060547 - MSE: 203.66368 - batch_Time: 0.3937619549687952s
Epoch[6/20 255/700] - Loss: 120.8920898438 - MSE: 120.56395 - batch_Time: 0.39389512315392494s
Epoch[6/20 256/700] - Loss: 132.8264770508 - MSE: 132.48143 - batch_Time: 0.39641689392738044s
Epoch[6/20 257/700] - Loss: 179.3931884766 - MSE: 179.09180 - batch_Time: 0.4006956268567592s
Epoch[6/20 258/700] - Loss: 234.6149749756 - MSE: 234.21822 - batch_Time: 0.3990358500741422s
Epoch[6/20 259/700] - Loss: 163.1242980957 - MSE: 162.69199 - batch_Time: 0.39929568814113736s
Epoch[6/20 260/700] - Loss: 168.5627899170 - MSE: 168.32455 - batch_Time: 0.3956803251057863s
Epoch[6/20 261/700] - Loss: 212.4687042236 - MSE: 212.05965 - batch_Time: 0.40532995807006955s
Epoch[6/20 262/700] - Loss: 317.6600952148 - MSE: 317.02698 - batch_Time: 0.3978344660717994s
Epoch[6/20 263/700] - Loss: 176.6043090820 - MSE: 176.34076 - batch_Time: 0.4056299729272723s
Epoch[6/20 264/700] - Loss: 297.4921264648 - MSE: 296.98206 - batch_Time: 0.3986643392127007s
Epoch[6/20 265/700] - Loss: 181.7428283691 - MSE: 181.46631 - batch_Time: 0.39758504601195455s
Epoch[6/20 266/700] - Loss: 147.3708190918 - MSE: 147.09772 - batch_Time: 0.39724755799397826s
Epoch[6/20 267/700] - Loss: 137.4060821533 - MSE: 137.02777 - batch_Time: 0.39794251206330955s
Epoch[6/20 268/700] - Loss: 208.6859130859 - MSE: 208.31007 - batch_Time: 0.40311644901521504s
Epoch[6/20 269/700] - Loss: 489.0412292480 - MSE: 488.37424 - batch_Time: 0.3986371748615056s
Epoch[6/20 270/700] - Loss: 208.0429382324 - MSE: 207.58649 - batch_Time: 0.3978639799170196s
Epoch[6/20 271/700] - Loss: 111.2642974854 - MSE: 111.04116 - batch_Time: 0.39919497910887003s
Epoch[6/20 272/700] - Loss: 159.8995666504 - MSE: 159.55740 - batch_Time: 0.39680236601270735s
Epoch[6/20 273/700] - Loss: 223.0472259521 - MSE: 222.41843 - batch_Time: 0.396801755996421s
Epoch[6/20 274/700] - Loss: 178.4370422363 - MSE: 177.93033 - batch_Time: 0.3962876400910318s
Epoch[6/20 275/700] - Loss: 253.5662384033 - MSE: 253.04623 - batch_Time: 0.3971866408828646s
Epoch[6/20 276/700] - Loss: 260.2080078125 - MSE: 259.61011 - batch_Time: 0.400665873195976s
Epoch[6/20 277/700] - Loss: 204.6633758545 - MSE: 204.23000 - batch_Time: 0.39943729201331735s
Epoch[6/20 278/700] - Loss: 183.5510406494 - MSE: 183.12936 - batch_Time: 0.3993473029695451s
Epoch[6/20 279/700] - Loss: 107.4056625366 - MSE: 107.03274 - batch_Time: 0.40336902905255556s
Epoch[6/20 280/700] - Loss: 92.0434570312 - MSE: 91.82303 - batch_Time: 0.4009911671746522s
Epoch[6/20 281/700] - Loss: 228.4185485840 - MSE: 228.07036 - batch_Time: 0.3994420589879155s
Epoch[6/20 282/700] - Loss: 187.6958923340 - MSE: 187.35851 - batch_Time: 0.4016865298617631s
Epoch[6/20 283/700] - Loss: 317.1125793457 - MSE: 316.71631 - batch_Time: 0.4000819029752165s
Epoch[6/20 284/700] - Loss: 185.3034057617 - MSE: 184.99483 - batch_Time: 0.4004008478950709s
Epoch[6/20 285/700] - Loss: 270.8493347168 - MSE: 270.41653 - batch_Time: 0.3995386241003871s
Epoch[6/20 286/700] - Loss: 242.4432678223 - MSE: 241.95769 - batch_Time: 0.4005992060992867s
Epoch[6/20 287/700] - Loss: 202.0902404785 - MSE: 201.80957 - batch_Time: 0.4020090929698199s
Epoch[6/20 288/700] - Loss: 138.5775146484 - MSE: 138.28638 - batch_Time: 0.3984688220079988s
Epoch[6/20 289/700] - Loss: 250.4351501465 - MSE: 250.13998 - batch_Time: 0.4062226079404354s
Epoch[6/20 290/700] - Loss: 257.6188354492 - MSE: 257.16776 - batch_Time: 0.4053459439892322s
Epoch[6/20 291/700] - Loss: 249.5352172852 - MSE: 248.98601 - batch_Time: 0.4053135539870709s
Epoch[6/20 292/700] - Loss: 197.5709991455 - MSE: 197.14972 - batch_Time: 0.40303673199377954s
Epoch[6/20 293/700] - Loss: 193.3731842041 - MSE: 193.05997 - batch_Time: 0.3975392351858318s
Epoch[6/20 294/700] - Loss: 193.0074462891 - MSE: 192.57919 - batch_Time: 0.39706024806946516s
Epoch[6/20 295/700] - Loss: 208.8277435303 - MSE: 208.52350 - batch_Time: 0.3987695339601487s
Epoch[6/20 296/700] - Loss: 255.4363098145 - MSE: 254.93008 - batch_Time: 0.39637656207196414s
Epoch[6/20 297/700] - Loss: 136.7641448975 - MSE: 136.39975 - batch_Time: 0.40153880999423563s
Epoch[6/20 298/700] - Loss: 141.7932434082 - MSE: 141.55093 - batch_Time: 0.4023186629638076s
Epoch[6/20 299/700] - Loss: 220.5985412598 - MSE: 220.05214 - batch_Time: 0.40000949101522565s
Epoch[6/20 300/700] - Loss: 148.7155456543 - MSE: 148.29140 - batch_Time: 0.39828440290875733s
Epoch[6/20 301/700] - Loss: 196.7609710693 - MSE: 196.37076 - batch_Time: 0.39886350790038705s
Epoch[6/20 302/700] - Loss: 230.8871154785 - MSE: 230.46112 - batch_Time: 0.4007081431336701s
Epoch[6/20 303/700] - Loss: 381.3893432617 - MSE: 380.71829 - batch_Time: 0.39968982990831137s
Epoch[6/20 304/700] - Loss: 228.1408233643 - MSE: 227.74921 - batch_Time: 0.397035411093384s
Epoch[6/20 305/700] - Loss: 185.7737121582 - MSE: 185.54358 - batch_Time: 0.39525217399932444s
Epoch[6/20 306/700] - Loss: 297.5596313477 - MSE: 297.19418 - batch_Time: 0.3957858490757644s
Epoch[6/20 307/700] - Loss: 199.8650512695 - MSE: 199.48747 - batch_Time: 0.397312707034871s
Epoch[6/20 308/700] - Loss: 224.7729187012 - MSE: 224.53168 - batch_Time: 0.39702428691089153s
Epoch[6/20 309/700] - Loss: 202.9820556641 - MSE: 202.54248 - batch_Time: 0.40182444895617664s
Epoch[6/20 310/700] - Loss: 200.9842681885 - MSE: 200.45435 - batch_Time: 0.39529070002026856s
Epoch[6/20 311/700] - Loss: 111.1780242920 - MSE: 110.98308 - batch_Time: 0.4001394610386342s
Epoch[6/20 312/700] - Loss: 194.8507995605 - MSE: 194.55092 - batch_Time: 0.3988913001958281s
Epoch[6/20 313/700] - Loss: 289.9832763672 - MSE: 289.57104 - batch_Time: 0.4017455561552197s
Epoch[6/20 314/700] - Loss: 183.7019958496 - MSE: 183.36528 - batch_Time: 0.3990736568812281s
Epoch[6/20 315/700] - Loss: 297.8192138672 - MSE: 297.28357 - batch_Time: 0.39991182810626924s
Epoch[6/20 316/700] - Loss: 138.6591796875 - MSE: 138.37175 - batch_Time: 0.40186147205531597s
Epoch[6/20 317/700] - Loss: 149.2171173096 - MSE: 148.88135 - batch_Time: 0.39306223299354315s
Epoch[6/20 318/700] - Loss: 215.8698272705 - MSE: 215.21622 - batch_Time: 0.40085218916647136s
Epoch[6/20 319/700] - Loss: 141.3063507080 - MSE: 140.93964 - batch_Time: 0.40250739618204534s
Epoch[6/20 320/700] - Loss: 185.4280548096 - MSE: 184.94492 - batch_Time: 0.3984329670201987s
Epoch[6/20 321/700] - Loss: 196.5825195312 - MSE: 196.02795 - batch_Time: 0.4021213969681412s
Epoch[6/20 322/700] - Loss: 233.6543426514 - MSE: 233.08395 - batch_Time: 0.4021587159950286s
Epoch[6/20 323/700] - Loss: 248.2337799072 - MSE: 247.58919 - batch_Time: 0.40454018604941666s
Epoch[6/20 324/700] - Loss: 253.4033508301 - MSE: 253.00014 - batch_Time: 0.4003188998904079s
Epoch[6/20 325/700] - Loss: 214.8340301514 - MSE: 214.36963 - batch_Time: 0.39920822717249393s
Epoch[6/20 326/700] - Loss: 284.6364746094 - MSE: 284.14838 - batch_Time: 0.40133748995140195s
Epoch[6/20 327/700] - Loss: 193.0373840332 - MSE: 192.77376 - batch_Time: 0.3952202289365232s
Epoch[6/20 328/700] - Loss: 222.7813720703 - MSE: 222.42325 - batch_Time: 0.40088373189792037s
Epoch[6/20 329/700] - Loss: 119.7343139648 - MSE: 119.48508 - batch_Time: 0.3963023980613798s
Epoch[6/20 330/700] - Loss: 291.7480773926 - MSE: 291.19763 - batch_Time: 0.4016483831219375s
Epoch[6/20 331/700] - Loss: 267.4235839844 - MSE: 266.81308 - batch_Time: 0.39934187196195126s
Epoch[6/20 332/700] - Loss: 226.5337219238 - MSE: 226.15807 - batch_Time: 0.3953486029058695s
Epoch[6/20 333/700] - Loss: 278.1353149414 - MSE: 277.57083 - batch_Time: 0.3993943310342729s
Epoch[6/20 334/700] - Loss: 148.1197814941 - MSE: 147.55316 - batch_Time: 0.40099489595741034s
Epoch[6/20 335/700] - Loss: 202.3904266357 - MSE: 201.71634 - batch_Time: 0.4026055720169097s
Epoch[6/20 336/700] - Loss: 148.1328277588 - MSE: 147.83598 - batch_Time: 0.3983935168944299s
Epoch[6/20 337/700] - Loss: 172.6463470459 - MSE: 172.28160 - batch_Time: 0.39742613304406404s
Epoch[6/20 338/700] - Loss: 222.9544067383 - MSE: 222.45517 - batch_Time: 0.4010853129439056s
Epoch[6/20 339/700] - Loss: 304.3250122070 - MSE: 303.93085 - batch_Time: 0.3929819168988615s
Epoch[6/20 340/700] - Loss: 232.9927062988 - MSE: 232.50090 - batch_Time: 0.3995720138773322s
Epoch[6/20 341/700] - Loss: 211.8573608398 - MSE: 211.31195 - batch_Time: 0.395902703050524s
Epoch[6/20 342/700] - Loss: 182.4411468506 - MSE: 182.03613 - batch_Time: 0.40149943600408733s
Epoch[6/20 343/700] - Loss: 216.1492462158 - MSE: 215.86398 - batch_Time: 0.39548317482694983s
Epoch[6/20 344/700] - Loss: 201.5678710938 - MSE: 201.08443 - batch_Time: 0.40237037697806954s
Epoch[6/20 345/700] - Loss: 285.3153686523 - MSE: 284.83713 - batch_Time: 0.3946878199931234s
Epoch[6/20 346/700] - Loss: 156.7790832520 - MSE: 156.41302 - batch_Time: 0.40366449509747326s
Epoch[6/20 347/700] - Loss: 213.8966217041 - MSE: 213.08209 - batch_Time: 0.3954310920089483s
Epoch[6/20 348/700] - Loss: 155.4600982666 - MSE: 155.17247 - batch_Time: 0.39867408596910536s
Epoch[6/20 349/700] - Loss: 180.9223022461 - MSE: 180.57205 - batch_Time: 0.3938133839983493s
Epoch[6/20 350/700] - Loss: 204.9474792480 - MSE: 204.68163 - batch_Time: 0.39870420191437006s
Epoch[6/20 351/700] - Loss: 326.6435546875 - MSE: 326.31702 - batch_Time: 0.3927658009342849s
Epoch[6/20 352/700] - Loss: 244.4783935547 - MSE: 243.89931 - batch_Time: 0.3983521640766412s
Epoch[6/20 353/700] - Loss: 219.6118774414 - MSE: 218.95737 - batch_Time: 0.3958170439582318s
Epoch[6/20 354/700] - Loss: 174.0029602051 - MSE: 173.48206 - batch_Time: 0.4001696780323982s
Epoch[6/20 355/700] - Loss: 302.9321289062 - MSE: 302.19974 - batch_Time: 0.3954686759971082s
Epoch[6/20 356/700] - Loss: 154.8737640381 - MSE: 154.51981 - batch_Time: 0.39899362600408494s
Epoch[6/20 357/700] - Loss: 169.0026855469 - MSE: 168.65762 - batch_Time: 0.400573403108865s
Epoch[6/20 358/700] - Loss: 208.0491790771 - MSE: 207.59218 - batch_Time: 0.40418881201185286s
Epoch[6/20 359/700] - Loss: 152.9748535156 - MSE: 152.56088 - batch_Time: 0.3985970669891685s
Epoch[6/20 360/700] - Loss: 106.9143981934 - MSE: 106.48157 - batch_Time: 0.4054527909029275s
Epoch[6/20 361/700] - Loss: 185.2347106934 - MSE: 184.72766 - batch_Time: 0.4040416111238301s
Epoch[6/20 362/700] - Loss: 201.8932495117 - MSE: 201.56172 - batch_Time: 0.4024499140214175s
Epoch[6/20 363/700] - Loss: 144.2597503662 - MSE: 143.91776 - batch_Time: 0.40361074404791s
Epoch[6/20 364/700] - Loss: 185.6409301758 - MSE: 185.24249 - batch_Time: 0.4044352958444506s
Epoch[6/20 365/700] - Loss: 200.6803894043 - MSE: 200.18321 - batch_Time: 0.4032869751099497s
Epoch[6/20 366/700] - Loss: 220.4074707031 - MSE: 219.97029 - batch_Time: 0.4026167190168053s
Epoch[6/20 367/700] - Loss: 188.5796813965 - MSE: 188.29828 - batch_Time: 0.4036889998242259s
Epoch[6/20 368/700] - Loss: 196.6212463379 - MSE: 196.29073 - batch_Time: 0.40317439404316247s
Epoch[6/20 369/700] - Loss: 301.7898254395 - MSE: 301.19904 - batch_Time: 0.3940435969270766s
Epoch[6/20 370/700] - Loss: 164.8012084961 - MSE: 164.32079 - batch_Time: 0.40104299993254244s
Epoch[6/20 371/700] - Loss: 156.4449157715 - MSE: 156.14754 - batch_Time: 0.40086904005147517s
Epoch[6/20 372/700] - Loss: 212.3960571289 - MSE: 212.12070 - batch_Time: 0.40028204396367073s
Epoch[6/20 373/700] - Loss: 147.5622406006 - MSE: 147.28000 - batch_Time: 0.4034356279298663s
Epoch[6/20 374/700] - Loss: 187.5085754395 - MSE: 187.12415 - batch_Time: 0.39546645316295326s
Epoch[6/20 375/700] - Loss: 157.6727447510 - MSE: 157.41621 - batch_Time: 0.4006799189373851s
Epoch[6/20 376/700] - Loss: 175.3346557617 - MSE: 174.98843 - batch_Time: 0.40045280009508133s
Epoch[6/20 377/700] - Loss: 266.7984619141 - MSE: 266.44373 - batch_Time: 0.40371495322324336s
Epoch[6/20 378/700] - Loss: 135.0832061768 - MSE: 134.75009 - batch_Time: 0.40038444800302386s
Epoch[6/20 379/700] - Loss: 221.7679595947 - MSE: 221.44920 - batch_Time: 0.40150020993314683s
Epoch[6/20 380/700] - Loss: 305.2179565430 - MSE: 304.80789 - batch_Time: 0.4002127591520548s
Epoch[6/20 381/700] - Loss: 232.4985046387 - MSE: 232.03525 - batch_Time: 0.39536228915676475s
Epoch[6/20 382/700] - Loss: 259.2592468262 - MSE: 258.87964 - batch_Time: 0.4029161150101572s
Epoch[6/20 383/700] - Loss: 245.1245727539 - MSE: 244.71066 - batch_Time: 0.4015678649302572s
Epoch[6/20 384/700] - Loss: 209.8871154785 - MSE: 209.55057 - batch_Time: 0.3958097118884325s
Epoch[6/20 385/700] - Loss: 215.0078430176 - MSE: 214.60916 - batch_Time: 0.39647331601008773s
Epoch[6/20 386/700] - Loss: 177.4353942871 - MSE: 177.11633 - batch_Time: 0.4005467731039971s
Epoch[6/20 387/700] - Loss: 232.4051513672 - MSE: 232.02113 - batch_Time: 0.3970803099218756s
Epoch[6/20 388/700] - Loss: 212.5199584961 - MSE: 212.14409 - batch_Time: 0.397296158131212s
Epoch[6/20 389/700] - Loss: 184.2785339355 - MSE: 183.99390 - batch_Time: 0.4014555630274117s
Epoch[6/20 390/700] - Loss: 108.1246185303 - MSE: 107.92749 - batch_Time: 0.4011881530750543s
Epoch[6/20 391/700] - Loss: 245.4928283691 - MSE: 244.96460 - batch_Time: 0.4029860480222851s
Epoch[6/20 392/700] - Loss: 119.0433654785 - MSE: 118.81481 - batch_Time: 0.40179985808208585s
Epoch[6/20 393/700] - Loss: 162.3750457764 - MSE: 162.10248 - batch_Time: 0.4001325508579612s
Epoch[6/20 394/700] - Loss: 154.8939819336 - MSE: 154.66544 - batch_Time: 0.39745615306310356s
Epoch[6/20 395/700] - Loss: 190.7553710938 - MSE: 190.41933 - batch_Time: 0.39946698397397995s
Epoch[6/20 396/700] - Loss: 233.4413299561 - MSE: 233.06848 - batch_Time: 0.3983572928700596s
Epoch[6/20 397/700] - Loss: 95.6520462036 - MSE: 95.47209 - batch_Time: 0.39778312807902694s
Epoch[6/20 398/700] - Loss: 233.4698028564 - MSE: 233.11607 - batch_Time: 0.4057572609744966s
Epoch[6/20 399/700] - Loss: 220.3161163330 - MSE: 219.97662 - batch_Time: 0.4085157469380647s
Epoch[6/20 400/700] - Loss: 101.1712417603 - MSE: 100.92339 - batch_Time: 0.4048980160150677s
Epoch[6/20 401/700] - Loss: 225.7729187012 - MSE: 225.42204 - batch_Time: 0.40721307694911957s
Epoch[6/20 402/700] - Loss: 222.6104278564 - MSE: 221.98203 - batch_Time: 0.40571939712390304s
Epoch[6/20 403/700] - Loss: 175.5957641602 - MSE: 175.22791 - batch_Time: 0.40603254409506917s
Epoch[6/20 404/700] - Loss: 251.5412139893 - MSE: 251.08130 - batch_Time: 0.40671432786621153s
Epoch[6/20 405/700] - Loss: 118.3245086670 - MSE: 118.05401 - batch_Time: 0.4049370428547263s
Epoch[6/20 406/700] - Loss: 240.1361694336 - MSE: 239.70804 - batch_Time: 0.40488676191307604s
Epoch[6/20 407/700] - Loss: 203.0695648193 - MSE: 202.68193 - batch_Time: 0.40792983514256775s
Epoch[6/20 408/700] - Loss: 268.6415710449 - MSE: 268.30661 - batch_Time: 0.4021046729758382s
Epoch[6/20 409/700] - Loss: 130.2093811035 - MSE: 129.93105 - batch_Time: 0.40658497507683933s
Epoch[6/20 410/700] - Loss: 205.4597473145 - MSE: 205.01358 - batch_Time: 0.39923230605199933s
Epoch[6/20 411/700] - Loss: 202.7739105225 - MSE: 202.49814 - batch_Time: 0.4003288059029728s
Epoch[6/20 412/700] - Loss: 283.2378845215 - MSE: 282.78217 - batch_Time: 0.40483247907832265s
Epoch[6/20 413/700] - Loss: 245.6894531250 - MSE: 245.25043 - batch_Time: 0.40314762108027935s
Epoch[6/20 414/700] - Loss: 244.6404876709 - MSE: 244.33833 - batch_Time: 0.40240690717473626s
Epoch[6/20 415/700] - Loss: 294.5527343750 - MSE: 294.02405 - batch_Time: 0.40235626697540283s
Epoch[6/20 416/700] - Loss: 196.3383941650 - MSE: 195.91212 - batch_Time: 0.4007677580229938s
Epoch[6/20 417/700] - Loss: 259.3574829102 - MSE: 258.95865 - batch_Time: 0.4014022829942405s
Epoch[6/20 418/700] - Loss: 134.3865966797 - MSE: 133.86356 - batch_Time: 0.4047789848409593s
Epoch[6/20 419/700] - Loss: 268.0496826172 - MSE: 267.41284 - batch_Time: 0.4059709229040891s
Epoch[6/20 420/700] - Loss: 177.2889862061 - MSE: 176.80127 - batch_Time: 0.4029040390159935s
Epoch[6/20 421/700] - Loss: 245.4016418457 - MSE: 244.79167 - batch_Time: 0.4004907680209726s
Epoch[6/20 422/700] - Loss: 180.2128601074 - MSE: 179.82227 - batch_Time: 0.40430059586651623s
Epoch[6/20 423/700] - Loss: 213.4191894531 - MSE: 212.87460 - batch_Time: 0.4086045690346509s
Epoch[6/20 424/700] - Loss: 216.0686035156 - MSE: 215.78540 - batch_Time: 0.40590640087611973s
Epoch[6/20 425/700] - Loss: 179.1745910645 - MSE: 178.58272 - batch_Time: 0.40156784700229764s
Epoch[6/20 426/700] - Loss: 182.0047149658 - MSE: 181.67012 - batch_Time: 0.40701624006032944s
Epoch[6/20 427/700] - Loss: 215.1323699951 - MSE: 214.52086 - batch_Time: 0.4061689868103713s
Epoch[6/20 428/700] - Loss: 283.2489624023 - MSE: 282.51361 - batch_Time: 0.40088024898432195s
Epoch[6/20 429/700] - Loss: 182.5432434082 - MSE: 182.16551 - batch_Time: 0.4013054349925369s
Epoch[6/20 430/700] - Loss: 287.9315795898 - MSE: 287.49820 - batch_Time: 0.4056790191680193s
Epoch[6/20 431/700] - Loss: 276.0775146484 - MSE: 275.63095 - batch_Time: 0.40831413492560387s
Epoch[6/20 432/700] - Loss: 161.4088439941 - MSE: 161.10336 - batch_Time: 0.40016269288025796s
Epoch[6/20 433/700] - Loss: 256.3755187988 - MSE: 255.94382 - batch_Time: 0.4011938930489123s
Epoch[6/20 434/700] - Loss: 391.0393066406 - MSE: 390.12323 - batch_Time: 0.3981160691473633s
Epoch[6/20 435/700] - Loss: 225.9669189453 - MSE: 225.32512 - batch_Time: 0.40407177805900574s
Epoch[6/20 436/700] - Loss: 151.2513122559 - MSE: 150.92805 - batch_Time: 0.40399603894911706s
Epoch[6/20 437/700] - Loss: 202.4559478760 - MSE: 201.99396 - batch_Time: 0.3983549349941313s
Epoch[6/20 438/700] - Loss: 259.0773925781 - MSE: 258.66190 - batch_Time: 0.3989339889958501s
Epoch[6/20 439/700] - Loss: 162.6935424805 - MSE: 162.27612 - batch_Time: 0.40068968501873314s
Epoch[6/20 440/700] - Loss: 298.5436401367 - MSE: 298.07892 - batch_Time: 0.39878585818223655s
Epoch[6/20 441/700] - Loss: 215.8677825928 - MSE: 215.48697 - batch_Time: 0.39810968399979174s
Epoch[6/20 442/700] - Loss: 299.4915161133 - MSE: 299.00266 - batch_Time: 0.39778616605326533s
Epoch[6/20 443/700] - Loss: 138.1611480713 - MSE: 137.76668 - batch_Time: 0.40503770392388105s
Epoch[6/20 444/700] - Loss: 98.0933609009 - MSE: 97.72410 - batch_Time: 0.398632287979126s
Epoch[6/20 445/700] - Loss: 151.2426147461 - MSE: 150.87860 - batch_Time: 0.40272217197343707s
Epoch[6/20 446/700] - Loss: 222.3045806885 - MSE: 221.71719 - batch_Time: 0.3966325831133872s
Epoch[6/20 447/700] - Loss: 322.7556762695 - MSE: 322.01544 - batch_Time: 0.39548166189342737s
Epoch[6/20 448/700] - Loss: 184.6224517822 - MSE: 184.23659 - batch_Time: 0.39588749688118696s
Epoch[6/20 449/700] - Loss: 227.6263885498 - MSE: 227.21326 - batch_Time: 0.39478475600481033s
Epoch[6/20 450/700] - Loss: 170.6858215332 - MSE: 170.33109 - batch_Time: 0.3963534729555249s
Epoch[6/20 451/700] - Loss: 337.2246093750 - MSE: 336.52737 - batch_Time: 0.4037782009691s
Epoch[6/20 452/700] - Loss: 194.6541137695 - MSE: 194.32991 - batch_Time: 0.39577428600750864s
Epoch[6/20 453/700] - Loss: 181.7864990234 - MSE: 181.43951 - batch_Time: 0.3996875628363341s
Epoch[6/20 454/700] - Loss: 230.2535552979 - MSE: 229.65396 - batch_Time: 0.39832005300559103s
Epoch[6/20 455/700] - Loss: 159.4600677490 - MSE: 159.21950 - batch_Time: 0.4023212289903313s
Epoch[6/20 456/700] - Loss: 227.2957153320 - MSE: 226.84592 - batch_Time: 0.3963460891973227s
Epoch[6/20 457/700] - Loss: 313.6166381836 - MSE: 313.11023 - batch_Time: 0.40092593897134066s
Epoch[6/20 458/700] - Loss: 225.7461853027 - MSE: 225.28767 - batch_Time: 0.40013710502535105s
Epoch[6/20 459/700] - Loss: 159.2930297852 - MSE: 158.70134 - batch_Time: 0.3955617928877473s
Epoch[6/20 460/700] - Loss: 205.2110137939 - MSE: 204.73190 - batch_Time: 0.3966863329987973s
Epoch[6/20 461/700] - Loss: 247.1656799316 - MSE: 246.58185 - batch_Time: 0.4023578360211104s
Epoch[6/20 462/700] - Loss: 202.0933685303 - MSE: 201.58490 - batch_Time: 0.3972300570458174s
Epoch[6/20 463/700] - Loss: 161.7493743896 - MSE: 161.42136 - batch_Time: 0.39670062088407576s
Epoch[6/20 464/700] - Loss: 253.7590942383 - MSE: 253.35670 - batch_Time: 0.4034951829817146s
Epoch[6/20 465/700] - Loss: 169.6460113525 - MSE: 169.06013 - batch_Time: 0.3965708708856255s
Epoch[6/20 466/700] - Loss: 248.1028137207 - MSE: 247.82352 - batch_Time: 0.4002142099197954s
Epoch[6/20 467/700] - Loss: 184.7014617920 - MSE: 184.07944 - batch_Time: 0.40136727900244296s
Epoch[6/20 468/700] - Loss: 239.4263763428 - MSE: 238.84998 - batch_Time: 0.39936243603006005s
Epoch[6/20 469/700] - Loss: 184.7085266113 - MSE: 184.37657 - batch_Time: 0.39616997190751135s
Epoch[6/20 470/700] - Loss: 205.7804870605 - MSE: 205.43152 - batch_Time: 0.4016526550985873s
Epoch[6/20 471/700] - Loss: 181.1619262695 - MSE: 180.76199 - batch_Time: 0.4010013791266829s
Epoch[6/20 472/700] - Loss: 165.0243682861 - MSE: 164.68304 - batch_Time: 0.4017119128257036s
Epoch[6/20 473/700] - Loss: 246.8710784912 - MSE: 246.52483 - batch_Time: 0.3984087910503149s
Epoch[6/20 474/700] - Loss: 190.7471923828 - MSE: 190.28590 - batch_Time: 0.39957185997627676s
Epoch[6/20 475/700] - Loss: 242.4480743408 - MSE: 241.87654 - batch_Time: 0.39783858391456306s
Epoch[6/20 476/700] - Loss: 205.4699401855 - MSE: 204.88226 - batch_Time: 0.4017671199981123s
Epoch[6/20 477/700] - Loss: 187.6393890381 - MSE: 187.13696 - batch_Time: 0.399178430903703s
Epoch[6/20 478/700] - Loss: 202.3515777588 - MSE: 201.84363 - batch_Time: 0.39355805795639753s
Epoch[6/20 479/700] - Loss: 207.8345336914 - MSE: 207.61348 - batch_Time: 0.395474880002439s
Epoch[6/20 480/700] - Loss: 224.1209411621 - MSE: 223.66347 - batch_Time: 0.4002888798713684s
Epoch[6/20 481/700] - Loss: 234.3463134766 - MSE: 234.01190 - batch_Time: 0.40233212197199464s
Epoch[6/20 482/700] - Loss: 161.7699584961 - MSE: 161.57672 - batch_Time: 0.4012703699991107s
Epoch[6/20 483/700] - Loss: 159.2014923096 - MSE: 158.95380 - batch_Time: 0.40359018999151886s
Epoch[6/20 484/700] - Loss: 312.5621643066 - MSE: 311.99792 - batch_Time: 0.4005652049090713s
Epoch[6/20 485/700] - Loss: 291.8212280273 - MSE: 291.41495 - batch_Time: 0.39644035999663174s
Epoch[6/20 486/700] - Loss: 161.9965972900 - MSE: 161.58902 - batch_Time: 0.3963470780290663s
Epoch[6/20 487/700] - Loss: 159.5784301758 - MSE: 159.24016 - batch_Time: 0.4031065709423274s
Epoch[6/20 488/700] - Loss: 155.6174468994 - MSE: 155.14911 - batch_Time: 0.4032324200961739s
Epoch[6/20 489/700] - Loss: 185.4191741943 - MSE: 185.10980 - batch_Time: 0.3995485599152744s
Epoch[6/20 490/700] - Loss: 165.2667236328 - MSE: 164.83472 - batch_Time: 0.3990443339571357s
Epoch[6/20 491/700] - Loss: 209.5676269531 - MSE: 209.17592 - batch_Time: 0.40113285509869456s
Epoch[6/20 492/700] - Loss: 214.5258026123 - MSE: 213.97444 - batch_Time: 0.3985989058855921s
Epoch[6/20 493/700] - Loss: 223.0753479004 - MSE: 222.72334 - batch_Time: 0.397827752167359s
Epoch[6/20 494/700] - Loss: 247.8563385010 - MSE: 247.30760 - batch_Time: 0.40202629705891013s
Epoch[6/20 495/700] - Loss: 212.4315643311 - MSE: 212.14392 - batch_Time: 0.39466273807920516s
Epoch[6/20 496/700] - Loss: 177.7189941406 - MSE: 177.39667 - batch_Time: 0.40097141405567527s
Epoch[6/20 497/700] - Loss: 240.0887603760 - MSE: 239.53061 - batch_Time: 0.40210277400910854s
Epoch[6/20 498/700] - Loss: 168.8644714355 - MSE: 168.56384 - batch_Time: 0.3990353988483548s
Epoch[6/20 499/700] - Loss: 287.0221557617 - MSE: 286.49402 - batch_Time: 0.40071520395576954s
Epoch[6/20 500/700] - Loss: 178.1744384766 - MSE: 177.91890 - batch_Time: 0.4007708430290222s
Epoch[6/20 501/700] - Loss: 242.2111511230 - MSE: 241.77318 - batch_Time: 0.4008379210717976s
Epoch[6/20 502/700] - Loss: 224.8520507812 - MSE: 224.49748 - batch_Time: 0.4023578881751746s
Epoch[6/20 503/700] - Loss: 163.4309234619 - MSE: 163.07179 - batch_Time: 0.4003797839395702s
Epoch[6/20 504/700] - Loss: 363.6938476562 - MSE: 363.38788 - batch_Time: 0.39879389689303935s
Epoch[6/20 505/700] - Loss: 299.9084777832 - MSE: 299.14182 - batch_Time: 0.4008004190400243s
Epoch[6/20 506/700] - Loss: 194.5741729736 - MSE: 194.22070 - batch_Time: 0.3955747128929943s
Epoch[6/20 507/700] - Loss: 286.0080261230 - MSE: 285.36151 - batch_Time: 0.39909486193209887s
Epoch[6/20 508/700] - Loss: 153.9906158447 - MSE: 153.71382 - batch_Time: 0.3957319899927825s
Epoch[6/20 509/700] - Loss: 217.7227478027 - MSE: 217.18436 - batch_Time: 0.4001663220115006s
Epoch[6/20 510/700] - Loss: 280.6691284180 - MSE: 280.12991 - batch_Time: 0.4002367011271417s
Epoch[6/20 511/700] - Loss: 193.7809295654 - MSE: 193.42628 - batch_Time: 0.39704293687827885s
Epoch[6/20 512/700] - Loss: 177.3980407715 - MSE: 176.99121 - batch_Time: 0.39600596600212157s
Epoch[6/20 513/700] - Loss: 214.2198181152 - MSE: 213.56761 - batch_Time: 0.4003855481278151s
Epoch[6/20 514/700] - Loss: 244.2046508789 - MSE: 243.66756 - batch_Time: 0.39715730492025614s
Epoch[6/20 515/700] - Loss: 209.8552398682 - MSE: 209.25603 - batch_Time: 0.4078889030497521s
Epoch[6/20 516/700] - Loss: 157.8926239014 - MSE: 157.53915 - batch_Time: 0.4035656990017742s
Epoch[6/20 517/700] - Loss: 262.1737365723 - MSE: 261.61487 - batch_Time: 0.40398498391732574s
Epoch[6/20 518/700] - Loss: 158.8156433105 - MSE: 158.53485 - batch_Time: 0.4015305251814425s
Epoch[6/20 519/700] - Loss: 261.0998840332 - MSE: 260.71191 - batch_Time: 0.4010571779217571s
Epoch[6/20 520/700] - Loss: 175.0760803223 - MSE: 174.69273 - batch_Time: 0.4006200509611517s
Epoch[6/20 521/700] - Loss: 230.6705322266 - MSE: 230.20914 - batch_Time: 0.3950736280530691s
Epoch[6/20 522/700] - Loss: 138.8709564209 - MSE: 138.41086 - batch_Time: 0.40097826696000993s
Epoch[6/20 523/700] - Loss: 332.8818359375 - MSE: 332.41327 - batch_Time: 0.39497009688057005s
Epoch[6/20 524/700] - Loss: 206.3651580811 - MSE: 205.85400 - batch_Time: 0.3985226550139487s
Epoch[6/20 525/700] - Loss: 174.2098846436 - MSE: 173.86714 - batch_Time: 0.40268331998959184s
Epoch[6/20 526/700] - Loss: 282.2861328125 - MSE: 281.82727 - batch_Time: 0.3960172268562019s
Epoch[6/20 527/700] - Loss: 193.4478149414 - MSE: 193.09332 - batch_Time: 0.39662855095230043s
Epoch[6/20 528/700] - Loss: 235.5181121826 - MSE: 235.20943 - batch_Time: 0.3957890570163727s
Epoch[6/20 529/700] - Loss: 174.7702636719 - MSE: 174.42601 - batch_Time: 0.3960177251137793s
Epoch[6/20 530/700] - Loss: 178.0036621094 - MSE: 177.67821 - batch_Time: 0.3960400631185621s
Epoch[6/20 531/700] - Loss: 230.3004302979 - MSE: 229.93613 - batch_Time: 0.3984464427921921s
Epoch[6/20 532/700] - Loss: 303.1451416016 - MSE: 302.70740 - batch_Time: 0.40329179097898304s
Epoch[6/20 533/700] - Loss: 146.9694213867 - MSE: 146.76941 - batch_Time: 0.40234428900294006s
Epoch[6/20 534/700] - Loss: 252.8314208984 - MSE: 252.27014 - batch_Time: 0.3987349469680339s
Epoch[6/20 535/700] - Loss: 292.3912048340 - MSE: 291.96600 - batch_Time: 0.4039669530466199s
Epoch[6/20 536/700] - Loss: 174.0390777588 - MSE: 173.83710 - batch_Time: 0.395618513925001s
Epoch[6/20 537/700] - Loss: 220.2913513184 - MSE: 219.93420 - batch_Time: 0.4067891768645495s
Epoch[6/20 538/700] - Loss: 262.4050903320 - MSE: 261.98007 - batch_Time: 0.3941032150760293s
Epoch[6/20 539/700] - Loss: 242.0283508301 - MSE: 241.53383 - batch_Time: 0.39965408598072827s
Epoch[6/20 540/700] - Loss: 142.8834686279 - MSE: 142.48573 - batch_Time: 0.3922957689501345s
Epoch[6/20 541/700] - Loss: 138.9858093262 - MSE: 138.54959 - batch_Time: 0.40363479196093976s
Epoch[6/20 542/700] - Loss: 203.2467041016 - MSE: 202.93933 - batch_Time: 0.39510545297525823s
Epoch[6/20 543/700] - Loss: 222.2669372559 - MSE: 221.87341 - batch_Time: 0.39974365406669676s
Epoch[6/20 544/700] - Loss: 244.7012939453 - MSE: 244.34029 - batch_Time: 0.39522171183489263s
Epoch[6/20 545/700] - Loss: 357.3926086426 - MSE: 356.87610 - batch_Time: 0.40170310693793s
Epoch[6/20 546/700] - Loss: 224.6805572510 - MSE: 224.07059 - batch_Time: 0.398170666070655s
Epoch[6/20 547/700] - Loss: 381.8953247070 - MSE: 380.92975 - batch_Time: 0.40200177300721407s
Epoch[6/20 548/700] - Loss: 232.4364318848 - MSE: 231.97327 - batch_Time: 0.3960537218954414s
Epoch[6/20 549/700] - Loss: 146.5250701904 - MSE: 146.21838 - batch_Time: 0.4042696610558778s
Epoch[6/20 550/700] - Loss: 146.0351867676 - MSE: 145.73653 - batch_Time: 0.3953333778772503s
Epoch[6/20 551/700] - Loss: 198.9569702148 - MSE: 198.46877 - batch_Time: 0.4037007950246334s
Epoch[6/20 552/700] - Loss: 341.5070190430 - MSE: 340.95001 - batch_Time: 0.4018612408544868s
Epoch[6/20 553/700] - Loss: 135.7712554932 - MSE: 135.19962 - batch_Time: 0.40312326909042895s
Epoch[6/20 554/700] - Loss: 172.0989990234 - MSE: 171.72504 - batch_Time: 0.3979695418383926s
Epoch[6/20 555/700] - Loss: 245.6951446533 - MSE: 245.22107 - batch_Time: 0.40606129285879433s
Epoch[6/20 556/700] - Loss: 204.2689514160 - MSE: 203.85733 - batch_Time: 0.39712470793165267s
Epoch[6/20 557/700] - Loss: 271.5001831055 - MSE: 271.17035 - batch_Time: 0.39551848103292286s
Epoch[6/20 558/700] - Loss: 285.5614318848 - MSE: 284.93619 - batch_Time: 0.40638764784671366s
Epoch[6/20 559/700] - Loss: 163.4908752441 - MSE: 163.19119 - batch_Time: 0.4035717719234526s
Epoch[6/20 560/700] - Loss: 198.7524108887 - MSE: 198.22391 - batch_Time: 0.3967362989205867s
Epoch[6/20 561/700] - Loss: 160.7367248535 - MSE: 160.40359 - batch_Time: 0.3985760931391269s
Epoch[6/20 562/700] - Loss: 195.5899963379 - MSE: 195.21402 - batch_Time: 0.4012181900907308s
Epoch[6/20 563/700] - Loss: 224.4201660156 - MSE: 223.97226 - batch_Time: 0.405712490901351s
Epoch[6/20 564/700] - Loss: 306.7225341797 - MSE: 306.20850 - batch_Time: 0.40255589806474745s
Epoch[6/20 565/700] - Loss: 169.8056335449 - MSE: 169.14348 - batch_Time: 0.40172985289245844s
Epoch[6/20 566/700] - Loss: 233.1287078857 - MSE: 232.81136 - batch_Time: 0.4037507059983909s
Epoch[6/20 567/700] - Loss: 177.4443817139 - MSE: 176.80658 - batch_Time: 0.40167635306715965s
Epoch[6/20 568/700] - Loss: 154.9362487793 - MSE: 154.55576 - batch_Time: 0.4024427649565041s
Epoch[6/20 569/700] - Loss: 284.6444702148 - MSE: 284.24557 - batch_Time: 0.3946274220943451s
Epoch[6/20 570/700] - Loss: 148.3756713867 - MSE: 147.99991 - batch_Time: 0.39758541504852474s
Epoch[6/20 571/700] - Loss: 159.1122283936 - MSE: 158.44708 - batch_Time: 0.3996168579906225s
Epoch[6/20 572/700] - Loss: 133.9450378418 - MSE: 133.61507 - batch_Time: 0.39840262685902417s
Epoch[6/20 573/700] - Loss: 159.7270355225 - MSE: 159.51208 - batch_Time: 0.3955514710396528s
Epoch[6/20 574/700] - Loss: 152.7037811279 - MSE: 152.29442 - batch_Time: 0.3990240709390491s
Epoch[6/20 575/700] - Loss: 218.3906555176 - MSE: 218.04727 - batch_Time: 0.40294484701007605s
Epoch[6/20 576/700] - Loss: 170.2852935791 - MSE: 169.97751 - batch_Time: 0.39822753705084324s
Epoch[6/20 577/700] - Loss: 155.0474853516 - MSE: 154.72130 - batch_Time: 0.4073139380197972s
Epoch[6/20 578/700] - Loss: 151.5443878174 - MSE: 151.19595 - batch_Time: 0.40198911307379603s
Epoch[6/20 579/700] - Loss: 218.9122619629 - MSE: 218.49353 - batch_Time: 0.40804252098314464s
Epoch[6/20 580/700] - Loss: 200.6902923584 - MSE: 200.33237 - batch_Time: 0.39497882197611034s
Epoch[6/20 581/700] - Loss: 116.6724624634 - MSE: 116.39461 - batch_Time: 0.40560931991785765s
Epoch[6/20 582/700] - Loss: 374.7294921875 - MSE: 374.20312 - batch_Time: 0.3999138278886676s
Epoch[6/20 583/700] - Loss: 198.4575347900 - MSE: 198.09348 - batch_Time: 0.4033966981805861s
Epoch[6/20 584/700] - Loss: 134.3138427734 - MSE: 134.03018 - batch_Time: 0.40162233309820294s
Epoch[6/20 585/700] - Loss: 146.5110321045 - MSE: 146.27286 - batch_Time: 0.4006527909077704s
Epoch[6/20 586/700] - Loss: 189.1615447998 - MSE: 188.72946 - batch_Time: 0.40080691897310317s
Epoch[6/20 587/700] - Loss: 395.7041625977 - MSE: 395.33563 - batch_Time: 0.4007980569731444s
Epoch[6/20 588/700] - Loss: 315.9424438477 - MSE: 315.33545 - batch_Time: 0.402521203039214s
Epoch[6/20 589/700] - Loss: 175.1152038574 - MSE: 174.71355 - batch_Time: 0.3933970599900931s
Epoch[6/20 590/700] - Loss: 307.1910705566 - MSE: 306.48605 - batch_Time: 0.3948602268937975s
Epoch[6/20 591/700] - Loss: 143.1856689453 - MSE: 142.84645 - batch_Time: 0.4001649811398238s
Epoch[6/20 592/700] - Loss: 240.0309448242 - MSE: 239.69127 - batch_Time: 0.3976332920137793s
Epoch[6/20 593/700] - Loss: 212.5568847656 - MSE: 212.20850 - batch_Time: 0.3978493600152433s
Epoch[6/20 594/700] - Loss: 197.9083251953 - MSE: 197.62961 - batch_Time: 0.39535091002471745s
Epoch[6/20 595/700] - Loss: 159.9865570068 - MSE: 159.63739 - batch_Time: 0.3986624921672046s
Epoch[6/20 596/700] - Loss: 207.7550354004 - MSE: 207.36449 - batch_Time: 0.40317327296361327s
Epoch[6/20 597/700] - Loss: 162.3852233887 - MSE: 162.14760 - batch_Time: 0.403989824000746s
Epoch[6/20 598/700] - Loss: 258.1463317871 - MSE: 257.70178 - batch_Time: 0.39879206009209156s
Epoch[6/20 599/700] - Loss: 246.3226928711 - MSE: 245.99025 - batch_Time: 0.40009384602308273s
Epoch[6/20 600/700] - Loss: 240.7898406982 - MSE: 240.25995 - batch_Time: 0.40120132686570287s
Epoch[6/20 601/700] - Loss: 280.8128051758 - MSE: 280.40134 - batch_Time: 0.3951921279076487s
Epoch[6/20 602/700] - Loss: 268.0699768066 - MSE: 267.59717 - batch_Time: 0.3995391889475286s
Epoch[6/20 603/700] - Loss: 124.3642196655 - MSE: 123.91728 - batch_Time: 0.39904057304374874s
Epoch[6/20 604/700] - Loss: 183.3396148682 - MSE: 182.89572 - batch_Time: 0.3981888589914888s
Epoch[6/20 605/700] - Loss: 272.2840881348 - MSE: 271.70523 - batch_Time: 0.3990200620610267s
Epoch[6/20 606/700] - Loss: 213.2090759277 - MSE: 212.65923 - batch_Time: 0.3985953151714057s
Epoch[6/20 607/700] - Loss: 241.0758056641 - MSE: 240.76720 - batch_Time: 0.4039764190092683s
Epoch[6/20 608/700] - Loss: 168.3637695312 - MSE: 167.94853 - batch_Time: 0.3967740999069065s
Epoch[6/20 609/700] - Loss: 262.1199645996 - MSE: 261.69208 - batch_Time: 0.40240238094702363s
Epoch[6/20 610/700] - Loss: 172.3099822998 - MSE: 171.84195 - batch_Time: 0.39850755385123193s
Epoch[6/20 611/700] - Loss: 264.9624633789 - MSE: 264.49863 - batch_Time: 0.4067095029167831s
Epoch[6/20 612/700] - Loss: 219.8936309814 - MSE: 219.50786 - batch_Time: 0.3994264448992908s
Epoch[6/20 613/700] - Loss: 271.5212402344 - MSE: 271.01541 - batch_Time: 0.4014746970497072s
Epoch[6/20 614/700] - Loss: 236.9078521729 - MSE: 236.32739 - batch_Time: 0.4032173010054976s
Epoch[6/20 615/700] - Loss: 180.8078765869 - MSE: 180.37474 - batch_Time: 0.4022114591207355s
Epoch[6/20 616/700] - Loss: 233.0396118164 - MSE: 232.50394 - batch_Time: 0.4025581849273294s
Epoch[6/20 617/700] - Loss: 184.0697937012 - MSE: 183.65193 - batch_Time: 0.4008129299618304s
Epoch[6/20 618/700] - Loss: 208.6811523438 - MSE: 208.20326 - batch_Time: 0.401619991986081s
Epoch[6/20 619/700] - Loss: 186.5939941406 - MSE: 186.33530 - batch_Time: 0.4001194341108203s
Epoch[6/20 620/700] - Loss: 254.9379272461 - MSE: 254.32819 - batch_Time: 0.40335185709409416s
Epoch[6/20 621/700] - Loss: 192.1735992432 - MSE: 191.75349 - batch_Time: 0.40077003790065646s
Epoch[6/20 622/700] - Loss: 215.1824951172 - MSE: 214.62648 - batch_Time: 0.4015253409743309s
Epoch[6/20 623/700] - Loss: 270.5225830078 - MSE: 270.07901 - batch_Time: 0.4041593470610678s
Epoch[6/20 624/700] - Loss: 257.5875854492 - MSE: 256.99860 - batch_Time: 0.4002841101028025s
Epoch[6/20 625/700] - Loss: 154.1722259521 - MSE: 153.93179 - batch_Time: 0.4003122898284346s
Epoch[6/20 626/700] - Loss: 168.7870635986 - MSE: 168.48541 - batch_Time: 0.400497596943751s
Epoch[6/20 627/700] - Loss: 274.1604614258 - MSE: 273.66742 - batch_Time: 0.3944553688634187s
Epoch[6/20 628/700] - Loss: 228.2763977051 - MSE: 227.68825 - batch_Time: 0.3964009608607739s
Epoch[6/20 629/700] - Loss: 175.9738311768 - MSE: 175.65343 - batch_Time: 0.39779005013406277s
Epoch[6/20 630/700] - Loss: 375.5469665527 - MSE: 375.00208 - batch_Time: 0.3967584881465882s
Epoch[6/20 631/700] - Loss: 307.0630187988 - MSE: 306.42752 - batch_Time: 0.4030581219121814s
Epoch[6/20 632/700] - Loss: 193.2854919434 - MSE: 192.87885 - batch_Time: 0.3977691170293838s
Epoch[6/20 633/700] - Loss: 186.9513549805 - MSE: 186.62926 - batch_Time: 0.39950532210059464s
Epoch[6/20 634/700] - Loss: 170.0527954102 - MSE: 169.61133 - batch_Time: 0.4005337830167264s
Epoch[6/20 635/700] - Loss: 188.2104034424 - MSE: 187.85088 - batch_Time: 0.40090700914151967s
Epoch[6/20 636/700] - Loss: 154.1842041016 - MSE: 153.43085 - batch_Time: 0.40029172296635807s
Epoch[6/20 637/700] - Loss: 158.8391113281 - MSE: 158.54747 - batch_Time: 0.3979110640939325s
Epoch[6/20 638/700] - Loss: 177.5705871582 - MSE: 177.21898 - batch_Time: 0.3966247239150107s
Epoch[6/20 639/700] - Loss: 221.3202819824 - MSE: 220.89978 - batch_Time: 0.39543997403234243s
Epoch[6/20 640/700] - Loss: 213.8410797119 - MSE: 213.59991 - batch_Time: 0.4062262289226055s
Epoch[6/20 641/700] - Loss: 297.1335754395 - MSE: 296.60944 - batch_Time: 0.39333093096502125s
Epoch[6/20 642/700] - Loss: 115.9605712891 - MSE: 115.69852 - batch_Time: 0.3955139198806137s
Epoch[6/20 643/700] - Loss: 249.1078948975 - MSE: 248.52742 - batch_Time: 0.39904145896434784s
Epoch[6/20 644/700] - Loss: 280.1804809570 - MSE: 279.72214 - batch_Time: 0.39661785098724067s
Epoch[6/20 645/700] - Loss: 259.4148864746 - MSE: 258.79684 - batch_Time: 0.3961208441760391s
Epoch[6/20 646/700] - Loss: 158.6140747070 - MSE: 158.26817 - batch_Time: 0.3953072221484035s
Epoch[6/20 647/700] - Loss: 214.6831817627 - MSE: 214.26445 - batch_Time: 0.3954150089994073s
Epoch[6/20 648/700] - Loss: 167.6989288330 - MSE: 167.37415 - batch_Time: 0.405827698064968s
Epoch[6/20 649/700] - Loss: 160.2373352051 - MSE: 159.87572 - batch_Time: 0.40196406096220016s
Epoch[6/20 650/700] - Loss: 278.3740844727 - MSE: 277.68524 - batch_Time: 0.4040483629796654s
Epoch[6/20 651/700] - Loss: 171.6349792480 - MSE: 171.24544 - batch_Time: 0.404431028990075s
Epoch[6/20 652/700] - Loss: 254.7925415039 - MSE: 254.44931 - batch_Time: 0.4011044758372009s
Epoch[6/20 653/700] - Loss: 215.2646331787 - MSE: 214.62999 - batch_Time: 0.4033687161281705s
Epoch[6/20 654/700] - Loss: 344.0481262207 - MSE: 343.48996 - batch_Time: 0.39505619811825454s
Epoch[6/20 655/700] - Loss: 211.6948242188 - MSE: 211.29500 - batch_Time: 0.40073739900253713s
Epoch[6/20 656/700] - Loss: 209.0690155029 - MSE: 208.72696 - batch_Time: 0.4042494688183069s
Epoch[6/20 657/700] - Loss: 220.4484558105 - MSE: 220.14316 - batch_Time: 0.3986625249963254s
Epoch[6/20 658/700] - Loss: 254.9170989990 - MSE: 254.20135 - batch_Time: 0.39708826900459826s
Epoch[6/20 659/700] - Loss: 195.8140563965 - MSE: 195.53877 - batch_Time: 0.4051085680257529s
Epoch[6/20 660/700] - Loss: 531.0900878906 - MSE: 529.86896 - batch_Time: 0.3993108381982893s
Epoch[6/20 661/700] - Loss: 272.8558349609 - MSE: 272.44116 - batch_Time: 0.4016413469798863s
Epoch[6/20 662/700] - Loss: 131.4599304199 - MSE: 131.20641 - batch_Time: 0.3976691209245473s
Epoch[6/20 663/700] - Loss: 234.2746582031 - MSE: 233.92143 - batch_Time: 0.4012305000796914s
Epoch[6/20 664/700] - Loss: 284.0900268555 - MSE: 283.50818 - batch_Time: 0.40027607697993517s
Epoch[6/20 665/700] - Loss: 221.5427703857 - MSE: 221.17630 - batch_Time: 0.4019032430369407s
Epoch[6/20 666/700] - Loss: 218.7320404053 - MSE: 218.30051 - batch_Time: 0.403885364998132s
Epoch[6/20 667/700] - Loss: 114.0699691772 - MSE: 113.69017 - batch_Time: 0.3974509898107499s
Epoch[6/20 668/700] - Loss: 256.8207397461 - MSE: 256.07605 - batch_Time: 0.40392191312275827s
Epoch[6/20 669/700] - Loss: 242.2825469971 - MSE: 241.50613 - batch_Time: 0.3984370108228177s
Epoch[6/20 670/700] - Loss: 222.0390014648 - MSE: 221.61946 - batch_Time: 0.4019638588652015s
Epoch[6/20 671/700] - Loss: 317.4187927246 - MSE: 316.88861 - batch_Time: 0.4042146799620241s
Epoch[6/20 672/700] - Loss: 239.0082702637 - MSE: 238.66000 - batch_Time: 0.4016927508637309s
Epoch[6/20 673/700] - Loss: 263.8963623047 - MSE: 263.13666 - batch_Time: 0.3970836710650474s
Epoch[6/20 674/700] - Loss: 104.2449417114 - MSE: 104.04353 - batch_Time: 0.3949241091031581s
Epoch[6/20 675/700] - Loss: 205.5724334717 - MSE: 205.25685 - batch_Time: 0.3983520281035453s
Epoch[6/20 676/700] - Loss: 241.7501678467 - MSE: 241.33679 - batch_Time: 0.4010571138933301s
Epoch[6/20 677/700] - Loss: 238.8444976807 - MSE: 238.51672 - batch_Time: 0.3953731618821621s
Epoch[6/20 678/700] - Loss: 190.6161346436 - MSE: 190.11896 - batch_Time: 0.3965433519333601s
Epoch[6/20 679/700] - Loss: 213.9153594971 - MSE: 213.51562 - batch_Time: 0.39853276405483484s
Epoch[6/20 680/700] - Loss: 207.0838317871 - MSE: 206.66846 - batch_Time: 0.39732341398485005s
Epoch[6/20 681/700] - Loss: 155.3157653809 - MSE: 154.89304 - batch_Time: 0.401360928080976s
Epoch[6/20 682/700] - Loss: 218.7674255371 - MSE: 218.51982 - batch_Time: 0.40268788603134453s
Epoch[6/20 683/700] - Loss: 245.5055541992 - MSE: 244.95694 - batch_Time: 0.4030577230732888s
Epoch[6/20 684/700] - Loss: 309.8493041992 - MSE: 309.05811 - batch_Time: 0.41042651794850826s
Epoch[6/20 685/700] - Loss: 196.7925567627 - MSE: 196.40857 - batch_Time: 0.399126254953444s
Epoch[6/20 686/700] - Loss: 177.6101837158 - MSE: 177.22546 - batch_Time: 0.40791532793082297s
Epoch[6/20 687/700] - Loss: 204.8094329834 - MSE: 204.32841 - batch_Time: 0.3998287580907345s
Epoch[6/20 688/700] - Loss: 123.7317123413 - MSE: 123.46346 - batch_Time: 0.40523506002500653s
Epoch[6/20 689/700] - Loss: 93.4066925049 - MSE: 93.09814 - batch_Time: 0.3966125547885895s
Epoch[6/20 690/700] - Loss: 234.0990905762 - MSE: 233.72833 - batch_Time: 0.402174836024642s
Epoch[6/20 691/700] - Loss: 261.6137084961 - MSE: 261.28214 - batch_Time: 0.4033234759699553s
Epoch[6/20 692/700] - Loss: 244.2016601562 - MSE: 243.74614 - batch_Time: 0.4022762840613723s
Epoch[6/20 693/700] - Loss: 199.2325134277 - MSE: 198.73433 - batch_Time: 0.40470212209038436s
Epoch[6/20 694/700] - Loss: 214.2657012939 - MSE: 213.77087 - batch_Time: 0.4031815251801163s
Epoch[6/20 695/700] - Loss: 278.6905822754 - MSE: 278.20401 - batch_Time: 0.40067439596168697s
Epoch[6/20 696/700] - Loss: 122.5621719360 - MSE: 122.15120 - batch_Time: 0.4012311710976064s
Epoch[6/20 697/700] - Loss: 170.9964599609 - MSE: 170.67700 - batch_Time: 0.4012252108659595s
Epoch[6/20 698/700] - Loss: 233.7882995605 - MSE: 233.06546 - batch_Time: 0.40166206611320376s
Epoch[6/20 699/700] - Loss: 157.2158050537 - MSE: 156.74518 - batch_Time: 0.3992703170515597s
Epoch[6] - 2021-08-06 21:43:21.061379
/hy-tmp/OURS/ttsr_dx/experiment.py:171: UserWarning: torch.nn.utils.clip_grad_norm is now deprecated in favor of torch.nn.utils.clip_grad_norm_.
  nn.utils.clip_grad_norm(self.model.parameters(), 1, norm_type=2)
Epoch[6- train_loss: 216.2866097478 - train_error: 215.8558971623 - val_loss: 67.0809967232 - val_error: 66.9204466438 - val_psnr: 30.2308529658 - val_ssim: 0.8143249861 - epoch_Time: 361.34153664903715s
Current learning rate: 0.0001
Epoch[7/20] - 2021-08-06 21:44:32.493251
Epoch[7/20 0/700] - Loss: 174.8989562988 - MSE: 174.51190 - batch_Time: 0.40556348115205765s
Epoch[7/20 1/700] - Loss: 220.2615966797 - MSE: 219.74757 - batch_Time: 0.39888144889846444s
Epoch[7/20 2/700] - Loss: 155.2756042480 - MSE: 154.85469 - batch_Time: 0.40029064705595374s
Epoch[7/20 3/700] - Loss: 174.3103637695 - MSE: 173.84093 - batch_Time: 0.3991967460606247s
Epoch[7/20 4/700] - Loss: 238.6567687988 - MSE: 238.03589 - batch_Time: 0.39771892805583775s
Epoch[7/20 5/700] - Loss: 143.1892852783 - MSE: 142.87106 - batch_Time: 0.4039911620784551s
Epoch[7/20 6/700] - Loss: 274.5073242188 - MSE: 274.07959 - batch_Time: 0.3939138511195779s
Epoch[7/20 7/700] - Loss: 200.0423889160 - MSE: 199.65260 - batch_Time: 0.395501668099314s
Epoch[7/20 8/700] - Loss: 171.9466247559 - MSE: 171.60468 - batch_Time: 0.3939185310155153s
Epoch[7/20 9/700] - Loss: 151.9881896973 - MSE: 151.71945 - batch_Time: 0.3931122780777514s
Epoch[7/20 10/700] - Loss: 204.8397674561 - MSE: 204.51297 - batch_Time: 0.3914465119596571s
Epoch[7/20 11/700] - Loss: 105.4498748779 - MSE: 105.19862 - batch_Time: 0.39858642709441483s
Epoch[7/20 12/700] - Loss: 99.7475738525 - MSE: 99.42074 - batch_Time: 0.3938872788567096s
Epoch[7/20 13/700] - Loss: 218.2717132568 - MSE: 217.78128 - batch_Time: 0.3965621448587626s
Epoch[7/20 14/700] - Loss: 130.6901245117 - MSE: 130.15788 - batch_Time: 0.3977101040072739s
Epoch[7/20 15/700] - Loss: 233.7376403809 - MSE: 233.08549 - batch_Time: 0.3927155190613121s
Epoch[7/20 16/700] - Loss: 352.9721984863 - MSE: 352.33105 - batch_Time: 0.39274929696694016s
Epoch[7/20 17/700] - Loss: 215.9542999268 - MSE: 215.49664 - batch_Time: 0.3946010610088706s
Epoch[7/20 18/700] - Loss: 375.9760742188 - MSE: 375.06339 - batch_Time: 0.39576054899953306s
Epoch[7/20 19/700] - Loss: 226.3330688477 - MSE: 226.03998 - batch_Time: 0.39511987497098744s
Epoch[7/20 20/700] - Loss: 228.5707244873 - MSE: 228.10966 - batch_Time: 0.3926871370058507s
Epoch[7/20 21/700] - Loss: 202.0927124023 - MSE: 201.49915 - batch_Time: 0.39272427605465055s
Epoch[7/20 22/700] - Loss: 159.4769134521 - MSE: 159.12982 - batch_Time: 0.39460367895662785s
Epoch[7/20 23/700] - Loss: 182.6580810547 - MSE: 182.21330 - batch_Time: 0.3939515738748014s
Epoch[7/20 24/700] - Loss: 258.4262695312 - MSE: 257.90594 - batch_Time: 0.39283257396891713s
Epoch[7/20 25/700] - Loss: 144.2408752441 - MSE: 143.83307 - batch_Time: 0.3923859070055187s
Epoch[7/20 26/700] - Loss: 203.6243896484 - MSE: 203.16536 - batch_Time: 0.39681820617988706s
Epoch[7/20 27/700] - Loss: 257.6681518555 - MSE: 257.18134 - batch_Time: 0.3952453909441829s
Epoch[7/20 28/700] - Loss: 135.2743530273 - MSE: 134.87491 - batch_Time: 0.39436604804359376s
Epoch[7/20 29/700] - Loss: 191.3427276611 - MSE: 191.07799 - batch_Time: 0.39301729877479374s
Epoch[7/20 30/700] - Loss: 213.1549072266 - MSE: 212.79913 - batch_Time: 0.3965623169206083s
Epoch[7/20 31/700] - Loss: 304.8698730469 - MSE: 304.40231 - batch_Time: 0.3949090209789574s
Epoch[7/20 32/700] - Loss: 185.7582855225 - MSE: 185.22186 - batch_Time: 0.39606106095016s
Epoch[7/20 33/700] - Loss: 182.0481262207 - MSE: 181.51920 - batch_Time: 0.3957413528114557s
Epoch[7/20 34/700] - Loss: 198.1015167236 - MSE: 197.69116 - batch_Time: 0.39721605996601284s
Epoch[7/20 35/700] - Loss: 289.2132873535 - MSE: 288.84851 - batch_Time: 0.4001466231420636s
Epoch[7/20 36/700] - Loss: 195.9310302734 - MSE: 195.72678 - batch_Time: 0.3961781379766762s
Epoch[7/20 37/700] - Loss: 185.7881469727 - MSE: 185.31303 - batch_Time: 0.4001724519766867s
Epoch[7/20 38/700] - Loss: 150.2061157227 - MSE: 149.70735 - batch_Time: 0.39720639679580927s
Epoch[7/20 39/700] - Loss: 151.0730895996 - MSE: 150.71301 - batch_Time: 0.4024443901143968s
Epoch[7/20 40/700] - Loss: 155.2853393555 - MSE: 154.86626 - batch_Time: 0.39616473601199687s
Epoch[7/20 41/700] - Loss: 160.2704620361 - MSE: 159.91638 - batch_Time: 0.3971735469531268s
Epoch[7/20 42/700] - Loss: 246.2771301270 - MSE: 245.61853 - batch_Time: 0.3984346149954945s
Epoch[7/20 43/700] - Loss: 141.9476623535 - MSE: 141.58969 - batch_Time: 0.3947578070219606s
Epoch[7/20 44/700] - Loss: 287.7634277344 - MSE: 287.24976 - batch_Time: 0.39840893307700753s
Epoch[7/20 45/700] - Loss: 294.1310424805 - MSE: 293.71802 - batch_Time: 0.3935913860332221s
Epoch[7/20 46/700] - Loss: 287.2307434082 - MSE: 286.73932 - batch_Time: 0.40150551521219313s
Epoch[7/20 47/700] - Loss: 159.2813720703 - MSE: 159.03441 - batch_Time: 0.3915720039512962s
Epoch[7/20 48/700] - Loss: 256.6019897461 - MSE: 256.23370 - batch_Time: 0.3930422100238502s
Epoch[7/20 49/700] - Loss: 163.9419403076 - MSE: 163.37526 - batch_Time: 0.3947517750784755s
Epoch[7/20 50/700] - Loss: 254.0736541748 - MSE: 253.55426 - batch_Time: 0.3935056049376726s
Epoch[7/20 51/700] - Loss: 183.7563171387 - MSE: 183.17397 - batch_Time: 0.40212675696238875s
Epoch[7/20 52/700] - Loss: 671.7228393555 - MSE: 671.12201 - batch_Time: 0.3998880370054394s
Epoch[7/20 53/700] - Loss: 170.5838775635 - MSE: 170.17743 - batch_Time: 0.3985587989445776s
Epoch[7/20 54/700] - Loss: 275.9270935059 - MSE: 275.36859 - batch_Time: 0.39247884205542505s
Epoch[7/20 55/700] - Loss: 175.7237396240 - MSE: 175.49390 - batch_Time: 0.3960449011065066s
Epoch[7/20 56/700] - Loss: 370.0268249512 - MSE: 369.62753 - batch_Time: 0.39693691208958626s
Epoch[7/20 57/700] - Loss: 216.7161865234 - MSE: 216.17834 - batch_Time: 0.39754170505329967s
Epoch[7/20 58/700] - Loss: 178.9014587402 - MSE: 178.49149 - batch_Time: 0.3987642240244895s
Epoch[7/20 59/700] - Loss: 301.3740844727 - MSE: 300.92142 - batch_Time: 0.40224822307936847s
Epoch[7/20 60/700] - Loss: 295.0546569824 - MSE: 294.50195 - batch_Time: 0.39672292093746364s
Epoch[7/20 61/700] - Loss: 138.5564575195 - MSE: 138.29559 - batch_Time: 0.40263777785003185s
Epoch[7/20 62/700] - Loss: 264.1117553711 - MSE: 263.66574 - batch_Time: 0.400550085818395s
Epoch[7/20 63/700] - Loss: 290.7790527344 - MSE: 290.44986 - batch_Time: 0.397908931132406s
Epoch[7/20 64/700] - Loss: 252.7012023926 - MSE: 252.32921 - batch_Time: 0.398786760866642s
Epoch[7/20 65/700] - Loss: 166.5862121582 - MSE: 166.14171 - batch_Time: 0.39888843009248376s
Epoch[7/20 66/700] - Loss: 126.8743515015 - MSE: 126.60467 - batch_Time: 0.3982810250017792s
Epoch[7/20 67/700] - Loss: 211.4801940918 - MSE: 211.12770 - batch_Time: 0.40175529289990664s
Epoch[7/20 68/700] - Loss: 227.5869140625 - MSE: 227.15585 - batch_Time: 0.39712253492325544s
Epoch[7/20 69/700] - Loss: 235.5642852783 - MSE: 234.75133 - batch_Time: 0.39927053404971957s
Epoch[7/20 70/700] - Loss: 286.7559814453 - MSE: 286.03406 - batch_Time: 0.3995184930972755s
Epoch[7/20 71/700] - Loss: 77.7824630737 - MSE: 77.55783 - batch_Time: 0.3974775499664247s
Epoch[7/20 72/700] - Loss: 189.9493865967 - MSE: 189.49089 - batch_Time: 0.4008901489432901s
Epoch[7/20 73/700] - Loss: 275.7328186035 - MSE: 275.14224 - batch_Time: 0.3998423679731786s
Epoch[7/20 74/700] - Loss: 220.9487915039 - MSE: 220.46729 - batch_Time: 0.3994680300820619s
Epoch[7/20 75/700] - Loss: 164.4826660156 - MSE: 164.10301 - batch_Time: 0.40128413401544094s
Epoch[7/20 76/700] - Loss: 203.5414581299 - MSE: 202.95575 - batch_Time: 0.40586637193337083s
Epoch[7/20 77/700] - Loss: 210.9315338135 - MSE: 210.42081 - batch_Time: 0.39727657893672585s
Epoch[7/20 78/700] - Loss: 222.1591491699 - MSE: 221.76869 - batch_Time: 0.39943683915771544s
Epoch[7/20 79/700] - Loss: 147.4418945312 - MSE: 147.02089 - batch_Time: 0.3962557481136173s
Epoch[7/20 80/700] - Loss: 204.7031250000 - MSE: 204.18842 - batch_Time: 0.40004468406550586s
Epoch[7/20 81/700] - Loss: 169.0745239258 - MSE: 168.72115 - batch_Time: 0.3964085450861603s
Epoch[7/20 82/700] - Loss: 343.6582031250 - MSE: 343.23450 - batch_Time: 0.3963893160689622s
Epoch[7/20 83/700] - Loss: 157.1482696533 - MSE: 156.76180 - batch_Time: 0.40056631807237864s
Epoch[7/20 84/700] - Loss: 156.7791748047 - MSE: 156.51575 - batch_Time: 0.395228513982147s
Epoch[7/20 85/700] - Loss: 174.4884643555 - MSE: 174.14578 - batch_Time: 0.3965006531216204s
Epoch[7/20 86/700] - Loss: 227.2797241211 - MSE: 226.85413 - batch_Time: 0.3998622219078243s
Epoch[7/20 87/700] - Loss: 198.2842102051 - MSE: 197.80875 - batch_Time: 0.3976811810862273s
Epoch[7/20 88/700] - Loss: 137.5704345703 - MSE: 137.32201 - batch_Time: 0.3944730500224978s
Epoch[7/20 89/700] - Loss: 306.5563659668 - MSE: 305.95450 - batch_Time: 0.3994173251558095s
Epoch[7/20 90/700] - Loss: 179.7105255127 - MSE: 179.37843 - batch_Time: 0.39276597392745316s
Epoch[7/20 91/700] - Loss: 159.0799560547 - MSE: 158.68814 - batch_Time: 0.3952665620017797s
Epoch[7/20 92/700] - Loss: 91.8503723145 - MSE: 91.62164 - batch_Time: 0.3955985689535737s
Epoch[7/20 93/700] - Loss: 239.9513854980 - MSE: 239.45023 - batch_Time: 0.39716387283988297s
Epoch[7/20 94/700] - Loss: 137.3066711426 - MSE: 137.03052 - batch_Time: 0.4011773569509387s
Epoch[7/20 95/700] - Loss: 202.9522705078 - MSE: 202.58263 - batch_Time: 0.40084531903266907s
Epoch[7/20 96/700] - Loss: 346.5269165039 - MSE: 345.62775 - batch_Time: 0.3948586129117757s
Epoch[7/20 97/700] - Loss: 256.3365173340 - MSE: 255.77286 - batch_Time: 0.4007643989752978s
Epoch[7/20 98/700] - Loss: 355.8463745117 - MSE: 355.28400 - batch_Time: 0.4013516230043024s
Epoch[7/20 99/700] - Loss: 208.2660064697 - MSE: 208.02528 - batch_Time: 0.40028861188329756s
Epoch[7/20 100/700] - Loss: 221.7658081055 - MSE: 221.38699 - batch_Time: 0.4012119141407311s
Epoch[7/20 101/700] - Loss: 223.3318939209 - MSE: 222.87929 - batch_Time: 0.39270284003578126s
Epoch[7/20 102/700] - Loss: 126.6340026855 - MSE: 126.15916 - batch_Time: 0.39914512215182185s
Epoch[7/20 103/700] - Loss: 200.1036529541 - MSE: 199.35255 - batch_Time: 0.4004263090901077s
Epoch[7/20 104/700] - Loss: 187.8547363281 - MSE: 187.19676 - batch_Time: 0.403916577110067s
Epoch[7/20 105/700] - Loss: 165.5091400146 - MSE: 165.00012 - batch_Time: 0.3954102140851319s
Epoch[7/20 106/700] - Loss: 200.1302337646 - MSE: 199.64268 - batch_Time: 0.3944639421533793s
Epoch[7/20 107/700] - Loss: 190.9469299316 - MSE: 190.49350 - batch_Time: 0.4005608670413494s
Epoch[7/20 108/700] - Loss: 169.6802978516 - MSE: 169.28143 - batch_Time: 0.40187682397663593s
Epoch[7/20 109/700] - Loss: 182.7261199951 - MSE: 182.36067 - batch_Time: 0.40138130891136825s
Epoch[7/20 110/700] - Loss: 243.9928436279 - MSE: 243.54816 - batch_Time: 0.40190111310221255s
Epoch[7/20 111/700] - Loss: 142.7730407715 - MSE: 142.40144 - batch_Time: 0.4001086391508579s
Epoch[7/20 112/700] - Loss: 354.6966857910 - MSE: 354.03604 - batch_Time: 0.39696346689015627s
Epoch[7/20 113/700] - Loss: 205.0419311523 - MSE: 204.74188 - batch_Time: 0.40069813281297684s
Epoch[7/20 114/700] - Loss: 193.0113525391 - MSE: 192.72855 - batch_Time: 0.3994011450558901s
Epoch[7/20 115/700] - Loss: 201.6519317627 - MSE: 201.33000 - batch_Time: 0.3986020400188863s
Epoch[7/20 116/700] - Loss: 206.0109558105 - MSE: 205.75258 - batch_Time: 0.396392639959231s
Epoch[7/20 117/700] - Loss: 177.8300170898 - MSE: 177.47505 - batch_Time: 0.40079626999795437s
Epoch[7/20 118/700] - Loss: 192.9254608154 - MSE: 192.44221 - batch_Time: 0.4009593881200999s
Epoch[7/20 119/700] - Loss: 369.6464233398 - MSE: 369.09131 - batch_Time: 0.399583640974015s
Epoch[7/20 120/700] - Loss: 171.5254364014 - MSE: 170.97282 - batch_Time: 0.4080454329960048s
Epoch[7/20 121/700] - Loss: 157.7451934814 - MSE: 157.42632 - batch_Time: 0.41049941000528634s
Epoch[7/20 122/700] - Loss: 263.9167480469 - MSE: 263.40771 - batch_Time: 0.40210308600217104s
Epoch[7/20 123/700] - Loss: 233.8764648438 - MSE: 233.55280 - batch_Time: 0.40804284112527966s
Epoch[7/20 124/700] - Loss: 159.1845703125 - MSE: 158.79877 - batch_Time: 0.3999896040186286s
Epoch[7/20 125/700] - Loss: 209.3272552490 - MSE: 208.93945 - batch_Time: 0.4001083429902792s
Epoch[7/20 126/700] - Loss: 189.8955993652 - MSE: 189.56944 - batch_Time: 0.40580202103592455s
Epoch[7/20 127/700] - Loss: 222.5567321777 - MSE: 222.21118 - batch_Time: 0.4084055759012699s
Epoch[7/20 128/700] - Loss: 146.4032592773 - MSE: 146.14653 - batch_Time: 0.40411456604488194s
Epoch[7/20 129/700] - Loss: 181.9712371826 - MSE: 181.45517 - batch_Time: 0.4048942669760436s
Epoch[7/20 130/700] - Loss: 264.4416198730 - MSE: 264.01462 - batch_Time: 0.4029156749602407s
Epoch[7/20 131/700] - Loss: 178.6530456543 - MSE: 178.42957 - batch_Time: 0.40564425894990563s
Epoch[7/20 132/700] - Loss: 167.7564392090 - MSE: 167.46671 - batch_Time: 0.4048765958286822s
Epoch[7/20 133/700] - Loss: 227.0388946533 - MSE: 226.69888 - batch_Time: 0.40550090093165636s
Epoch[7/20 134/700] - Loss: 138.1519012451 - MSE: 137.81880 - batch_Time: 0.40761571004986763s
Epoch[7/20 135/700] - Loss: 221.6589202881 - MSE: 221.27391 - batch_Time: 0.41304378979839385s
Epoch[7/20 136/700] - Loss: 149.5337829590 - MSE: 149.18927 - batch_Time: 0.40113629889674485s
Epoch[7/20 137/700] - Loss: 152.9573974609 - MSE: 152.44543 - batch_Time: 0.39717853418551385s
Epoch[7/20 138/700] - Loss: 443.7916259766 - MSE: 443.07974 - batch_Time: 0.40882699796929955s
Epoch[7/20 139/700] - Loss: 236.5607452393 - MSE: 235.93268 - batch_Time: 0.4045974959153682s
Epoch[7/20 140/700] - Loss: 193.2886352539 - MSE: 192.88835 - batch_Time: 0.4036680241115391s
Epoch[7/20 141/700] - Loss: 253.9700622559 - MSE: 253.43854 - batch_Time: 0.4024596039671451s
Epoch[7/20 142/700] - Loss: 218.1993560791 - MSE: 217.76758 - batch_Time: 0.3970357140060514s
Epoch[7/20 143/700] - Loss: 245.4824523926 - MSE: 244.88004 - batch_Time: 0.4010094159748405s
Epoch[7/20 144/700] - Loss: 164.0606079102 - MSE: 163.35023 - batch_Time: 0.4067558338865638s
Epoch[7/20 145/700] - Loss: 331.6403808594 - MSE: 331.11572 - batch_Time: 0.40143740200437605s
Epoch[7/20 146/700] - Loss: 159.6182098389 - MSE: 159.42108 - batch_Time: 0.40055610006675124s
Epoch[7/20 147/700] - Loss: 231.4331207275 - MSE: 230.96736 - batch_Time: 0.40412327693775296s
Epoch[7/20 148/700] - Loss: 246.2881622314 - MSE: 245.84959 - batch_Time: 0.4010936429258436s
Epoch[7/20 149/700] - Loss: 273.5837707520 - MSE: 273.13293 - batch_Time: 0.4000994118396193s
Epoch[7/20 150/700] - Loss: 192.4840393066 - MSE: 191.99016 - batch_Time: 0.3992178598418832s
Epoch[7/20 151/700] - Loss: 176.0315856934 - MSE: 175.76958 - batch_Time: 0.4019453541841358s
Epoch[7/20 152/700] - Loss: 181.7369689941 - MSE: 181.30832 - batch_Time: 0.4004224881064147s
Epoch[7/20 153/700] - Loss: 174.7130889893 - MSE: 174.37878 - batch_Time: 0.399992641992867s
Epoch[7/20 154/700] - Loss: 304.8455505371 - MSE: 304.10287 - batch_Time: 0.3962735349778086s
Epoch[7/20 155/700] - Loss: 336.9253845215 - MSE: 336.43271 - batch_Time: 0.4002641688566655s
Epoch[7/20 156/700] - Loss: 245.5066528320 - MSE: 245.07004 - batch_Time: 0.4063631522003561s
Epoch[7/20 157/700] - Loss: 156.0281066895 - MSE: 155.54353 - batch_Time: 0.39868084201589227s
Epoch[7/20 158/700] - Loss: 255.1376647949 - MSE: 254.70789 - batch_Time: 0.4056896981783211s
Epoch[7/20 159/700] - Loss: 205.9324035645 - MSE: 205.62204 - batch_Time: 0.40234786784276366s
Epoch[7/20 160/700] - Loss: 267.4872436523 - MSE: 267.06299 - batch_Time: 0.40741909109055996s
Epoch[7/20 161/700] - Loss: 174.5064544678 - MSE: 174.15959 - batch_Time: 0.3960720840841532s
Epoch[7/20 162/700] - Loss: 142.3776855469 - MSE: 142.13698 - batch_Time: 0.4025143051985651s
Epoch[7/20 163/700] - Loss: 228.6178588867 - MSE: 228.17722 - batch_Time: 0.4019932688679546s
Epoch[7/20 164/700] - Loss: 133.8181915283 - MSE: 133.45886 - batch_Time: 0.40405225986614823s
Epoch[7/20 165/700] - Loss: 292.2621154785 - MSE: 291.80157 - batch_Time: 0.3998407279141247s
Epoch[7/20 166/700] - Loss: 207.1835021973 - MSE: 206.69957 - batch_Time: 0.4071359410881996s
Epoch[7/20 167/700] - Loss: 168.7627563477 - MSE: 168.45869 - batch_Time: 0.4014800719451159s
Epoch[7/20 168/700] - Loss: 197.4747772217 - MSE: 197.11697 - batch_Time: 0.3996830489486456s
Epoch[7/20 169/700] - Loss: 185.4536437988 - MSE: 184.80942 - batch_Time: 0.3979912828654051s
Epoch[7/20 170/700] - Loss: 318.0773010254 - MSE: 317.68829 - batch_Time: 0.4048930499702692s
Epoch[7/20 171/700] - Loss: 230.1645050049 - MSE: 229.52336 - batch_Time: 0.4092816391494125s
Epoch[7/20 172/700] - Loss: 126.9303054810 - MSE: 126.50277 - batch_Time: 0.3974475059658289s
Epoch[7/20 173/700] - Loss: 244.4865417480 - MSE: 243.92241 - batch_Time: 0.3992247509304434s
Epoch[7/20 174/700] - Loss: 152.1328430176 - MSE: 151.88103 - batch_Time: 0.39661848288960755s
Epoch[7/20 175/700] - Loss: 168.2869110107 - MSE: 167.85213 - batch_Time: 0.3958197410684079s
Epoch[7/20 176/700] - Loss: 397.1426086426 - MSE: 396.67926 - batch_Time: 0.4022437010426074s
Epoch[7/20 177/700] - Loss: 263.1994018555 - MSE: 262.47156 - batch_Time: 0.4040733950678259s
Epoch[7/20 178/700] - Loss: 257.5016479492 - MSE: 257.17554 - batch_Time: 0.4011982709635049s
Epoch[7/20 179/700] - Loss: 182.1871337891 - MSE: 181.77975 - batch_Time: 0.39987779199145734s
Epoch[7/20 180/700] - Loss: 263.1943969727 - MSE: 262.75134 - batch_Time: 0.40123224910348654s
Epoch[7/20 181/700] - Loss: 188.6074218750 - MSE: 188.35114 - batch_Time: 0.3958484979812056s
Epoch[7/20 182/700] - Loss: 273.8833618164 - MSE: 273.20312 - batch_Time: 0.40488526481203735s
Epoch[7/20 183/700] - Loss: 266.6134033203 - MSE: 265.93976 - batch_Time: 0.39613252505660057s
Epoch[7/20 184/700] - Loss: 227.4560241699 - MSE: 227.07097 - batch_Time: 0.39554708008654416s
Epoch[7/20 185/700] - Loss: 150.7723083496 - MSE: 150.20129 - batch_Time: 0.40364820510149s
Epoch[7/20 186/700] - Loss: 225.1721038818 - MSE: 224.91658 - batch_Time: 0.3966852780431509s
Epoch[7/20 187/700] - Loss: 306.0163269043 - MSE: 305.67984 - batch_Time: 0.4017509811092168s
Epoch[7/20 188/700] - Loss: 267.0069580078 - MSE: 266.61661 - batch_Time: 0.39745639986358583s
Epoch[7/20 189/700] - Loss: 143.9830322266 - MSE: 143.71658 - batch_Time: 0.3964068091008812s
Epoch[7/20 190/700] - Loss: 267.5345764160 - MSE: 267.14374 - batch_Time: 0.3981868929695338s
Epoch[7/20 191/700] - Loss: 254.9241485596 - MSE: 254.34970 - batch_Time: 0.3979058349505067s
Epoch[7/20 192/700] - Loss: 259.9101562500 - MSE: 259.45459 - batch_Time: 0.39905052399262786s
Epoch[7/20 193/700] - Loss: 239.1506652832 - MSE: 238.81819 - batch_Time: 0.398593557998538s
Epoch[7/20 194/700] - Loss: 330.8848266602 - MSE: 330.32681 - batch_Time: 0.39922646107152104s
Epoch[7/20 195/700] - Loss: 185.9368896484 - MSE: 185.48468 - batch_Time: 0.4001172031275928s
Epoch[7/20 196/700] - Loss: 225.0393371582 - MSE: 224.52867 - batch_Time: 0.40138069097884s
Epoch[7/20 197/700] - Loss: 335.6956481934 - MSE: 335.09387 - batch_Time: 0.3976615450810641s
Epoch[7/20 198/700] - Loss: 171.5028076172 - MSE: 171.13602 - batch_Time: 0.39786525280214846s
Epoch[7/20 199/700] - Loss: 372.3265075684 - MSE: 371.83420 - batch_Time: 0.39662395301274955s
Epoch[7/20 200/700] - Loss: 165.7675476074 - MSE: 165.56512 - batch_Time: 0.4000637219287455s
Epoch[7/20 201/700] - Loss: 275.9367065430 - MSE: 275.40445 - batch_Time: 0.402190551860258s
Epoch[7/20 202/700] - Loss: 186.4944458008 - MSE: 186.04849 - batch_Time: 0.39949998492375016s
Epoch[7/20 203/700] - Loss: 184.6924133301 - MSE: 184.34212 - batch_Time: 0.39921499812044203s
Epoch[7/20 204/700] - Loss: 215.6027832031 - MSE: 214.88295 - batch_Time: 0.40014422009699047s
Epoch[7/20 205/700] - Loss: 215.7896881104 - MSE: 215.33635 - batch_Time: 0.40261824685148895s
Epoch[7/20 206/700] - Loss: 207.2565765381 - MSE: 206.79607 - batch_Time: 0.3951342049986124s
Epoch[7/20 207/700] - Loss: 210.7116088867 - MSE: 210.27155 - batch_Time: 0.39740930311381817s
Epoch[7/20 208/700] - Loss: 252.2731628418 - MSE: 251.74554 - batch_Time: 0.4005756031256169s
Epoch[7/20 209/700] - Loss: 246.5173950195 - MSE: 246.05261 - batch_Time: 0.40155022381804883s
Epoch[7/20 210/700] - Loss: 253.1935272217 - MSE: 252.88930 - batch_Time: 0.39916554605588317s
Epoch[7/20 211/700] - Loss: 174.9844512939 - MSE: 174.63797 - batch_Time: 0.4019958800636232s
Epoch[7/20 212/700] - Loss: 166.6505126953 - MSE: 165.90799 - batch_Time: 0.4090563340578228s
Epoch[7/20 213/700] - Loss: 170.5566558838 - MSE: 170.02371 - batch_Time: 0.39607408293522894s
Epoch[7/20 214/700] - Loss: 179.1175994873 - MSE: 178.76759 - batch_Time: 0.40009693591855466s
Epoch[7/20 215/700] - Loss: 206.5320129395 - MSE: 206.14432 - batch_Time: 0.3975794289726764s
Epoch[7/20 216/700] - Loss: 160.9176177979 - MSE: 160.60683 - batch_Time: 0.3990853449795395s
Epoch[7/20 217/700] - Loss: 242.2146606445 - MSE: 241.74696 - batch_Time: 0.40120605495758355s
Epoch[7/20 218/700] - Loss: 251.8135528564 - MSE: 251.41791 - batch_Time: 0.39779351418837905s
Epoch[7/20 219/700] - Loss: 277.8139343262 - MSE: 277.22192 - batch_Time: 0.39726847992278636s
Epoch[7/20 220/700] - Loss: 218.5129241943 - MSE: 218.09135 - batch_Time: 0.40075983689166605s
Epoch[7/20 221/700] - Loss: 248.6224975586 - MSE: 247.93303 - batch_Time: 0.3963422570377588s
Epoch[7/20 222/700] - Loss: 190.1122131348 - MSE: 189.59314 - batch_Time: 0.39710344886407256s
Epoch[7/20 223/700] - Loss: 245.5369873047 - MSE: 245.21349 - batch_Time: 0.3990020321216434s
Epoch[7/20 224/700] - Loss: 267.1903991699 - MSE: 266.78046 - batch_Time: 0.398445287020877s
Epoch[7/20 225/700] - Loss: 285.8325805664 - MSE: 285.54916 - batch_Time: 0.3983919268939644s
Epoch[7/20 226/700] - Loss: 146.8415527344 - MSE: 146.44679 - batch_Time: 0.3983314079232514s
Epoch[7/20 227/700] - Loss: 238.5693359375 - MSE: 238.17029 - batch_Time: 0.4013097300194204s
Epoch[7/20 228/700] - Loss: 331.7209777832 - MSE: 331.15210 - batch_Time: 0.39863825403153896s
Epoch[7/20 229/700] - Loss: 186.6818847656 - MSE: 186.41919 - batch_Time: 0.3981505080591887s
Epoch[7/20 230/700] - Loss: 136.0824279785 - MSE: 135.77390 - batch_Time: 0.400982131017372s
Epoch[7/20 231/700] - Loss: 178.1947937012 - MSE: 177.84299 - batch_Time: 0.39514631405472755s
Epoch[7/20 232/700] - Loss: 219.6534729004 - MSE: 219.21063 - batch_Time: 0.3958267071284354s
Epoch[7/20 233/700] - Loss: 292.7724914551 - MSE: 292.03040 - batch_Time: 0.3999090399593115s
Epoch[7/20 234/700] - Loss: 130.2386016846 - MSE: 129.76427 - batch_Time: 0.3959944359958172s
Epoch[7/20 235/700] - Loss: 204.9118041992 - MSE: 204.43553 - batch_Time: 0.3960642139427364s
Epoch[7/20 236/700] - Loss: 142.8601074219 - MSE: 142.31152 - batch_Time: 0.39823703304864466s
Epoch[7/20 237/700] - Loss: 234.2836914062 - MSE: 233.86951 - batch_Time: 0.4022086658515036s
Epoch[7/20 238/700] - Loss: 202.3539733887 - MSE: 201.79276 - batch_Time: 0.4014198328368366s
Epoch[7/20 239/700] - Loss: 152.0187225342 - MSE: 151.72192 - batch_Time: 0.4019207591190934s
Epoch[7/20 240/700] - Loss: 199.4174041748 - MSE: 199.19115 - batch_Time: 0.3959638229571283s
Epoch[7/20 241/700] - Loss: 326.1250610352 - MSE: 325.85599 - batch_Time: 0.3998288179282099s
Epoch[7/20 242/700] - Loss: 259.9471435547 - MSE: 259.52661 - batch_Time: 0.3991930019110441s
Epoch[7/20 243/700] - Loss: 184.2767639160 - MSE: 183.94463 - batch_Time: 0.4035625131800771s
Epoch[7/20 244/700] - Loss: 179.5189208984 - MSE: 179.14969 - batch_Time: 0.39639682811684906s
Epoch[7/20 245/700] - Loss: 307.8796386719 - MSE: 307.49777 - batch_Time: 0.4025940711144358s
Epoch[7/20 246/700] - Loss: 224.5631866455 - MSE: 224.20761 - batch_Time: 0.39553408487699926s
Epoch[7/20 247/700] - Loss: 168.9089050293 - MSE: 168.68709 - batch_Time: 0.4060927079990506s
Epoch[7/20 248/700] - Loss: 179.5030212402 - MSE: 179.04346 - batch_Time: 0.39401245885528624s
Epoch[7/20 249/700] - Loss: 243.0950317383 - MSE: 242.69868 - batch_Time: 0.40264245797879994s
Epoch[7/20 250/700] - Loss: 140.6290893555 - MSE: 140.15450 - batch_Time: 0.39572929218411446s
Epoch[7/20 251/700] - Loss: 280.5155029297 - MSE: 279.95963 - batch_Time: 0.40117181092500687s
Epoch[7/20 252/700] - Loss: 202.6580047607 - MSE: 202.13542 - batch_Time: 0.39543671393767s
Epoch[7/20 253/700] - Loss: 263.7812194824 - MSE: 263.14508 - batch_Time: 0.39757205406203866s
Epoch[7/20 254/700] - Loss: 189.5023193359 - MSE: 189.12109 - batch_Time: 0.39825751702301204s
Epoch[7/20 255/700] - Loss: 252.1582489014 - MSE: 251.73447 - batch_Time: 0.39860736299306154s
Epoch[7/20 256/700] - Loss: 208.5153808594 - MSE: 208.11963 - batch_Time: 0.394395501120016s
Epoch[7/20 257/700] - Loss: 239.8135223389 - MSE: 239.18462 - batch_Time: 0.39532892289571464s
Epoch[7/20 258/700] - Loss: 256.6665649414 - MSE: 256.15103 - batch_Time: 0.397506482899189s
Epoch[7/20 259/700] - Loss: 256.6423339844 - MSE: 256.35434 - batch_Time: 0.39544628094881773s
Epoch[7/20 260/700] - Loss: 154.7107849121 - MSE: 154.45700 - batch_Time: 0.397852148860693s
Epoch[7/20 261/700] - Loss: 172.6552734375 - MSE: 172.36665 - batch_Time: 0.39287097309716046s
Epoch[7/20 262/700] - Loss: 236.3771667480 - MSE: 236.04816 - batch_Time: 0.3933718290645629s
Epoch[7/20 263/700] - Loss: 195.6142272949 - MSE: 195.29443 - batch_Time: 0.3952439019922167s
Epoch[7/20 264/700] - Loss: 156.0022583008 - MSE: 155.68634 - batch_Time: 0.39534260891377926s
Epoch[7/20 265/700] - Loss: 179.8201141357 - MSE: 179.63934 - batch_Time: 0.3938840329647064s
Epoch[7/20 266/700] - Loss: 172.0431976318 - MSE: 171.71469 - batch_Time: 0.39395906194113195s
Epoch[7/20 267/700] - Loss: 307.8652648926 - MSE: 307.05371 - batch_Time: 0.394760464085266s
Epoch[7/20 268/700] - Loss: 179.4161376953 - MSE: 178.88623 - batch_Time: 0.3962675698567182s
Epoch[7/20 269/700] - Loss: 213.8621215820 - MSE: 213.53535 - batch_Time: 0.3967053450178355s
Epoch[7/20 270/700] - Loss: 178.5910339355 - MSE: 178.26147 - batch_Time: 0.396211130078882s
Epoch[7/20 271/700] - Loss: 250.3123626709 - MSE: 249.86942 - batch_Time: 0.39567181398160756s
Epoch[7/20 272/700] - Loss: 268.0574951172 - MSE: 267.39734 - batch_Time: 0.39283357094973326s
Epoch[7/20 273/700] - Loss: 209.5088195801 - MSE: 209.11887 - batch_Time: 0.3964509069919586s
Epoch[7/20 274/700] - Loss: 196.3921966553 - MSE: 195.98494 - batch_Time: 0.39512507803738117s
Epoch[7/20 275/700] - Loss: 175.6766510010 - MSE: 175.33145 - batch_Time: 0.3963683859910816s
Epoch[7/20 276/700] - Loss: 234.9961700439 - MSE: 234.48819 - batch_Time: 0.39498684904538095s
Epoch[7/20 277/700] - Loss: 194.1213073730 - MSE: 193.73109 - batch_Time: 0.39351564296521246s
Epoch[7/20 278/700] - Loss: 126.3129806519 - MSE: 125.86337 - batch_Time: 0.3928151889704168s
Epoch[7/20 279/700] - Loss: 180.0638580322 - MSE: 179.75726 - batch_Time: 0.39802501909434795s
Epoch[7/20 280/700] - Loss: 241.1911468506 - MSE: 240.71898 - batch_Time: 0.39667188189923763s
Epoch[7/20 281/700] - Loss: 266.7698059082 - MSE: 266.14203 - batch_Time: 0.39754524384625256s
Epoch[7/20 282/700] - Loss: 218.6248016357 - MSE: 218.23694 - batch_Time: 0.3963811630383134s
Epoch[7/20 283/700] - Loss: 155.4678955078 - MSE: 155.21620 - batch_Time: 0.401104079792276s
Epoch[7/20 284/700] - Loss: 185.7513427734 - MSE: 185.51028 - batch_Time: 0.4000018290244043s
Epoch[7/20 285/700] - Loss: 172.7916870117 - MSE: 172.40390 - batch_Time: 0.40160840400494635s
Epoch[7/20 286/700] - Loss: 128.0828857422 - MSE: 127.79827 - batch_Time: 0.4079486960545182s
Epoch[7/20 287/700] - Loss: 191.9302368164 - MSE: 191.45082 - batch_Time: 0.39940412412397563s
Epoch[7/20 288/700] - Loss: 202.4574432373 - MSE: 201.96915 - batch_Time: 0.39942796388641s
Epoch[7/20 289/700] - Loss: 341.2730102539 - MSE: 340.59875 - batch_Time: 0.40136466501280665s
Epoch[7/20 290/700] - Loss: 197.2292327881 - MSE: 196.78355 - batch_Time: 0.40217703697271645s
Epoch[7/20 291/700] - Loss: 226.0100708008 - MSE: 225.72742 - batch_Time: 0.404708773130551s
Epoch[7/20 292/700] - Loss: 205.8777923584 - MSE: 205.56685 - batch_Time: 0.3971895920112729s
Epoch[7/20 293/700] - Loss: 139.9947357178 - MSE: 139.70572 - batch_Time: 0.4035788718611002s
Epoch[7/20 294/700] - Loss: 172.5692749023 - MSE: 172.24144 - batch_Time: 0.4022837339434773s
Epoch[7/20 295/700] - Loss: 202.7779998779 - MSE: 202.33250 - batch_Time: 0.400803797878325s
Epoch[7/20 296/700] - Loss: 188.8787384033 - MSE: 188.47876 - batch_Time: 0.39685795409604907s
Epoch[7/20 297/700] - Loss: 225.4811706543 - MSE: 225.12283 - batch_Time: 0.3983170900028199s
Epoch[7/20 298/700] - Loss: 170.2348175049 - MSE: 169.79709 - batch_Time: 0.3969390820711851s
Epoch[7/20 299/700] - Loss: 213.5327758789 - MSE: 213.21649 - batch_Time: 0.40000904398038983s
Epoch[7/20 300/700] - Loss: 250.3071899414 - MSE: 249.84692 - batch_Time: 0.39882852509617805s
Epoch[7/20 301/700] - Loss: 131.8292083740 - MSE: 131.48988 - batch_Time: 0.4002759698778391s
Epoch[7/20 302/700] - Loss: 233.4267120361 - MSE: 233.04950 - batch_Time: 0.39744611689820886s
Epoch[7/20 303/700] - Loss: 140.6200866699 - MSE: 140.36804 - batch_Time: 0.4030155250802636s
Epoch[7/20 304/700] - Loss: 202.9483642578 - MSE: 202.54672 - batch_Time: 0.40089331404305995s
Epoch[7/20 305/700] - Loss: 296.2497558594 - MSE: 295.48184 - batch_Time: 0.40127856913022697s
Epoch[7/20 306/700] - Loss: 209.2613525391 - MSE: 208.75711 - batch_Time: 0.39576017088256776s
Epoch[7/20 307/700] - Loss: 137.0793151855 - MSE: 136.78009 - batch_Time: 0.39645226299762726s
Epoch[7/20 308/700] - Loss: 376.7813415527 - MSE: 376.14874 - batch_Time: 0.39687321009114385s
Epoch[7/20 309/700] - Loss: 211.1339111328 - MSE: 210.61057 - batch_Time: 0.39598762709647417s
Epoch[7/20 310/700] - Loss: 215.2588806152 - MSE: 214.92221 - batch_Time: 0.40286355279386044s
Epoch[7/20 311/700] - Loss: 247.1197052002 - MSE: 246.71835 - batch_Time: 0.4012664679903537s
Epoch[7/20 312/700] - Loss: 228.2320709229 - MSE: 227.87936 - batch_Time: 0.40484362398274243s
Epoch[7/20 313/700] - Loss: 327.3505859375 - MSE: 327.04965 - batch_Time: 0.3983431439846754s
Epoch[7/20 314/700] - Loss: 195.6589660645 - MSE: 195.05324 - batch_Time: 0.4038201530929655s
Epoch[7/20 315/700] - Loss: 200.7458190918 - MSE: 200.36879 - batch_Time: 0.4010564580094069s
Epoch[7/20 316/700] - Loss: 441.3323974609 - MSE: 440.69995 - batch_Time: 0.3959694248624146s
Epoch[7/20 317/700] - Loss: 162.5241394043 - MSE: 162.25726 - batch_Time: 0.3965004989877343s
Epoch[7/20 318/700] - Loss: 297.8450317383 - MSE: 297.52124 - batch_Time: 0.3988538379780948s
Epoch[7/20 319/700] - Loss: 149.4355010986 - MSE: 149.21786 - batch_Time: 0.39932173304259777s
Epoch[7/20 320/700] - Loss: 279.1140136719 - MSE: 278.63486 - batch_Time: 0.39659280702471733s
Epoch[7/20 321/700] - Loss: 130.2715454102 - MSE: 130.07016 - batch_Time: 0.4002898521721363s
Epoch[7/20 322/700] - Loss: 203.4918518066 - MSE: 203.17372 - batch_Time: 0.4003242622129619s
Epoch[7/20 323/700] - Loss: 159.2129211426 - MSE: 158.81339 - batch_Time: 0.4027714601252228s
Epoch[7/20 324/700] - Loss: 373.1453857422 - MSE: 372.53955 - batch_Time: 0.40277083893306553s
Epoch[7/20 325/700] - Loss: 188.8183441162 - MSE: 188.48752 - batch_Time: 0.4034529719501734s
Epoch[7/20 326/700] - Loss: 208.4602966309 - MSE: 207.94582 - batch_Time: 0.4030803949572146s
Epoch[7/20 327/700] - Loss: 162.6288452148 - MSE: 162.33304 - batch_Time: 0.40731166605837643s
Epoch[7/20 328/700] - Loss: 336.9980468750 - MSE: 336.65701 - batch_Time: 0.40470080985687673s
Epoch[7/20 329/700] - Loss: 243.3973693848 - MSE: 243.00256 - batch_Time: 0.402643937850371s
Epoch[7/20 330/700] - Loss: 180.0950317383 - MSE: 179.60851 - batch_Time: 0.40723690507002175s
Epoch[7/20 331/700] - Loss: 281.5927734375 - MSE: 281.15546 - batch_Time: 0.40817639511078596s
Epoch[7/20 332/700] - Loss: 156.3349914551 - MSE: 156.15825 - batch_Time: 0.40575482905842364s
Epoch[7/20 333/700] - Loss: 194.4838562012 - MSE: 194.11539 - batch_Time: 0.40632523293606937s
Epoch[7/20 334/700] - Loss: 225.2263336182 - MSE: 224.85410 - batch_Time: 0.40770995896309614s
Epoch[7/20 335/700] - Loss: 210.5560913086 - MSE: 210.11108 - batch_Time: 0.4105711621232331s
Epoch[7/20 336/700] - Loss: 254.8065185547 - MSE: 254.34021 - batch_Time: 0.40705800405703485s
Epoch[7/20 337/700] - Loss: 103.1101531982 - MSE: 102.84035 - batch_Time: 0.40525587112642825s
Epoch[7/20 338/700] - Loss: 145.9483947754 - MSE: 145.61349 - batch_Time: 0.40641073998995125s
Epoch[7/20 339/700] - Loss: 517.5411376953 - MSE: 516.70795 - batch_Time: 0.40600855299271643s
Epoch[7/20 340/700] - Loss: 182.1488494873 - MSE: 181.62144 - batch_Time: 0.4058189250063151s
Epoch[7/20 341/700] - Loss: 187.4469299316 - MSE: 187.12662 - batch_Time: 0.4039341809693724s
Epoch[7/20 342/700] - Loss: 150.8959197998 - MSE: 150.61566 - batch_Time: 0.4063746479805559s
Epoch[7/20 343/700] - Loss: 139.1221160889 - MSE: 138.57449 - batch_Time: 0.40469391411170363s
Epoch[7/20 344/700] - Loss: 178.7823638916 - MSE: 178.28329 - batch_Time: 0.40631964919157326s
Epoch[7/20 345/700] - Loss: 204.7990722656 - MSE: 204.47418 - batch_Time: 0.40546070598065853s
Epoch[7/20 346/700] - Loss: 169.7165985107 - MSE: 169.24725 - batch_Time: 0.40632629697211087s
Epoch[7/20 347/700] - Loss: 276.8683166504 - MSE: 276.32043 - batch_Time: 0.40032549295574427s
Epoch[7/20 348/700] - Loss: 333.5702514648 - MSE: 333.21237 - batch_Time: 0.4006975390948355s
Epoch[7/20 349/700] - Loss: 214.7823181152 - MSE: 214.24261 - batch_Time: 0.398762617027387s
Epoch[7/20 350/700] - Loss: 131.3498840332 - MSE: 130.83630 - batch_Time: 0.40610107802785933s
Epoch[7/20 351/700] - Loss: 159.4672546387 - MSE: 158.97546 - batch_Time: 0.40773248206824064s
Epoch[7/20 352/700] - Loss: 231.8124084473 - MSE: 231.31519 - batch_Time: 0.41076946281827986s
Epoch[7/20 353/700] - Loss: 269.6579589844 - MSE: 269.24005 - batch_Time: 0.4079671590588987s
Epoch[7/20 354/700] - Loss: 267.2626953125 - MSE: 266.85101 - batch_Time: 0.407716060988605s
Epoch[7/20 355/700] - Loss: 256.6130981445 - MSE: 256.24469 - batch_Time: 0.39643662609159946s
Epoch[7/20 356/700] - Loss: 312.4942626953 - MSE: 311.98877 - batch_Time: 0.4048345780465752s
Epoch[7/20 357/700] - Loss: 347.8457031250 - MSE: 347.06049 - batch_Time: 0.40023980918340385s
Epoch[7/20 358/700] - Loss: 206.5054931641 - MSE: 206.08086 - batch_Time: 0.40246855886653066s
Epoch[7/20 359/700] - Loss: 255.3969726562 - MSE: 254.87674 - batch_Time: 0.3966863320674747s
Epoch[7/20 360/700] - Loss: 144.2755737305 - MSE: 143.87982 - batch_Time: 0.4031671709381044s
Epoch[7/20 361/700] - Loss: 234.8964843750 - MSE: 234.52547 - batch_Time: 0.39541724417358637s
Epoch[7/20 362/700] - Loss: 245.7659454346 - MSE: 245.24925 - batch_Time: 0.40136449807323515s
Epoch[7/20 363/700] - Loss: 134.8344726562 - MSE: 134.59804 - batch_Time: 0.40167148504406214s
Epoch[7/20 364/700] - Loss: 303.6603088379 - MSE: 303.07370 - batch_Time: 0.3985111841466278s
Epoch[7/20 365/700] - Loss: 314.8279724121 - MSE: 314.21063 - batch_Time: 0.39626972400583327s
Epoch[7/20 366/700] - Loss: 196.2971191406 - MSE: 195.93646 - batch_Time: 0.39870777097530663s
Epoch[7/20 367/700] - Loss: 177.4269866943 - MSE: 177.00690 - batch_Time: 0.3999908578116447s
Epoch[7/20 368/700] - Loss: 283.0329895020 - MSE: 282.59552 - batch_Time: 0.40225438703782856s
Epoch[7/20 369/700] - Loss: 253.3988189697 - MSE: 252.88541 - batch_Time: 0.39926470583304763s
Epoch[7/20 370/700] - Loss: 326.2803649902 - MSE: 325.66595 - batch_Time: 0.40109261800535023s
Epoch[7/20 371/700] - Loss: 172.8435821533 - MSE: 172.55112 - batch_Time: 0.3981366050429642s
Epoch[7/20 372/700] - Loss: 368.3214416504 - MSE: 367.81558 - batch_Time: 0.40260417200624943s
Epoch[7/20 373/700] - Loss: 145.9473419189 - MSE: 145.63232 - batch_Time: 0.3934647280257195s
Epoch[7/20 374/700] - Loss: 198.8276062012 - MSE: 198.46333 - batch_Time: 0.4015388712286949s
Epoch[7/20 375/700] - Loss: 155.4547271729 - MSE: 155.14929 - batch_Time: 0.399411641061306s
Epoch[7/20 376/700] - Loss: 242.7374420166 - MSE: 242.44974 - batch_Time: 0.4017751889768988s
Epoch[7/20 377/700] - Loss: 270.1507568359 - MSE: 269.78574 - batch_Time: 0.3951051998883486s
Epoch[7/20 378/700] - Loss: 227.7109527588 - MSE: 227.12332 - batch_Time: 0.3985814379993826s
Epoch[7/20 379/700] - Loss: 85.7120819092 - MSE: 85.53864 - batch_Time: 0.3941570788156241s
Epoch[7/20 380/700] - Loss: 162.6961059570 - MSE: 162.42696 - batch_Time: 0.39907698309980333s
Epoch[7/20 381/700] - Loss: 237.4882659912 - MSE: 236.86591 - batch_Time: 0.3959638709202409s
Epoch[7/20 382/700] - Loss: 149.0714416504 - MSE: 148.67612 - batch_Time: 0.41020268807187676s
Epoch[7/20 383/700] - Loss: 216.7065124512 - MSE: 216.13663 - batch_Time: 0.40356823010370135s
Epoch[7/20 384/700] - Loss: 165.7180938721 - MSE: 165.15617 - batch_Time: 0.4031911031343043s
Epoch[7/20 385/700] - Loss: 157.1175537109 - MSE: 156.88402 - batch_Time: 0.40452114096842706s
Epoch[7/20 386/700] - Loss: 234.2230529785 - MSE: 233.79274 - batch_Time: 0.40969159197993577s
Epoch[7/20 387/700] - Loss: 201.6442108154 - MSE: 201.20341 - batch_Time: 0.4041906730271876s
Epoch[7/20 388/700] - Loss: 240.3698120117 - MSE: 239.84988 - batch_Time: 0.401039952179417s
Epoch[7/20 389/700] - Loss: 146.9637603760 - MSE: 146.61810 - batch_Time: 0.40582727710716426s
Epoch[7/20 390/700] - Loss: 150.1006164551 - MSE: 149.65681 - batch_Time: 0.404685887042433s
Epoch[7/20 391/700] - Loss: 324.7747802734 - MSE: 324.20026 - batch_Time: 0.3996779730077833s
Epoch[7/20 392/700] - Loss: 222.9545440674 - MSE: 222.40065 - batch_Time: 0.4078229870647192s
Epoch[7/20 393/700] - Loss: 184.2382202148 - MSE: 183.86418 - batch_Time: 0.40398901188746095s
Epoch[7/20 394/700] - Loss: 169.5781250000 - MSE: 169.07462 - batch_Time: 0.40756641887128353s
Epoch[7/20 395/700] - Loss: 130.5369873047 - MSE: 130.22758 - batch_Time: 0.40545869804918766s
Epoch[7/20 396/700] - Loss: 180.3112945557 - MSE: 179.91252 - batch_Time: 0.40815412206575274s
Epoch[7/20 397/700] - Loss: 130.8044128418 - MSE: 130.50089 - batch_Time: 0.40589216304942966s
Epoch[7/20 398/700] - Loss: 133.4437561035 - MSE: 133.13777 - batch_Time: 0.4076914261095226s
Epoch[7/20 399/700] - Loss: 188.6848297119 - MSE: 188.38861 - batch_Time: 0.39737159200012684s
Epoch[7/20 400/700] - Loss: 145.4834594727 - MSE: 145.15884 - batch_Time: 0.40654261386953294s
Epoch[7/20 401/700] - Loss: 222.1258544922 - MSE: 221.79021 - batch_Time: 0.3993303228635341s
Epoch[7/20 402/700] - Loss: 155.0696411133 - MSE: 154.75740 - batch_Time: 0.40498829004354775s
Epoch[7/20 403/700] - Loss: 166.9806213379 - MSE: 166.66194 - batch_Time: 0.40077270893380046s
Epoch[7/20 404/700] - Loss: 247.3031005859 - MSE: 246.76443 - batch_Time: 0.40015911497175694s
Epoch[7/20 405/700] - Loss: 118.7830810547 - MSE: 118.47000 - batch_Time: 0.3997150380164385s
Epoch[7/20 406/700] - Loss: 165.7342529297 - MSE: 165.34747 - batch_Time: 0.40085473586805165s
Epoch[7/20 407/700] - Loss: 214.6882171631 - MSE: 214.36789 - batch_Time: 0.4028959381394088s
Epoch[7/20 408/700] - Loss: 216.6213073730 - MSE: 216.12994 - batch_Time: 0.4064040048979223s
Epoch[7/20 409/700] - Loss: 168.5416564941 - MSE: 168.30083 - batch_Time: 0.4022653130814433s
Epoch[7/20 410/700] - Loss: 272.8735046387 - MSE: 272.26828 - batch_Time: 0.4018847260158509s
Epoch[7/20 411/700] - Loss: 181.7899627686 - MSE: 181.34714 - batch_Time: 0.40149078983813524s
Epoch[7/20 412/700] - Loss: 323.1707153320 - MSE: 322.55145 - batch_Time: 0.4088599111419171s
Epoch[7/20 413/700] - Loss: 128.6931762695 - MSE: 128.45412 - batch_Time: 0.4016681369394064s
Epoch[7/20 414/700] - Loss: 244.3891296387 - MSE: 243.80948 - batch_Time: 0.40028346981853247s
Epoch[7/20 415/700] - Loss: 219.5397644043 - MSE: 219.02274 - batch_Time: 0.40135236899368465s
Epoch[7/20 416/700] - Loss: 129.5831451416 - MSE: 129.36588 - batch_Time: 0.403477099025622s
Epoch[7/20 417/700] - Loss: 200.9478454590 - MSE: 200.57779 - batch_Time: 0.4025350180454552s
Epoch[7/20 418/700] - Loss: 153.7673034668 - MSE: 153.38464 - batch_Time: 0.40300658298656344s
Epoch[7/20 419/700] - Loss: 192.7186889648 - MSE: 192.45027 - batch_Time: 0.4045592378824949s
Epoch[7/20 420/700] - Loss: 222.2462005615 - MSE: 221.95847 - batch_Time: 0.4047328159213066s
Epoch[7/20 421/700] - Loss: 198.9720764160 - MSE: 198.61975 - batch_Time: 0.40371356485411525s
Epoch[7/20 422/700] - Loss: 285.7872314453 - MSE: 285.36066 - batch_Time: 0.40746606001630425s
Epoch[7/20 423/700] - Loss: 176.0102233887 - MSE: 175.67944 - batch_Time: 0.4052869591396302s
Epoch[7/20 424/700] - Loss: 281.4226074219 - MSE: 281.05243 - batch_Time: 0.401846582069993s
Epoch[7/20 425/700] - Loss: 152.8812103271 - MSE: 152.70895 - batch_Time: 0.408069133060053s
Epoch[7/20 426/700] - Loss: 245.9276123047 - MSE: 245.37837 - batch_Time: 0.4013814148493111s
Epoch[7/20 427/700] - Loss: 226.5063934326 - MSE: 226.14125 - batch_Time: 0.4019077690318227s
Epoch[7/20 428/700] - Loss: 229.0339813232 - MSE: 228.48926 - batch_Time: 0.4012322260532528s
Epoch[7/20 429/700] - Loss: 211.5387725830 - MSE: 211.28891 - batch_Time: 0.406723874155432s
Epoch[7/20 430/700] - Loss: 197.5083312988 - MSE: 197.06110 - batch_Time: 0.40248864283785224s
Epoch[7/20 431/700] - Loss: 415.4677124023 - MSE: 415.01788 - batch_Time: 0.4038077909499407s
Epoch[7/20 432/700] - Loss: 163.1082611084 - MSE: 162.67378 - batch_Time: 0.40187543886713684s
Epoch[7/20 433/700] - Loss: 225.7869567871 - MSE: 225.38074 - batch_Time: 0.40190930804237723s
Epoch[7/20 434/700] - Loss: 141.8047790527 - MSE: 141.43781 - batch_Time: 0.40108389500528574s
Epoch[7/20 435/700] - Loss: 189.1423187256 - MSE: 188.61430 - batch_Time: 0.40324425511062145s
Epoch[7/20 436/700] - Loss: 125.1675186157 - MSE: 124.75932 - batch_Time: 0.40269599901512265s
Epoch[7/20 437/700] - Loss: 164.7292480469 - MSE: 164.44980 - batch_Time: 0.40093363588675857s
Epoch[7/20 438/700] - Loss: 249.0535888672 - MSE: 248.59839 - batch_Time: 0.4046853908803314s
Epoch[7/20 439/700] - Loss: 254.9389038086 - MSE: 254.52390 - batch_Time: 0.403256393969059s
Epoch[7/20 440/700] - Loss: 228.8284912109 - MSE: 228.50861 - batch_Time: 0.4033355019055307s
Epoch[7/20 441/700] - Loss: 333.9617919922 - MSE: 333.40295 - batch_Time: 0.40288001485168934s
Epoch[7/20 442/700] - Loss: 141.8457183838 - MSE: 141.61275 - batch_Time: 0.40048177796415985s
Epoch[7/20 443/700] - Loss: 222.9361724854 - MSE: 222.41559 - batch_Time: 0.40415399381890893s
Epoch[7/20 444/700] - Loss: 269.0513916016 - MSE: 268.68231 - batch_Time: 0.40633553196676075s
Epoch[7/20 445/700] - Loss: 188.9352264404 - MSE: 188.56857 - batch_Time: 0.402932494180277s
Epoch[7/20 446/700] - Loss: 139.2399444580 - MSE: 139.05232 - batch_Time: 0.40328248986043036s
Epoch[7/20 447/700] - Loss: 135.0458526611 - MSE: 134.66238 - batch_Time: 0.402084331959486s
Epoch[7/20 448/700] - Loss: 192.9756774902 - MSE: 192.68364 - batch_Time: 0.4080792339518666s
Epoch[7/20 449/700] - Loss: 253.8199462891 - MSE: 253.52548 - batch_Time: 0.40163491503335536s
Epoch[7/20 450/700] - Loss: 198.6537475586 - MSE: 197.95378 - batch_Time: 0.40025795716792345s
Epoch[7/20 451/700] - Loss: 212.7723083496 - MSE: 212.31679 - batch_Time: 0.4026725050061941s
Epoch[7/20 452/700] - Loss: 144.1997985840 - MSE: 143.75551 - batch_Time: 0.4015609349589795s
Epoch[7/20 453/700] - Loss: 204.8558807373 - MSE: 204.54208 - batch_Time: 0.4016140738967806s
Epoch[7/20 454/700] - Loss: 139.1765899658 - MSE: 138.81329 - batch_Time: 0.40011464804410934s
Epoch[7/20 455/700] - Loss: 179.9862670898 - MSE: 179.71115 - batch_Time: 0.4024514760822058s
Epoch[7/20 456/700] - Loss: 200.2546691895 - MSE: 199.96286 - batch_Time: 0.4016352230682969s
Epoch[7/20 457/700] - Loss: 186.4494018555 - MSE: 186.21509 - batch_Time: 0.3967085189651698s
Epoch[7/20 458/700] - Loss: 171.0545043945 - MSE: 170.56012 - batch_Time: 0.40591517207212746s
Epoch[7/20 459/700] - Loss: 161.9755249023 - MSE: 161.42099 - batch_Time: 0.4041497588623315s
Epoch[7/20 460/700] - Loss: 192.9630889893 - MSE: 192.53566 - batch_Time: 0.39700449514202774s
Epoch[7/20 461/700] - Loss: 169.1097259521 - MSE: 168.59262 - batch_Time: 0.39943031198345125s
Epoch[7/20 462/700] - Loss: 209.7433776855 - MSE: 209.21159 - batch_Time: 0.39699984388425946s
Epoch[7/20 463/700] - Loss: 142.4514007568 - MSE: 142.16441 - batch_Time: 0.3958269851282239s
Epoch[7/20 464/700] - Loss: 213.6228942871 - MSE: 213.11469 - batch_Time: 0.40204993705265224s
Epoch[7/20 465/700] - Loss: 250.0169982910 - MSE: 249.50154 - batch_Time: 0.40274193906225264s
Epoch[7/20 466/700] - Loss: 123.8476638794 - MSE: 123.40624 - batch_Time: 0.40007877396419644s
Epoch[7/20 467/700] - Loss: 166.1157226562 - MSE: 165.74487 - batch_Time: 0.39790941402316093s
Epoch[7/20 468/700] - Loss: 173.1371307373 - MSE: 172.84029 - batch_Time: 0.3981485618278384s
Epoch[7/20 469/700] - Loss: 163.2891998291 - MSE: 162.71210 - batch_Time: 0.3995324680581689s
Epoch[7/20 470/700] - Loss: 190.1582183838 - MSE: 189.81076 - batch_Time: 0.4017304079607129s
Epoch[7/20 471/700] - Loss: 165.0295410156 - MSE: 164.65984 - batch_Time: 0.4004935179837048s
Epoch[7/20 472/700] - Loss: 191.6348266602 - MSE: 191.29216 - batch_Time: 0.4005691879428923s
Epoch[7/20 473/700] - Loss: 111.1623535156 - MSE: 110.87761 - batch_Time: 0.39461909304372966s
Epoch[7/20 474/700] - Loss: 196.8141632080 - MSE: 196.44772 - batch_Time: 0.39746793708764017s
Epoch[7/20 475/700] - Loss: 163.2621612549 - MSE: 162.91739 - batch_Time: 0.39987862203270197s
Epoch[7/20 476/700] - Loss: 84.4953079224 - MSE: 84.15427 - batch_Time: 0.4015523581765592s
Epoch[7/20 477/700] - Loss: 321.9205932617 - MSE: 321.21826 - batch_Time: 0.40124944993294775s
Epoch[7/20 478/700] - Loss: 230.1973114014 - MSE: 229.77541 - batch_Time: 0.40611502388492227s
Epoch[7/20 479/700] - Loss: 183.7718505859 - MSE: 183.45175 - batch_Time: 0.40272390516474843s
Epoch[7/20 480/700] - Loss: 199.3518524170 - MSE: 199.02464 - batch_Time: 0.4003900270909071s
Epoch[7/20 481/700] - Loss: 228.3505096436 - MSE: 227.72507 - batch_Time: 0.4014291260391474s
Epoch[7/20 482/700] - Loss: 295.6186218262 - MSE: 295.03442 - batch_Time: 0.40250665601342916s
Epoch[7/20 483/700] - Loss: 129.5703582764 - MSE: 129.18457 - batch_Time: 0.40332688787020743s
Epoch[7/20 484/700] - Loss: 256.1447143555 - MSE: 255.68156 - batch_Time: 0.4006867331918329s
Epoch[7/20 485/700] - Loss: 187.1419372559 - MSE: 186.60191 - batch_Time: 0.4034731858409941s
Epoch[7/20 486/700] - Loss: 169.5443725586 - MSE: 169.16214 - batch_Time: 0.4003883961122483s
Epoch[7/20 487/700] - Loss: 332.6809387207 - MSE: 332.12195 - batch_Time: 0.39956910186447203s
Epoch[7/20 488/700] - Loss: 226.7589111328 - MSE: 226.33995 - batch_Time: 0.3995709018781781s
Epoch[7/20 489/700] - Loss: 233.6662139893 - MSE: 233.01424 - batch_Time: 0.40079489001072943s
Epoch[7/20 490/700] - Loss: 234.3126831055 - MSE: 233.86397 - batch_Time: 0.4015375229064375s
Epoch[7/20 491/700] - Loss: 262.2395324707 - MSE: 261.79449 - batch_Time: 0.4002785640768707s
Epoch[7/20 492/700] - Loss: 224.4625549316 - MSE: 224.00862 - batch_Time: 0.4012491649482399s
Epoch[7/20 493/700] - Loss: 262.8634338379 - MSE: 262.51376 - batch_Time: 0.4048839299939573s
Epoch[7/20 494/700] - Loss: 254.2842254639 - MSE: 253.96558 - batch_Time: 0.4051287481561303s
Epoch[7/20 495/700] - Loss: 159.9320373535 - MSE: 159.71198 - batch_Time: 0.40170092904008925s
Epoch[7/20 496/700] - Loss: 276.9732360840 - MSE: 276.59259 - batch_Time: 0.4067332209087908s
Epoch[7/20 497/700] - Loss: 210.7452697754 - MSE: 210.43265 - batch_Time: 0.4004055911209434s
Epoch[7/20 498/700] - Loss: 185.0070495605 - MSE: 184.63553 - batch_Time: 0.40378222009167075s
Epoch[7/20 499/700] - Loss: 168.4188537598 - MSE: 167.99573 - batch_Time: 0.40120163280516863s
Epoch[7/20 500/700] - Loss: 246.2280731201 - MSE: 245.77795 - batch_Time: 0.39608203107491136s
Epoch[7/20 501/700] - Loss: 243.8064117432 - MSE: 243.46298 - batch_Time: 0.3964419369585812s
Epoch[7/20 502/700] - Loss: 186.3638916016 - MSE: 185.97749 - batch_Time: 0.40443853102624416s
Epoch[7/20 503/700] - Loss: 153.1690521240 - MSE: 152.85211 - batch_Time: 0.3952034180983901s
Epoch[7/20 504/700] - Loss: 107.2434616089 - MSE: 107.02907 - batch_Time: 0.395718903047964s
Epoch[7/20 505/700] - Loss: 202.2043609619 - MSE: 201.84300 - batch_Time: 0.3953603859990835s
Epoch[7/20 506/700] - Loss: 138.1379852295 - MSE: 137.95596 - batch_Time: 0.39555513416416943s
Epoch[7/20 507/700] - Loss: 104.7020874023 - MSE: 104.47590 - batch_Time: 0.39632079587318003s
Epoch[7/20 508/700] - Loss: 148.9288024902 - MSE: 148.61273 - batch_Time: 0.3971847780048847s
Epoch[7/20 509/700] - Loss: 244.7523193359 - MSE: 244.18602 - batch_Time: 0.39756827405653894s
Epoch[7/20 510/700] - Loss: 224.5489501953 - MSE: 224.05823 - batch_Time: 0.40020321984775364s
Epoch[7/20 511/700] - Loss: 215.4820098877 - MSE: 215.01813 - batch_Time: 0.4002453580033034s
Epoch[7/20 512/700] - Loss: 185.7465972900 - MSE: 185.49313 - batch_Time: 0.39660254307091236s
Epoch[7/20 513/700] - Loss: 254.5735168457 - MSE: 254.21671 - batch_Time: 0.39758296217769384s
Epoch[7/20 514/700] - Loss: 249.5399627686 - MSE: 249.11682 - batch_Time: 0.39827068615704775s
Epoch[7/20 515/700] - Loss: 221.8306579590 - MSE: 221.38858 - batch_Time: 0.3978905100375414s
Epoch[7/20 516/700] - Loss: 206.5262298584 - MSE: 206.12650 - batch_Time: 0.3972937539219856s
Epoch[7/20 517/700] - Loss: 203.5147399902 - MSE: 203.09360 - batch_Time: 0.3973164549097419s
Epoch[7/20 518/700] - Loss: 200.9311523438 - MSE: 200.51546 - batch_Time: 0.39846281288191676s
Epoch[7/20 519/700] - Loss: 161.2057952881 - MSE: 160.74335 - batch_Time: 0.3971257950179279s
Epoch[7/20 520/700] - Loss: 140.9034271240 - MSE: 140.56476 - batch_Time: 0.3963914718478918s
Epoch[7/20 521/700] - Loss: 196.1536712646 - MSE: 195.74054 - batch_Time: 0.4005082731600851s
Epoch[7/20 522/700] - Loss: 108.0018463135 - MSE: 107.63017 - batch_Time: 0.3955591591075063s
Epoch[7/20 523/700] - Loss: 281.8946533203 - MSE: 281.52991 - batch_Time: 0.39550330908969045s
Epoch[7/20 524/700] - Loss: 211.9007568359 - MSE: 211.53633 - batch_Time: 0.3948475350625813s
Epoch[7/20 525/700] - Loss: 161.9165954590 - MSE: 161.54282 - batch_Time: 0.3955380879342556s
Epoch[7/20 526/700] - Loss: 402.7050476074 - MSE: 401.96768 - batch_Time: 0.396812966093421s
Epoch[7/20 527/700] - Loss: 315.6517028809 - MSE: 315.25549 - batch_Time: 0.39778611599467695s
Epoch[7/20 528/700] - Loss: 202.9012603760 - MSE: 202.59818 - batch_Time: 0.4020318959373981s
Epoch[7/20 529/700] - Loss: 152.5672149658 - MSE: 152.22644 - batch_Time: 0.39700067415833473s
Epoch[7/20 530/700] - Loss: 190.4212646484 - MSE: 190.19228 - batch_Time: 0.3975233871024102s
Epoch[7/20 531/700] - Loss: 240.8551330566 - MSE: 240.46643 - batch_Time: 0.4013195720035583s
Epoch[7/20 532/700] - Loss: 256.8854980469 - MSE: 256.56262 - batch_Time: 0.39818521100096405s
Epoch[7/20 533/700] - Loss: 168.2878875732 - MSE: 168.00778 - batch_Time: 0.3971571100410074s
Epoch[7/20 534/700] - Loss: 182.3860626221 - MSE: 181.83052 - batch_Time: 0.3983807878103107s
Epoch[7/20 535/700] - Loss: 218.7386932373 - MSE: 218.44067 - batch_Time: 0.3973632277920842s
Epoch[7/20 536/700] - Loss: 148.6192932129 - MSE: 148.32140 - batch_Time: 0.3980305918958038s
Epoch[7/20 537/700] - Loss: 211.6487731934 - MSE: 211.27519 - batch_Time: 0.39866027515381575s
Epoch[7/20 538/700] - Loss: 346.8085632324 - MSE: 346.26498 - batch_Time: 0.4032504721544683s
Epoch[7/20 539/700] - Loss: 233.1703491211 - MSE: 232.85178 - batch_Time: 0.3970595798455179s
Epoch[7/20 540/700] - Loss: 221.9770202637 - MSE: 221.60318 - batch_Time: 0.40252268710173666s
Epoch[7/20 541/700] - Loss: 182.5120544434 - MSE: 182.10202 - batch_Time: 0.3984815462026745s
Epoch[7/20 542/700] - Loss: 118.4646530151 - MSE: 118.05348 - batch_Time: 0.40630004089325666s
Epoch[7/20 543/700] - Loss: 259.9194641113 - MSE: 259.55038 - batch_Time: 0.40145105705596507s
Epoch[7/20 544/700] - Loss: 199.2239990234 - MSE: 198.91206 - batch_Time: 0.3970613069832325s
Epoch[7/20 545/700] - Loss: 160.6903839111 - MSE: 160.38965 - batch_Time: 0.39851114503107965s
Epoch[7/20 546/700] - Loss: 242.4250183105 - MSE: 242.06305 - batch_Time: 0.40074793295934796s
Epoch[7/20 547/700] - Loss: 276.5141296387 - MSE: 276.06726 - batch_Time: 0.4024835960008204s
Epoch[7/20 548/700] - Loss: 261.7262573242 - MSE: 261.21060 - batch_Time: 0.3973072641529143s
Epoch[7/20 549/700] - Loss: 367.8566589355 - MSE: 367.36090 - batch_Time: 0.39616326498799026s
Epoch[7/20 550/700] - Loss: 183.5543670654 - MSE: 183.12901 - batch_Time: 0.40084624011069536s
Epoch[7/20 551/700] - Loss: 193.3192138672 - MSE: 193.04332 - batch_Time: 0.39651909098029137s
Epoch[7/20 552/700] - Loss: 359.0024414062 - MSE: 358.19952 - batch_Time: 0.40940863895229995s
Epoch[7/20 553/700] - Loss: 240.4869232178 - MSE: 240.03461 - batch_Time: 0.39481905614957213s
Epoch[7/20 554/700] - Loss: 147.8105926514 - MSE: 147.47598 - batch_Time: 0.4097301149740815s
Epoch[7/20 555/700] - Loss: 192.0775451660 - MSE: 191.72890 - batch_Time: 0.40147615293972194s
Epoch[7/20 556/700] - Loss: 181.2008209229 - MSE: 180.37688 - batch_Time: 0.39873653883114457s
Epoch[7/20 557/700] - Loss: 223.6649475098 - MSE: 223.23360 - batch_Time: 0.3989676071796566s
Epoch[7/20 558/700] - Loss: 145.0095825195 - MSE: 144.74374 - batch_Time: 0.40114349499344826s
Epoch[7/20 559/700] - Loss: 220.2219238281 - MSE: 219.84459 - batch_Time: 0.40927935717627406s
Epoch[7/20 560/700] - Loss: 227.4993743896 - MSE: 226.91330 - batch_Time: 0.40254869195632637s
Epoch[7/20 561/700] - Loss: 176.7418670654 - MSE: 176.49362 - batch_Time: 0.39696298306807876s
Epoch[7/20 562/700] - Loss: 208.5841064453 - MSE: 208.10362 - batch_Time: 0.400036193896085s
Epoch[7/20 563/700] - Loss: 100.3408584595 - MSE: 100.14899 - batch_Time: 0.3995302398689091s
Epoch[7/20 564/700] - Loss: 334.9281921387 - MSE: 334.29456 - batch_Time: 0.3999750439543277s
Epoch[7/20 565/700] - Loss: 166.0790863037 - MSE: 165.79533 - batch_Time: 0.4002167130820453s
Epoch[7/20 566/700] - Loss: 190.0276489258 - MSE: 189.48111 - batch_Time: 0.40109426202252507s
Epoch[7/20 567/700] - Loss: 222.3397827148 - MSE: 221.90140 - batch_Time: 0.40763787110336125s
Epoch[7/20 568/700] - Loss: 315.1553039551 - MSE: 314.51193 - batch_Time: 0.3995399468112737s
Epoch[7/20 569/700] - Loss: 258.2792053223 - MSE: 257.77032 - batch_Time: 0.3990925110410899s
Epoch[7/20 570/700] - Loss: 207.6266479492 - MSE: 207.21204 - batch_Time: 0.39968966506421566s
Epoch[7/20 571/700] - Loss: 233.5146942139 - MSE: 233.07385 - batch_Time: 0.40030727884732187s
Epoch[7/20 572/700] - Loss: 165.6356201172 - MSE: 165.17522 - batch_Time: 0.40801016497425735s
Epoch[7/20 573/700] - Loss: 252.9161682129 - MSE: 252.25787 - batch_Time: 0.40142963780090213s
Epoch[7/20 574/700] - Loss: 210.4052429199 - MSE: 209.93347 - batch_Time: 0.40238478779792786s
Epoch[7/20 575/700] - Loss: 203.5790710449 - MSE: 203.10355 - batch_Time: 0.4051075619645417s
Epoch[7/20 576/700] - Loss: 165.9565429688 - MSE: 165.35941 - batch_Time: 0.40040512685664s
Epoch[7/20 577/700] - Loss: 246.2829742432 - MSE: 245.78326 - batch_Time: 0.4007027840707451s
Epoch[7/20 578/700] - Loss: 184.1372985840 - MSE: 183.84064 - batch_Time: 0.4061101309489459s
Epoch[7/20 579/700] - Loss: 351.5913391113 - MSE: 351.02164 - batch_Time: 0.39902312913909554s
Epoch[7/20 580/700] - Loss: 347.4572753906 - MSE: 346.77890 - batch_Time: 0.4023089879192412s
Epoch[7/20 581/700] - Loss: 248.7825317383 - MSE: 248.47816 - batch_Time: 0.4017161929514259s
Epoch[7/20 582/700] - Loss: 180.3073883057 - MSE: 179.87637 - batch_Time: 0.40078446199186146s
Epoch[7/20 583/700] - Loss: 319.3612365723 - MSE: 318.55176 - batch_Time: 0.401162387104705s
Epoch[7/20 584/700] - Loss: 184.0545654297 - MSE: 183.77191 - batch_Time: 0.40085773984901607s
Epoch[7/20 585/700] - Loss: 217.7177886963 - MSE: 217.31502 - batch_Time: 0.4020689770113677s
Epoch[7/20 586/700] - Loss: 234.6966552734 - MSE: 234.25879 - batch_Time: 0.40006862580776215s
Epoch[7/20 587/700] - Loss: 181.9870910645 - MSE: 181.70053 - batch_Time: 0.40015565510839224s
Epoch[7/20 588/700] - Loss: 265.0011596680 - MSE: 264.61462 - batch_Time: 0.40278194984421134s
Epoch[7/20 589/700] - Loss: 231.3827209473 - MSE: 230.97836 - batch_Time: 0.40351055399514735s
Epoch[7/20 590/700] - Loss: 184.8334045410 - MSE: 184.46408 - batch_Time: 0.39994395710527897s
Epoch[7/20 591/700] - Loss: 180.1983184814 - MSE: 179.94760 - batch_Time: 0.4029050678946078s
Epoch[7/20 592/700] - Loss: 217.3093109131 - MSE: 216.98346 - batch_Time: 0.4010680050123483s
Epoch[7/20 593/700] - Loss: 160.1654357910 - MSE: 159.84564 - batch_Time: 0.40008450392633677s
Epoch[7/20 594/700] - Loss: 195.0368194580 - MSE: 194.69910 - batch_Time: 0.401643930003047s
Epoch[7/20 595/700] - Loss: 165.9625396729 - MSE: 165.45779 - batch_Time: 0.4020572348963469s
Epoch[7/20 596/700] - Loss: 221.8099670410 - MSE: 221.54111 - batch_Time: 0.40039842086844146s
Epoch[7/20 597/700] - Loss: 168.2243194580 - MSE: 167.90904 - batch_Time: 0.4011802729219198s
Epoch[7/20 598/700] - Loss: 178.9385070801 - MSE: 178.51910 - batch_Time: 0.401628659106791s
Epoch[7/20 599/700] - Loss: 181.6157379150 - MSE: 181.32790 - batch_Time: 0.40178935695439577s
Epoch[7/20 600/700] - Loss: 130.9979705811 - MSE: 130.68657 - batch_Time: 0.4005833480041474s
Epoch[7/20 601/700] - Loss: 173.1560058594 - MSE: 172.90495 - batch_Time: 0.3989339030813426s
Epoch[7/20 602/700] - Loss: 197.8339691162 - MSE: 197.38986 - batch_Time: 0.4030567230656743s
Epoch[7/20 603/700] - Loss: 296.8187255859 - MSE: 296.20569 - batch_Time: 0.40302969398908317s
Epoch[7/20 604/700] - Loss: 213.7371826172 - MSE: 213.40756 - batch_Time: 0.3945448440499604s
Epoch[7/20 605/700] - Loss: 128.2238922119 - MSE: 127.90275 - batch_Time: 0.39390800008550286s
Epoch[7/20 606/700] - Loss: 232.7654724121 - MSE: 232.37561 - batch_Time: 0.3951864477712661s
Epoch[7/20 607/700] - Loss: 101.3018798828 - MSE: 100.92278 - batch_Time: 0.40077278297394514s
Epoch[7/20 608/700] - Loss: 303.3124084473 - MSE: 302.85236 - batch_Time: 0.3958135009743273s
Epoch[7/20 609/700] - Loss: 196.9768371582 - MSE: 196.63039 - batch_Time: 0.40194005193188787s
Epoch[7/20 610/700] - Loss: 128.9380645752 - MSE: 128.74521 - batch_Time: 0.4008401921018958s
Epoch[7/20 611/700] - Loss: 121.0376129150 - MSE: 120.64220 - batch_Time: 0.4033120989333838s
Epoch[7/20 612/700] - Loss: 166.4539337158 - MSE: 166.08723 - batch_Time: 0.40089097106829286s
Epoch[7/20 613/700] - Loss: 232.6636352539 - MSE: 231.94359 - batch_Time: 0.40259410510770977s
Epoch[7/20 614/700] - Loss: 239.1759338379 - MSE: 238.61705 - batch_Time: 0.39911319711245596s
Epoch[7/20 615/700] - Loss: 173.4491882324 - MSE: 172.94687 - batch_Time: 0.39452246110886335s
Epoch[7/20 616/700] - Loss: 141.7397155762 - MSE: 141.55193 - batch_Time: 0.3937314481008798s
Epoch[7/20 617/700] - Loss: 249.7616424561 - MSE: 249.32147 - batch_Time: 0.39485048805363476s
Epoch[7/20 618/700] - Loss: 261.0601806641 - MSE: 260.67114 - batch_Time: 0.3964657220058143s
Epoch[7/20 619/700] - Loss: 228.5434570312 - MSE: 228.12532 - batch_Time: 0.3963019629009068s
Epoch[7/20 620/700] - Loss: 303.9386901855 - MSE: 303.44861 - batch_Time: 0.39541908097453415s
Epoch[7/20 621/700] - Loss: 104.4885482788 - MSE: 104.33517 - batch_Time: 0.3969609758350998s
Epoch[7/20 622/700] - Loss: 187.0365295410 - MSE: 186.52054 - batch_Time: 0.39232419105246663s
Epoch[7/20 623/700] - Loss: 197.3540802002 - MSE: 197.06682 - batch_Time: 0.39505336410366s
Epoch[7/20 624/700] - Loss: 123.8478469849 - MSE: 123.47267 - batch_Time: 0.3958069859072566s
Epoch[7/20 625/700] - Loss: 188.5224304199 - MSE: 188.19028 - batch_Time: 0.3969916859641671s
Epoch[7/20 626/700] - Loss: 273.0802612305 - MSE: 272.41522 - batch_Time: 0.3971473230049014s
Epoch[7/20 627/700] - Loss: 129.1519622803 - MSE: 128.87778 - batch_Time: 0.39821378188207746s
Epoch[7/20 628/700] - Loss: 207.9813690186 - MSE: 207.60136 - batch_Time: 0.39595178281888366s
Epoch[7/20 629/700] - Loss: 213.5196228027 - MSE: 213.11714 - batch_Time: 0.39423357998020947s
Epoch[7/20 630/700] - Loss: 257.8240966797 - MSE: 257.38184 - batch_Time: 0.39338485803455114s
Epoch[7/20 631/700] - Loss: 124.1253814697 - MSE: 123.80280 - batch_Time: 0.39641132904216647s
Epoch[7/20 632/700] - Loss: 272.3313903809 - MSE: 271.90363 - batch_Time: 0.395333417924121s
Epoch[7/20 633/700] - Loss: 252.0716705322 - MSE: 251.46353 - batch_Time: 0.3961602009367198s
Epoch[7/20 634/700] - Loss: 184.7302856445 - MSE: 184.36325 - batch_Time: 0.3959188130684197s
Epoch[7/20 635/700] - Loss: 345.2073974609 - MSE: 344.29834 - batch_Time: 0.3952034388203174s
Epoch[7/20 636/700] - Loss: 245.3074645996 - MSE: 244.75217 - batch_Time: 0.3939714909065515s
Epoch[7/20 637/700] - Loss: 186.2998046875 - MSE: 186.03618 - batch_Time: 0.39388139196671546s
Epoch[7/20 638/700] - Loss: 191.3695373535 - MSE: 190.86514 - batch_Time: 0.39631994790397584s
Epoch[7/20 639/700] - Loss: 167.3304443359 - MSE: 167.03441 - batch_Time: 0.39655050495639443s
Epoch[7/20 640/700] - Loss: 229.1895751953 - MSE: 228.82263 - batch_Time: 0.39565636310726404s
Epoch[7/20 641/700] - Loss: 155.6513214111 - MSE: 155.35019 - batch_Time: 0.3965522551443428s
Epoch[7/20 642/700] - Loss: 129.1504211426 - MSE: 128.84383 - batch_Time: 0.3991115400567651s
Epoch[7/20 643/700] - Loss: 138.4998779297 - MSE: 138.16516 - batch_Time: 0.4000742109492421s
Epoch[7/20 644/700] - Loss: 390.1017456055 - MSE: 389.29724 - batch_Time: 0.3981915379408747s
Epoch[7/20 645/700] - Loss: 214.6438903809 - MSE: 214.05396 - batch_Time: 0.39636839483864605s
Epoch[7/20 646/700] - Loss: 162.1645355225 - MSE: 161.77975 - batch_Time: 0.394571912009269s
Epoch[7/20 647/700] - Loss: 217.1892089844 - MSE: 216.82335 - batch_Time: 0.39308434491977096s
Epoch[7/20 648/700] - Loss: 126.7175064087 - MSE: 126.47243 - batch_Time: 0.39529681392014027s
Epoch[7/20 649/700] - Loss: 224.3866119385 - MSE: 223.97406 - batch_Time: 0.3963835339527577s
Epoch[7/20 650/700] - Loss: 256.9123535156 - MSE: 256.55374 - batch_Time: 0.3970797669608146s
Epoch[7/20 651/700] - Loss: 167.6398620605 - MSE: 167.26901 - batch_Time: 0.39960547303780913s
Epoch[7/20 652/700] - Loss: 297.2315673828 - MSE: 296.82761 - batch_Time: 0.4004874040838331s
Epoch[7/20 653/700] - Loss: 197.3802185059 - MSE: 196.98523 - batch_Time: 0.4009937990922481s
Epoch[7/20 654/700] - Loss: 168.7542877197 - MSE: 168.34547 - batch_Time: 0.40230422583408654s
Epoch[7/20 655/700] - Loss: 219.7896728516 - MSE: 219.50734 - batch_Time: 0.4027846099343151s
Epoch[7/20 656/700] - Loss: 152.0668334961 - MSE: 151.74844 - batch_Time: 0.40106060705147684s
Epoch[7/20 657/700] - Loss: 267.7031860352 - MSE: 267.14896 - batch_Time: 0.39594920608215034s
Epoch[7/20 658/700] - Loss: 158.4808654785 - MSE: 158.26416 - batch_Time: 0.4058981097768992s
Epoch[7/20 659/700] - Loss: 294.8533325195 - MSE: 294.36108 - batch_Time: 0.402370513882488s
Epoch[7/20 660/700] - Loss: 179.9590454102 - MSE: 179.47623 - batch_Time: 0.39989346684888005s
Epoch[7/20 661/700] - Loss: 222.8297119141 - MSE: 222.45250 - batch_Time: 0.3970687340479344s
Epoch[7/20 662/700] - Loss: 189.4457702637 - MSE: 188.80608 - batch_Time: 0.3995461498852819s
Epoch[7/20 663/700] - Loss: 131.7946929932 - MSE: 131.34155 - batch_Time: 0.3979665550868958s
Epoch[7/20 664/700] - Loss: 386.6502075195 - MSE: 386.00046 - batch_Time: 0.39869720698334277s
Epoch[7/20 665/700] - Loss: 287.5580444336 - MSE: 286.89642 - batch_Time: 0.3973757599014789s
Epoch[7/20 666/700] - Loss: 212.5056457520 - MSE: 212.22823 - batch_Time: 0.4028822868131101s
Epoch[7/20 667/700] - Loss: 123.5179138184 - MSE: 123.19048 - batch_Time: 0.39664576621726155s
Epoch[7/20 668/700] - Loss: 169.1242980957 - MSE: 168.88083 - batch_Time: 0.39671703591011465s
Epoch[7/20 669/700] - Loss: 218.6297302246 - MSE: 218.19785 - batch_Time: 0.3950274020899087s
Epoch[7/20 670/700] - Loss: 215.6439361572 - MSE: 215.19231 - batch_Time: 0.3966660648584366s
Epoch[7/20 671/700] - Loss: 305.0620422363 - MSE: 304.63196 - batch_Time: 0.3983041001483798s
Epoch[7/20 672/700] - Loss: 179.6599731445 - MSE: 179.30035 - batch_Time: 0.39765859488397837s
Epoch[7/20 673/700] - Loss: 154.8852844238 - MSE: 154.59151 - batch_Time: 0.3985828058794141s
Epoch[7/20 674/700] - Loss: 290.7730712891 - MSE: 290.33023 - batch_Time: 0.39662095508538187s
Epoch[7/20 675/700] - Loss: 143.4971008301 - MSE: 143.26901 - batch_Time: 0.39622513810172677s
Epoch[7/20 676/700] - Loss: 234.7876892090 - MSE: 234.31183 - batch_Time: 0.3947772921528667s
Epoch[7/20 677/700] - Loss: 389.4112548828 - MSE: 388.83752 - batch_Time: 0.39370518177747726s
Epoch[7/20 678/700] - Loss: 248.9436035156 - MSE: 248.63982 - batch_Time: 0.3958015108946711s
Epoch[7/20 679/700] - Loss: 135.1328735352 - MSE: 134.76331 - batch_Time: 0.40197383193299174s
Epoch[7/20 680/700] - Loss: 280.5692443848 - MSE: 279.79803 - batch_Time: 0.39698526985011995s
Epoch[7/20 681/700] - Loss: 150.5995025635 - MSE: 150.24744 - batch_Time: 0.39719740697182715s
Epoch[7/20 682/700] - Loss: 157.0619812012 - MSE: 156.76450 - batch_Time: 0.40060201403684914s
Epoch[7/20 683/700] - Loss: 234.7788848877 - MSE: 234.09282 - batch_Time: 0.40193307190202177s
Epoch[7/20 684/700] - Loss: 121.9043121338 - MSE: 121.35877 - batch_Time: 0.3989867898635566s
Epoch[7/20 685/700] - Loss: 187.0070800781 - MSE: 186.58957 - batch_Time: 0.39977297210134566s
Epoch[7/20 686/700] - Loss: 153.8839721680 - MSE: 153.62769 - batch_Time: 0.3990860669873655s
Epoch[7/20 687/700] - Loss: 225.7105865479 - MSE: 225.20531 - batch_Time: 0.40012537804432213s
Epoch[7/20 688/700] - Loss: 189.6915740967 - MSE: 189.11627 - batch_Time: 0.39620465599000454s
Epoch[7/20 689/700] - Loss: 177.7995452881 - MSE: 177.36494 - batch_Time: 0.4027950819581747s
Epoch[7/20 690/700] - Loss: 239.1838989258 - MSE: 238.41081 - batch_Time: 0.39675269997678697s
Epoch[7/20 691/700] - Loss: 270.9697265625 - MSE: 270.52893 - batch_Time: 0.402502624085173s
Epoch[7/20 692/700] - Loss: 208.2499084473 - MSE: 207.82736 - batch_Time: 0.39619517396204174s
Epoch[7/20 693/700] - Loss: 234.7630310059 - MSE: 234.39449 - batch_Time: 0.40090986900031567s
Epoch[7/20 694/700] - Loss: 250.3669433594 - MSE: 249.74609 - batch_Time: 0.3957141179125756s
Epoch[7/20 695/700] - Loss: 234.8894042969 - MSE: 234.66946 - batch_Time: 0.4027859400957823s
Epoch[7/20 696/700] - Loss: 170.5368652344 - MSE: 170.24236 - batch_Time: 0.3951519930269569s
Epoch[7/20 697/700] - Loss: 192.8768005371 - MSE: 192.39372 - batch_Time: 0.40086827683262527s
Epoch[7/20 698/700] - Loss: 281.2907104492 - MSE: 280.95557 - batch_Time: 0.39338850998319685s
Epoch[7/20 699/700] - Loss: 289.6827392578 - MSE: 289.10364 - batch_Time: 0.39749080897308886s
Epoch[7] - 2021-08-06 21:49:24.512458
/hy-tmp/OURS/ttsr_dx/experiment.py:171: UserWarning: torch.nn.utils.clip_grad_norm is now deprecated in favor of torch.nn.utils.clip_grad_norm_.
  nn.utils.clip_grad_norm(self.model.parameters(), 1, norm_type=2)
Epoch[7- train_loss: 213.0379104505 - train_error: 212.6148312596 - val_loss: 58.8458024597 - val_error: 58.7075420570 - val_psnr: 30.7350446477 - val_ssim: 0.8220310192 - epoch_Time: 361.21522991685197s
Save Model in Epoch:7
Current learning rate: 0.0001
Epoch[8/20] - 2021-08-06 21:50:35.757265
Epoch[8/20 0/700] - Loss: 160.7725524902 - MSE: 160.55013 - batch_Time: 0.41456238087266684s
Epoch[8/20 1/700] - Loss: 224.7237091064 - MSE: 224.37787 - batch_Time: 0.3894622230436653s
Epoch[8/20 2/700] - Loss: 259.5658874512 - MSE: 259.18118 - batch_Time: 0.39272964210249484s
Epoch[8/20 3/700] - Loss: 154.0445861816 - MSE: 153.77017 - batch_Time: 0.39277122099883854s
Epoch[8/20 4/700] - Loss: 141.3498840332 - MSE: 141.00105 - batch_Time: 0.39170286199077964s
Epoch[8/20 5/700] - Loss: 211.3960876465 - MSE: 211.04060 - batch_Time: 0.3963596948888153s
Epoch[8/20 6/700] - Loss: 214.8198089600 - MSE: 214.50208 - batch_Time: 0.3939388080034405s
Epoch[8/20 7/700] - Loss: 130.4403533936 - MSE: 130.24625 - batch_Time: 0.3960322579368949s
Epoch[8/20 8/700] - Loss: 151.7978057861 - MSE: 151.49274 - batch_Time: 0.3969388899859041s
Epoch[8/20 9/700] - Loss: 185.1228332520 - MSE: 184.85364 - batch_Time: 0.39121773513033986s
Epoch[8/20 10/700] - Loss: 193.5450744629 - MSE: 193.11115 - batch_Time: 0.3979719281196594s
Epoch[8/20 11/700] - Loss: 184.0982971191 - MSE: 183.82932 - batch_Time: 0.3979663092177361s
Epoch[8/20 12/700] - Loss: 227.9268646240 - MSE: 227.66429 - batch_Time: 0.3929857660550624s
Epoch[8/20 13/700] - Loss: 85.7184600830 - MSE: 85.47707 - batch_Time: 0.39726276602596045s
Epoch[8/20 14/700] - Loss: 168.2372589111 - MSE: 167.77492 - batch_Time: 0.3988333698362112s
Epoch[8/20 15/700] - Loss: 247.3050994873 - MSE: 246.91246 - batch_Time: 0.39432970294728875s
Epoch[8/20 16/700] - Loss: 269.0362854004 - MSE: 268.34113 - batch_Time: 0.39250966091640294s
Epoch[8/20 17/700] - Loss: 313.1611328125 - MSE: 312.75464 - batch_Time: 0.39492150698788464s
Epoch[8/20 18/700] - Loss: 155.4265899658 - MSE: 155.23419 - batch_Time: 0.4042509060818702s
Epoch[8/20 19/700] - Loss: 207.0765380859 - MSE: 206.56210 - batch_Time: 0.3989966372027993s
Epoch[8/20 20/700] - Loss: 268.3972167969 - MSE: 267.89453 - batch_Time: 0.39985148794949055s
Epoch[8/20 21/700] - Loss: 268.4463195801 - MSE: 267.98529 - batch_Time: 0.398846787866205s
Epoch[8/20 22/700] - Loss: 177.1403808594 - MSE: 176.88257 - batch_Time: 0.4005730210337788s
Epoch[8/20 23/700] - Loss: 115.1750335693 - MSE: 114.97181 - batch_Time: 0.40040286211296916s
Epoch[8/20 24/700] - Loss: 237.7061157227 - MSE: 237.28976 - batch_Time: 0.397700197994709s
Epoch[8/20 25/700] - Loss: 231.9535522461 - MSE: 231.26935 - batch_Time: 0.3988998259883374s
Epoch[8/20 26/700] - Loss: 209.7737121582 - MSE: 209.19264 - batch_Time: 0.40067898901179433s
Epoch[8/20 27/700] - Loss: 189.5447082520 - MSE: 188.90822 - batch_Time: 0.39744349010288715s
Epoch[8/20 28/700] - Loss: 226.4043884277 - MSE: 225.99454 - batch_Time: 0.3945997371338308s
Epoch[8/20 29/700] - Loss: 273.1837158203 - MSE: 272.78784 - batch_Time: 0.3937230659648776s
Epoch[8/20 30/700] - Loss: 198.1970825195 - MSE: 197.83141 - batch_Time: 0.40019316296093166s
Epoch[8/20 31/700] - Loss: 182.3843536377 - MSE: 181.82825 - batch_Time: 0.39244790794327855s
Epoch[8/20 32/700] - Loss: 177.8843688965 - MSE: 177.52773 - batch_Time: 0.39490102394483984s
Epoch[8/20 33/700] - Loss: 97.7479324341 - MSE: 97.50096 - batch_Time: 0.3980810730718076s
Epoch[8/20 34/700] - Loss: 205.8659973145 - MSE: 205.18842 - batch_Time: 0.39512926107272506s
Epoch[8/20 35/700] - Loss: 167.7358398438 - MSE: 167.27409 - batch_Time: 0.39643839793279767s
Epoch[8/20 36/700] - Loss: 153.7394866943 - MSE: 153.41791 - batch_Time: 0.39315861999057233s
Epoch[8/20 37/700] - Loss: 171.1102294922 - MSE: 170.52824 - batch_Time: 0.3962861290201545s
Epoch[8/20 38/700] - Loss: 192.0481567383 - MSE: 191.61646 - batch_Time: 0.39529495779424906s
Epoch[8/20 39/700] - Loss: 125.0643920898 - MSE: 124.61826 - batch_Time: 0.39527233899571s
Epoch[8/20 40/700] - Loss: 223.6983032227 - MSE: 223.23035 - batch_Time: 0.39518590993247926s
Epoch[8/20 41/700] - Loss: 216.8516845703 - MSE: 216.24825 - batch_Time: 0.3993977480567992s
Epoch[8/20 42/700] - Loss: 224.0007781982 - MSE: 223.73822 - batch_Time: 0.3940324601717293s
Epoch[8/20 43/700] - Loss: 290.0282897949 - MSE: 289.49182 - batch_Time: 0.3996103070676327s
Epoch[8/20 44/700] - Loss: 166.9836730957 - MSE: 166.38956 - batch_Time: 0.39497205009683967s
Epoch[8/20 45/700] - Loss: 170.8527526855 - MSE: 170.51743 - batch_Time: 0.3947473329026252s
Epoch[8/20 46/700] - Loss: 173.6907653809 - MSE: 173.25098 - batch_Time: 0.39670835295692086s
Epoch[8/20 47/700] - Loss: 262.8803100586 - MSE: 262.39624 - batch_Time: 0.4002090881112963s
Epoch[8/20 48/700] - Loss: 196.7003936768 - MSE: 196.19131 - batch_Time: 0.3975392950233072s
Epoch[8/20 49/700] - Loss: 361.0484008789 - MSE: 360.45886 - batch_Time: 0.3978534110356122s
Epoch[8/20 50/700] - Loss: 140.6598205566 - MSE: 140.25659 - batch_Time: 0.3979113798122853s
Epoch[8/20 51/700] - Loss: 145.1434173584 - MSE: 144.78513 - batch_Time: 0.3946729220915586s
Epoch[8/20 52/700] - Loss: 203.2849426270 - MSE: 202.87741 - batch_Time: 0.40222298819571733s
Epoch[8/20 53/700] - Loss: 257.5604248047 - MSE: 256.83881 - batch_Time: 0.3960527079179883s
Epoch[8/20 54/700] - Loss: 184.0122985840 - MSE: 183.39313 - batch_Time: 0.39943373389542103s
Epoch[8/20 55/700] - Loss: 158.7498016357 - MSE: 158.45259 - batch_Time: 0.40356790414080024s
Epoch[8/20 56/700] - Loss: 194.6695556641 - MSE: 194.33687 - batch_Time: 0.39953073393553495s
Epoch[8/20 57/700] - Loss: 319.5419006348 - MSE: 318.86212 - batch_Time: 0.4106194549240172s
Epoch[8/20 58/700] - Loss: 438.8921813965 - MSE: 438.30359 - batch_Time: 0.40163995209150016s
Epoch[8/20 59/700] - Loss: 139.8897094727 - MSE: 139.63428 - batch_Time: 0.40152189298532903s
Epoch[8/20 60/700] - Loss: 253.1989746094 - MSE: 252.53563 - batch_Time: 0.40155194280669093s
Epoch[8/20 61/700] - Loss: 197.4247741699 - MSE: 197.22197 - batch_Time: 0.39723580493591726s
Epoch[8/20 62/700] - Loss: 177.6096649170 - MSE: 177.16504 - batch_Time: 0.39472461910918355s
Epoch[8/20 63/700] - Loss: 106.8889541626 - MSE: 106.44623 - batch_Time: 0.40048892283812165s
Epoch[8/20 64/700] - Loss: 244.7138977051 - MSE: 244.18860 - batch_Time: 0.3969917658250779s
Epoch[8/20 65/700] - Loss: 134.9297332764 - MSE: 134.63115 - batch_Time: 0.40201401780359447s
Epoch[8/20 66/700] - Loss: 338.7034606934 - MSE: 338.24438 - batch_Time: 0.3991371151059866s
Epoch[8/20 67/700] - Loss: 230.7169952393 - MSE: 230.37170 - batch_Time: 0.3969003870151937s
Epoch[8/20 68/700] - Loss: 252.5445556641 - MSE: 252.15022 - batch_Time: 0.4044573830906302s
Epoch[8/20 69/700] - Loss: 125.1748809814 - MSE: 124.92023 - batch_Time: 0.4114100248552859s
Epoch[8/20 70/700] - Loss: 223.1348876953 - MSE: 222.91644 - batch_Time: 0.40791306900791824s
Epoch[8/20 71/700] - Loss: 376.8662414551 - MSE: 376.10071 - batch_Time: 0.40807223692536354s
Epoch[8/20 72/700] - Loss: 183.0238647461 - MSE: 182.76482 - batch_Time: 0.40241569094359875s
Epoch[8/20 73/700] - Loss: 239.0997009277 - MSE: 238.80246 - batch_Time: 0.40279948781244457s
Epoch[8/20 74/700] - Loss: 132.7232208252 - MSE: 132.37576 - batch_Time: 0.4033270829822868s
Epoch[8/20 75/700] - Loss: 160.4217529297 - MSE: 160.11465 - batch_Time: 0.40273961797356606s
Epoch[8/20 76/700] - Loss: 162.4894409180 - MSE: 162.13275 - batch_Time: 0.4020085141528398s
Epoch[8/20 77/700] - Loss: 290.0006103516 - MSE: 289.22617 - batch_Time: 0.4013446408789605s
Epoch[8/20 78/700] - Loss: 192.5329284668 - MSE: 192.19113 - batch_Time: 0.4031377830542624s
Epoch[8/20 79/700] - Loss: 154.3787536621 - MSE: 154.07074 - batch_Time: 0.40282766590826213s
Epoch[8/20 80/700] - Loss: 397.4862365723 - MSE: 396.90158 - batch_Time: 0.4012552020139992s
Epoch[8/20 81/700] - Loss: 207.6016845703 - MSE: 207.40666 - batch_Time: 0.4011554019525647s
Epoch[8/20 82/700] - Loss: 184.7646789551 - MSE: 184.42360 - batch_Time: 0.40007173200137913s
Epoch[8/20 83/700] - Loss: 277.7806091309 - MSE: 277.33047 - batch_Time: 0.4017323860898614s
Epoch[8/20 84/700] - Loss: 120.7960052490 - MSE: 120.34813 - batch_Time: 0.4024370890110731s
Epoch[8/20 85/700] - Loss: 192.1985168457 - MSE: 191.67035 - batch_Time: 0.40236370894126594s
Epoch[8/20 86/700] - Loss: 213.6867675781 - MSE: 213.44804 - batch_Time: 0.4022714600432664s
Epoch[8/20 87/700] - Loss: 227.5441131592 - MSE: 227.12848 - batch_Time: 0.4027862751390785s
Epoch[8/20 88/700] - Loss: 174.4633789062 - MSE: 174.20197 - batch_Time: 0.40125171886757016s
Epoch[8/20 89/700] - Loss: 130.6725311279 - MSE: 130.43112 - batch_Time: 0.40127856796607375s
Epoch[8/20 90/700] - Loss: 239.4367523193 - MSE: 239.00505 - batch_Time: 0.40759078692644835s
Epoch[8/20 91/700] - Loss: 280.9296875000 - MSE: 280.55646 - batch_Time: 0.40298145217821s
Epoch[8/20 92/700] - Loss: 166.2002563477 - MSE: 165.92818 - batch_Time: 0.40252215578220785s
Epoch[8/20 93/700] - Loss: 279.8414611816 - MSE: 279.25574 - batch_Time: 0.4002134690526873s
Epoch[8/20 94/700] - Loss: 234.3218078613 - MSE: 233.83517 - batch_Time: 0.4005522751249373s
Epoch[8/20 95/700] - Loss: 176.6383209229 - MSE: 176.30193 - batch_Time: 0.4000128800980747s
Epoch[8/20 96/700] - Loss: 246.8113250732 - MSE: 246.50795 - batch_Time: 0.4004344050772488s
Epoch[8/20 97/700] - Loss: 146.8997650146 - MSE: 146.48576 - batch_Time: 0.4046485328581184s
Epoch[8/20 98/700] - Loss: 176.9882812500 - MSE: 176.68388 - batch_Time: 0.4027123129926622s
Epoch[8/20 99/700] - Loss: 179.2413635254 - MSE: 178.90439 - batch_Time: 0.40141144511289895s
Epoch[8/20 100/700] - Loss: 215.2985687256 - MSE: 214.96753 - batch_Time: 0.39934237604029477s
Epoch[8/20 101/700] - Loss: 248.7689971924 - MSE: 248.22731 - batch_Time: 0.4017594119068235s
Epoch[8/20 102/700] - Loss: 207.8166351318 - MSE: 207.45851 - batch_Time: 0.399025138001889s
Epoch[8/20 103/700] - Loss: 182.6594238281 - MSE: 182.36273 - batch_Time: 0.4028500511776656s
Epoch[8/20 104/700] - Loss: 122.4137039185 - MSE: 122.08301 - batch_Time: 0.4009573790244758s
Epoch[8/20 105/700] - Loss: 225.6363677979 - MSE: 225.19159 - batch_Time: 0.40273304120637476s
Epoch[8/20 106/700] - Loss: 200.2737731934 - MSE: 199.85210 - batch_Time: 0.4011236159130931s
Epoch[8/20 107/700] - Loss: 166.3456726074 - MSE: 165.99152 - batch_Time: 0.3999158088117838s
Epoch[8/20 108/700] - Loss: 219.9016113281 - MSE: 219.54010 - batch_Time: 0.40152439195662737s
Epoch[8/20 109/700] - Loss: 496.5143432617 - MSE: 495.65503 - batch_Time: 0.40022142394445837s
Epoch[8/20 110/700] - Loss: 187.0058898926 - MSE: 186.63263 - batch_Time: 0.4005160820670426s
Epoch[8/20 111/700] - Loss: 116.7540969849 - MSE: 116.42307 - batch_Time: 0.40038706292398274s
Epoch[8/20 112/700] - Loss: 155.1649780273 - MSE: 154.76715 - batch_Time: 0.4014330920763314s
Epoch[8/20 113/700] - Loss: 213.2085266113 - MSE: 212.87343 - batch_Time: 0.404148664791137s
Epoch[8/20 114/700] - Loss: 225.3690795898 - MSE: 224.91029 - batch_Time: 0.4005737300030887s
Epoch[8/20 115/700] - Loss: 185.0348968506 - MSE: 184.37494 - batch_Time: 0.39863151893951s
Epoch[8/20 116/700] - Loss: 227.8670654297 - MSE: 227.42416 - batch_Time: 0.40067996899597347s
Epoch[8/20 117/700] - Loss: 163.8989257812 - MSE: 163.59291 - batch_Time: 0.4021067451685667s
Epoch[8/20 118/700] - Loss: 141.1880035400 - MSE: 140.75085 - batch_Time: 0.4014255409128964s
Epoch[8/20 119/700] - Loss: 209.5656738281 - MSE: 209.23463 - batch_Time: 0.4005443200003356s
Epoch[8/20 120/700] - Loss: 154.3977661133 - MSE: 154.09303 - batch_Time: 0.401952276006341s
Epoch[8/20 121/700] - Loss: 184.8842163086 - MSE: 184.60071 - batch_Time: 0.4009884640108794s
Epoch[8/20 122/700] - Loss: 133.3833465576 - MSE: 133.05743 - batch_Time: 0.40290442598052323s
Epoch[8/20 123/700] - Loss: 270.8133239746 - MSE: 270.29553 - batch_Time: 0.40100363409146667s
Epoch[8/20 124/700] - Loss: 185.4663391113 - MSE: 185.14134 - batch_Time: 0.3983066510409117s
Epoch[8/20 125/700] - Loss: 145.9378967285 - MSE: 145.66856 - batch_Time: 0.40189590491354465s
Epoch[8/20 126/700] - Loss: 212.2613525391 - MSE: 211.88322 - batch_Time: 0.4027223370503634s
Epoch[8/20 127/700] - Loss: 463.2102966309 - MSE: 462.65564 - batch_Time: 0.4024775999132544s
Epoch[8/20 128/700] - Loss: 154.6715087891 - MSE: 154.27013 - batch_Time: 0.4017342959996313s
Epoch[8/20 129/700] - Loss: 128.6381530762 - MSE: 128.40862 - batch_Time: 0.4012684200424701s
Epoch[8/20 130/700] - Loss: 213.0349731445 - MSE: 212.66705 - batch_Time: 0.40244654892012477s
Epoch[8/20 131/700] - Loss: 258.5085754395 - MSE: 258.14288 - batch_Time: 0.3953907380346209s
Epoch[8/20 132/700] - Loss: 237.1822662354 - MSE: 236.84326 - batch_Time: 0.40093547315336764s
Epoch[8/20 133/700] - Loss: 118.6967926025 - MSE: 118.27341 - batch_Time: 0.40032518887892365s
Epoch[8/20 134/700] - Loss: 340.5930175781 - MSE: 340.19669 - batch_Time: 0.4116518381051719s
Epoch[8/20 135/700] - Loss: 237.6424407959 - MSE: 237.34348 - batch_Time: 0.3990869610570371s
Epoch[8/20 136/700] - Loss: 259.2679748535 - MSE: 258.66821 - batch_Time: 0.39986367290839553s
Epoch[8/20 137/700] - Loss: 199.3407287598 - MSE: 198.93475 - batch_Time: 0.3963640669826418s
Epoch[8/20 138/700] - Loss: 168.1002197266 - MSE: 167.83032 - batch_Time: 0.40042157704010606s
Epoch[8/20 139/700] - Loss: 276.8365173340 - MSE: 276.46301 - batch_Time: 0.40175042394548655s
Epoch[8/20 140/700] - Loss: 305.0166625977 - MSE: 304.61395 - batch_Time: 0.3951468379236758s
Epoch[8/20 141/700] - Loss: 130.9138031006 - MSE: 130.61038 - batch_Time: 0.3960097001399845s
Epoch[8/20 142/700] - Loss: 217.1833038330 - MSE: 216.80237 - batch_Time: 0.3959568489808589s
Epoch[8/20 143/700] - Loss: 176.1753540039 - MSE: 175.86008 - batch_Time: 0.3970912981312722s
Epoch[8/20 144/700] - Loss: 316.0646667480 - MSE: 315.52118 - batch_Time: 0.3962519171182066s
Epoch[8/20 145/700] - Loss: 159.9353332520 - MSE: 159.70555 - batch_Time: 0.3957964910659939s
Epoch[8/20 146/700] - Loss: 235.5636901855 - MSE: 235.31618 - batch_Time: 0.3942380058579147s
Epoch[8/20 147/700] - Loss: 277.0237121582 - MSE: 276.64270 - batch_Time: 0.394686940824613s
Epoch[8/20 148/700] - Loss: 146.1301269531 - MSE: 145.92708 - batch_Time: 0.3986281920224428s
Epoch[8/20 149/700] - Loss: 186.0858612061 - MSE: 185.57886 - batch_Time: 0.39584998902864754s
Epoch[8/20 150/700] - Loss: 162.9946136475 - MSE: 162.80093 - batch_Time: 0.4018339298199862s
Epoch[8/20 151/700] - Loss: 198.9274597168 - MSE: 198.58603 - batch_Time: 0.3960311769042164s
Epoch[8/20 152/700] - Loss: 304.7538757324 - MSE: 304.29980 - batch_Time: 0.3999956881161779s
Epoch[8/20 153/700] - Loss: 184.3540802002 - MSE: 183.89793 - batch_Time: 0.39794731815345585s
Epoch[8/20 154/700] - Loss: 217.7822875977 - MSE: 217.26517 - batch_Time: 0.3961516451090574s
Epoch[8/20 155/700] - Loss: 163.8317260742 - MSE: 163.56093 - batch_Time: 0.3978789490647614s
Epoch[8/20 156/700] - Loss: 209.1047210693 - MSE: 208.80972 - batch_Time: 0.3993929331190884s
Epoch[8/20 157/700] - Loss: 228.9091949463 - MSE: 228.58882 - batch_Time: 0.3972669430077076s
Epoch[8/20 158/700] - Loss: 152.5491943359 - MSE: 152.28922 - batch_Time: 0.3971486450172961s
Epoch[8/20 159/700] - Loss: 239.1964416504 - MSE: 238.64677 - batch_Time: 0.40073179895989597s
Epoch[8/20 160/700] - Loss: 207.6979522705 - MSE: 207.27545 - batch_Time: 0.4010390162002295s
Epoch[8/20 161/700] - Loss: 303.3255615234 - MSE: 302.79681 - batch_Time: 0.40056207100860775s
Epoch[8/20 162/700] - Loss: 258.9218139648 - MSE: 258.46414 - batch_Time: 0.40010620513930917s
Epoch[8/20 163/700] - Loss: 168.1486816406 - MSE: 167.77864 - batch_Time: 0.4006063600536436s
Epoch[8/20 164/700] - Loss: 199.0027770996 - MSE: 198.70540 - batch_Time: 0.4004632509313524s
Epoch[8/20 165/700] - Loss: 243.5917816162 - MSE: 243.22137 - batch_Time: 0.3971011040266603s
Epoch[8/20 166/700] - Loss: 280.1191101074 - MSE: 279.62067 - batch_Time: 0.39884721604175866s
Epoch[8/20 167/700] - Loss: 161.6309051514 - MSE: 161.23260 - batch_Time: 0.4004475409165025s
Epoch[8/20 168/700] - Loss: 415.1057434082 - MSE: 414.24384 - batch_Time: 0.39935348089784384s
Epoch[8/20 169/700] - Loss: 95.6016159058 - MSE: 95.24569 - batch_Time: 0.4013700208161026s
Epoch[8/20 170/700] - Loss: 154.4863281250 - MSE: 154.19016 - batch_Time: 0.40069765713997185s
Epoch[8/20 171/700] - Loss: 178.8947296143 - MSE: 178.39970 - batch_Time: 0.40240283985622227s
Epoch[8/20 172/700] - Loss: 307.1938171387 - MSE: 306.76361 - batch_Time: 0.4022497220430523s
Epoch[8/20 173/700] - Loss: 245.7471466064 - MSE: 245.41266 - batch_Time: 0.399430698947981s
Epoch[8/20 174/700] - Loss: 162.2514343262 - MSE: 161.96791 - batch_Time: 0.3972464099060744s
Epoch[8/20 175/700] - Loss: 158.2610168457 - MSE: 158.02983 - batch_Time: 0.4026303968857974s
Epoch[8/20 176/700] - Loss: 125.7257080078 - MSE: 125.17084 - batch_Time: 0.40145278791897s
Epoch[8/20 177/700] - Loss: 173.3974151611 - MSE: 173.10510 - batch_Time: 0.40079597500152886s
Epoch[8/20 178/700] - Loss: 167.2131805420 - MSE: 166.82143 - batch_Time: 0.40143032907508314s
Epoch[8/20 179/700] - Loss: 221.5018920898 - MSE: 221.14780 - batch_Time: 0.39651188696734607s
Epoch[8/20 180/700] - Loss: 183.5536804199 - MSE: 183.23853 - batch_Time: 0.39727591909468174s
Epoch[8/20 181/700] - Loss: 117.5870056152 - MSE: 117.34228 - batch_Time: 0.39735575788654387s
Epoch[8/20 182/700] - Loss: 260.6445312500 - MSE: 260.20786 - batch_Time: 0.4002752089872956s
Epoch[8/20 183/700] - Loss: 134.7760620117 - MSE: 134.43900 - batch_Time: 0.3963048770092428s
Epoch[8/20 184/700] - Loss: 204.2487487793 - MSE: 203.72379 - batch_Time: 0.396623944863677s
Epoch[8/20 185/700] - Loss: 193.8260192871 - MSE: 193.51176 - batch_Time: 0.3969203920569271s
Epoch[8/20 186/700] - Loss: 230.4874877930 - MSE: 230.19620 - batch_Time: 0.4044538871385157s
Epoch[8/20 187/700] - Loss: 265.7044677734 - MSE: 265.25101 - batch_Time: 0.40034479717724025s
Epoch[8/20 188/700] - Loss: 166.9648742676 - MSE: 166.55711 - batch_Time: 0.39959958381950855s
Epoch[8/20 189/700] - Loss: 195.2329101562 - MSE: 194.92856 - batch_Time: 0.398994981078431s
Epoch[8/20 190/700] - Loss: 153.9560089111 - MSE: 153.71774 - batch_Time: 0.3965488232206553s
Epoch[8/20 191/700] - Loss: 137.6972198486 - MSE: 137.36742 - batch_Time: 0.40309820882976055s
Epoch[8/20 192/700] - Loss: 231.9808502197 - MSE: 231.61447 - batch_Time: 0.3937825309112668s
Epoch[8/20 193/700] - Loss: 247.5930175781 - MSE: 247.19511 - batch_Time: 0.4015174750238657s
Epoch[8/20 194/700] - Loss: 297.2939453125 - MSE: 296.68597 - batch_Time: 0.3998333008494228s
Epoch[8/20 195/700] - Loss: 159.1533355713 - MSE: 158.71490 - batch_Time: 0.40503012016415596s
Epoch[8/20 196/700] - Loss: 310.2027893066 - MSE: 309.85077 - batch_Time: 0.4017274130601436s
Epoch[8/20 197/700] - Loss: 246.1238861084 - MSE: 245.64923 - batch_Time: 0.40238146600313485s
Epoch[8/20 198/700] - Loss: 140.3448181152 - MSE: 140.04825 - batch_Time: 0.40104344789870083s
Epoch[8/20 199/700] - Loss: 365.4151611328 - MSE: 364.85593 - batch_Time: 0.39758314192295074s
Epoch[8/20 200/700] - Loss: 202.7838134766 - MSE: 202.38232 - batch_Time: 0.39909782796166837s
Epoch[8/20 201/700] - Loss: 181.1870727539 - MSE: 180.76797 - batch_Time: 0.39805735694244504s
Epoch[8/20 202/700] - Loss: 235.8697509766 - MSE: 235.46982 - batch_Time: 0.39745910302735865s
Epoch[8/20 203/700] - Loss: 198.8559875488 - MSE: 198.34720 - batch_Time: 0.3960304670035839s
Epoch[8/20 204/700] - Loss: 168.4583129883 - MSE: 168.05025 - batch_Time: 0.39667674992233515s
Epoch[8/20 205/700] - Loss: 171.7226104736 - MSE: 171.32639 - batch_Time: 0.40067635104060173s
Epoch[8/20 206/700] - Loss: 194.7830505371 - MSE: 194.48869 - batch_Time: 0.3999830971006304s
Epoch[8/20 207/700] - Loss: 156.0550537109 - MSE: 155.70053 - batch_Time: 0.3963022129610181s
Epoch[8/20 208/700] - Loss: 227.4103698730 - MSE: 227.13408 - batch_Time: 0.3973612629342824s
Epoch[8/20 209/700] - Loss: 122.7933883667 - MSE: 122.38513 - batch_Time: 0.39606996485963464s
Epoch[8/20 210/700] - Loss: 179.7459564209 - MSE: 179.41180 - batch_Time: 0.3993866019882262s
Epoch[8/20 211/700] - Loss: 109.2844848633 - MSE: 109.06924 - batch_Time: 0.39373404812067747s
Epoch[8/20 212/700] - Loss: 127.9973449707 - MSE: 127.55309 - batch_Time: 0.3945519889239222s
Epoch[8/20 213/700] - Loss: 171.5747680664 - MSE: 171.24130 - batch_Time: 0.39887288701720536s
Epoch[8/20 214/700] - Loss: 166.6355133057 - MSE: 166.29599 - batch_Time: 0.3959627649746835s
Epoch[8/20 215/700] - Loss: 162.0278930664 - MSE: 161.76216 - batch_Time: 0.39613576303236187s
Epoch[8/20 216/700] - Loss: 242.7554779053 - MSE: 242.33029 - batch_Time: 0.39604883501306176s
Epoch[8/20 217/700] - Loss: 167.5753173828 - MSE: 167.35185 - batch_Time: 0.39637351082637906s
Epoch[8/20 218/700] - Loss: 147.1304321289 - MSE: 146.81152 - batch_Time: 0.3949948139488697s
Epoch[8/20 219/700] - Loss: 186.2139282227 - MSE: 186.03041 - batch_Time: 0.3950905231758952s
Epoch[8/20 220/700] - Loss: 180.0006103516 - MSE: 179.72708 - batch_Time: 0.3955730670131743s
Epoch[8/20 221/700] - Loss: 117.3673706055 - MSE: 117.16962 - batch_Time: 0.39659203798510134s
Epoch[8/20 222/700] - Loss: 136.6091156006 - MSE: 136.42928 - batch_Time: 0.4029574750456959s
Epoch[8/20 223/700] - Loss: 163.5671997070 - MSE: 163.33733 - batch_Time: 0.3958746939897537s
Epoch[8/20 224/700] - Loss: 200.1002197266 - MSE: 199.60709 - batch_Time: 0.3970821818802506s
Epoch[8/20 225/700] - Loss: 142.9676513672 - MSE: 142.63409 - batch_Time: 0.4002714208327234s
Epoch[8/20 226/700] - Loss: 118.9699020386 - MSE: 118.66861 - batch_Time: 0.39682230399921536s
Epoch[8/20 227/700] - Loss: 243.8218078613 - MSE: 243.23364 - batch_Time: 0.3963382488582283s
Epoch[8/20 228/700] - Loss: 65.6407470703 - MSE: 65.43019 - batch_Time: 0.40077010495588183s
Epoch[8/20 229/700] - Loss: 228.3748474121 - MSE: 227.92993 - batch_Time: 0.4015737280715257s
Epoch[8/20 230/700] - Loss: 175.7334899902 - MSE: 175.35223 - batch_Time: 0.39967933506704867s
Epoch[8/20 231/700] - Loss: 158.2689666748 - MSE: 157.81349 - batch_Time: 0.39938930911011994s
Epoch[8/20 232/700] - Loss: 218.1780395508 - MSE: 217.73354 - batch_Time: 0.3992674290202558s
Epoch[8/20 233/700] - Loss: 351.7364807129 - MSE: 351.19473 - batch_Time: 0.3993277580011636s
Epoch[8/20 234/700] - Loss: 241.5303192139 - MSE: 241.12363 - batch_Time: 0.3989797809626907s
Epoch[8/20 235/700] - Loss: 233.6178741455 - MSE: 233.29704 - batch_Time: 0.40329559892416s
Epoch[8/20 236/700] - Loss: 135.5249176025 - MSE: 135.21483 - batch_Time: 0.3994147360790521s
Epoch[8/20 237/700] - Loss: 138.7645111084 - MSE: 138.36942 - batch_Time: 0.3982790280133486s
Epoch[8/20 238/700] - Loss: 203.1691894531 - MSE: 202.70358 - batch_Time: 0.3985599051229656s
Epoch[8/20 239/700] - Loss: 180.2562561035 - MSE: 179.91541 - batch_Time: 0.40627793897874653s
Epoch[8/20 240/700] - Loss: 214.0665435791 - MSE: 213.65921 - batch_Time: 0.40331904706545174s
Epoch[8/20 241/700] - Loss: 163.0472259521 - MSE: 162.79559 - batch_Time: 0.4033848070539534s
Epoch[8/20 242/700] - Loss: 312.9320678711 - MSE: 312.60889 - batch_Time: 0.39871439314447343s
Epoch[8/20 243/700] - Loss: 181.5239410400 - MSE: 181.25613 - batch_Time: 0.40410711988806725s
Epoch[8/20 244/700] - Loss: 216.7511901855 - MSE: 216.33736 - batch_Time: 0.4028413509950042s
Epoch[8/20 245/700] - Loss: 343.3031921387 - MSE: 342.85522 - batch_Time: 0.4011226680595428s
Epoch[8/20 246/700] - Loss: 187.5830688477 - MSE: 187.27780 - batch_Time: 0.4053145560901612s
Epoch[8/20 247/700] - Loss: 143.0860290527 - MSE: 142.64789 - batch_Time: 0.4048855910077691s
Epoch[8/20 248/700] - Loss: 171.0822143555 - MSE: 170.79849 - batch_Time: 0.4102740678936243s
Epoch[8/20 249/700] - Loss: 106.0679016113 - MSE: 105.65781 - batch_Time: 0.4015925631392747s
Epoch[8/20 250/700] - Loss: 204.0400390625 - MSE: 203.63133 - batch_Time: 0.4026319219265133s
Epoch[8/20 251/700] - Loss: 223.5204620361 - MSE: 223.20470 - batch_Time: 0.3970686378888786s
Epoch[8/20 252/700] - Loss: 267.3498229980 - MSE: 266.85028 - batch_Time: 0.3980973670259118s
Epoch[8/20 253/700] - Loss: 209.7443695068 - MSE: 209.32083 - batch_Time: 0.39836897305212915s
Epoch[8/20 254/700] - Loss: 238.5022888184 - MSE: 237.83966 - batch_Time: 0.40017695585265756s
Epoch[8/20 255/700] - Loss: 296.5059204102 - MSE: 296.13974 - batch_Time: 0.4003821541555226s
Epoch[8/20 256/700] - Loss: 346.3085327148 - MSE: 345.78110 - batch_Time: 0.4007274410687387s
Epoch[8/20 257/700] - Loss: 123.9119949341 - MSE: 123.52591 - batch_Time: 0.39937201398424804s
Epoch[8/20 258/700] - Loss: 207.0243682861 - MSE: 206.73300 - batch_Time: 0.39662941987626255s
Epoch[8/20 259/700] - Loss: 266.9659423828 - MSE: 266.39191 - batch_Time: 0.40423899493180215s
Epoch[8/20 260/700] - Loss: 201.9257202148 - MSE: 201.57785 - batch_Time: 0.397564911050722s
Epoch[8/20 261/700] - Loss: 186.6424713135 - MSE: 186.30438 - batch_Time: 0.39670344814658165s
Epoch[8/20 262/700] - Loss: 226.7546844482 - MSE: 226.39807 - batch_Time: 0.39916252507828176s
Epoch[8/20 263/700] - Loss: 198.1081390381 - MSE: 197.69402 - batch_Time: 0.39809010503813624s
Epoch[8/20 264/700] - Loss: 150.4349670410 - MSE: 149.99603 - batch_Time: 0.39795514615252614s
Epoch[8/20 265/700] - Loss: 231.7450714111 - MSE: 231.25192 - batch_Time: 0.40015931404195726s
Epoch[8/20 266/700] - Loss: 229.1664428711 - MSE: 228.50154 - batch_Time: 0.3968838460277766s
Epoch[8/20 267/700] - Loss: 236.5791473389 - MSE: 236.29379 - batch_Time: 0.4010478248819709s
Epoch[8/20 268/700] - Loss: 103.8106536865 - MSE: 103.62859 - batch_Time: 0.39603723399341106s
Epoch[8/20 269/700] - Loss: 243.7647399902 - MSE: 243.25481 - batch_Time: 0.39490623609162867s
Epoch[8/20 270/700] - Loss: 198.4618835449 - MSE: 198.02275 - batch_Time: 0.4016310179140419s
Epoch[8/20 271/700] - Loss: 217.8530578613 - MSE: 217.52560 - batch_Time: 0.4031538530252874s
Epoch[8/20 272/700] - Loss: 108.7277526855 - MSE: 108.42676 - batch_Time: 0.40057815914042294s
Epoch[8/20 273/700] - Loss: 190.5710144043 - MSE: 190.17720 - batch_Time: 0.40412099310196936s
Epoch[8/20 274/700] - Loss: 148.5422058105 - MSE: 148.26389 - batch_Time: 0.396922575077042s
Epoch[8/20 275/700] - Loss: 212.1392517090 - MSE: 211.75488 - batch_Time: 0.398672727169469s
Epoch[8/20 276/700] - Loss: 278.8757019043 - MSE: 278.52576 - batch_Time: 0.40244781877845526s
Epoch[8/20 277/700] - Loss: 209.7833557129 - MSE: 209.43291 - batch_Time: 0.4050655330065638s
Epoch[8/20 278/700] - Loss: 157.2998352051 - MSE: 156.85907 - batch_Time: 0.3952971890103072s
Epoch[8/20 279/700] - Loss: 219.2187347412 - MSE: 218.83752 - batch_Time: 0.4015477478969842s
Epoch[8/20 280/700] - Loss: 293.4439086914 - MSE: 292.87689 - batch_Time: 0.39493580209091306s
Epoch[8/20 281/700] - Loss: 253.0054016113 - MSE: 252.51602 - batch_Time: 0.40572098596021533s
Epoch[8/20 282/700] - Loss: 106.6262512207 - MSE: 106.41670 - batch_Time: 0.4013914579991251s
Epoch[8/20 283/700] - Loss: 208.3520202637 - MSE: 208.05362 - batch_Time: 0.39748686691746116s
Epoch[8/20 284/700] - Loss: 223.5203094482 - MSE: 222.89969 - batch_Time: 0.3966075249481946s
Epoch[8/20 285/700] - Loss: 153.2657928467 - MSE: 152.91316 - batch_Time: 0.4000345109961927s
Epoch[8/20 286/700] - Loss: 106.9928207397 - MSE: 106.71832 - batch_Time: 0.39714800007641315s
Epoch[8/20 287/700] - Loss: 204.6563720703 - MSE: 204.24725 - batch_Time: 0.39819398801773787s
Epoch[8/20 288/700] - Loss: 239.0448303223 - MSE: 238.71594 - batch_Time: 0.39780076313763857s
Epoch[8/20 289/700] - Loss: 219.3009033203 - MSE: 218.88043 - batch_Time: 0.39923651912249625s
Epoch[8/20 290/700] - Loss: 242.4348144531 - MSE: 241.90622 - batch_Time: 0.4065137570723891s
Epoch[8/20 291/700] - Loss: 217.8892211914 - MSE: 217.41507 - batch_Time: 0.4018909519072622s
Epoch[8/20 292/700] - Loss: 140.3559875488 - MSE: 139.84622 - batch_Time: 0.3969074401538819s
Epoch[8/20 293/700] - Loss: 263.8645935059 - MSE: 263.43842 - batch_Time: 0.39423191687092185s
Epoch[8/20 294/700] - Loss: 184.3231353760 - MSE: 183.97229 - batch_Time: 0.4016814630012959s
Epoch[8/20 295/700] - Loss: 110.6424942017 - MSE: 110.27647 - batch_Time: 0.3989494910929352s
Epoch[8/20 296/700] - Loss: 146.6782836914 - MSE: 146.44109 - batch_Time: 0.3959883190691471s
Epoch[8/20 297/700] - Loss: 184.6758728027 - MSE: 184.08408 - batch_Time: 0.3975869428832084s
Epoch[8/20 298/700] - Loss: 136.4523468018 - MSE: 136.24734 - batch_Time: 0.39598335907794535s
Epoch[8/20 299/700] - Loss: 177.3196411133 - MSE: 176.89532 - batch_Time: 0.39481230988167226s
Epoch[8/20 300/700] - Loss: 212.5158691406 - MSE: 212.13007 - batch_Time: 0.39245950407348573s
Epoch[8/20 301/700] - Loss: 246.8457336426 - MSE: 246.41710 - batch_Time: 0.39459961210377514s
Epoch[8/20 302/700] - Loss: 166.9887084961 - MSE: 166.71696 - batch_Time: 0.3964871328789741s
Epoch[8/20 303/700] - Loss: 189.8549194336 - MSE: 189.45145 - batch_Time: 0.39679137081839144s
Epoch[8/20 304/700] - Loss: 129.6714630127 - MSE: 129.44563 - batch_Time: 0.39502109680324793s
Epoch[8/20 305/700] - Loss: 175.6290893555 - MSE: 175.31491 - batch_Time: 0.3945560120046139s
Epoch[8/20 306/700] - Loss: 176.0059509277 - MSE: 175.74805 - batch_Time: 0.39480566908605397s
Epoch[8/20 307/700] - Loss: 164.5776977539 - MSE: 164.31329 - batch_Time: 0.3952658649068326s
Epoch[8/20 308/700] - Loss: 116.2364044189 - MSE: 115.68802 - batch_Time: 0.39671928994357586s
Epoch[8/20 309/700] - Loss: 277.5648803711 - MSE: 277.09753 - batch_Time: 0.3950722059234977s
Epoch[8/20 310/700] - Loss: 219.5890655518 - MSE: 219.03709 - batch_Time: 0.3937301100231707s
Epoch[8/20 311/700] - Loss: 243.5583343506 - MSE: 243.16681 - batch_Time: 0.39574108901433647s
Epoch[8/20 312/700] - Loss: 213.8381500244 - MSE: 213.52132 - batch_Time: 0.3988470279145986s
Epoch[8/20 313/700] - Loss: 167.1533508301 - MSE: 166.65765 - batch_Time: 0.3954810220748186s
Epoch[8/20 314/700] - Loss: 120.7557907104 - MSE: 120.43800 - batch_Time: 0.39619855396449566s
Epoch[8/20 315/700] - Loss: 182.3161315918 - MSE: 182.04356 - batch_Time: 0.4042806541547179s
Epoch[8/20 316/700] - Loss: 191.4135742188 - MSE: 190.77519 - batch_Time: 0.3990869140252471s
Epoch[8/20 317/700] - Loss: 131.3043518066 - MSE: 130.99292 - batch_Time: 0.39767169882543385s
Epoch[8/20 318/700] - Loss: 244.8111877441 - MSE: 244.41438 - batch_Time: 0.39716081391088665s
Epoch[8/20 319/700] - Loss: 220.0207214355 - MSE: 219.47733 - batch_Time: 0.4017903869971633s
Epoch[8/20 320/700] - Loss: 124.0538787842 - MSE: 123.78799 - batch_Time: 0.39888233691453934s
Epoch[8/20 321/700] - Loss: 206.0009613037 - MSE: 205.64194 - batch_Time: 0.3980498448945582s
Epoch[8/20 322/700] - Loss: 208.4470367432 - MSE: 207.94247 - batch_Time: 0.3982586420606822s
Epoch[8/20 323/700] - Loss: 153.2989807129 - MSE: 153.06453 - batch_Time: 0.39804981416091323s
Epoch[8/20 324/700] - Loss: 179.4422607422 - MSE: 179.19672 - batch_Time: 0.3974429101217538s
Epoch[8/20 325/700] - Loss: 178.9600372314 - MSE: 178.60452 - batch_Time: 0.39914721297100186s
Epoch[8/20 326/700] - Loss: 157.9446563721 - MSE: 157.71565 - batch_Time: 0.4003239809535444s
Epoch[8/20 327/700] - Loss: 167.2021636963 - MSE: 166.90582 - batch_Time: 0.3999707249458879s
Epoch[8/20 328/700] - Loss: 177.3571929932 - MSE: 177.03192 - batch_Time: 0.4037279470358044s
Epoch[8/20 329/700] - Loss: 163.0362854004 - MSE: 162.63258 - batch_Time: 0.39852252905257046s
Epoch[8/20 330/700] - Loss: 97.9288940430 - MSE: 97.51151 - batch_Time: 0.3958278251811862s
Epoch[8/20 331/700] - Loss: 162.2026214600 - MSE: 161.88449 - batch_Time: 0.40346783911809325s
Epoch[8/20 332/700] - Loss: 217.0976715088 - MSE: 216.69684 - batch_Time: 0.4031702831853181s
Epoch[8/20 333/700] - Loss: 138.5572509766 - MSE: 138.18246 - batch_Time: 0.40480959601700306s
Epoch[8/20 334/700] - Loss: 103.1654052734 - MSE: 102.76468 - batch_Time: 0.4040789920836687s
Epoch[8/20 335/700] - Loss: 177.8676300049 - MSE: 177.53671 - batch_Time: 0.3967642751522362s
Epoch[8/20 336/700] - Loss: 159.8002014160 - MSE: 159.40581 - batch_Time: 0.397584096994251s
Epoch[8/20 337/700] - Loss: 188.6859130859 - MSE: 188.28052 - batch_Time: 0.4000267821829766s
Epoch[8/20 338/700] - Loss: 189.9900054932 - MSE: 189.63049 - batch_Time: 0.39681027294136584s
Epoch[8/20 339/700] - Loss: 136.9936523438 - MSE: 136.56131 - batch_Time: 0.3973169990349561s
Epoch[8/20 340/700] - Loss: 137.9355163574 - MSE: 137.64589 - batch_Time: 0.3981857008766383s
Epoch[8/20 341/700] - Loss: 149.4421844482 - MSE: 149.09604 - batch_Time: 0.40593213285319507s
Epoch[8/20 342/700] - Loss: 188.0323944092 - MSE: 187.80168 - batch_Time: 0.40378801501356065s
Epoch[8/20 343/700] - Loss: 165.1655578613 - MSE: 164.75250 - batch_Time: 0.405040092067793s
Epoch[8/20 344/700] - Loss: 317.4786071777 - MSE: 316.94940 - batch_Time: 0.4023874569684267s
Epoch[8/20 345/700] - Loss: 162.7804870605 - MSE: 162.50137 - batch_Time: 0.40073230396956205s
Epoch[8/20 346/700] - Loss: 252.4429016113 - MSE: 251.96468 - batch_Time: 0.40351289696991444s
Epoch[8/20 347/700] - Loss: 211.0679016113 - MSE: 210.56929 - batch_Time: 0.4043571171350777s
Epoch[8/20 348/700] - Loss: 210.1272888184 - MSE: 209.77266 - batch_Time: 0.4011478291358799s
Epoch[8/20 349/700] - Loss: 165.7123718262 - MSE: 165.42163 - batch_Time: 0.4022132381796837s
Epoch[8/20 350/700] - Loss: 152.6148223877 - MSE: 152.06723 - batch_Time: 0.3996252929791808s
Epoch[8/20 351/700] - Loss: 234.8411865234 - MSE: 234.46175 - batch_Time: 0.3996093238238245s
Epoch[8/20 352/700] - Loss: 180.0591125488 - MSE: 179.69366 - batch_Time: 0.40050273505039513s
Epoch[8/20 353/700] - Loss: 212.1119689941 - MSE: 211.66940 - batch_Time: 0.399289526976645s
Epoch[8/20 354/700] - Loss: 148.9354553223 - MSE: 148.63327 - batch_Time: 0.40033600595779717s
Epoch[8/20 355/700] - Loss: 199.8292541504 - MSE: 199.47122 - batch_Time: 0.40321940719150007s
Epoch[8/20 356/700] - Loss: 171.7040100098 - MSE: 171.39110 - batch_Time: 0.40106900804676116s
Epoch[8/20 357/700] - Loss: 259.2819519043 - MSE: 258.80225 - batch_Time: 0.4023161451332271s
Epoch[8/20 358/700] - Loss: 103.3889923096 - MSE: 103.13779 - batch_Time: 0.40514445793814957s
Epoch[8/20 359/700] - Loss: 230.0645446777 - MSE: 229.60295 - batch_Time: 0.39947411394678056s
Epoch[8/20 360/700] - Loss: 317.6011047363 - MSE: 317.21301 - batch_Time: 0.400913120014593s
Epoch[8/20 361/700] - Loss: 142.8218078613 - MSE: 142.63004 - batch_Time: 0.39844451379030943s
Epoch[8/20 362/700] - Loss: 146.9362182617 - MSE: 146.64508 - batch_Time: 0.39953477191738784s
Epoch[8/20 363/700] - Loss: 218.8963012695 - MSE: 218.48894 - batch_Time: 0.3988887688610703s
Epoch[8/20 364/700] - Loss: 174.7736511230 - MSE: 174.51167 - batch_Time: 0.40072793094441295s
Epoch[8/20 365/700] - Loss: 264.2106323242 - MSE: 263.64066 - batch_Time: 0.4019948490895331s
Epoch[8/20 366/700] - Loss: 184.8260192871 - MSE: 184.38072 - batch_Time: 0.40465088095515966s
Epoch[8/20 367/700] - Loss: 181.5897216797 - MSE: 181.14481 - batch_Time: 0.4001387059688568s
Epoch[8/20 368/700] - Loss: 194.5586853027 - MSE: 193.96521 - batch_Time: 0.4009213780518621s
Epoch[8/20 369/700] - Loss: 154.0859832764 - MSE: 153.87152 - batch_Time: 0.40443757199682295s
Epoch[8/20 370/700] - Loss: 171.9960327148 - MSE: 171.79527 - batch_Time: 0.3998943578917533s
Epoch[8/20 371/700] - Loss: 228.6744842529 - MSE: 228.02582 - batch_Time: 0.40186120802536607s
Epoch[8/20 372/700] - Loss: 260.3393249512 - MSE: 259.85623 - batch_Time: 0.40246644197031856s
Epoch[8/20 373/700] - Loss: 320.8054809570 - MSE: 320.44922 - batch_Time: 0.40453407098539174s
Epoch[8/20 374/700] - Loss: 244.2036437988 - MSE: 243.79901 - batch_Time: 0.4024675921536982s
Epoch[8/20 375/700] - Loss: 138.3531951904 - MSE: 138.04240 - batch_Time: 0.40378054790198803s
Epoch[8/20 376/700] - Loss: 139.5894165039 - MSE: 139.44272 - batch_Time: 0.40122261294163764s
Epoch[8/20 377/700] - Loss: 228.2570495605 - MSE: 227.84348 - batch_Time: 0.39955316996201873s
Epoch[8/20 378/700] - Loss: 226.3166351318 - MSE: 225.94287 - batch_Time: 0.40223284321837127s
Epoch[8/20 379/700] - Loss: 172.9521636963 - MSE: 172.48059 - batch_Time: 0.4029792048968375s
Epoch[8/20 380/700] - Loss: 184.1372222900 - MSE: 183.84790 - batch_Time: 0.403492100071162s
Epoch[8/20 381/700] - Loss: 147.6703491211 - MSE: 147.20041 - batch_Time: 0.40092010609805584s
Epoch[8/20 382/700] - Loss: 186.5530090332 - MSE: 186.22379 - batch_Time: 0.4022462221328169s
Epoch[8/20 383/700] - Loss: 195.5253601074 - MSE: 195.22128 - batch_Time: 0.40125917200930417s
Epoch[8/20 384/700] - Loss: 122.9892578125 - MSE: 122.62180 - batch_Time: 0.3986101478803903s
Epoch[8/20 385/700] - Loss: 236.3415832520 - MSE: 236.02391 - batch_Time: 0.4027168769389391s
Epoch[8/20 386/700] - Loss: 240.0052032471 - MSE: 239.41971 - batch_Time: 0.40216460218653083s
Epoch[8/20 387/700] - Loss: 189.6332702637 - MSE: 189.20906 - batch_Time: 0.4021429419517517s
Epoch[8/20 388/700] - Loss: 92.6913604736 - MSE: 92.50109 - batch_Time: 0.40764015819877386s
Epoch[8/20 389/700] - Loss: 164.3257141113 - MSE: 163.69849 - batch_Time: 0.40144443907774985s
Epoch[8/20 390/700] - Loss: 236.3326263428 - MSE: 235.95432 - batch_Time: 0.3959477529861033s
Epoch[8/20 391/700] - Loss: 221.4680786133 - MSE: 221.17171 - batch_Time: 0.4017562950029969s
Epoch[8/20 392/700] - Loss: 261.6339721680 - MSE: 261.37265 - batch_Time: 0.3949338928796351s
Epoch[8/20 393/700] - Loss: 239.9267883301 - MSE: 239.44524 - batch_Time: 0.39537447900511324s
Epoch[8/20 394/700] - Loss: 166.9590911865 - MSE: 166.29021 - batch_Time: 0.40072174509987235s
Epoch[8/20 395/700] - Loss: 214.5457153320 - MSE: 214.18803 - batch_Time: 0.39553274610079825s
Epoch[8/20 396/700] - Loss: 203.8957366943 - MSE: 203.61101 - batch_Time: 0.39786530402489007s
Epoch[8/20 397/700] - Loss: 120.7821426392 - MSE: 120.56676 - batch_Time: 0.39699519192799926s
Epoch[8/20 398/700] - Loss: 141.8404693604 - MSE: 141.52036 - batch_Time: 0.3980467710644007s
Epoch[8/20 399/700] - Loss: 183.4457397461 - MSE: 183.17438 - batch_Time: 0.39854484610259533s
Epoch[8/20 400/700] - Loss: 123.1799087524 - MSE: 122.93135 - batch_Time: 0.3985130761284381s
Epoch[8/20 401/700] - Loss: 218.6006622314 - MSE: 218.19055 - batch_Time: 0.40154974604956806s
Epoch[8/20 402/700] - Loss: 167.0752563477 - MSE: 166.82492 - batch_Time: 0.39776306319981813s
Epoch[8/20 403/700] - Loss: 266.4533691406 - MSE: 266.00220 - batch_Time: 0.4043323181103915s
Epoch[8/20 404/700] - Loss: 215.2865905762 - MSE: 214.90231 - batch_Time: 0.40275797387585044s
Epoch[8/20 405/700] - Loss: 196.9882659912 - MSE: 196.49777 - batch_Time: 0.39500778005458415s
Epoch[8/20 406/700] - Loss: 214.7464599609 - MSE: 214.38626 - batch_Time: 0.399732373887673s
Epoch[8/20 407/700] - Loss: 243.4137268066 - MSE: 242.99870 - batch_Time: 0.40337274596095085s
Epoch[8/20 408/700] - Loss: 173.0133209229 - MSE: 172.52905 - batch_Time: 0.40139613696374s
Epoch[8/20 409/700] - Loss: 596.6038208008 - MSE: 596.08966 - batch_Time: 0.4029462500475347s
Epoch[8/20 410/700] - Loss: 205.8208312988 - MSE: 205.40948 - batch_Time: 0.4011928681284189s
Epoch[8/20 411/700] - Loss: 332.0947265625 - MSE: 331.26968 - batch_Time: 0.40372539311647415s
Epoch[8/20 412/700] - Loss: 151.0298004150 - MSE: 150.87750 - batch_Time: 0.4000316490419209s
Epoch[8/20 413/700] - Loss: 139.4863586426 - MSE: 139.22452 - batch_Time: 0.40169405192136765s
Epoch[8/20 414/700] - Loss: 244.7735443115 - MSE: 244.36832 - batch_Time: 0.39388550887815654s
Epoch[8/20 415/700] - Loss: 212.7522583008 - MSE: 212.25124 - batch_Time: 0.4026806519832462s
Epoch[8/20 416/700] - Loss: 218.5954895020 - MSE: 218.19846 - batch_Time: 0.3940083191264421s
Epoch[8/20 417/700] - Loss: 165.6242675781 - MSE: 165.33618 - batch_Time: 0.39519367599859834s
Epoch[8/20 418/700] - Loss: 205.2915039062 - MSE: 204.99057 - batch_Time: 0.40067136217840016s
Epoch[8/20 419/700] - Loss: 175.5783081055 - MSE: 175.14680 - batch_Time: 0.3963061049580574s
Epoch[8/20 420/700] - Loss: 241.0016479492 - MSE: 240.67447 - batch_Time: 0.40049161296337843s
Epoch[8/20 421/700] - Loss: 270.5880737305 - MSE: 270.25836 - batch_Time: 0.39846229390241206s
Epoch[8/20 422/700] - Loss: 156.0391845703 - MSE: 155.62589 - batch_Time: 0.40116701601073146s
Epoch[8/20 423/700] - Loss: 221.5683593750 - MSE: 221.01431 - batch_Time: 0.39577588997781277s
Epoch[8/20 424/700] - Loss: 289.1109008789 - MSE: 288.34546 - batch_Time: 0.4024164828006178s
Epoch[8/20 425/700] - Loss: 228.5045776367 - MSE: 228.03600 - batch_Time: 0.39632340404205024s
Epoch[8/20 426/700] - Loss: 141.4234771729 - MSE: 141.18332 - batch_Time: 0.4016833510249853s
Epoch[8/20 427/700] - Loss: 214.3774871826 - MSE: 213.98238 - batch_Time: 0.40123536507599056s
Epoch[8/20 428/700] - Loss: 152.9487304688 - MSE: 152.73878 - batch_Time: 0.3984547220170498s
Epoch[8/20 429/700] - Loss: 198.4465942383 - MSE: 198.01004 - batch_Time: 0.39812854514457285s
Epoch[8/20 430/700] - Loss: 196.6224365234 - MSE: 196.22922 - batch_Time: 0.4053859629202634s
Epoch[8/20 431/700] - Loss: 242.3436889648 - MSE: 241.98694 - batch_Time: 0.39686914812773466s
Epoch[8/20 432/700] - Loss: 137.1664123535 - MSE: 136.84883 - batch_Time: 0.3974301810376346s
Epoch[8/20 433/700] - Loss: 163.3018951416 - MSE: 163.02565 - batch_Time: 0.39925752277486026s
Epoch[8/20 434/700] - Loss: 178.3959503174 - MSE: 178.09784 - batch_Time: 0.3994413111358881s
Epoch[8/20 435/700] - Loss: 253.1847534180 - MSE: 252.82027 - batch_Time: 0.4020996349863708s
Epoch[8/20 436/700] - Loss: 154.7524719238 - MSE: 154.54071 - batch_Time: 0.403739757835865s
Epoch[8/20 437/700] - Loss: 159.5045166016 - MSE: 159.07970 - batch_Time: 0.4043055020738393s
Epoch[8/20 438/700] - Loss: 147.2454528809 - MSE: 146.98538 - batch_Time: 0.3983159619383514s
Epoch[8/20 439/700] - Loss: 251.3362121582 - MSE: 250.77167 - batch_Time: 0.4024302309844643s
Epoch[8/20 440/700] - Loss: 176.7212982178 - MSE: 176.21823 - batch_Time: 0.39850332005880773s
Epoch[8/20 441/700] - Loss: 150.1612548828 - MSE: 149.91280 - batch_Time: 0.4021951521281153s
Epoch[8/20 442/700] - Loss: 260.0330200195 - MSE: 259.56488 - batch_Time: 0.4069130960851908s
Epoch[8/20 443/700] - Loss: 111.2851486206 - MSE: 110.86524 - batch_Time: 0.40504330419935286s
Epoch[8/20 444/700] - Loss: 165.8885955811 - MSE: 165.46492 - batch_Time: 0.4048287549521774s
Epoch[8/20 445/700] - Loss: 199.7458343506 - MSE: 199.42343 - batch_Time: 0.40618562302552164s
Epoch[8/20 446/700] - Loss: 194.7214355469 - MSE: 194.12325 - batch_Time: 0.398172051878646s
Epoch[8/20 447/700] - Loss: 212.0252685547 - MSE: 211.56664 - batch_Time: 0.4024236900731921s
Epoch[8/20 448/700] - Loss: 247.2538757324 - MSE: 246.78391 - batch_Time: 0.4024680492002517s
Epoch[8/20 449/700] - Loss: 224.6163024902 - MSE: 223.98715 - batch_Time: 0.40271427598781884s
Epoch[8/20 450/700] - Loss: 110.6148376465 - MSE: 110.30743 - batch_Time: 0.40021379198879004s
Epoch[8/20 451/700] - Loss: 247.8415222168 - MSE: 247.46324 - batch_Time: 0.4039345539640635s
Epoch[8/20 452/700] - Loss: 248.5344085693 - MSE: 248.14970 - batch_Time: 0.39840558799915016s
Epoch[8/20 453/700] - Loss: 238.5238342285 - MSE: 238.18161 - batch_Time: 0.4011809208896011s
Epoch[8/20 454/700] - Loss: 183.3250885010 - MSE: 182.95226 - batch_Time: 0.39795011398382485s
Epoch[8/20 455/700] - Loss: 296.1249694824 - MSE: 295.59375 - batch_Time: 0.4033198789693415s
Epoch[8/20 456/700] - Loss: 190.4550933838 - MSE: 189.80862 - batch_Time: 0.40233539906330407s
Epoch[8/20 457/700] - Loss: 313.7663574219 - MSE: 313.18835 - batch_Time: 0.4040443419944495s
Epoch[8/20 458/700] - Loss: 188.0848693848 - MSE: 187.75151 - batch_Time: 0.40370922395959496s
Epoch[8/20 459/700] - Loss: 186.5818023682 - MSE: 186.22758 - batch_Time: 0.3977618529461324s
Epoch[8/20 460/700] - Loss: 213.8914794922 - MSE: 213.40965 - batch_Time: 0.4084752469789237s
Epoch[8/20 461/700] - Loss: 289.2156372070 - MSE: 288.69574 - batch_Time: 0.4033905169926584s
Epoch[8/20 462/700] - Loss: 146.4789123535 - MSE: 146.20688 - batch_Time: 0.4029786621686071s
Epoch[8/20 463/700] - Loss: 224.5322570801 - MSE: 224.13441 - batch_Time: 0.3985129159409553s
Epoch[8/20 464/700] - Loss: 148.0845184326 - MSE: 147.60344 - batch_Time: 0.40487898304127157s
Epoch[8/20 465/700] - Loss: 255.9174804688 - MSE: 255.35394 - batch_Time: 0.4036007639952004s
Epoch[8/20 466/700] - Loss: 123.2433776855 - MSE: 122.78248 - batch_Time: 0.4020616600755602s
Epoch[8/20 467/700] - Loss: 312.8100585938 - MSE: 312.31335 - batch_Time: 0.395524004008621s
Epoch[8/20 468/700] - Loss: 205.0722045898 - MSE: 204.73128 - batch_Time: 0.40163455391302705s
Epoch[8/20 469/700] - Loss: 272.6165771484 - MSE: 272.05411 - batch_Time: 0.39544084505178034s
Epoch[8/20 470/700] - Loss: 178.2579498291 - MSE: 178.03726 - batch_Time: 0.4027727320790291s
Epoch[8/20 471/700] - Loss: 174.8256072998 - MSE: 174.50070 - batch_Time: 0.4018630310893059s
Epoch[8/20 472/700] - Loss: 133.9998168945 - MSE: 133.70906 - batch_Time: 0.3960841081570834s
Epoch[8/20 473/700] - Loss: 171.4086456299 - MSE: 170.76917 - batch_Time: 0.4036830731201917s
Epoch[8/20 474/700] - Loss: 273.9052734375 - MSE: 273.54950 - batch_Time: 0.39571804204024374s
Epoch[8/20 475/700] - Loss: 370.0457153320 - MSE: 369.50400 - batch_Time: 0.40202017896808684s
Epoch[8/20 476/700] - Loss: 190.3005371094 - MSE: 189.64888 - batch_Time: 0.39880525111220777s
Epoch[8/20 477/700] - Loss: 168.7100219727 - MSE: 168.44942 - batch_Time: 0.394448054023087s
Epoch[8/20 478/700] - Loss: 161.9690856934 - MSE: 161.70155 - batch_Time: 0.3957513610366732s
Epoch[8/20 479/700] - Loss: 161.4210815430 - MSE: 161.10463 - batch_Time: 0.3975935329217464s
Epoch[8/20 480/700] - Loss: 123.7540130615 - MSE: 123.46345 - batch_Time: 0.3975280630402267s
Epoch[8/20 481/700] - Loss: 113.8103637695 - MSE: 113.46574 - batch_Time: 0.3983262050896883s
Epoch[8/20 482/700] - Loss: 146.4946289062 - MSE: 146.01108 - batch_Time: 0.39773367112502456s
Epoch[8/20 483/700] - Loss: 243.8173065186 - MSE: 243.49857 - batch_Time: 0.3982255859300494s
Epoch[8/20 484/700] - Loss: 156.2817230225 - MSE: 155.89905 - batch_Time: 0.39791215886361897s
Epoch[8/20 485/700] - Loss: 238.6024322510 - MSE: 238.12056 - batch_Time: 0.40336904511787s
Epoch[8/20 486/700] - Loss: 341.8286437988 - MSE: 341.28906 - batch_Time: 0.398103155894205s
Epoch[8/20 487/700] - Loss: 182.5717773438 - MSE: 182.17270 - batch_Time: 0.40269442019052804s
Epoch[8/20 488/700] - Loss: 261.4249267578 - MSE: 261.13708 - batch_Time: 0.4010267970152199s
Epoch[8/20 489/700] - Loss: 385.8544921875 - MSE: 385.44659 - batch_Time: 0.4045289808418602s
Epoch[8/20 490/700] - Loss: 168.6927490234 - MSE: 168.37769 - batch_Time: 0.4007541090250015s
Epoch[8/20 491/700] - Loss: 286.8898010254 - MSE: 286.40234 - batch_Time: 0.4083067940082401s
Epoch[8/20 492/700] - Loss: 174.2005157471 - MSE: 173.65904 - batch_Time: 0.3991129759233445s
Epoch[8/20 493/700] - Loss: 297.9489135742 - MSE: 297.36511 - batch_Time: 0.40128286415711045s
Epoch[8/20 494/700] - Loss: 328.4245605469 - MSE: 327.84818 - batch_Time: 0.39501278498210013s
Epoch[8/20 495/700] - Loss: 202.0246429443 - MSE: 201.59692 - batch_Time: 0.4015448910649866s
Epoch[8/20 496/700] - Loss: 207.2891235352 - MSE: 206.86102 - batch_Time: 0.4040117769036442s
Epoch[8/20 497/700] - Loss: 193.3440399170 - MSE: 192.68874 - batch_Time: 0.4019406158477068s
Epoch[8/20 498/700] - Loss: 189.2509460449 - MSE: 188.86028 - batch_Time: 0.4044068811926991s
Epoch[8/20 499/700] - Loss: 230.3179168701 - MSE: 229.99753 - batch_Time: 0.40589577704668045s
Epoch[8/20 500/700] - Loss: 180.9913787842 - MSE: 180.68475 - batch_Time: 0.39447325002402067s
Epoch[8/20 501/700] - Loss: 144.4042968750 - MSE: 144.06293 - batch_Time: 0.3986132191494107s
Epoch[8/20 502/700] - Loss: 166.2788696289 - MSE: 165.89198 - batch_Time: 0.39478223607875407s
Epoch[8/20 503/700] - Loss: 186.1710510254 - MSE: 185.85103 - batch_Time: 0.3957537468522787s
Epoch[8/20 504/700] - Loss: 216.7768707275 - MSE: 216.29062 - batch_Time: 0.3958901050500572s
Epoch[8/20 505/700] - Loss: 502.4754028320 - MSE: 501.56705 - batch_Time: 0.39576006680727005s
Epoch[8/20 506/700] - Loss: 149.9490203857 - MSE: 149.70233 - batch_Time: 0.39379889494739473s
Epoch[8/20 507/700] - Loss: 204.5143432617 - MSE: 204.10225 - batch_Time: 0.3928400550503284s
Epoch[8/20 508/700] - Loss: 146.5233764648 - MSE: 146.19391 - batch_Time: 0.39653398795053363s
Epoch[8/20 509/700] - Loss: 194.8839721680 - MSE: 194.62265 - batch_Time: 0.39583196491003036s
Epoch[8/20 510/700] - Loss: 171.3940429688 - MSE: 170.90622 - batch_Time: 0.3957730261608958s
Epoch[8/20 511/700] - Loss: 148.4624328613 - MSE: 148.14282 - batch_Time: 0.3979566339403391s
Epoch[8/20 512/700] - Loss: 158.5240936279 - MSE: 157.97145 - batch_Time: 0.39146981784142554s
Epoch[8/20 513/700] - Loss: 194.2823181152 - MSE: 193.91061 - batch_Time: 0.3948215548880398s
Epoch[8/20 514/700] - Loss: 274.4919433594 - MSE: 274.04956 - batch_Time: 0.39901752304285765s
Epoch[8/20 515/700] - Loss: 187.8210449219 - MSE: 187.33525 - batch_Time: 0.39563421602360904s
Epoch[8/20 516/700] - Loss: 167.4088592529 - MSE: 167.00439 - batch_Time: 0.39548466820269823s
Epoch[8/20 517/700] - Loss: 316.2940979004 - MSE: 315.92090 - batch_Time: 0.3955114372074604s
Epoch[8/20 518/700] - Loss: 112.1289672852 - MSE: 111.68507 - batch_Time: 0.3928872828837484s
Epoch[8/20 519/700] - Loss: 208.6561126709 - MSE: 208.19344 - batch_Time: 0.3948169939685613s
Epoch[8/20 520/700] - Loss: 365.8830566406 - MSE: 365.23669 - batch_Time: 0.3972905590198934s
Epoch[8/20 521/700] - Loss: 189.0336608887 - MSE: 188.57240 - batch_Time: 0.3957235540729016s
Epoch[8/20 522/700] - Loss: 258.5572204590 - MSE: 257.86121 - batch_Time: 0.39628953905776143s
Epoch[8/20 523/700] - Loss: 245.2035980225 - MSE: 244.81989 - batch_Time: 0.39471473498269916s
Epoch[8/20 524/700] - Loss: 118.8318176270 - MSE: 118.65529 - batch_Time: 0.4014411671087146s
Epoch[8/20 525/700] - Loss: 467.1560974121 - MSE: 466.35007 - batch_Time: 0.3935331651009619s
Epoch[8/20 526/700] - Loss: 206.5301361084 - MSE: 206.09358 - batch_Time: 0.39305989909917116s
Epoch[8/20 527/700] - Loss: 172.8626251221 - MSE: 172.46893 - batch_Time: 0.3963648369535804s
Epoch[8/20 528/700] - Loss: 127.5686798096 - MSE: 127.24766 - batch_Time: 0.39690557098947465s
Epoch[8/20 529/700] - Loss: 304.0034790039 - MSE: 303.47296 - batch_Time: 0.3956975438632071s
Epoch[8/20 530/700] - Loss: 134.7167053223 - MSE: 134.30405 - batch_Time: 0.3958773910999298s
Epoch[8/20 531/700] - Loss: 250.5659332275 - MSE: 250.15646 - batch_Time: 0.3948318019974977s
Epoch[8/20 532/700] - Loss: 120.2074890137 - MSE: 119.95511 - batch_Time: 0.39936668588779867s
Epoch[8/20 533/700] - Loss: 203.0635223389 - MSE: 202.71976 - batch_Time: 0.3931565380189568s
Epoch[8/20 534/700] - Loss: 217.3195800781 - MSE: 216.74149 - batch_Time: 0.4002856072038412s
Epoch[8/20 535/700] - Loss: 150.0849609375 - MSE: 149.75287 - batch_Time: 0.4012310882098973s
Epoch[8/20 536/700] - Loss: 165.7937316895 - MSE: 165.56569 - batch_Time: 0.409054908901453s
Epoch[8/20 537/700] - Loss: 215.3639831543 - MSE: 214.98631 - batch_Time: 0.39728136616759s
Epoch[8/20 538/700] - Loss: 111.9044723511 - MSE: 111.61461 - batch_Time: 0.3991406471468508s
Epoch[8/20 539/700] - Loss: 207.2160797119 - MSE: 206.81815 - batch_Time: 0.4011540380306542s
Epoch[8/20 540/700] - Loss: 162.9053955078 - MSE: 162.67703 - batch_Time: 0.40359486313536763s
Epoch[8/20 541/700] - Loss: 178.4123077393 - MSE: 178.11133 - batch_Time: 0.3949016500264406s
Epoch[8/20 542/700] - Loss: 108.7567443848 - MSE: 108.53526 - batch_Time: 0.3965692629572004s
Epoch[8/20 543/700] - Loss: 207.1341552734 - MSE: 206.80591 - batch_Time: 0.4011306269094348s
Epoch[8/20 544/700] - Loss: 301.4805908203 - MSE: 300.94641 - batch_Time: 0.39518951694481075s
Epoch[8/20 545/700] - Loss: 239.6703796387 - MSE: 239.26344 - batch_Time: 0.3998745100107044s
Epoch[8/20 546/700] - Loss: 200.5520935059 - MSE: 200.13602 - batch_Time: 0.40186598990112543s
Epoch[8/20 547/700] - Loss: 352.0517272949 - MSE: 351.42996 - batch_Time: 0.40062162186950445s
Epoch[8/20 548/700] - Loss: 208.7767944336 - MSE: 208.18253 - batch_Time: 0.4015713620465249s
Epoch[8/20 549/700] - Loss: 236.6994476318 - MSE: 236.31104 - batch_Time: 0.3972229559440166s
Epoch[8/20 550/700] - Loss: 186.3181762695 - MSE: 185.97920 - batch_Time: 0.3981571248732507s
Epoch[8/20 551/700] - Loss: 160.9076843262 - MSE: 160.41356 - batch_Time: 0.4034713830333203s
Epoch[8/20 552/700] - Loss: 345.1748046875 - MSE: 344.55865 - batch_Time: 0.39988294802606106s
Epoch[8/20 553/700] - Loss: 185.8103179932 - MSE: 185.39621 - batch_Time: 0.40052102180197835s
Epoch[8/20 554/700] - Loss: 153.5006866455 - MSE: 153.18153 - batch_Time: 0.39697573706507683s
Epoch[8/20 555/700] - Loss: 271.2314453125 - MSE: 270.53445 - batch_Time: 0.401219645049423s
Epoch[8/20 556/700] - Loss: 222.7621765137 - MSE: 222.23346 - batch_Time: 0.39718557498417795s
Epoch[8/20 557/700] - Loss: 172.4286346436 - MSE: 172.04318 - batch_Time: 0.3972133651841432s
Epoch[8/20 558/700] - Loss: 208.7442626953 - MSE: 208.28026 - batch_Time: 0.40037228306755424s
Epoch[8/20 559/700] - Loss: 139.9573364258 - MSE: 139.43063 - batch_Time: 0.3956685899756849s
Epoch[8/20 560/700] - Loss: 142.1413574219 - MSE: 141.66339 - batch_Time: 0.4018408970441669s
Epoch[8/20 561/700] - Loss: 201.1535034180 - MSE: 200.86913 - batch_Time: 0.39834239217452705s
Epoch[8/20 562/700] - Loss: 130.1166839600 - MSE: 129.89891 - batch_Time: 0.40011903387494385s
Epoch[8/20 563/700] - Loss: 216.2097320557 - MSE: 215.81561 - batch_Time: 0.40567175881005824s
Epoch[8/20 564/700] - Loss: 182.1903533936 - MSE: 181.91541 - batch_Time: 0.4028145878110081s
Epoch[8/20 565/700] - Loss: 132.3565673828 - MSE: 131.96130 - batch_Time: 0.4022683419752866s
Epoch[8/20 566/700] - Loss: 108.1432952881 - MSE: 107.77637 - batch_Time: 0.3964654200244695s
Epoch[8/20 567/700] - Loss: 289.8491516113 - MSE: 289.20154 - batch_Time: 0.39721286320127547s
Epoch[8/20 568/700] - Loss: 239.1223907471 - MSE: 238.74471 - batch_Time: 0.39812041400000453s
Epoch[8/20 569/700] - Loss: 117.2610778809 - MSE: 117.08273 - batch_Time: 0.3972515519708395s
Epoch[8/20 570/700] - Loss: 183.2856292725 - MSE: 182.86966 - batch_Time: 0.39779081707820296s
Epoch[8/20 571/700] - Loss: 190.1535644531 - MSE: 189.67950 - batch_Time: 0.3972411919385195s
Epoch[8/20 572/700] - Loss: 157.8711242676 - MSE: 157.51247 - batch_Time: 0.4044309710152447s
Epoch[8/20 573/700] - Loss: 251.4011535645 - MSE: 250.88278 - batch_Time: 0.39703777409158647s
Epoch[8/20 574/700] - Loss: 293.9689941406 - MSE: 293.37469 - batch_Time: 0.3973260901402682s
Epoch[8/20 575/700] - Loss: 254.8173065186 - MSE: 254.45938 - batch_Time: 0.39872070704586804s
Epoch[8/20 576/700] - Loss: 188.3357086182 - MSE: 187.86465 - batch_Time: 0.3977784849703312s
Epoch[8/20 577/700] - Loss: 226.6701049805 - MSE: 226.20230 - batch_Time: 0.3977730660699308s
Epoch[8/20 578/700] - Loss: 113.9926605225 - MSE: 113.79565 - batch_Time: 0.39673036616295576s
Epoch[8/20 579/700] - Loss: 192.9907836914 - MSE: 192.66541 - batch_Time: 0.3972061611711979s
Epoch[8/20 580/700] - Loss: 272.6560974121 - MSE: 272.17667 - batch_Time: 0.39634747011587024s
Epoch[8/20 581/700] - Loss: 176.6454315186 - MSE: 175.98970 - batch_Time: 0.39534912910312414s
Epoch[8/20 582/700] - Loss: 153.0297088623 - MSE: 152.62064 - batch_Time: 0.3958421649876982s
Epoch[8/20 583/700] - Loss: 197.7682800293 - MSE: 197.42258 - batch_Time: 0.3958517541177571s
Epoch[8/20 584/700] - Loss: 282.8449707031 - MSE: 282.40173 - batch_Time: 0.4020089618861675s
Epoch[8/20 585/700] - Loss: 185.2879791260 - MSE: 184.85066 - batch_Time: 0.3995050769299269s
Epoch[8/20 586/700] - Loss: 198.5047454834 - MSE: 198.08611 - batch_Time: 0.40308684087358415s
Epoch[8/20 587/700] - Loss: 174.6053466797 - MSE: 174.35672 - batch_Time: 0.4047834351658821s
Epoch[8/20 588/700] - Loss: 187.3469085693 - MSE: 186.79648 - batch_Time: 0.3983348689507693s
Epoch[8/20 589/700] - Loss: 316.2765808105 - MSE: 315.30881 - batch_Time: 0.3974254271015525s
Epoch[8/20 590/700] - Loss: 162.0078735352 - MSE: 161.62094 - batch_Time: 0.40251913596875966s
Epoch[8/20 591/700] - Loss: 153.6577606201 - MSE: 153.35237 - batch_Time: 0.4026829251088202s
Epoch[8/20 592/700] - Loss: 100.7556533813 - MSE: 100.45334 - batch_Time: 0.4010920210275799s
Epoch[8/20 593/700] - Loss: 196.3944854736 - MSE: 196.02000 - batch_Time: 0.40277832304127514s
Epoch[8/20 594/700] - Loss: 245.1909484863 - MSE: 244.52078 - batch_Time: 0.404036341002211s
Epoch[8/20 595/700] - Loss: 247.1744537354 - MSE: 246.79434 - batch_Time: 0.4020832700189203s
Epoch[8/20 596/700] - Loss: 88.8799743652 - MSE: 88.66457 - batch_Time: 0.40362280514091253s
Epoch[8/20 597/700] - Loss: 221.5698242188 - MSE: 221.13863 - batch_Time: 0.4009743209462613s
Epoch[8/20 598/700] - Loss: 219.9970397949 - MSE: 219.63632 - batch_Time: 0.40346100577153265s
Epoch[8/20 599/700] - Loss: 161.2997741699 - MSE: 161.02304 - batch_Time: 0.40049092611297965s
Epoch[8/20 600/700] - Loss: 148.4678497314 - MSE: 147.94449 - batch_Time: 0.40009613893926144s
Epoch[8/20 601/700] - Loss: 182.1567840576 - MSE: 181.85208 - batch_Time: 0.3995688140857965s
Epoch[8/20 602/700] - Loss: 107.9869384766 - MSE: 107.75082 - batch_Time: 0.4017292319331318s
Epoch[8/20 603/700] - Loss: 163.1339263916 - MSE: 162.90314 - batch_Time: 0.40042553492821753s
Epoch[8/20 604/700] - Loss: 247.7490539551 - MSE: 247.27966 - batch_Time: 0.4020880798343569s
Epoch[8/20 605/700] - Loss: 176.1307830811 - MSE: 175.73412 - batch_Time: 0.40306034917011857s
Epoch[8/20 606/700] - Loss: 223.4611511230 - MSE: 223.13530 - batch_Time: 0.4012141970451921s
Epoch[8/20 607/700] - Loss: 297.4793090820 - MSE: 296.93073 - batch_Time: 0.40037254500202835s
Epoch[8/20 608/700] - Loss: 185.2934265137 - MSE: 185.02794 - batch_Time: 0.4111836978700012s
Epoch[8/20 609/700] - Loss: 162.2734527588 - MSE: 162.03500 - batch_Time: 0.4008153909817338s
Epoch[8/20 610/700] - Loss: 228.8965911865 - MSE: 228.42784 - batch_Time: 0.3974455341231078s
Epoch[8/20 611/700] - Loss: 222.7016601562 - MSE: 222.43781 - batch_Time: 0.399841699982062s
Epoch[8/20 612/700] - Loss: 217.5329895020 - MSE: 217.11157 - batch_Time: 0.4010941272135824s
Epoch[8/20 613/700] - Loss: 181.1805419922 - MSE: 180.74965 - batch_Time: 0.3983598849736154s
Epoch[8/20 614/700] - Loss: 138.7058715820 - MSE: 138.31662 - batch_Time: 0.3999545290134847s
Epoch[8/20 615/700] - Loss: 192.1445770264 - MSE: 191.81096 - batch_Time: 0.3959504880476743s
Epoch[8/20 616/700] - Loss: 332.9459838867 - MSE: 332.13196 - batch_Time: 0.41053004283457994s
Epoch[8/20 617/700] - Loss: 188.6066436768 - MSE: 188.16562 - batch_Time: 0.4115284220315516s
Epoch[8/20 618/700] - Loss: 367.5134887695 - MSE: 366.88046 - batch_Time: 0.41428825492039323s
Epoch[8/20 619/700] - Loss: 332.8499145508 - MSE: 332.24106 - batch_Time: 0.39813856687396765s
Epoch[8/20 620/700] - Loss: 188.3450012207 - MSE: 188.07559 - batch_Time: 0.4090618370100856s
Epoch[8/20 621/700] - Loss: 200.5088806152 - MSE: 200.06567 - batch_Time: 0.4018616888206452s
Epoch[8/20 622/700] - Loss: 165.4515075684 - MSE: 165.04404 - batch_Time: 0.3985503308940679s
Epoch[8/20 623/700] - Loss: 121.7138061523 - MSE: 121.44473 - batch_Time: 0.3987610191106796s
Epoch[8/20 624/700] - Loss: 319.0018615723 - MSE: 318.39352 - batch_Time: 0.397095164982602s
Epoch[8/20 625/700] - Loss: 185.2566680908 - MSE: 184.58176 - batch_Time: 0.3974186920095235s
Epoch[8/20 626/700] - Loss: 280.3022766113 - MSE: 279.67178 - batch_Time: 0.3992965829093009s
Epoch[8/20 627/700] - Loss: 234.0538177490 - MSE: 233.79083 - batch_Time: 0.40018736477941275s
Epoch[8/20 628/700] - Loss: 118.7228698730 - MSE: 118.47975 - batch_Time: 0.39846829208545387s
Epoch[8/20 629/700] - Loss: 150.9789733887 - MSE: 150.58943 - batch_Time: 0.39744745194911957s
Epoch[8/20 630/700] - Loss: 122.2689437866 - MSE: 121.99630 - batch_Time: 0.39686756720766425s
Epoch[8/20 631/700] - Loss: 188.9333801270 - MSE: 188.59634 - batch_Time: 0.40388540690764785s
Epoch[8/20 632/700] - Loss: 292.2467651367 - MSE: 291.75607 - batch_Time: 0.40498232608661056s
Epoch[8/20 633/700] - Loss: 169.3185882568 - MSE: 168.91591 - batch_Time: 0.40283296699635684s
Epoch[8/20 634/700] - Loss: 158.7541046143 - MSE: 158.20526 - batch_Time: 0.4039697649423033s
Epoch[8/20 635/700] - Loss: 129.4599304199 - MSE: 129.18755 - batch_Time: 0.40567435906268656s
Epoch[8/20 636/700] - Loss: 231.2374267578 - MSE: 230.68279 - batch_Time: 0.405168634140864s
Epoch[8/20 637/700] - Loss: 294.3602294922 - MSE: 293.93723 - batch_Time: 0.40089433593675494s
Epoch[8/20 638/700] - Loss: 174.5082550049 - MSE: 173.99969 - batch_Time: 0.39560014801099896s
Epoch[8/20 639/700] - Loss: 154.6768798828 - MSE: 154.36226 - batch_Time: 0.3991949730552733s
Epoch[8/20 640/700] - Loss: 199.4264221191 - MSE: 198.85269 - batch_Time: 0.40436111111193895s
Epoch[8/20 641/700] - Loss: 249.6793518066 - MSE: 249.14130 - batch_Time: 0.3959542941302061s
Epoch[8/20 642/700] - Loss: 272.0973510742 - MSE: 271.69498 - batch_Time: 0.403713237028569s
Epoch[8/20 643/700] - Loss: 241.7892456055 - MSE: 241.37971 - batch_Time: 0.39815023192204535s
Epoch[8/20 644/700] - Loss: 267.6266479492 - MSE: 267.34161 - batch_Time: 0.4018775059375912s
Epoch[8/20 645/700] - Loss: 289.6662292480 - MSE: 289.21713 - batch_Time: 0.4053006521426141s
Epoch[8/20 646/700] - Loss: 413.9801330566 - MSE: 413.30441 - batch_Time: 0.40708112297579646s
Epoch[8/20 647/700] - Loss: 185.9958648682 - MSE: 185.65785 - batch_Time: 0.4033318201545626s
Epoch[8/20 648/700] - Loss: 232.9238586426 - MSE: 232.70139 - batch_Time: 0.4002213408239186s
Epoch[8/20 649/700] - Loss: 148.3167724609 - MSE: 147.89090 - batch_Time: 0.39912111195735633s
Epoch[8/20 650/700] - Loss: 153.1239624023 - MSE: 152.67366 - batch_Time: 0.40173925599083304s
Epoch[8/20 651/700] - Loss: 194.7731933594 - MSE: 193.98418 - batch_Time: 0.40152633795514703s
Epoch[8/20 652/700] - Loss: 218.6634368896 - MSE: 218.07964 - batch_Time: 0.3980860929004848s
Epoch[8/20 653/700] - Loss: 191.4815673828 - MSE: 190.89798 - batch_Time: 0.3999242929276079s
Epoch[8/20 654/700] - Loss: 189.4795532227 - MSE: 189.03308 - batch_Time: 0.4017759838607162s
Epoch[8/20 655/700] - Loss: 172.1918487549 - MSE: 171.81796 - batch_Time: 0.4027422640938312s
Epoch[8/20 656/700] - Loss: 262.9227600098 - MSE: 262.13257 - batch_Time: 0.4029496929142624s
Epoch[8/20 657/700] - Loss: 210.6232910156 - MSE: 210.27391 - batch_Time: 0.40290447301231325s
Epoch[8/20 658/700] - Loss: 217.2374267578 - MSE: 216.88179 - batch_Time: 0.40631707897409797s
Epoch[8/20 659/700] - Loss: 217.6566162109 - MSE: 217.15118 - batch_Time: 0.40252444706857204s
Epoch[8/20 660/700] - Loss: 201.9668273926 - MSE: 201.33740 - batch_Time: 0.4017595041077584s
Epoch[8/20 661/700] - Loss: 174.3487854004 - MSE: 174.05679 - batch_Time: 0.39705740101635456s
Epoch[8/20 662/700] - Loss: 219.3627929688 - MSE: 219.03792 - batch_Time: 0.40132303815335035s
Epoch[8/20 663/700] - Loss: 293.6165161133 - MSE: 293.19110 - batch_Time: 0.39682194287888706s
Epoch[8/20 664/700] - Loss: 170.2177276611 - MSE: 169.89413 - batch_Time: 0.4000780498608947s
Epoch[8/20 665/700] - Loss: 136.8801116943 - MSE: 136.63715 - batch_Time: 0.39581990288570523s
Epoch[8/20 666/700] - Loss: 165.8706512451 - MSE: 165.40379 - batch_Time: 0.40564714395441115s
Epoch[8/20 667/700] - Loss: 173.9137725830 - MSE: 173.45981 - batch_Time: 0.402450606925413s
Epoch[8/20 668/700] - Loss: 288.4318237305 - MSE: 287.77197 - batch_Time: 0.40580652211792767s
Epoch[8/20 669/700] - Loss: 179.2838439941 - MSE: 178.77144 - batch_Time: 0.40985862095840275s
Epoch[8/20 670/700] - Loss: 221.5245971680 - MSE: 221.03534 - batch_Time: 0.3995469550136477s
Epoch[8/20 671/700] - Loss: 238.4798431396 - MSE: 238.02931 - batch_Time: 0.40116031910292804s
Epoch[8/20 672/700] - Loss: 236.1379699707 - MSE: 235.69151 - batch_Time: 0.3998850411735475s
Epoch[8/20 673/700] - Loss: 205.6310882568 - MSE: 205.27679 - batch_Time: 0.39901764993555844s
Epoch[8/20 674/700] - Loss: 287.3117370605 - MSE: 286.91425 - batch_Time: 0.39809603802859783s
Epoch[8/20 675/700] - Loss: 205.0205078125 - MSE: 204.64972 - batch_Time: 0.39791847998276353s
Epoch[8/20 676/700] - Loss: 234.4167327881 - MSE: 233.99742 - batch_Time: 0.3992922669276595s
Epoch[8/20 677/700] - Loss: 209.2660827637 - MSE: 208.73541 - batch_Time: 0.40116836805827916s
Epoch[8/20 678/700] - Loss: 307.8397827148 - MSE: 307.12982 - batch_Time: 0.40326406713575125s
Epoch[8/20 679/700] - Loss: 179.0183258057 - MSE: 178.62062 - batch_Time: 0.3994037448428571s
Epoch[8/20 680/700] - Loss: 287.9664306641 - MSE: 287.55035 - batch_Time: 0.4016190629918128s
Epoch[8/20 681/700] - Loss: 286.1421508789 - MSE: 285.55542 - batch_Time: 0.39820614689961076s
Epoch[8/20 682/700] - Loss: 185.3477783203 - MSE: 184.95641 - batch_Time: 0.3986617929767817s
Epoch[8/20 683/700] - Loss: 199.2512054443 - MSE: 198.86168 - batch_Time: 0.40369258215650916s
Epoch[8/20 684/700] - Loss: 222.3805847168 - MSE: 222.02795 - batch_Time: 0.4014585940167308s
Epoch[8/20 685/700] - Loss: 220.8891906738 - MSE: 220.47269 - batch_Time: 0.39602362900041044s
Epoch[8/20 686/700] - Loss: 370.8323669434 - MSE: 370.06342 - batch_Time: 0.40476766019128263s
Epoch[8/20 687/700] - Loss: 232.4651794434 - MSE: 232.00168 - batch_Time: 0.4070404979865998s
Epoch[8/20 688/700] - Loss: 213.7924499512 - MSE: 213.35382 - batch_Time: 0.4024770138785243s
Epoch[8/20 689/700] - Loss: 210.6097412109 - MSE: 209.49158 - batch_Time: 0.39983105892315507s
Epoch[8/20 690/700] - Loss: 155.9931945801 - MSE: 155.53343 - batch_Time: 0.3990637569222599s
Epoch[8/20 691/700] - Loss: 354.3875122070 - MSE: 353.35977 - batch_Time: 0.40258359094150364s
Epoch[8/20 692/700] - Loss: 187.4754180908 - MSE: 187.02936 - batch_Time: 0.4057306300383061s
Epoch[8/20 693/700] - Loss: 229.3943634033 - MSE: 229.00299 - batch_Time: 0.40628789411857724s
Epoch[8/20 694/700] - Loss: 121.5232772827 - MSE: 121.30978 - batch_Time: 0.39948629192076623s
Epoch[8/20 695/700] - Loss: 134.7825012207 - MSE: 134.53616 - batch_Time: 0.41080218902789056s
Epoch[8/20 696/700] - Loss: 220.3710327148 - MSE: 219.89627 - batch_Time: 0.4031128960195929s
Epoch[8/20 697/700] - Loss: 254.7142333984 - MSE: 254.46335 - batch_Time: 0.4038503880146891s
Epoch[8/20 698/700] - Loss: 262.1462097168 - MSE: 261.65005 - batch_Time: 0.4054410320241004s
Epoch[8/20 699/700] - Loss: 495.6059265137 - MSE: 495.07599 - batch_Time: 0.4013024140149355s
Epoch[8] - 2021-08-06 21:55:27.802180
/hy-tmp/OURS/ttsr_dx/experiment.py:171: UserWarning: torch.nn.utils.clip_grad_norm is now deprecated in favor of torch.nn.utils.clip_grad_norm_.
  nn.utils.clip_grad_norm(self.model.parameters(), 1, norm_type=2)
Epoch[8- train_loss: 204.7582055228 - train_error: 204.3525862013 - val_loss: 67.5560776043 - val_error: 67.4306944084 - val_psnr: 30.3047240612 - val_ssim: 0.8279186333 - epoch_Time: 361.4613885260187s
Current learning rate: 0.0001
Epoch[9/20] - 2021-08-06 21:56:39.506794
Epoch[9/20 0/700] - Loss: 256.8248291016 - MSE: 256.21518 - batch_Time: 0.41119252098724246s
Epoch[9/20 1/700] - Loss: 147.8966369629 - MSE: 147.63924 - batch_Time: 0.3966732770204544s
Epoch[9/20 2/700] - Loss: 147.0313415527 - MSE: 146.74637 - batch_Time: 0.3986043289769441s
Epoch[9/20 3/700] - Loss: 98.6866836548 - MSE: 98.49923 - batch_Time: 0.3999635549262166s
Epoch[9/20 4/700] - Loss: 234.6584777832 - MSE: 234.21310 - batch_Time: 0.3967424069996923s
Epoch[9/20 5/700] - Loss: 91.5876998901 - MSE: 91.26920 - batch_Time: 0.3961386629380286s
Epoch[9/20 6/700] - Loss: 157.8779449463 - MSE: 157.58466 - batch_Time: 0.3945317880716175s
Epoch[9/20 7/700] - Loss: 223.9764709473 - MSE: 223.60025 - batch_Time: 0.39617460290901363s
Epoch[9/20 8/700] - Loss: 167.9393157959 - MSE: 167.42099 - batch_Time: 0.39688506512902677s
Epoch[9/20 9/700] - Loss: 165.4119720459 - MSE: 165.14609 - batch_Time: 0.39790061488747597s
Epoch[9/20 10/700] - Loss: 111.7656402588 - MSE: 111.52120 - batch_Time: 0.4011856319848448s
Epoch[9/20 11/700] - Loss: 173.9640350342 - MSE: 173.34062 - batch_Time: 0.3980916820000857s
Epoch[9/20 12/700] - Loss: 179.1918029785 - MSE: 178.95467 - batch_Time: 0.3932429919950664s
Epoch[9/20 13/700] - Loss: 139.4933776855 - MSE: 138.99669 - batch_Time: 0.3930675929877907s
Epoch[9/20 14/700] - Loss: 317.9067993164 - MSE: 317.32440 - batch_Time: 0.39087347500026226s
Epoch[9/20 15/700] - Loss: 153.2701568604 - MSE: 152.81677 - batch_Time: 0.39371362584643066s
Epoch[9/20 16/700] - Loss: 207.8392791748 - MSE: 207.37512 - batch_Time: 0.3930624530185014s
Epoch[9/20 17/700] - Loss: 111.5130462646 - MSE: 111.13737 - batch_Time: 0.39277003589086235s
Epoch[9/20 18/700] - Loss: 214.8498840332 - MSE: 214.57211 - batch_Time: 0.39576400606893003s
Epoch[9/20 19/700] - Loss: 213.1630859375 - MSE: 212.78957 - batch_Time: 0.3937534249853343s
Epoch[9/20 20/700] - Loss: 163.9797668457 - MSE: 163.44670 - batch_Time: 0.39336751005612314s
Epoch[9/20 21/700] - Loss: 96.6965408325 - MSE: 96.39391 - batch_Time: 0.39210567087866366s
Epoch[9/20 22/700] - Loss: 214.9864349365 - MSE: 214.20117 - batch_Time: 0.39211350097320974s
Epoch[9/20 23/700] - Loss: 158.5189208984 - MSE: 158.13980 - batch_Time: 0.3965245170984417s
Epoch[9/20 24/700] - Loss: 235.3544616699 - MSE: 234.81558 - batch_Time: 0.3977738150861114s
Epoch[9/20 25/700] - Loss: 188.5817260742 - MSE: 188.31747 - batch_Time: 0.39349938719533384s
Epoch[9/20 26/700] - Loss: 237.8675842285 - MSE: 237.52100 - batch_Time: 0.3928951530251652s
Epoch[9/20 27/700] - Loss: 284.3456420898 - MSE: 283.94852 - batch_Time: 0.3922564589884132s
Epoch[9/20 28/700] - Loss: 170.1097717285 - MSE: 169.84804 - batch_Time: 0.3927029250189662s
Epoch[9/20 29/700] - Loss: 187.8458709717 - MSE: 187.55917 - batch_Time: 0.3935077269561589s
Epoch[9/20 30/700] - Loss: 263.9563293457 - MSE: 263.40436 - batch_Time: 0.390672885812819s
Epoch[9/20 31/700] - Loss: 159.6303710938 - MSE: 159.30219 - batch_Time: 0.3943881469313055s
Epoch[9/20 32/700] - Loss: 79.7834167480 - MSE: 79.55995 - batch_Time: 0.3963152279611677s
Epoch[9/20 33/700] - Loss: 263.9319152832 - MSE: 263.56000 - batch_Time: 0.39587824302725494s
Epoch[9/20 34/700] - Loss: 128.9002075195 - MSE: 128.58781 - batch_Time: 0.40061325510032475s
Epoch[9/20 35/700] - Loss: 152.8142547607 - MSE: 152.36060 - batch_Time: 0.40099939005449414s
Epoch[9/20 36/700] - Loss: 89.8970794678 - MSE: 89.50188 - batch_Time: 0.3949712011963129s
Epoch[9/20 37/700] - Loss: 131.5184020996 - MSE: 131.21786 - batch_Time: 0.3951276200823486s
Epoch[9/20 38/700] - Loss: 169.7232513428 - MSE: 169.27994 - batch_Time: 0.39310696884058416s
Epoch[9/20 39/700] - Loss: 201.2377166748 - MSE: 200.77048 - batch_Time: 0.3930040909908712s
Epoch[9/20 40/700] - Loss: 151.5256347656 - MSE: 151.13515 - batch_Time: 0.39518317906185985s
Epoch[9/20 41/700] - Loss: 331.1662597656 - MSE: 330.60495 - batch_Time: 0.3947034429293126s
Epoch[9/20 42/700] - Loss: 199.9522399902 - MSE: 199.55128 - batch_Time: 0.39416244905442s
Epoch[9/20 43/700] - Loss: 159.1246032715 - MSE: 158.55315 - batch_Time: 0.39185513090342283s
Epoch[9/20 44/700] - Loss: 151.5992431641 - MSE: 151.00963 - batch_Time: 0.39894112083129585s
Epoch[9/20 45/700] - Loss: 94.1815795898 - MSE: 93.95007 - batch_Time: 0.39487077994272113s
Epoch[9/20 46/700] - Loss: 146.9189300537 - MSE: 146.63269 - batch_Time: 0.3997386619448662s
Epoch[9/20 47/700] - Loss: 179.9046936035 - MSE: 179.35181 - batch_Time: 0.3962110271677375s
Epoch[9/20 48/700] - Loss: 150.4212646484 - MSE: 149.95645 - batch_Time: 0.39571020193398s
Epoch[9/20 49/700] - Loss: 167.1559906006 - MSE: 166.63757 - batch_Time: 0.39609247795306146s
Epoch[9/20 50/700] - Loss: 118.7414550781 - MSE: 118.48704 - batch_Time: 0.39644305408000946s
Epoch[9/20 51/700] - Loss: 162.6289062500 - MSE: 162.32674 - batch_Time: 0.39536464610137045s
Epoch[9/20 52/700] - Loss: 220.1124267578 - MSE: 219.71045 - batch_Time: 0.3925790931098163s
Epoch[9/20 53/700] - Loss: 198.3813781738 - MSE: 198.00089 - batch_Time: 0.39461913309060037s
Epoch[9/20 54/700] - Loss: 267.0994262695 - MSE: 266.55792 - batch_Time: 0.39521469688043s
Epoch[9/20 55/700] - Loss: 178.9242858887 - MSE: 178.50475 - batch_Time: 0.40657939203083515s
Epoch[9/20 56/700] - Loss: 164.9613189697 - MSE: 164.51175 - batch_Time: 0.39811568800359964s
Epoch[9/20 57/700] - Loss: 233.4066467285 - MSE: 233.06139 - batch_Time: 0.39994222903624177s
Epoch[9/20 58/700] - Loss: 225.1290588379 - MSE: 224.80530 - batch_Time: 0.39924823585897684s
Epoch[9/20 59/700] - Loss: 147.0470275879 - MSE: 146.76350 - batch_Time: 0.39846351416781545s
Epoch[9/20 60/700] - Loss: 126.0049514771 - MSE: 125.84579 - batch_Time: 0.39883198007009923s
Epoch[9/20 61/700] - Loss: 147.6951446533 - MSE: 147.35832 - batch_Time: 0.39293126901611686s
Epoch[9/20 62/700] - Loss: 194.5611572266 - MSE: 193.84949 - batch_Time: 0.3977848698850721s
Epoch[9/20 63/700] - Loss: 160.1623687744 - MSE: 159.81326 - batch_Time: 0.39977367990650237s
Epoch[9/20 64/700] - Loss: 150.2438964844 - MSE: 149.92290 - batch_Time: 0.39763199212029576s
Epoch[9/20 65/700] - Loss: 189.2661895752 - MSE: 188.90033 - batch_Time: 0.398982138838619s
Epoch[9/20 66/700] - Loss: 147.0841064453 - MSE: 146.79166 - batch_Time: 0.39781205891631544s
Epoch[9/20 67/700] - Loss: 306.0140380859 - MSE: 305.48654 - batch_Time: 0.39827087498269975s
Epoch[9/20 68/700] - Loss: 196.8022460938 - MSE: 196.36327 - batch_Time: 0.39420773601159453s
Epoch[9/20 69/700] - Loss: 250.6421203613 - MSE: 250.21211 - batch_Time: 0.39601250691339374s
Epoch[9/20 70/700] - Loss: 116.2583312988 - MSE: 116.05794 - batch_Time: 0.4033469140995294s
Epoch[9/20 71/700] - Loss: 170.8406677246 - MSE: 170.51718 - batch_Time: 0.39464175095781684s
Epoch[9/20 72/700] - Loss: 76.6069030762 - MSE: 76.33012 - batch_Time: 0.39514271612279117s
Epoch[9/20 73/700] - Loss: 263.3370666504 - MSE: 262.84189 - batch_Time: 0.39266292098909616s
Epoch[9/20 74/700] - Loss: 222.3325958252 - MSE: 221.78012 - batch_Time: 0.39492074702866375s
Epoch[9/20 75/700] - Loss: 102.0127258301 - MSE: 101.83228 - batch_Time: 0.3971386859193444s
Epoch[9/20 76/700] - Loss: 178.5709686279 - MSE: 178.29881 - batch_Time: 0.39494410692714155s
Epoch[9/20 77/700] - Loss: 160.7882995605 - MSE: 160.37764 - batch_Time: 0.39485695818439126s
Epoch[9/20 78/700] - Loss: 121.9132995605 - MSE: 121.76456 - batch_Time: 0.39236161299049854s
Epoch[9/20 79/700] - Loss: 129.7889099121 - MSE: 129.62192 - batch_Time: 0.39445901196449995s
Epoch[9/20 80/700] - Loss: 216.1725769043 - MSE: 215.80534 - batch_Time: 0.39601650601252913s
Epoch[9/20 81/700] - Loss: 134.7913208008 - MSE: 134.44888 - batch_Time: 0.3955372900236398s
Epoch[9/20 82/700] - Loss: 204.0515441895 - MSE: 203.40422 - batch_Time: 0.4015052409376949s
Epoch[9/20 83/700] - Loss: 107.8845062256 - MSE: 107.55260 - batch_Time: 0.40089616598561406s
Epoch[9/20 84/700] - Loss: 201.0968627930 - MSE: 200.69348 - batch_Time: 0.3993421720806509s
Epoch[9/20 85/700] - Loss: 310.5382385254 - MSE: 310.09943 - batch_Time: 0.3965289311017841s
Epoch[9/20 86/700] - Loss: 117.2250289917 - MSE: 116.96380 - batch_Time: 0.3972668028436601s
Epoch[9/20 87/700] - Loss: 248.3788604736 - MSE: 248.02061 - batch_Time: 0.4009078461676836s
Epoch[9/20 88/700] - Loss: 188.1662139893 - MSE: 187.72018 - batch_Time: 0.4075661590322852s
Epoch[9/20 89/700] - Loss: 177.6815490723 - MSE: 177.10576 - batch_Time: 0.3984968001022935s
Epoch[9/20 90/700] - Loss: 259.9281311035 - MSE: 259.64197 - batch_Time: 0.40056226891465485s
Epoch[9/20 91/700] - Loss: 183.7458496094 - MSE: 183.27560 - batch_Time: 0.4073327099904418s
Epoch[9/20 92/700] - Loss: 162.5778350830 - MSE: 162.35060 - batch_Time: 0.4068152247928083s
Epoch[9/20 93/700] - Loss: 173.9420471191 - MSE: 173.60147 - batch_Time: 0.397502230014652s
Epoch[9/20 94/700] - Loss: 175.0886840820 - MSE: 174.68512 - batch_Time: 0.40208334382623434s
Epoch[9/20 95/700] - Loss: 245.4664459229 - MSE: 245.05067 - batch_Time: 0.4041486429050565s
Epoch[9/20 96/700] - Loss: 192.7819824219 - MSE: 192.42090 - batch_Time: 0.3987522958777845s
Epoch[9/20 97/700] - Loss: 288.8435058594 - MSE: 288.31311 - batch_Time: 0.4032296519726515s
Epoch[9/20 98/700] - Loss: 123.0103149414 - MSE: 122.73661 - batch_Time: 0.40359377791173756s
Epoch[9/20 99/700] - Loss: 219.9154663086 - MSE: 219.56000 - batch_Time: 0.4015958080999553s
Epoch[9/20 100/700] - Loss: 176.0851440430 - MSE: 175.75803 - batch_Time: 0.39849205897189677s
Epoch[9/20 101/700] - Loss: 178.0595703125 - MSE: 177.55188 - batch_Time: 0.4000322031788528s
Epoch[9/20 102/700] - Loss: 212.0573272705 - MSE: 211.61368 - batch_Time: 0.4009959129616618s
Epoch[9/20 103/700] - Loss: 153.8589477539 - MSE: 153.51810 - batch_Time: 0.4004435290116817s
Epoch[9/20 104/700] - Loss: 194.2398071289 - MSE: 193.83322 - batch_Time: 0.4021020131185651s
Epoch[9/20 105/700] - Loss: 196.4688110352 - MSE: 196.00348 - batch_Time: 0.403057323070243s
Epoch[9/20 106/700] - Loss: 142.1233825684 - MSE: 141.78738 - batch_Time: 0.40336511796340346s
Epoch[9/20 107/700] - Loss: 169.4801025391 - MSE: 169.25659 - batch_Time: 0.4006771259009838s
Epoch[9/20 108/700] - Loss: 233.8752288818 - MSE: 233.37929 - batch_Time: 0.4003544289153069s
Epoch[9/20 109/700] - Loss: 194.4068145752 - MSE: 194.09392 - batch_Time: 0.3985902371350676s
Epoch[9/20 110/700] - Loss: 201.7694854736 - MSE: 201.35550 - batch_Time: 0.40135507797822356s
Epoch[9/20 111/700] - Loss: 251.2890625000 - MSE: 250.91846 - batch_Time: 0.39684663410298526s
Epoch[9/20 112/700] - Loss: 175.6414642334 - MSE: 175.30739 - batch_Time: 0.4008382640313357s
Epoch[9/20 113/700] - Loss: 234.3587646484 - MSE: 233.95490 - batch_Time: 0.3989350530318916s
Epoch[9/20 114/700] - Loss: 283.1671752930 - MSE: 282.77203 - batch_Time: 0.40034320787526667s
Epoch[9/20 115/700] - Loss: 235.9369506836 - MSE: 235.47668 - batch_Time: 0.3929567530285567s
Epoch[9/20 116/700] - Loss: 328.0078735352 - MSE: 327.45837 - batch_Time: 0.40035736793652177s
Epoch[9/20 117/700] - Loss: 176.1847686768 - MSE: 175.79787 - batch_Time: 0.39436648902483284s
Epoch[9/20 118/700] - Loss: 213.5127716064 - MSE: 213.01945 - batch_Time: 0.40001347102224827s
Epoch[9/20 119/700] - Loss: 169.2623901367 - MSE: 168.96483 - batch_Time: 0.39551926706917584s
Epoch[9/20 120/700] - Loss: 211.4486694336 - MSE: 211.07063 - batch_Time: 0.40151157695800066s
Epoch[9/20 121/700] - Loss: 119.9352340698 - MSE: 119.50526 - batch_Time: 0.3987133139744401s
Epoch[9/20 122/700] - Loss: 219.4506835938 - MSE: 218.89438 - batch_Time: 0.4115615440532565s
Epoch[9/20 123/700] - Loss: 333.4340820312 - MSE: 332.76450 - batch_Time: 0.4028502020519227s
Epoch[9/20 124/700] - Loss: 221.0555877686 - MSE: 220.62346 - batch_Time: 0.40613806899636984s
Epoch[9/20 125/700] - Loss: 160.0826416016 - MSE: 159.81021 - batch_Time: 0.40428473707288504s
Epoch[9/20 126/700] - Loss: 215.6769561768 - MSE: 215.23306 - batch_Time: 0.39781730179674923s
Epoch[9/20 127/700] - Loss: 213.1313323975 - MSE: 212.78613 - batch_Time: 0.3996522238012403s
Epoch[9/20 128/700] - Loss: 144.2052307129 - MSE: 143.98744 - batch_Time: 0.39838174683973193s
Epoch[9/20 129/700] - Loss: 179.6258392334 - MSE: 179.33307 - batch_Time: 0.39751634490676224s
Epoch[9/20 130/700] - Loss: 181.9212036133 - MSE: 181.17322 - batch_Time: 0.40338658611290157s
Epoch[9/20 131/700] - Loss: 235.1252746582 - MSE: 234.67819 - batch_Time: 0.39772145403549075s
Epoch[9/20 132/700] - Loss: 203.8758392334 - MSE: 203.28064 - batch_Time: 0.4023634570185095s
Epoch[9/20 133/700] - Loss: 123.7851791382 - MSE: 123.26553 - batch_Time: 0.3974350360222161s
Epoch[9/20 134/700] - Loss: 128.1619567871 - MSE: 127.91045 - batch_Time: 0.398247447097674s
Epoch[9/20 135/700] - Loss: 243.5349731445 - MSE: 243.07632 - batch_Time: 0.3979642610065639s
Epoch[9/20 136/700] - Loss: 168.8293304443 - MSE: 168.54907 - batch_Time: 0.3987761919852346s
Epoch[9/20 137/700] - Loss: 187.0933532715 - MSE: 186.61023 - batch_Time: 0.4002147279679775s
Epoch[9/20 138/700] - Loss: 261.2634887695 - MSE: 260.96268 - batch_Time: 0.40212257811799645s
Epoch[9/20 139/700] - Loss: 200.8034210205 - MSE: 200.45993 - batch_Time: 0.3964213759172708s
Epoch[9/20 140/700] - Loss: 166.9201354980 - MSE: 166.50014 - batch_Time: 0.39691630098968744s
Epoch[9/20 141/700] - Loss: 261.8884887695 - MSE: 261.27310 - batch_Time: 0.39775248197838664s
Epoch[9/20 142/700] - Loss: 185.1571655273 - MSE: 184.70032 - batch_Time: 0.4023498659953475s
Epoch[9/20 143/700] - Loss: 104.5196228027 - MSE: 104.31537 - batch_Time: 0.40324763720855117s
Epoch[9/20 144/700] - Loss: 171.4356079102 - MSE: 171.21008 - batch_Time: 0.4002420660108328s
Epoch[9/20 145/700] - Loss: 151.4744567871 - MSE: 150.92099 - batch_Time: 0.3948857511859387s
Epoch[9/20 146/700] - Loss: 267.2625122070 - MSE: 266.92032 - batch_Time: 0.39505421882495284s
Epoch[9/20 147/700] - Loss: 148.3584594727 - MSE: 148.03545 - batch_Time: 0.3969844691455364s
Epoch[9/20 148/700] - Loss: 136.6124572754 - MSE: 136.19887 - batch_Time: 0.39815883710980415s
Epoch[9/20 149/700] - Loss: 143.6184387207 - MSE: 143.31500 - batch_Time: 0.3979630288667977s
Epoch[9/20 150/700] - Loss: 179.6202697754 - MSE: 179.33717 - batch_Time: 0.40146541385911405s
Epoch[9/20 151/700] - Loss: 222.2089843750 - MSE: 221.68181 - batch_Time: 0.39839718397706747s
Epoch[9/20 152/700] - Loss: 201.2271575928 - MSE: 200.94611 - batch_Time: 0.39862033212557435s
Epoch[9/20 153/700] - Loss: 379.9658813477 - MSE: 379.39877 - batch_Time: 0.4072536251042038s
Epoch[9/20 154/700] - Loss: 167.3948364258 - MSE: 167.13129 - batch_Time: 0.40271339006721973s
Epoch[9/20 155/700] - Loss: 167.1490173340 - MSE: 166.72946 - batch_Time: 0.40432301396504045s
Epoch[9/20 156/700] - Loss: 228.6212768555 - MSE: 228.24109 - batch_Time: 0.3972226260229945s
Epoch[9/20 157/700] - Loss: 113.4493408203 - MSE: 113.11928 - batch_Time: 0.39844049303792417s
Epoch[9/20 158/700] - Loss: 205.9492492676 - MSE: 205.70331 - batch_Time: 0.3986725308932364s
Epoch[9/20 159/700] - Loss: 247.9292144775 - MSE: 247.67076 - batch_Time: 0.3976379819214344s
Epoch[9/20 160/700] - Loss: 163.6357116699 - MSE: 163.27632 - batch_Time: 0.40532809402793646s
Epoch[9/20 161/700] - Loss: 220.9956054688 - MSE: 220.63077 - batch_Time: 0.4001728647854179s
Epoch[9/20 162/700] - Loss: 132.9472808838 - MSE: 132.68384 - batch_Time: 0.39653762290254235s
Epoch[9/20 163/700] - Loss: 186.8198394775 - MSE: 186.49307 - batch_Time: 0.4001668149139732s
Epoch[9/20 164/700] - Loss: 206.3685913086 - MSE: 206.00240 - batch_Time: 0.39710186584852636s
Epoch[9/20 165/700] - Loss: 153.7133941650 - MSE: 153.46216 - batch_Time: 0.40167304989881814s
Epoch[9/20 166/700] - Loss: 259.3381347656 - MSE: 258.90900 - batch_Time: 0.40233216318301857s
Epoch[9/20 167/700] - Loss: 184.1837463379 - MSE: 183.91164 - batch_Time: 0.4028493780642748s
Epoch[9/20 168/700] - Loss: 159.3291625977 - MSE: 158.97073 - batch_Time: 0.39498201687820256s
Epoch[9/20 169/700] - Loss: 214.5750732422 - MSE: 214.03725 - batch_Time: 0.4037601880263537s
Epoch[9/20 170/700] - Loss: 191.6527404785 - MSE: 191.09656 - batch_Time: 0.40391220711171627s
Epoch[9/20 171/700] - Loss: 235.6849670410 - MSE: 235.40982 - batch_Time: 0.39922664407640696s
Epoch[9/20 172/700] - Loss: 178.1580810547 - MSE: 177.79967 - batch_Time: 0.3966154810041189s
Epoch[9/20 173/700] - Loss: 241.6472167969 - MSE: 241.18637 - batch_Time: 0.39532891288399696s
Epoch[9/20 174/700] - Loss: 225.0325469971 - MSE: 224.54025 - batch_Time: 0.40076964907348156s
Epoch[9/20 175/700] - Loss: 151.6911773682 - MSE: 151.48663 - batch_Time: 0.4026440589223057s
Epoch[9/20 176/700] - Loss: 225.3664550781 - MSE: 224.82904 - batch_Time: 0.39756164117716253s
Epoch[9/20 177/700] - Loss: 141.8612976074 - MSE: 141.58356 - batch_Time: 0.3967196091543883s
Epoch[9/20 178/700] - Loss: 139.7254028320 - MSE: 139.19133 - batch_Time: 0.39655513991601765s
Epoch[9/20 179/700] - Loss: 133.0457153320 - MSE: 132.64339 - batch_Time: 0.3938704179599881s
Epoch[9/20 180/700] - Loss: 276.0417480469 - MSE: 275.74939 - batch_Time: 0.3971386239863932s
Epoch[9/20 181/700] - Loss: 180.0020141602 - MSE: 179.60582 - batch_Time: 0.39523058314807713s
Epoch[9/20 182/700] - Loss: 195.2949218750 - MSE: 194.76382 - batch_Time: 0.3972968820016831s
Epoch[9/20 183/700] - Loss: 176.8671417236 - MSE: 176.40001 - batch_Time: 0.3961378140375018s
Epoch[9/20 184/700] - Loss: 163.2564086914 - MSE: 162.94182 - batch_Time: 0.39774913690052927s
Epoch[9/20 185/700] - Loss: 129.7279663086 - MSE: 129.42899 - batch_Time: 0.39553797990083694s
Epoch[9/20 186/700] - Loss: 476.4605102539 - MSE: 475.93549 - batch_Time: 0.39576467708684504s
Epoch[9/20 187/700] - Loss: 253.1785736084 - MSE: 252.81174 - batch_Time: 0.395539180142805s
Epoch[9/20 188/700] - Loss: 157.2655029297 - MSE: 156.86087 - batch_Time: 0.39422395289875567s
Epoch[9/20 189/700] - Loss: 227.4161682129 - MSE: 226.84132 - batch_Time: 0.395006655016914s
Epoch[9/20 190/700] - Loss: 199.7652130127 - MSE: 199.05927 - batch_Time: 0.39591351500712335s
Epoch[9/20 191/700] - Loss: 330.7035522461 - MSE: 330.22498 - batch_Time: 0.40101703396067023s
Epoch[9/20 192/700] - Loss: 237.5490875244 - MSE: 237.09076 - batch_Time: 0.3998584160581231s
Epoch[9/20 193/700] - Loss: 285.6846618652 - MSE: 285.20807 - batch_Time: 0.4026029580272734s
Epoch[9/20 194/700] - Loss: 161.8485107422 - MSE: 161.39062 - batch_Time: 0.40361332800239325s
Epoch[9/20 195/700] - Loss: 118.6239852905 - MSE: 118.39046 - batch_Time: 0.4107036760542542s
Epoch[9/20 196/700] - Loss: 185.9408264160 - MSE: 185.62207 - batch_Time: 0.40367504698224366s
Epoch[9/20 197/700] - Loss: 193.3328704834 - MSE: 193.01904 - batch_Time: 0.4026962260250002s
Epoch[9/20 198/700] - Loss: 132.4681854248 - MSE: 132.05551 - batch_Time: 0.39992777490988374s
Epoch[9/20 199/700] - Loss: 207.7604980469 - MSE: 207.40909 - batch_Time: 0.3990677029360086s
Epoch[9/20 200/700] - Loss: 171.5097351074 - MSE: 170.83853 - batch_Time: 0.40092563396319747s
Epoch[9/20 201/700] - Loss: 158.2898559570 - MSE: 157.91673 - batch_Time: 0.3979890139307827s
Epoch[9/20 202/700] - Loss: 316.9195556641 - MSE: 316.45148 - batch_Time: 0.39662021794356406s
Epoch[9/20 203/700] - Loss: 160.9792480469 - MSE: 160.48132 - batch_Time: 0.4006846761330962s
Epoch[9/20 204/700] - Loss: 176.8492279053 - MSE: 176.46365 - batch_Time: 0.4021153920330107s
Epoch[9/20 205/700] - Loss: 181.4565582275 - MSE: 181.24936 - batch_Time: 0.3979202138725668s
Epoch[9/20 206/700] - Loss: 125.9241333008 - MSE: 125.71198 - batch_Time: 0.3982182110194117s
Epoch[9/20 207/700] - Loss: 349.8367309570 - MSE: 349.35989 - batch_Time: 0.40050589805468917s
Epoch[9/20 208/700] - Loss: 234.0811309814 - MSE: 233.59811 - batch_Time: 0.397853845031932s
Epoch[9/20 209/700] - Loss: 237.7614135742 - MSE: 237.44087 - batch_Time: 0.40181321394629776s
Epoch[9/20 210/700] - Loss: 197.2592773438 - MSE: 197.03473 - batch_Time: 0.40183690492995083s
Epoch[9/20 211/700] - Loss: 247.9756469727 - MSE: 247.36786 - batch_Time: 0.40062500606290996s
Epoch[9/20 212/700] - Loss: 140.1783294678 - MSE: 139.69757 - batch_Time: 0.40046142716892064s
Epoch[9/20 213/700] - Loss: 186.1944732666 - MSE: 185.80305 - batch_Time: 0.3958541948813945s
Epoch[9/20 214/700] - Loss: 303.4772949219 - MSE: 302.89612 - batch_Time: 0.39790498302318156s
Epoch[9/20 215/700] - Loss: 166.9067840576 - MSE: 166.60539 - batch_Time: 0.3965931369457394s
Epoch[9/20 216/700] - Loss: 154.1467285156 - MSE: 153.79547 - batch_Time: 0.3953686279710382s
Epoch[9/20 217/700] - Loss: 275.6331176758 - MSE: 275.20020 - batch_Time: 0.39669688511639833s
Epoch[9/20 218/700] - Loss: 255.4515380859 - MSE: 254.92398 - batch_Time: 0.39714487991295755s
Epoch[9/20 219/700] - Loss: 184.0657501221 - MSE: 183.64874 - batch_Time: 0.39455113699659705s
Epoch[9/20 220/700] - Loss: 242.1143341064 - MSE: 241.63770 - batch_Time: 0.39329881803132594s
Epoch[9/20 221/700] - Loss: 201.2238616943 - MSE: 200.87546 - batch_Time: 0.39725618017837405s
Epoch[9/20 222/700] - Loss: 112.8904418945 - MSE: 112.65067 - batch_Time: 0.39484014408662915s
Epoch[9/20 223/700] - Loss: 256.2731933594 - MSE: 255.71332 - batch_Time: 0.4014250470791012s
Epoch[9/20 224/700] - Loss: 187.0406646729 - MSE: 186.74548 - batch_Time: 0.39858570508658886s
Epoch[9/20 225/700] - Loss: 325.7790832520 - MSE: 324.93649 - batch_Time: 0.40029458818025887s
Epoch[9/20 226/700] - Loss: 194.1201019287 - MSE: 193.82222 - batch_Time: 0.39652848709374666s
Epoch[9/20 227/700] - Loss: 242.1051635742 - MSE: 241.84569 - batch_Time: 0.40179923200048506s
Epoch[9/20 228/700] - Loss: 243.3909149170 - MSE: 243.07036 - batch_Time: 0.39518585917539895s
Epoch[9/20 229/700] - Loss: 205.8368835449 - MSE: 205.53847 - batch_Time: 0.4026110640261322s
Epoch[9/20 230/700] - Loss: 191.9239807129 - MSE: 191.57729 - batch_Time: 0.3951232489198446s
Epoch[9/20 231/700] - Loss: 125.7885742188 - MSE: 125.43364 - batch_Time: 0.39854067494161427s
Epoch[9/20 232/700] - Loss: 201.6312866211 - MSE: 201.32005 - batch_Time: 0.4017301129642874s
Epoch[9/20 233/700] - Loss: 232.9097595215 - MSE: 232.53220 - batch_Time: 0.4018193918745965s
Epoch[9/20 234/700] - Loss: 270.1260986328 - MSE: 269.75146 - batch_Time: 0.400511794956401s
Epoch[9/20 235/700] - Loss: 240.1843261719 - MSE: 239.80238 - batch_Time: 0.39662364311516285s
Epoch[9/20 236/700] - Loss: 212.1700744629 - MSE: 211.74619 - batch_Time: 0.3969557110685855s
Epoch[9/20 237/700] - Loss: 510.3477783203 - MSE: 509.32867 - batch_Time: 0.3972977879457176s
Epoch[9/20 238/700] - Loss: 217.5359802246 - MSE: 217.17433 - batch_Time: 0.40523411706089973s
Epoch[9/20 239/700] - Loss: 247.4156951904 - MSE: 246.96588 - batch_Time: 0.3978114619385451s
Epoch[9/20 240/700] - Loss: 178.5857543945 - MSE: 178.23956 - batch_Time: 0.39799130987375975s
Epoch[9/20 241/700] - Loss: 188.2297821045 - MSE: 187.95020 - batch_Time: 0.397464444860816s
Epoch[9/20 242/700] - Loss: 213.4351043701 - MSE: 212.90762 - batch_Time: 0.39907302893698215s
Epoch[9/20 243/700] - Loss: 170.1862487793 - MSE: 169.94315 - batch_Time: 0.40046807494945824s
Epoch[9/20 244/700] - Loss: 133.2394561768 - MSE: 132.99489 - batch_Time: 0.39722155686467886s
Epoch[9/20 245/700] - Loss: 216.3455505371 - MSE: 215.92464 - batch_Time: 0.39737216499634087s
Epoch[9/20 246/700] - Loss: 150.0053253174 - MSE: 149.75665 - batch_Time: 0.39762257295660675s
Epoch[9/20 247/700] - Loss: 215.6194000244 - MSE: 215.24835 - batch_Time: 0.3975283741019666s
Epoch[9/20 248/700] - Loss: 209.2804412842 - MSE: 209.04991 - batch_Time: 0.39793596998788416s
Epoch[9/20 249/700] - Loss: 231.4384765625 - MSE: 230.89600 - batch_Time: 0.3967451921198517s
Epoch[9/20 250/700] - Loss: 120.3781280518 - MSE: 120.11136 - batch_Time: 0.39741856418550014s
Epoch[9/20 251/700] - Loss: 135.9234313965 - MSE: 135.68835 - batch_Time: 0.39758856291882694s
Epoch[9/20 252/700] - Loss: 131.3379669189 - MSE: 131.02209 - batch_Time: 0.3944154060445726s
Epoch[9/20 253/700] - Loss: 223.4516296387 - MSE: 222.76697 - batch_Time: 0.3942376668564975s
Epoch[9/20 254/700] - Loss: 178.2316894531 - MSE: 177.93111 - batch_Time: 0.396533003076911s
Epoch[9/20 255/700] - Loss: 206.0706481934 - MSE: 205.51707 - batch_Time: 0.3973675451707095s
Epoch[9/20 256/700] - Loss: 160.5825500488 - MSE: 160.42670 - batch_Time: 0.40148627292364836s
Epoch[9/20 257/700] - Loss: 160.1365661621 - MSE: 159.79308 - batch_Time: 0.39698154805228114s
Epoch[9/20 258/700] - Loss: 208.7096710205 - MSE: 208.29007 - batch_Time: 0.3964671529829502s
Epoch[9/20 259/700] - Loss: 196.9384460449 - MSE: 196.53206 - batch_Time: 0.39696750813163817s
Epoch[9/20 260/700] - Loss: 200.8515319824 - MSE: 200.50400 - batch_Time: 0.39821582613512874s
Epoch[9/20 261/700] - Loss: 209.5071105957 - MSE: 209.12766 - batch_Time: 0.3981124460697174s
Epoch[9/20 262/700] - Loss: 179.1380615234 - MSE: 178.78136 - batch_Time: 0.40630406280979514s
Epoch[9/20 263/700] - Loss: 238.5233001709 - MSE: 238.04262 - batch_Time: 0.4119790371041745s
Epoch[9/20 264/700] - Loss: 162.6807556152 - MSE: 162.33293 - batch_Time: 0.4027061800006777s
Epoch[9/20 265/700] - Loss: 218.5806579590 - MSE: 218.09465 - batch_Time: 0.4013888631016016s
Epoch[9/20 266/700] - Loss: 189.8350830078 - MSE: 189.44759 - batch_Time: 0.3986704309936613s
Epoch[9/20 267/700] - Loss: 314.8687744141 - MSE: 314.41620 - batch_Time: 0.4078765769954771s
Epoch[9/20 268/700] - Loss: 153.7264404297 - MSE: 153.19891 - batch_Time: 0.40139810321852565s
Epoch[9/20 269/700] - Loss: 190.4068603516 - MSE: 190.09111 - batch_Time: 0.4062557639554143s
Epoch[9/20 270/700] - Loss: 101.6769866943 - MSE: 101.35123 - batch_Time: 0.3970884259324521s
Epoch[9/20 271/700] - Loss: 143.3754272461 - MSE: 142.99278 - batch_Time: 0.40356897097080946s
Epoch[9/20 272/700] - Loss: 164.1922454834 - MSE: 163.90315 - batch_Time: 0.40247481199912727s
Epoch[9/20 273/700] - Loss: 246.4664916992 - MSE: 246.16063 - batch_Time: 0.39895613701082766s
Epoch[9/20 274/700] - Loss: 159.1426086426 - MSE: 158.88412 - batch_Time: 0.39585183816961944s
Epoch[9/20 275/700] - Loss: 115.2573242188 - MSE: 115.07079 - batch_Time: 0.40555717004463077s
Epoch[9/20 276/700] - Loss: 168.1311035156 - MSE: 167.91434 - batch_Time: 0.39802250685170293s
Epoch[9/20 277/700] - Loss: 153.2975463867 - MSE: 153.00198 - batch_Time: 0.40317252301611006s
Epoch[9/20 278/700] - Loss: 190.4650726318 - MSE: 190.09578 - batch_Time: 0.4035902100149542s
Epoch[9/20 279/700] - Loss: 160.5935363770 - MSE: 159.93195 - batch_Time: 0.39616191503591835s
Epoch[9/20 280/700] - Loss: 168.6395874023 - MSE: 168.34724 - batch_Time: 0.40162037895061076s
Epoch[9/20 281/700] - Loss: 190.0979614258 - MSE: 189.75784 - batch_Time: 0.3948550170753151s
Epoch[9/20 282/700] - Loss: 185.7720184326 - MSE: 185.44720 - batch_Time: 0.4021394730079919s
Epoch[9/20 283/700] - Loss: 224.4089813232 - MSE: 223.98022 - batch_Time: 0.3981409950647503s
Epoch[9/20 284/700] - Loss: 150.4654846191 - MSE: 150.29526 - batch_Time: 0.39559766999445856s
Epoch[9/20 285/700] - Loss: 191.3407897949 - MSE: 190.95885 - batch_Time: 0.40108902496285737s
Epoch[9/20 286/700] - Loss: 163.4175720215 - MSE: 162.90361 - batch_Time: 0.39893401600420475s
Epoch[9/20 287/700] - Loss: 393.0135192871 - MSE: 392.50549 - batch_Time: 0.40338465105742216s
Epoch[9/20 288/700] - Loss: 167.9172821045 - MSE: 167.61856 - batch_Time: 0.3992666120175272s
Epoch[9/20 289/700] - Loss: 217.0743865967 - MSE: 216.73836 - batch_Time: 0.3977535990998149s
Epoch[9/20 290/700] - Loss: 167.7883605957 - MSE: 167.29457 - batch_Time: 0.39685713802464306s
Epoch[9/20 291/700] - Loss: 147.4457092285 - MSE: 147.03557 - batch_Time: 0.3991965230088681s
Epoch[9/20 292/700] - Loss: 169.3588562012 - MSE: 169.00122 - batch_Time: 0.3951111149508506s
Epoch[9/20 293/700] - Loss: 237.0091552734 - MSE: 236.63748 - batch_Time: 0.4018854149617255s
Epoch[9/20 294/700] - Loss: 243.8485412598 - MSE: 243.47043 - batch_Time: 0.39962652907706797s
Epoch[9/20 295/700] - Loss: 167.2125244141 - MSE: 166.79196 - batch_Time: 0.39995983499102294s
Epoch[9/20 296/700] - Loss: 351.4307250977 - MSE: 351.06702 - batch_Time: 0.3986648879945278s
Epoch[9/20 297/700] - Loss: 149.8886718750 - MSE: 149.52054 - batch_Time: 0.39897488499991596s
Epoch[9/20 298/700] - Loss: 238.7341918945 - MSE: 238.08157 - batch_Time: 0.39599162386730313s
Epoch[9/20 299/700] - Loss: 248.5465240479 - MSE: 248.26517 - batch_Time: 0.39532411098480225s
Epoch[9/20 300/700] - Loss: 227.4684906006 - MSE: 227.16873 - batch_Time: 0.39375277794897556s
Epoch[9/20 301/700] - Loss: 163.1303558350 - MSE: 162.88098 - batch_Time: 0.3928206469863653s
Epoch[9/20 302/700] - Loss: 194.2314758301 - MSE: 193.72263 - batch_Time: 0.3961610028054565s
Epoch[9/20 303/700] - Loss: 254.9038543701 - MSE: 254.62485 - batch_Time: 0.40124004101380706s
Epoch[9/20 304/700] - Loss: 160.9821777344 - MSE: 160.75458 - batch_Time: 0.39936518017202616s
Epoch[9/20 305/700] - Loss: 121.9901275635 - MSE: 121.44994 - batch_Time: 0.39598569413647056s
Epoch[9/20 306/700] - Loss: 110.3950805664 - MSE: 110.17151 - batch_Time: 0.40187685494311154s
Epoch[9/20 307/700] - Loss: 266.9700317383 - MSE: 266.65320 - batch_Time: 0.40320870094001293s
Epoch[9/20 308/700] - Loss: 299.8759155273 - MSE: 299.49661 - batch_Time: 0.39385120617225766s
Epoch[9/20 309/700] - Loss: 247.8100891113 - MSE: 247.37509 - batch_Time: 0.3994810690637678s
Epoch[9/20 310/700] - Loss: 315.0948486328 - MSE: 314.46326 - batch_Time: 0.40174592612311244s
Epoch[9/20 311/700] - Loss: 146.5483551025 - MSE: 146.19815 - batch_Time: 0.40282754390500486s
Epoch[9/20 312/700] - Loss: 347.3826599121 - MSE: 346.78571 - batch_Time: 0.39721231209114194s
Epoch[9/20 313/700] - Loss: 349.1754760742 - MSE: 348.54321 - batch_Time: 0.39831586997024715s
Epoch[9/20 314/700] - Loss: 205.3645172119 - MSE: 204.65665 - batch_Time: 0.39696629415266216s
Epoch[9/20 315/700] - Loss: 292.4330749512 - MSE: 291.91321 - batch_Time: 0.40869273408316076s
Epoch[9/20 316/700] - Loss: 321.0759887695 - MSE: 320.64587 - batch_Time: 0.40316150011494756s
Epoch[9/20 317/700] - Loss: 199.1234741211 - MSE: 198.72650 - batch_Time: 0.4030604111030698s
Epoch[9/20 318/700] - Loss: 305.7753906250 - MSE: 305.45435 - batch_Time: 0.40169339487329125s
Epoch[9/20 319/700] - Loss: 270.6669311523 - MSE: 270.08832 - batch_Time: 0.4017562340013683s
Epoch[9/20 320/700] - Loss: 344.2780151367 - MSE: 343.69629 - batch_Time: 0.4017108951229602s
Epoch[9/20 321/700] - Loss: 200.8502044678 - MSE: 200.51105 - batch_Time: 0.402783463941887s
Epoch[9/20 322/700] - Loss: 232.1379699707 - MSE: 231.67545 - batch_Time: 0.40083812293596566s
Epoch[9/20 323/700] - Loss: 295.9432678223 - MSE: 295.52988 - batch_Time: 0.4012093299534172s
Epoch[9/20 324/700] - Loss: 212.6018676758 - MSE: 212.19125 - batch_Time: 0.4004596979357302s
Epoch[9/20 325/700] - Loss: 606.6171875000 - MSE: 605.88342 - batch_Time: 0.4063108479604125s
Epoch[9/20 326/700] - Loss: 284.8634033203 - MSE: 284.28546 - batch_Time: 0.4021131999325007s
Epoch[9/20 327/700] - Loss: 205.3812103271 - MSE: 204.92276 - batch_Time: 0.40156509610824287s
Epoch[9/20 328/700] - Loss: 367.1765747070 - MSE: 366.60294 - batch_Time: 0.3969989519100636s
Epoch[9/20 329/700] - Loss: 170.8168640137 - MSE: 170.31386 - batch_Time: 0.3978193539660424s
Epoch[9/20 330/700] - Loss: 249.1544952393 - MSE: 248.38562 - batch_Time: 0.39795868191868067s
Epoch[9/20 331/700] - Loss: 265.9212036133 - MSE: 265.37250 - batch_Time: 0.39817695901729167s
Epoch[9/20 332/700] - Loss: 214.3242492676 - MSE: 213.87167 - batch_Time: 0.40153965493664145s
Epoch[9/20 333/700] - Loss: 239.0051879883 - MSE: 238.47488 - batch_Time: 0.40096942195668817s
Epoch[9/20 334/700] - Loss: 202.8932495117 - MSE: 202.62030 - batch_Time: 0.4057665129657835s
Epoch[9/20 335/700] - Loss: 182.6084747314 - MSE: 182.34071 - batch_Time: 0.3981924490071833s
Epoch[9/20 336/700] - Loss: 174.1217041016 - MSE: 173.57030 - batch_Time: 0.4011667089071125s
Epoch[9/20 337/700] - Loss: 172.3071136475 - MSE: 172.08769 - batch_Time: 0.4025560449808836s
Epoch[9/20 338/700] - Loss: 240.8341064453 - MSE: 240.45435 - batch_Time: 0.4015437748748809s
Epoch[9/20 339/700] - Loss: 165.7555389404 - MSE: 165.49557 - batch_Time: 0.4012408978305757s
Epoch[9/20 340/700] - Loss: 235.7086029053 - MSE: 235.34247 - batch_Time: 0.4004577959422022s
Epoch[9/20 341/700] - Loss: 334.0147094727 - MSE: 333.51282 - batch_Time: 0.40418915799818933s
Epoch[9/20 342/700] - Loss: 192.3205566406 - MSE: 191.92429 - batch_Time: 0.4035575541201979s
Epoch[9/20 343/700] - Loss: 257.0846252441 - MSE: 256.66446 - batch_Time: 0.4005706140305847s
Epoch[9/20 344/700] - Loss: 227.2304992676 - MSE: 226.87030 - batch_Time: 0.40015705884434283s
Epoch[9/20 345/700] - Loss: 168.8097076416 - MSE: 168.54895 - batch_Time: 0.40220698807388544s
Epoch[9/20 346/700] - Loss: 292.0476684570 - MSE: 291.43237 - batch_Time: 0.40004779887385666s
Epoch[9/20 347/700] - Loss: 170.7172393799 - MSE: 170.32204 - batch_Time: 0.40258029312826693s
Epoch[9/20 348/700] - Loss: 348.7038574219 - MSE: 348.01385 - batch_Time: 0.3990111399907619s
Epoch[9/20 349/700] - Loss: 194.6976928711 - MSE: 194.39706 - batch_Time: 0.4001009289640933s
Epoch[9/20 350/700] - Loss: 225.9397583008 - MSE: 225.49826 - batch_Time: 0.3992387871257961s
Epoch[9/20 351/700] - Loss: 208.2414550781 - MSE: 207.76982 - batch_Time: 0.40198783902451396s
Epoch[9/20 352/700] - Loss: 292.8479003906 - MSE: 292.50525 - batch_Time: 0.4050986079964787s
Epoch[9/20 353/700] - Loss: 244.7176208496 - MSE: 243.92560 - batch_Time: 0.40323633584193885s
Epoch[9/20 354/700] - Loss: 347.3056030273 - MSE: 346.62457 - batch_Time: 0.39861414302140474s
Epoch[9/20 355/700] - Loss: 194.1244659424 - MSE: 193.75935 - batch_Time: 0.40051444387063384s
Epoch[9/20 356/700] - Loss: 288.1828002930 - MSE: 287.70593 - batch_Time: 0.4001234781462699s
Epoch[9/20 357/700] - Loss: 158.4485473633 - MSE: 158.18646 - batch_Time: 0.40368935209698975s
Epoch[9/20 358/700] - Loss: 97.3470764160 - MSE: 97.05695 - batch_Time: 0.39934951602481306s
Epoch[9/20 359/700] - Loss: 311.3727416992 - MSE: 310.84875 - batch_Time: 0.4010934680700302s
Epoch[9/20 360/700] - Loss: 233.3015441895 - MSE: 232.98221 - batch_Time: 0.40352722303941846s
Epoch[9/20 361/700] - Loss: 201.2120666504 - MSE: 200.86057 - batch_Time: 0.4042131460737437s
Epoch[9/20 362/700] - Loss: 191.7552337646 - MSE: 191.48544 - batch_Time: 0.39881533989682794s
Epoch[9/20 363/700] - Loss: 265.7548217773 - MSE: 265.42175 - batch_Time: 0.3966161529533565s
Epoch[9/20 364/700] - Loss: 168.4179534912 - MSE: 168.03421 - batch_Time: 0.40117778698913753s
Epoch[9/20 365/700] - Loss: 354.2612609863 - MSE: 353.63165 - batch_Time: 0.4034407038707286s
Epoch[9/20 366/700] - Loss: 291.7490539551 - MSE: 291.34305 - batch_Time: 0.4012108058668673s
Epoch[9/20 367/700] - Loss: 132.4157104492 - MSE: 131.99492 - batch_Time: 0.4037392898462713s
Epoch[9/20 368/700] - Loss: 253.1877746582 - MSE: 252.77792 - batch_Time: 0.40306010702624917s
Epoch[9/20 369/700] - Loss: 200.5962371826 - MSE: 200.19034 - batch_Time: 0.40128825488500297s
Epoch[9/20 370/700] - Loss: 231.7072753906 - MSE: 231.23619 - batch_Time: 0.4018764588981867s
Epoch[9/20 371/700] - Loss: 254.1212768555 - MSE: 253.75743 - batch_Time: 0.40315141598694026s
Epoch[9/20 372/700] - Loss: 196.6504821777 - MSE: 196.24992 - batch_Time: 0.4037985790055245s
Epoch[9/20 373/700] - Loss: 174.9453125000 - MSE: 174.53113 - batch_Time: 0.40644299192354083s
Epoch[9/20 374/700] - Loss: 235.0394134521 - MSE: 234.59569 - batch_Time: 0.39953255211003125s
Epoch[9/20 375/700] - Loss: 170.0977935791 - MSE: 169.61449 - batch_Time: 0.39951475290581584s
Epoch[9/20 376/700] - Loss: 217.0761566162 - MSE: 216.72311 - batch_Time: 0.4029373568482697s
Epoch[9/20 377/700] - Loss: 169.6748657227 - MSE: 169.12057 - batch_Time: 0.4029849770013243s
Epoch[9/20 378/700] - Loss: 273.8659973145 - MSE: 273.42737 - batch_Time: 0.4010129270609468s
Epoch[9/20 379/700] - Loss: 223.3307495117 - MSE: 222.93687 - batch_Time: 0.4007301009260118s
Epoch[9/20 380/700] - Loss: 210.1381988525 - MSE: 209.90172 - batch_Time: 0.40352063113823533s
Epoch[9/20 381/700] - Loss: 189.0120849609 - MSE: 188.72173 - batch_Time: 0.40167920012027025s
Epoch[9/20 382/700] - Loss: 183.7770996094 - MSE: 183.37769 - batch_Time: 0.4026840100996196s
Epoch[9/20 383/700] - Loss: 228.3368530273 - MSE: 227.94542 - batch_Time: 0.40085797803476453s
Epoch[9/20 384/700] - Loss: 233.7811737061 - MSE: 233.43318 - batch_Time: 0.40226562414318323s
Epoch[9/20 385/700] - Loss: 197.4815521240 - MSE: 197.07159 - batch_Time: 0.40212497510947287s
Epoch[9/20 386/700] - Loss: 255.2570800781 - MSE: 254.64737 - batch_Time: 0.4027088792063296s
Epoch[9/20 387/700] - Loss: 242.6587371826 - MSE: 242.27267 - batch_Time: 0.4032560340128839s
Epoch[9/20 388/700] - Loss: 102.0606842041 - MSE: 101.72251 - batch_Time: 0.3979028568137437s
Epoch[9/20 389/700] - Loss: 138.1116638184 - MSE: 137.90862 - batch_Time: 0.4006074599456042s
Epoch[9/20 390/700] - Loss: 138.1493225098 - MSE: 137.83102 - batch_Time: 0.40137189300730824s
Epoch[9/20 391/700] - Loss: 257.7035217285 - MSE: 257.04584 - batch_Time: 0.3999630359467119s
Epoch[9/20 392/700] - Loss: 155.1947784424 - MSE: 154.76494 - batch_Time: 0.39497507689520717s
Epoch[9/20 393/700] - Loss: 146.4312133789 - MSE: 145.86761 - batch_Time: 0.40038323192857206s
Epoch[9/20 394/700] - Loss: 234.1743011475 - MSE: 233.90866 - batch_Time: 0.4019832359626889s
Epoch[9/20 395/700] - Loss: 215.7230529785 - MSE: 215.40437 - batch_Time: 0.39988376712426543s
Epoch[9/20 396/700] - Loss: 209.1036376953 - MSE: 208.68077 - batch_Time: 0.3997858071234077s
Epoch[9/20 397/700] - Loss: 142.0434112549 - MSE: 141.59947 - batch_Time: 0.40067698899656534s
Epoch[9/20 398/700] - Loss: 193.7100372314 - MSE: 193.05296 - batch_Time: 0.40300684492103755s
Epoch[9/20 399/700] - Loss: 331.8159484863 - MSE: 331.38351 - batch_Time: 0.40260648913681507s
Epoch[9/20 400/700] - Loss: 138.9410247803 - MSE: 138.46422 - batch_Time: 0.4050639739725739s
Epoch[9/20 401/700] - Loss: 226.7643127441 - MSE: 226.24973 - batch_Time: 0.40237785084173083s
Epoch[9/20 402/700] - Loss: 171.6457214355 - MSE: 171.44666 - batch_Time: 0.39664743887260556s
Epoch[9/20 403/700] - Loss: 232.0581359863 - MSE: 231.80792 - batch_Time: 0.40404124394990504s
Epoch[9/20 404/700] - Loss: 190.5358581543 - MSE: 190.24156 - batch_Time: 0.39700086507946253s
Epoch[9/20 405/700] - Loss: 123.8407669067 - MSE: 123.57146 - batch_Time: 0.3962384429760277s
Epoch[9/20 406/700] - Loss: 197.4343109131 - MSE: 197.16551 - batch_Time: 0.3957683078479022s
Epoch[9/20 407/700] - Loss: 264.8141479492 - MSE: 264.38388 - batch_Time: 0.39680020697414875s
Epoch[9/20 408/700] - Loss: 135.2416381836 - MSE: 135.00308 - batch_Time: 0.40136779099702835s
Epoch[9/20 409/700] - Loss: 312.8359375000 - MSE: 312.38049 - batch_Time: 0.40124805201776326s
Epoch[9/20 410/700] - Loss: 201.7899932861 - MSE: 201.16003 - batch_Time: 0.3998060959856957s
Epoch[9/20 411/700] - Loss: 166.8245849609 - MSE: 166.51401 - batch_Time: 0.4001216129399836s
Epoch[9/20 412/700] - Loss: 105.8874435425 - MSE: 105.71449 - batch_Time: 0.4055435669142753s
Epoch[9/20 413/700] - Loss: 118.0291900635 - MSE: 117.76103 - batch_Time: 0.39968587714247406s
Epoch[9/20 414/700] - Loss: 146.1750640869 - MSE: 145.82294 - batch_Time: 0.3945082100108266s
Epoch[9/20 415/700] - Loss: 199.2758178711 - MSE: 198.94608 - batch_Time: 0.394820457091555s
Epoch[9/20 416/700] - Loss: 209.4939117432 - MSE: 209.20218 - batch_Time: 0.39456412894651294s
Epoch[9/20 417/700] - Loss: 185.6894073486 - MSE: 185.34389 - batch_Time: 0.3967332071624696s
Epoch[9/20 418/700] - Loss: 173.1323852539 - MSE: 172.84329 - batch_Time: 0.39583248598501086s
Epoch[9/20 419/700] - Loss: 182.6243591309 - MSE: 182.32770 - batch_Time: 0.40436644898727536s
Epoch[9/20 420/700] - Loss: 230.6231689453 - MSE: 230.21379 - batch_Time: 0.3954359709750861s
Epoch[9/20 421/700] - Loss: 277.4364013672 - MSE: 277.03070 - batch_Time: 0.4001667520496994s
Epoch[9/20 422/700] - Loss: 156.9989624023 - MSE: 156.63666 - batch_Time: 0.3962901518680155s
Epoch[9/20 423/700] - Loss: 239.0892791748 - MSE: 238.74208 - batch_Time: 0.3999057540204376s
Epoch[9/20 424/700] - Loss: 215.0594787598 - MSE: 214.52412 - batch_Time: 0.40029651997610927s
Epoch[9/20 425/700] - Loss: 493.7106628418 - MSE: 492.97113 - batch_Time: 0.3974559190683067s
Epoch[9/20 426/700] - Loss: 139.1880340576 - MSE: 138.88156 - batch_Time: 0.4004045899491757s
Epoch[9/20 427/700] - Loss: 294.1237182617 - MSE: 293.78912 - batch_Time: 0.3954801899380982s
Epoch[9/20 428/700] - Loss: 179.7438507080 - MSE: 179.52650 - batch_Time: 0.4020902819465846s
Epoch[9/20 429/700] - Loss: 242.5228881836 - MSE: 242.29413 - batch_Time: 0.399126301985234s
Epoch[9/20 430/700] - Loss: 144.0917816162 - MSE: 143.76112 - batch_Time: 0.40305678197182715s
Epoch[9/20 431/700] - Loss: 352.5588989258 - MSE: 351.82138 - batch_Time: 0.39461870794184506s
Epoch[9/20 432/700] - Loss: 215.3853454590 - MSE: 215.12877 - batch_Time: 0.40184373408555984s
Epoch[9/20 433/700] - Loss: 291.6778259277 - MSE: 291.17825 - batch_Time: 0.3955643568187952s
Epoch[9/20 434/700] - Loss: 240.3785400391 - MSE: 240.04512 - batch_Time: 0.4013475680258125s
Epoch[9/20 435/700] - Loss: 152.0669097900 - MSE: 151.78928 - batch_Time: 0.40389198204502463s
Epoch[9/20 436/700] - Loss: 158.3484191895 - MSE: 158.05424 - batch_Time: 0.40272502484731376s
Epoch[9/20 437/700] - Loss: 218.0589294434 - MSE: 217.79364 - batch_Time: 0.3947467359248549s
Epoch[9/20 438/700] - Loss: 145.4193725586 - MSE: 145.18518 - batch_Time: 0.40192131302319467s
Epoch[9/20 439/700] - Loss: 452.4498596191 - MSE: 452.06976 - batch_Time: 0.3965046568773687s
Epoch[9/20 440/700] - Loss: 247.7465515137 - MSE: 247.28470 - batch_Time: 0.40226081013679504s
Epoch[9/20 441/700] - Loss: 219.6534881592 - MSE: 219.18132 - batch_Time: 0.3949390829075128s
Epoch[9/20 442/700] - Loss: 111.0891723633 - MSE: 110.78947 - batch_Time: 0.3991626698989421s
Epoch[9/20 443/700] - Loss: 127.5256042480 - MSE: 127.03270 - batch_Time: 0.39951437688432634s
Epoch[9/20 444/700] - Loss: 245.0972290039 - MSE: 244.63229 - batch_Time: 0.4021315600257367s
Epoch[9/20 445/700] - Loss: 215.7436218262 - MSE: 215.41196 - batch_Time: 0.39583138399757445s
Epoch[9/20 446/700] - Loss: 183.8166503906 - MSE: 183.48849 - batch_Time: 0.40064809494651854s
Epoch[9/20 447/700] - Loss: 204.0695495605 - MSE: 203.60632 - batch_Time: 0.39461625600233674s
Epoch[9/20 448/700] - Loss: 183.6217041016 - MSE: 183.32907 - batch_Time: 0.40162414498627186s
Epoch[9/20 449/700] - Loss: 216.6795349121 - MSE: 216.36188 - batch_Time: 0.3991761598736048s
Epoch[9/20 450/700] - Loss: 193.9171295166 - MSE: 193.56976 - batch_Time: 0.4009178620763123s
Epoch[9/20 451/700] - Loss: 199.2659912109 - MSE: 198.93686 - batch_Time: 0.3992870580404997s
Epoch[9/20 452/700] - Loss: 105.4055023193 - MSE: 105.16100 - batch_Time: 0.40527136716991663s
Epoch[9/20 453/700] - Loss: 279.3422851562 - MSE: 278.65906 - batch_Time: 0.40188368200324476s
Epoch[9/20 454/700] - Loss: 260.5685729980 - MSE: 260.05368 - batch_Time: 0.39859762601554394s
Epoch[9/20 455/700] - Loss: 223.0636901855 - MSE: 222.59393 - batch_Time: 0.3992785878945142s
Epoch[9/20 456/700] - Loss: 155.4334106445 - MSE: 155.11151 - batch_Time: 0.3966693349648267s
Epoch[9/20 457/700] - Loss: 245.0169067383 - MSE: 244.60617 - batch_Time: 0.396826202981174s
Epoch[9/20 458/700] - Loss: 219.1547241211 - MSE: 218.60910 - batch_Time: 0.4038855801336467s
Epoch[9/20 459/700] - Loss: 252.7028198242 - MSE: 252.43140 - batch_Time: 0.39647537586279213s
Epoch[9/20 460/700] - Loss: 223.4605712891 - MSE: 223.01761 - batch_Time: 0.3970676399767399s
Epoch[9/20 461/700] - Loss: 175.3338317871 - MSE: 174.99411 - batch_Time: 0.3965978960040957s
Epoch[9/20 462/700] - Loss: 143.3777770996 - MSE: 143.02933 - batch_Time: 0.40175716299563646s
Epoch[9/20 463/700] - Loss: 183.4088287354 - MSE: 182.86699 - batch_Time: 0.39742926717735827s
Epoch[9/20 464/700] - Loss: 207.2874603271 - MSE: 206.76242 - batch_Time: 0.4004428160842508s
Epoch[9/20 465/700] - Loss: 106.6884307861 - MSE: 106.50842 - batch_Time: 0.39678093302063644s
Epoch[9/20 466/700] - Loss: 181.4427185059 - MSE: 181.13214 - batch_Time: 0.40264239395037293s
Epoch[9/20 467/700] - Loss: 131.1103820801 - MSE: 130.87149 - batch_Time: 0.401979060145095s
Epoch[9/20 468/700] - Loss: 260.7724304199 - MSE: 260.32281 - batch_Time: 0.39768723398447037s
Epoch[9/20 469/700] - Loss: 273.8621215820 - MSE: 273.47064 - batch_Time: 0.39707918907515705s
Epoch[9/20 470/700] - Loss: 159.1239013672 - MSE: 158.86763 - batch_Time: 0.3985503939911723s
Epoch[9/20 471/700] - Loss: 177.7544860840 - MSE: 177.39403 - batch_Time: 0.39902401017025113s
Epoch[9/20 472/700] - Loss: 163.8552856445 - MSE: 163.46667 - batch_Time: 0.3983066971413791s
Epoch[9/20 473/700] - Loss: 191.7272949219 - MSE: 191.37468 - batch_Time: 0.3978657410480082s
Epoch[9/20 474/700] - Loss: 121.8737335205 - MSE: 121.53986 - batch_Time: 0.39763154298998415s
Epoch[9/20 475/700] - Loss: 204.7065582275 - MSE: 204.34253 - batch_Time: 0.39753345400094986s
Epoch[9/20 476/700] - Loss: 120.1479339600 - MSE: 119.93753 - batch_Time: 0.40335280587896705s
Epoch[9/20 477/700] - Loss: 203.8223266602 - MSE: 203.33917 - batch_Time: 0.3983239559456706s
Epoch[9/20 478/700] - Loss: 148.0781555176 - MSE: 147.77530 - batch_Time: 0.4011784370522946s
Epoch[9/20 479/700] - Loss: 217.4905700684 - MSE: 217.13200 - batch_Time: 0.40691827912814915s
Epoch[9/20 480/700] - Loss: 229.6360931396 - MSE: 229.13440 - batch_Time: 0.40193987009115517s
Epoch[9/20 481/700] - Loss: 204.2891998291 - MSE: 203.73685 - batch_Time: 0.40347231295891106s
Epoch[9/20 482/700] - Loss: 198.2733001709 - MSE: 197.82857 - batch_Time: 0.4058547089807689s
Epoch[9/20 483/700] - Loss: 252.2907409668 - MSE: 251.91635 - batch_Time: 0.40865490096621215s
Epoch[9/20 484/700] - Loss: 175.3020324707 - MSE: 174.85051 - batch_Time: 0.40919328504242003s
Epoch[9/20 485/700] - Loss: 208.7078857422 - MSE: 208.31386 - batch_Time: 0.4024975032079965s
Epoch[9/20 486/700] - Loss: 181.2240295410 - MSE: 180.77022 - batch_Time: 0.4028257089667022s
Epoch[9/20 487/700] - Loss: 145.4609985352 - MSE: 145.05965 - batch_Time: 0.3982812559697777s
Epoch[9/20 488/700] - Loss: 156.4178771973 - MSE: 156.13078 - batch_Time: 0.4044575330335647s
Epoch[9/20 489/700] - Loss: 222.7100830078 - MSE: 222.42203 - batch_Time: 0.40382814896292984s
Epoch[9/20 490/700] - Loss: 210.7362976074 - MSE: 210.38466 - batch_Time: 0.4035002321470529s
Epoch[9/20 491/700] - Loss: 190.9654388428 - MSE: 190.62376 - batch_Time: 0.3998292500618845s
Epoch[9/20 492/700] - Loss: 208.0543060303 - MSE: 207.82706 - batch_Time: 0.4019663480576128s
Epoch[9/20 493/700] - Loss: 218.0060119629 - MSE: 217.45363 - batch_Time: 0.3934607240371406s
Epoch[9/20 494/700] - Loss: 164.6038818359 - MSE: 164.31549 - batch_Time: 0.3997183400206268s
Epoch[9/20 495/700] - Loss: 233.8629913330 - MSE: 233.55276 - batch_Time: 0.3996636108495295s
Epoch[9/20 496/700] - Loss: 167.4868927002 - MSE: 167.13853 - batch_Time: 0.4099250971339643s
Epoch[9/20 497/700] - Loss: 152.9576110840 - MSE: 152.69592 - batch_Time: 0.39763896190561354s
Epoch[9/20 498/700] - Loss: 177.6541748047 - MSE: 177.34233 - batch_Time: 0.4022757839411497s
Epoch[9/20 499/700] - Loss: 156.1328430176 - MSE: 155.94170 - batch_Time: 0.3987505999393761s
Epoch[9/20 500/700] - Loss: 229.6180877686 - MSE: 229.19028 - batch_Time: 0.3978817181196064s
Epoch[9/20 501/700] - Loss: 212.5955963135 - MSE: 212.19666 - batch_Time: 0.397165056085214s
Epoch[9/20 502/700] - Loss: 249.2565307617 - MSE: 248.85435 - batch_Time: 0.3967651999555528s
Epoch[9/20 503/700] - Loss: 158.5304260254 - MSE: 158.16048 - batch_Time: 0.396658071083948s
Epoch[9/20 504/700] - Loss: 139.6134796143 - MSE: 139.27382 - batch_Time: 0.3943611839786172s
Epoch[9/20 505/700] - Loss: 145.1086883545 - MSE: 144.77226 - batch_Time: 0.3956775409169495s
Epoch[9/20 506/700] - Loss: 548.9006347656 - MSE: 548.11737 - batch_Time: 0.3999568468425423s
Epoch[9/20 507/700] - Loss: 160.6812133789 - MSE: 160.31439 - batch_Time: 0.395910969004035s
Epoch[9/20 508/700] - Loss: 147.2075347900 - MSE: 146.99005 - batch_Time: 0.4122110118623823s
Epoch[9/20 509/700] - Loss: 182.2957305908 - MSE: 181.88202 - batch_Time: 0.397324793972075s
Epoch[9/20 510/700] - Loss: 212.3638916016 - MSE: 211.92247 - batch_Time: 0.4009464159607887s
Epoch[9/20 511/700] - Loss: 275.5012817383 - MSE: 274.75067 - batch_Time: 0.3985145818442106s
Epoch[9/20 512/700] - Loss: 165.6364135742 - MSE: 165.02203 - batch_Time: 0.3976776001509279s
Epoch[9/20 513/700] - Loss: 205.0614013672 - MSE: 204.43550 - batch_Time: 0.39732616301625967s
Epoch[9/20 514/700] - Loss: 170.5425720215 - MSE: 169.92598 - batch_Time: 0.3985973810777068s
Epoch[9/20 515/700] - Loss: 256.5160522461 - MSE: 255.95297 - batch_Time: 0.40491478703916073s
Epoch[9/20 516/700] - Loss: 171.0444183350 - MSE: 170.52065 - batch_Time: 0.40019143489189446s
Epoch[9/20 517/700] - Loss: 181.3622894287 - MSE: 181.07542 - batch_Time: 0.3952295349445194s
Epoch[9/20 518/700] - Loss: 330.2937927246 - MSE: 329.82056 - batch_Time: 0.39871830912306905s
Epoch[9/20 519/700] - Loss: 144.2875823975 - MSE: 144.08200 - batch_Time: 0.4025447310414165s
Epoch[9/20 520/700] - Loss: 107.7353515625 - MSE: 107.25683 - batch_Time: 0.3958055891562253s
Epoch[9/20 521/700] - Loss: 260.4866638184 - MSE: 260.07446 - batch_Time: 0.394860717933625s
Epoch[9/20 522/700] - Loss: 315.6357727051 - MSE: 315.04016 - batch_Time: 0.40713389310985804s
Epoch[9/20 523/700] - Loss: 167.4184265137 - MSE: 167.06358 - batch_Time: 0.3976345600094646s
Epoch[9/20 524/700] - Loss: 210.5511932373 - MSE: 209.96136 - batch_Time: 0.4142290900927037s
Epoch[9/20 525/700] - Loss: 252.8247070312 - MSE: 252.40691 - batch_Time: 0.3968694768846035s
Epoch[9/20 526/700] - Loss: 206.9644775391 - MSE: 206.67737 - batch_Time: 0.3978625468444079s
Epoch[9/20 527/700] - Loss: 129.0707397461 - MSE: 128.82825 - batch_Time: 0.40067131794057786s
Epoch[9/20 528/700] - Loss: 116.8299636841 - MSE: 116.57812 - batch_Time: 0.39639271213673055s
Epoch[9/20 529/700] - Loss: 221.1605834961 - MSE: 220.80115 - batch_Time: 0.3999396748840809s
Epoch[9/20 530/700] - Loss: 202.6340026855 - MSE: 202.20903 - batch_Time: 0.4030842229258269s
Epoch[9/20 531/700] - Loss: 150.0758972168 - MSE: 149.55150 - batch_Time: 0.3980115349404514s
Epoch[9/20 532/700] - Loss: 198.3545684814 - MSE: 197.85924 - batch_Time: 0.4056395669467747s
Epoch[9/20 533/700] - Loss: 160.7797088623 - MSE: 160.49304 - batch_Time: 0.39827175298705697s
Epoch[9/20 534/700] - Loss: 152.1261596680 - MSE: 151.86276 - batch_Time: 0.3985374690964818s
Epoch[9/20 535/700] - Loss: 157.7337493896 - MSE: 157.42790 - batch_Time: 0.40161820803768933s
Epoch[9/20 536/700] - Loss: 172.8794403076 - MSE: 172.49321 - batch_Time: 0.39722597296349704s
Epoch[9/20 537/700] - Loss: 190.8231201172 - MSE: 190.32585 - batch_Time: 0.3952155029401183s
Epoch[9/20 538/700] - Loss: 198.0565795898 - MSE: 197.48520 - batch_Time: 0.3957072680350393s
Epoch[9/20 539/700] - Loss: 217.3559417725 - MSE: 217.08231 - batch_Time: 0.40147807891480625s
Epoch[9/20 540/700] - Loss: 271.2595825195 - MSE: 270.66013 - batch_Time: 0.40027197217568755s
Epoch[9/20 541/700] - Loss: 174.6455383301 - MSE: 174.40274 - batch_Time: 0.39513988397084177s
Epoch[9/20 542/700] - Loss: 118.4509735107 - MSE: 118.14140 - batch_Time: 0.39526150189340115s
Epoch[9/20 543/700] - Loss: 181.1400451660 - MSE: 180.60606 - batch_Time: 0.3952082619071007s
Epoch[9/20 544/700] - Loss: 179.8474578857 - MSE: 179.51208 - batch_Time: 0.40480285487137735s
Epoch[9/20 545/700] - Loss: 271.1568908691 - MSE: 270.70007 - batch_Time: 0.39673002786003053s
Epoch[9/20 546/700] - Loss: 168.4924926758 - MSE: 168.21396 - batch_Time: 0.40032652113586664s
Epoch[9/20 547/700] - Loss: 244.1633911133 - MSE: 243.67775 - batch_Time: 0.39772817702032626s
Epoch[9/20 548/700] - Loss: 109.1571350098 - MSE: 108.88769 - batch_Time: 0.3977408369537443s
Epoch[9/20 549/700] - Loss: 158.4259643555 - MSE: 158.21927 - batch_Time: 0.4030634821392596s
Epoch[9/20 550/700] - Loss: 177.9743804932 - MSE: 177.56519 - batch_Time: 0.4021760909818113s
Epoch[9/20 551/700] - Loss: 182.2308197021 - MSE: 181.63698 - batch_Time: 0.403227049857378s
Epoch[9/20 552/700] - Loss: 208.2288513184 - MSE: 207.86797 - batch_Time: 0.40279757510870695s
Epoch[9/20 553/700] - Loss: 190.1138305664 - MSE: 189.78052 - batch_Time: 0.39954188792034984s
Epoch[9/20 554/700] - Loss: 159.7115783691 - MSE: 159.38316 - batch_Time: 0.40171143505722284s
Epoch[9/20 555/700] - Loss: 226.8838806152 - MSE: 226.47496 - batch_Time: 0.4054116578772664s
Epoch[9/20 556/700] - Loss: 133.2435913086 - MSE: 132.89417 - batch_Time: 0.4011736821848899s
Epoch[9/20 557/700] - Loss: 245.6602478027 - MSE: 245.16382 - batch_Time: 0.3987511561717838s
Epoch[9/20 558/700] - Loss: 74.0751647949 - MSE: 73.89725 - batch_Time: 0.3988794139586389s
Epoch[9/20 559/700] - Loss: 234.0653076172 - MSE: 233.75487 - batch_Time: 0.39932430000044405s
Epoch[9/20 560/700] - Loss: 140.5717468262 - MSE: 140.32443 - batch_Time: 0.40396119304932654s
Epoch[9/20 561/700] - Loss: 133.8516235352 - MSE: 133.66902 - batch_Time: 0.39668307709507644s
Epoch[9/20 562/700] - Loss: 197.7234497070 - MSE: 197.42886 - batch_Time: 0.3983035299461335s
Epoch[9/20 563/700] - Loss: 330.7188110352 - MSE: 330.38116 - batch_Time: 0.40228367899544537s
Epoch[9/20 564/700] - Loss: 184.7767791748 - MSE: 184.50296 - batch_Time: 0.39796349313110113s
Epoch[9/20 565/700] - Loss: 212.7186889648 - MSE: 212.23936 - batch_Time: 0.39745026803575456s
Epoch[9/20 566/700] - Loss: 240.3055877686 - MSE: 239.88893 - batch_Time: 0.40240454813465476s
Epoch[9/20 567/700] - Loss: 227.0377807617 - MSE: 226.53935 - batch_Time: 0.3965337979607284s
Epoch[9/20 568/700] - Loss: 264.6657104492 - MSE: 264.19101 - batch_Time: 0.3955945768393576s
Epoch[9/20 569/700] - Loss: 319.0325012207 - MSE: 318.38547 - batch_Time: 0.3967129758093506s
Epoch[9/20 570/700] - Loss: 202.2576904297 - MSE: 201.75175 - batch_Time: 0.39866415597498417s
Epoch[9/20 571/700] - Loss: 154.7110748291 - MSE: 154.41003 - batch_Time: 0.39956147596240044s
Epoch[9/20 572/700] - Loss: 178.4316253662 - MSE: 178.02464 - batch_Time: 0.4064719758462161s
Epoch[9/20 573/700] - Loss: 189.2516174316 - MSE: 188.80121 - batch_Time: 0.3955397380050272s
Epoch[9/20 574/700] - Loss: 222.2778320312 - MSE: 221.93933 - batch_Time: 0.40313507011160254s
Epoch[9/20 575/700] - Loss: 201.4066467285 - MSE: 201.17807 - batch_Time: 0.40252164588309824s
Epoch[9/20 576/700] - Loss: 189.5726928711 - MSE: 189.21437 - batch_Time: 0.4008946930989623s
Epoch[9/20 577/700] - Loss: 170.6096649170 - MSE: 170.31418 - batch_Time: 0.39865858596749604s
Epoch[9/20 578/700] - Loss: 154.2288208008 - MSE: 153.94672 - batch_Time: 0.3968962230719626s
Epoch[9/20 579/700] - Loss: 163.0932006836 - MSE: 162.67406 - batch_Time: 0.4019349811132997s
Epoch[9/20 580/700] - Loss: 275.8607482910 - MSE: 275.29468 - batch_Time: 0.3971289510373026s
Epoch[9/20 581/700] - Loss: 114.2910003662 - MSE: 113.91330 - batch_Time: 0.4015345259103924s
Epoch[9/20 582/700] - Loss: 189.8808746338 - MSE: 189.47403 - batch_Time: 0.3982924879528582s
Epoch[9/20 583/700] - Loss: 212.5566406250 - MSE: 212.24957 - batch_Time: 0.4043526560999453s
Epoch[9/20 584/700] - Loss: 136.4148864746 - MSE: 136.03084 - batch_Time: 0.39514992013573647s
Epoch[9/20 585/700] - Loss: 131.7095031738 - MSE: 131.42471 - batch_Time: 0.40374941285699606s
Epoch[9/20 586/700] - Loss: 235.0611877441 - MSE: 234.74945 - batch_Time: 0.39554728590883315s
Epoch[9/20 587/700] - Loss: 184.8233795166 - MSE: 184.50763 - batch_Time: 0.40563213382847607s
Epoch[9/20 588/700] - Loss: 162.1002502441 - MSE: 161.80547 - batch_Time: 0.3932564998976886s
Epoch[9/20 589/700] - Loss: 267.0503845215 - MSE: 266.73108 - batch_Time: 0.3973866880405694s
Epoch[9/20 590/700] - Loss: 168.0837097168 - MSE: 167.40842 - batch_Time: 0.39599278196692467s
Epoch[9/20 591/700] - Loss: 119.1033325195 - MSE: 118.72152 - batch_Time: 0.4055317749734968s
Epoch[9/20 592/700] - Loss: 156.8695526123 - MSE: 156.51645 - batch_Time: 0.3945035270880908s
Epoch[9/20 593/700] - Loss: 209.4697723389 - MSE: 208.98039 - batch_Time: 0.3963702479377389s
Epoch[9/20 594/700] - Loss: 153.7498474121 - MSE: 153.54303 - batch_Time: 0.40090443193912506s
Epoch[9/20 595/700] - Loss: 118.0645446777 - MSE: 117.85245 - batch_Time: 0.4004785059951246s
Epoch[9/20 596/700] - Loss: 236.0498504639 - MSE: 235.67006 - batch_Time: 0.401270056841895s
Epoch[9/20 597/700] - Loss: 145.9729003906 - MSE: 145.58945 - batch_Time: 0.40213322918862104s
Epoch[9/20 598/700] - Loss: 241.4079895020 - MSE: 240.89722 - batch_Time: 0.4011415378190577s
Epoch[9/20 599/700] - Loss: 233.7124938965 - MSE: 233.38875 - batch_Time: 0.4013940861914307s
Epoch[9/20 600/700] - Loss: 320.2029418945 - MSE: 319.68286 - batch_Time: 0.4001240679062903s
Epoch[9/20 601/700] - Loss: 124.7366027832 - MSE: 124.42159 - batch_Time: 0.397731623146683s
Epoch[9/20 602/700] - Loss: 232.7941894531 - MSE: 232.41974 - batch_Time: 0.4018799909390509s
Epoch[9/20 603/700] - Loss: 108.7915802002 - MSE: 108.56424 - batch_Time: 0.39607550110667944s
Epoch[9/20 604/700] - Loss: 110.5645980835 - MSE: 110.29466 - batch_Time: 0.40079292096197605s
Epoch[9/20 605/700] - Loss: 135.2040252686 - MSE: 134.95036 - batch_Time: 0.39576855208724737s
Epoch[9/20 606/700] - Loss: 199.7550659180 - MSE: 199.42659 - batch_Time: 0.4026639030780643s
Epoch[9/20 607/700] - Loss: 246.5182189941 - MSE: 246.19685 - batch_Time: 0.39613899891264737s
Epoch[9/20 608/700] - Loss: 250.8439178467 - MSE: 250.47177 - batch_Time: 0.3965547839179635s
Epoch[9/20 609/700] - Loss: 255.2891998291 - MSE: 254.57031 - batch_Time: 0.40292747993953526s
Epoch[9/20 610/700] - Loss: 183.7653045654 - MSE: 183.44183 - batch_Time: 0.3986735329963267s
Epoch[9/20 611/700] - Loss: 160.7992858887 - MSE: 160.40463 - batch_Time: 0.40457917214371264s
Epoch[9/20 612/700] - Loss: 190.6999664307 - MSE: 190.44882 - batch_Time: 0.4020496178418398s
Epoch[9/20 613/700] - Loss: 205.6928100586 - MSE: 205.39424 - batch_Time: 0.4049248490482569s
Epoch[9/20 614/700] - Loss: 321.8219909668 - MSE: 321.21729 - batch_Time: 0.40941840200684965s
Epoch[9/20 615/700] - Loss: 218.0565185547 - MSE: 217.68135 - batch_Time: 0.40650706202723086s
Epoch[9/20 616/700] - Loss: 184.5159912109 - MSE: 184.08675 - batch_Time: 0.4025527930352837s
Epoch[9/20 617/700] - Loss: 184.1292877197 - MSE: 183.78188 - batch_Time: 0.4075351420324296s
Epoch[9/20 618/700] - Loss: 216.5245666504 - MSE: 216.07722 - batch_Time: 0.40383844007737935s
Epoch[9/20 619/700] - Loss: 157.1824645996 - MSE: 156.90047 - batch_Time: 0.40649900189600885s
Epoch[9/20 620/700] - Loss: 183.3212890625 - MSE: 182.85995 - batch_Time: 0.40332858404144645s
Epoch[9/20 621/700] - Loss: 214.9466857910 - MSE: 214.46255 - batch_Time: 0.40191001910716295s
Epoch[9/20 622/700] - Loss: 182.5472869873 - MSE: 182.21382 - batch_Time: 0.4010048790369183s
Epoch[9/20 623/700] - Loss: 142.9017944336 - MSE: 142.62755 - batch_Time: 0.403033897979185s
Epoch[9/20 624/700] - Loss: 120.4567184448 - MSE: 120.12573 - batch_Time: 0.3989935680292547s
Epoch[9/20 625/700] - Loss: 187.6788940430 - MSE: 187.29991 - batch_Time: 0.4061254560947418s
Epoch[9/20 626/700] - Loss: 148.0881805420 - MSE: 147.66531 - batch_Time: 0.3997313310392201s
Epoch[9/20 627/700] - Loss: 151.3261413574 - MSE: 150.94008 - batch_Time: 0.4007108600344509s
Epoch[9/20 628/700] - Loss: 225.2094421387 - MSE: 224.77292 - batch_Time: 0.4040463459677994s
Epoch[9/20 629/700] - Loss: 179.1919097900 - MSE: 178.84387 - batch_Time: 0.409159935079515s
Epoch[9/20 630/700] - Loss: 497.3455505371 - MSE: 496.24707 - batch_Time: 0.39657543296925724s
Epoch[9/20 631/700] - Loss: 160.7467346191 - MSE: 160.40952 - batch_Time: 0.4027651990763843s
Epoch[9/20 632/700] - Loss: 221.8823852539 - MSE: 221.45529 - batch_Time: 0.4041523360647261s
Epoch[9/20 633/700] - Loss: 209.5422058105 - MSE: 209.25035 - batch_Time: 0.40769638889469206s
Epoch[9/20 634/700] - Loss: 354.8581848145 - MSE: 354.07251 - batch_Time: 0.40075717004947364s
Epoch[9/20 635/700] - Loss: 253.2084655762 - MSE: 252.65277 - batch_Time: 0.4071872839704156s
Epoch[9/20 636/700] - Loss: 315.5526123047 - MSE: 315.15372 - batch_Time: 0.4020688459277153s
Epoch[9/20 637/700] - Loss: 133.7095642090 - MSE: 133.48802 - batch_Time: 0.4062444940209389s
Epoch[9/20 638/700] - Loss: 242.8382873535 - MSE: 242.32553 - batch_Time: 0.40329859405755997s
Epoch[9/20 639/700] - Loss: 254.6573791504 - MSE: 253.96049 - batch_Time: 0.40747468010522425s
Epoch[9/20 640/700] - Loss: 186.2958679199 - MSE: 185.72012 - batch_Time: 0.3961199370678514s
Epoch[9/20 641/700] - Loss: 172.8329467773 - MSE: 172.52641 - batch_Time: 0.40488374792039394s
Epoch[9/20 642/700] - Loss: 198.3730468750 - MSE: 198.13881 - batch_Time: 0.4027239200659096s
Epoch[9/20 643/700] - Loss: 149.3128051758 - MSE: 148.96214 - batch_Time: 0.404840367147699s
Epoch[9/20 644/700] - Loss: 140.1548919678 - MSE: 139.83466 - batch_Time: 0.4018105089198798s
Epoch[9/20 645/700] - Loss: 245.6654510498 - MSE: 244.84978 - batch_Time: 0.4118641158565879s
Epoch[9/20 646/700] - Loss: 276.9489746094 - MSE: 276.54214 - batch_Time: 0.40183884813450277s
Epoch[9/20 647/700] - Loss: 169.9363098145 - MSE: 169.45856 - batch_Time: 0.4036547299474478s
Epoch[9/20 648/700] - Loss: 168.5360565186 - MSE: 168.07643 - batch_Time: 0.41162949800491333s
Epoch[9/20 649/700] - Loss: 250.2978820801 - MSE: 249.87354 - batch_Time: 0.4024905110709369s
Epoch[9/20 650/700] - Loss: 181.1120452881 - MSE: 180.63840 - batch_Time: 0.4054221010301262s
Epoch[9/20 651/700] - Loss: 161.1117706299 - MSE: 160.75322 - batch_Time: 0.40095688588917255s
Epoch[9/20 652/700] - Loss: 275.2459411621 - MSE: 274.59500 - batch_Time: 0.41078644595108926s
Epoch[9/20 653/700] - Loss: 469.8290710449 - MSE: 469.26749 - batch_Time: 0.3969070881139487s
Epoch[9/20 654/700] - Loss: 145.7825317383 - MSE: 145.11478 - batch_Time: 0.4049908348824829s
Epoch[9/20 655/700] - Loss: 119.2132873535 - MSE: 118.88615 - batch_Time: 0.39520109398290515s
Epoch[9/20 656/700] - Loss: 115.5066604614 - MSE: 114.85347 - batch_Time: 0.4012001440860331s
Epoch[9/20 657/700] - Loss: 227.1114807129 - MSE: 226.71889 - batch_Time: 0.39541059196926653s
Epoch[9/20 658/700] - Loss: 149.8274383545 - MSE: 149.58688 - batch_Time: 0.40188598702661693s
Epoch[9/20 659/700] - Loss: 230.5945434570 - MSE: 230.00407 - batch_Time: 0.3977787590119988s
Epoch[9/20 660/700] - Loss: 166.6718292236 - MSE: 166.04459 - batch_Time: 0.4003523120190948s
Epoch[9/20 661/700] - Loss: 147.4403076172 - MSE: 147.27234 - batch_Time: 0.39443819294683635s
Epoch[9/20 662/700] - Loss: 113.7996520996 - MSE: 113.54934 - batch_Time: 0.40037267096340656s
Epoch[9/20 663/700] - Loss: 155.0241699219 - MSE: 154.69121 - batch_Time: 0.39479476818814874s
Epoch[9/20 664/700] - Loss: 227.9210510254 - MSE: 227.65393 - batch_Time: 0.40387881617061794s
Epoch[9/20 665/700] - Loss: 126.6656799316 - MSE: 126.52480 - batch_Time: 0.4016997180879116s
Epoch[9/20 666/700] - Loss: 227.0709533691 - MSE: 226.74962 - batch_Time: 0.40067828889004886s
Epoch[9/20 667/700] - Loss: 256.3763427734 - MSE: 256.03851 - batch_Time: 0.40296964487060905s
Epoch[9/20 668/700] - Loss: 322.7212524414 - MSE: 321.95984 - batch_Time: 0.40286746714264154s
Epoch[9/20 669/700] - Loss: 248.4456634521 - MSE: 247.93976 - batch_Time: 0.40145375998690724s
Epoch[9/20 670/700] - Loss: 154.8650360107 - MSE: 154.58817 - batch_Time: 0.4018959370441735s
Epoch[9/20 671/700] - Loss: 83.7594451904 - MSE: 83.58591 - batch_Time: 0.39943578001111746s
Epoch[9/20 672/700] - Loss: 197.8120117188 - MSE: 197.46167 - batch_Time: 0.3973346420098096s
Epoch[9/20 673/700] - Loss: 250.2590026855 - MSE: 249.96053 - batch_Time: 0.40010692412033677s
Epoch[9/20 674/700] - Loss: 272.6346435547 - MSE: 272.03564 - batch_Time: 0.3965904291253537s
Epoch[9/20 675/700] - Loss: 225.3152770996 - MSE: 224.73064 - batch_Time: 0.4002283320296556s
Epoch[9/20 676/700] - Loss: 108.0169296265 - MSE: 107.73434 - batch_Time: 0.4010119440499693s
Epoch[9/20 677/700] - Loss: 254.3260803223 - MSE: 253.90140 - batch_Time: 0.4005968580022454s
Epoch[9/20 678/700] - Loss: 189.6879425049 - MSE: 189.21404 - batch_Time: 0.3934798107948154s
Epoch[9/20 679/700] - Loss: 438.4649047852 - MSE: 438.09167 - batch_Time: 0.39906021393835545s
Epoch[9/20 680/700] - Loss: 272.6876831055 - MSE: 272.26462 - batch_Time: 0.3984287709463388s
Epoch[9/20 681/700] - Loss: 209.3070526123 - MSE: 208.77283 - batch_Time: 0.39951421902514994s
Epoch[9/20 682/700] - Loss: 160.0466766357 - MSE: 159.71895 - batch_Time: 0.3941788331139833s
Epoch[9/20 683/700] - Loss: 242.4350128174 - MSE: 241.86023 - batch_Time: 0.4005662479903549s
Epoch[9/20 684/700] - Loss: 169.7877502441 - MSE: 169.53929 - batch_Time: 0.39892645506188273s
Epoch[9/20 685/700] - Loss: 156.0279235840 - MSE: 155.74190 - batch_Time: 0.40088781504891813s
Epoch[9/20 686/700] - Loss: 340.6600952148 - MSE: 339.90283 - batch_Time: 0.4009025942068547s
Epoch[9/20 687/700] - Loss: 321.1564331055 - MSE: 320.55557 - batch_Time: 0.3941830841358751s
Epoch[9/20 688/700] - Loss: 238.5729064941 - MSE: 238.17963 - batch_Time: 0.40043057897128165s
Epoch[9/20 689/700] - Loss: 150.7118530273 - MSE: 150.45065 - batch_Time: 0.40126601117663085s
Epoch[9/20 690/700] - Loss: 194.1121520996 - MSE: 193.84903 - batch_Time: 0.4012166620232165s
Epoch[9/20 691/700] - Loss: 240.7642211914 - MSE: 240.34927 - batch_Time: 0.4030785320792347s
Epoch[9/20 692/700] - Loss: 342.3375854492 - MSE: 341.96216 - batch_Time: 0.400825385004282s
Epoch[9/20 693/700] - Loss: 195.7854461670 - MSE: 195.38388 - batch_Time: 0.40029422100633383s
Epoch[9/20 694/700] - Loss: 228.1085968018 - MSE: 227.74583 - batch_Time: 0.40002578287385404s
Epoch[9/20 695/700] - Loss: 176.7570648193 - MSE: 176.38382 - batch_Time: 0.39772802707739174s
Epoch[9/20 696/700] - Loss: 139.6741485596 - MSE: 139.33975 - batch_Time: 0.40112745109945536s
Epoch[9/20 697/700] - Loss: 305.4598999023 - MSE: 304.92883 - batch_Time: 0.398360240040347s
Epoch[9/20 698/700] - Loss: 182.2680511475 - MSE: 181.98482 - batch_Time: 0.40044939890503883s
Epoch[9/20 699/700] - Loss: 136.4854125977 - MSE: 136.13145 - batch_Time: 0.3993207400199026s
Epoch[9] - 2021-08-06 22:01:31.173956
/hy-tmp/OURS/ttsr_dx/experiment.py:171: UserWarning: torch.nn.utils.clip_grad_norm is now deprecated in favor of torch.nn.utils.clip_grad_norm_.
  nn.utils.clip_grad_norm(self.model.parameters(), 1, norm_type=2)
Epoch[9- train_loss: 202.9428822872 - train_error: 202.5447763280 - val_loss: 71.2963369656 - val_error: 71.1578700733 - val_psnr: 29.9962055317 - val_ssim: 0.8218941697 - epoch_Time: 360.86108000786044s
Current learning rate: 0.0001
Epoch[10/20] - 2021-08-06 22:02:42.898908
Epoch[10/20 0/700] - Loss: 417.1669616699 - MSE: 416.77368 - batch_Time: 0.4106673030182719s
Epoch[10/20 1/700] - Loss: 120.9398651123 - MSE: 120.66824 - batch_Time: 0.3980016619898379s
Epoch[10/20 2/700] - Loss: 141.2170715332 - MSE: 140.90419 - batch_Time: 0.3954491189215332s
Epoch[10/20 3/700] - Loss: 217.2223052979 - MSE: 216.84473 - batch_Time: 0.39835698902606964s
Epoch[10/20 4/700] - Loss: 122.8085784912 - MSE: 122.42072 - batch_Time: 0.39854526706039906s
Epoch[10/20 5/700] - Loss: 159.7713012695 - MSE: 159.37601 - batch_Time: 0.3992417498957366s
Epoch[10/20 6/700] - Loss: 270.8064575195 - MSE: 270.51135 - batch_Time: 0.39715448091737926s
Epoch[10/20 7/700] - Loss: 221.2633209229 - MSE: 220.89520 - batch_Time: 0.3992141399066895s
Epoch[10/20 8/700] - Loss: 161.6610717773 - MSE: 161.41862 - batch_Time: 0.39821313112042844s
Epoch[10/20 9/700] - Loss: 115.4163513184 - MSE: 115.17729 - batch_Time: 0.3973532591480762s
Epoch[10/20 10/700] - Loss: 214.8488311768 - MSE: 214.29907 - batch_Time: 0.3978987929876894s
Epoch[10/20 11/700] - Loss: 159.3946533203 - MSE: 159.15762 - batch_Time: 0.39685411285609007s
Epoch[10/20 12/700] - Loss: 210.0560302734 - MSE: 209.54172 - batch_Time: 0.39930207817815244s
Epoch[10/20 13/700] - Loss: 211.3687286377 - MSE: 210.75076 - batch_Time: 0.3959333230741322s
Epoch[10/20 14/700] - Loss: 187.5676574707 - MSE: 187.30646 - batch_Time: 0.39790099393576384s
Epoch[10/20 15/700] - Loss: 270.0546264648 - MSE: 269.59296 - batch_Time: 0.39606203185394406s
Epoch[10/20 16/700] - Loss: 214.2160949707 - MSE: 213.71928 - batch_Time: 0.3988206242211163s
Epoch[10/20 17/700] - Loss: 104.5489654541 - MSE: 104.26859 - batch_Time: 0.39766442496329546s
Epoch[10/20 18/700] - Loss: 153.7759704590 - MSE: 153.52061 - batch_Time: 0.39473750488832593s
Epoch[10/20 19/700] - Loss: 206.3148803711 - MSE: 205.91330 - batch_Time: 0.3960299021564424s
Epoch[10/20 20/700] - Loss: 299.5754394531 - MSE: 299.16443 - batch_Time: 0.39749256684444845s
Epoch[10/20 21/700] - Loss: 158.6471862793 - MSE: 158.36971 - batch_Time: 0.3977715838700533s
Epoch[10/20 22/700] - Loss: 150.7890930176 - MSE: 150.49176 - batch_Time: 0.39751486713066697s
Epoch[10/20 23/700] - Loss: 178.6550445557 - MSE: 178.38837 - batch_Time: 0.39812339982017875s
Epoch[10/20 24/700] - Loss: 226.1158447266 - MSE: 225.74370 - batch_Time: 0.40041300607845187s
Epoch[10/20 25/700] - Loss: 211.1607666016 - MSE: 210.80167 - batch_Time: 0.3985851351171732s
Epoch[10/20 26/700] - Loss: 301.2620239258 - MSE: 300.91064 - batch_Time: 0.3946001259610057s
Epoch[10/20 27/700] - Loss: 199.3594055176 - MSE: 199.03844 - batch_Time: 0.39798345207236707s
Epoch[10/20 28/700] - Loss: 202.5795440674 - MSE: 202.31268 - batch_Time: 0.3999303209129721s
Epoch[10/20 29/700] - Loss: 311.6295471191 - MSE: 311.12732 - batch_Time: 0.400295838015154s
Epoch[10/20 30/700] - Loss: 254.3835449219 - MSE: 253.99069 - batch_Time: 0.39906332991085947s
Epoch[10/20 31/700] - Loss: 252.2056121826 - MSE: 251.76950 - batch_Time: 0.39479818497784436s
Epoch[10/20 32/700] - Loss: 204.3843688965 - MSE: 203.91132 - batch_Time: 0.3992195588070899s
Epoch[10/20 33/700] - Loss: 151.5389709473 - MSE: 151.24110 - batch_Time: 0.40047882590442896s
Epoch[10/20 34/700] - Loss: 183.1394805908 - MSE: 182.84395 - batch_Time: 0.4008559719659388s
Epoch[10/20 35/700] - Loss: 183.8299255371 - MSE: 183.39734 - batch_Time: 0.39485339308157563s
Epoch[10/20 36/700] - Loss: 166.3814086914 - MSE: 166.08415 - batch_Time: 0.402964981039986s
Epoch[10/20 37/700] - Loss: 193.4924621582 - MSE: 193.03728 - batch_Time: 0.40083115198649466s
Epoch[10/20 38/700] - Loss: 200.4465637207 - MSE: 200.01192 - batch_Time: 0.3933677589520812s
Epoch[10/20 39/700] - Loss: 277.8992614746 - MSE: 277.36676 - batch_Time: 0.39590606209822s
Epoch[10/20 40/700] - Loss: 131.0625610352 - MSE: 130.77695 - batch_Time: 0.3974883961491287s
Epoch[10/20 41/700] - Loss: 239.2412567139 - MSE: 238.76183 - batch_Time: 0.3956734649837017s
Epoch[10/20 42/700] - Loss: 220.7922668457 - MSE: 220.36449 - batch_Time: 0.39924460696056485s
Epoch[10/20 43/700] - Loss: 200.2921447754 - MSE: 200.02547 - batch_Time: 0.3980456697754562s
Epoch[10/20 44/700] - Loss: 209.8565673828 - MSE: 209.57300 - batch_Time: 0.3920786010567099s
Epoch[10/20 45/700] - Loss: 131.4859924316 - MSE: 131.26636 - batch_Time: 0.3910187720321119s
Epoch[10/20 46/700] - Loss: 146.0526428223 - MSE: 145.79326 - batch_Time: 0.39367155404761434s
Epoch[10/20 47/700] - Loss: 115.9033966064 - MSE: 115.73727 - batch_Time: 0.3935093760956079s
Epoch[10/20 48/700] - Loss: 148.7025604248 - MSE: 148.36566 - batch_Time: 0.39032334880903363s
Epoch[10/20 49/700] - Loss: 146.2360382080 - MSE: 146.01904 - batch_Time: 0.3938295030966401s
Epoch[10/20 50/700] - Loss: 263.3543701172 - MSE: 263.12762 - batch_Time: 0.3931334598455578s
Epoch[10/20 51/700] - Loss: 151.6301269531 - MSE: 151.28249 - batch_Time: 0.39301392110064626s
Epoch[10/20 52/700] - Loss: 205.3153839111 - MSE: 205.01469 - batch_Time: 0.3900004019960761s
Epoch[10/20 53/700] - Loss: 233.0393829346 - MSE: 232.54964 - batch_Time: 0.39282253198325634s
Epoch[10/20 54/700] - Loss: 233.8305053711 - MSE: 233.53203 - batch_Time: 0.39351542689837515s
Epoch[10/20 55/700] - Loss: 117.6359710693 - MSE: 117.34767 - batch_Time: 0.3902455389034003s
Epoch[10/20 56/700] - Loss: 325.6586303711 - MSE: 325.12787 - batch_Time: 0.393261639168486s
Epoch[10/20 57/700] - Loss: 254.6313171387 - MSE: 254.23727 - batch_Time: 0.3942531880456954s
Epoch[10/20 58/700] - Loss: 188.6416168213 - MSE: 188.31094 - batch_Time: 0.3918573430273682s
Epoch[10/20 59/700] - Loss: 135.0253906250 - MSE: 134.73904 - batch_Time: 0.3926916450727731s
Epoch[10/20 60/700] - Loss: 103.5246276855 - MSE: 103.28220 - batch_Time: 0.39354531606659293s
Epoch[10/20 61/700] - Loss: 206.8518066406 - MSE: 206.48526 - batch_Time: 0.3945304839871824s
Epoch[10/20 62/700] - Loss: 267.7825012207 - MSE: 267.35284 - batch_Time: 0.39165963395498693s
Epoch[10/20 63/700] - Loss: 323.4827880859 - MSE: 323.10217 - batch_Time: 0.3943448970094323s
Epoch[10/20 64/700] - Loss: 152.2198791504 - MSE: 151.74806 - batch_Time: 0.3946801940910518s
Epoch[10/20 65/700] - Loss: 137.8607025146 - MSE: 137.56200 - batch_Time: 0.39446014584973454s
Epoch[10/20 66/700] - Loss: 80.1165618896 - MSE: 79.92786 - batch_Time: 0.3927394829224795s
Epoch[10/20 67/700] - Loss: 85.2394790649 - MSE: 85.09122 - batch_Time: 0.39258356485515833s
Epoch[10/20 68/700] - Loss: 191.9823760986 - MSE: 191.70825 - batch_Time: 0.3945658840239048s
Epoch[10/20 69/700] - Loss: 177.8392028809 - MSE: 177.28854 - batch_Time: 0.39401625096797943s
Epoch[10/20 70/700] - Loss: 207.2888183594 - MSE: 206.87933 - batch_Time: 0.39139569690451026s
Epoch[10/20 71/700] - Loss: 230.1154022217 - MSE: 229.73303 - batch_Time: 0.3930325801484287s
Epoch[10/20 72/700] - Loss: 275.3938293457 - MSE: 275.05017 - batch_Time: 0.39483516104519367s
Epoch[10/20 73/700] - Loss: 235.7451477051 - MSE: 235.33974 - batch_Time: 0.39429513714276254s
Epoch[10/20 74/700] - Loss: 208.7029418945 - MSE: 208.24258 - batch_Time: 0.39693298120982945s
Epoch[10/20 75/700] - Loss: 205.2009124756 - MSE: 204.62761 - batch_Time: 0.39225489809177816s
Epoch[10/20 76/700] - Loss: 191.1487121582 - MSE: 190.82169 - batch_Time: 0.4000511278863996s
Epoch[10/20 77/700] - Loss: 73.5738677979 - MSE: 73.44762 - batch_Time: 0.397054998902604s
Epoch[10/20 78/700] - Loss: 145.6907653809 - MSE: 145.43167 - batch_Time: 0.39780461112968624s
Epoch[10/20 79/700] - Loss: 291.6955566406 - MSE: 291.32983 - batch_Time: 0.39366736402735114s
Epoch[10/20 80/700] - Loss: 215.2436523438 - MSE: 214.73346 - batch_Time: 0.3996270219795406s
Epoch[10/20 81/700] - Loss: 128.1735076904 - MSE: 127.69198 - batch_Time: 0.3979256390593946s
Epoch[10/20 82/700] - Loss: 236.0437469482 - MSE: 235.81516 - batch_Time: 0.40132829500362277s
Epoch[10/20 83/700] - Loss: 177.1417694092 - MSE: 176.89207 - batch_Time: 0.39395758998580277s
Epoch[10/20 84/700] - Loss: 249.0544433594 - MSE: 248.71785 - batch_Time: 0.39913803711533546s
Epoch[10/20 85/700] - Loss: 201.4552307129 - MSE: 201.10788 - batch_Time: 0.39151476603001356s
Epoch[10/20 86/700] - Loss: 228.4187011719 - MSE: 227.85469 - batch_Time: 0.3975502129178494s
Epoch[10/20 87/700] - Loss: 108.6808624268 - MSE: 108.49202 - batch_Time: 0.3961281478404999s
Epoch[10/20 88/700] - Loss: 136.5599365234 - MSE: 136.10696 - batch_Time: 0.39829291496425867s
Epoch[10/20 89/700] - Loss: 224.4946899414 - MSE: 224.15765 - batch_Time: 0.3934348451439291s
Epoch[10/20 90/700] - Loss: 229.3793792725 - MSE: 228.92473 - batch_Time: 0.39863540208898485s
Epoch[10/20 91/700] - Loss: 126.8322296143 - MSE: 126.52411 - batch_Time: 0.39303647889755666s
Epoch[10/20 92/700] - Loss: 224.5993957520 - MSE: 224.25117 - batch_Time: 0.39685112005099654s
Epoch[10/20 93/700] - Loss: 168.8504333496 - MSE: 168.60858 - batch_Time: 0.3975029340945184s
Epoch[10/20 94/700] - Loss: 197.5703735352 - MSE: 197.24695 - batch_Time: 0.3997609098441899s
Epoch[10/20 95/700] - Loss: 192.0868530273 - MSE: 191.79626 - batch_Time: 0.3950685078743845s
Epoch[10/20 96/700] - Loss: 139.9807739258 - MSE: 139.73714 - batch_Time: 0.40590196708217263s
Epoch[10/20 97/700] - Loss: 153.1172180176 - MSE: 152.72122 - batch_Time: 0.40117925498634577s
Epoch[10/20 98/700] - Loss: 163.0424194336 - MSE: 162.63321 - batch_Time: 0.40127613418735564s
Epoch[10/20 99/700] - Loss: 182.4665527344 - MSE: 182.10268 - batch_Time: 0.3973095149267465s
Epoch[10/20 100/700] - Loss: 149.2395477295 - MSE: 148.84642 - batch_Time: 0.3990761558525264s
Epoch[10/20 101/700] - Loss: 135.2077331543 - MSE: 134.88303 - batch_Time: 0.3974046229850501s
Epoch[10/20 102/700] - Loss: 231.6884155273 - MSE: 231.32506 - batch_Time: 0.40052044205367565s
Epoch[10/20 103/700] - Loss: 202.9795227051 - MSE: 202.60101 - batch_Time: 0.39823466492816806s
Epoch[10/20 104/700] - Loss: 246.0810394287 - MSE: 245.39948 - batch_Time: 0.399807448964566s
Epoch[10/20 105/700] - Loss: 216.8233795166 - MSE: 216.37692 - batch_Time: 0.398323463043198s
Epoch[10/20 106/700] - Loss: 312.5331115723 - MSE: 312.08405 - batch_Time: 0.3987571899779141s
Epoch[10/20 107/700] - Loss: 268.7640686035 - MSE: 268.34396 - batch_Time: 0.4008622979745269s
Epoch[10/20 108/700] - Loss: 295.4374389648 - MSE: 294.91534 - batch_Time: 0.4008901969064027s
Epoch[10/20 109/700] - Loss: 180.7885131836 - MSE: 180.41711 - batch_Time: 0.39977803896181285s
Epoch[10/20 110/700] - Loss: 213.5299530029 - MSE: 213.15454 - batch_Time: 0.3993480841163546s
Epoch[10/20 111/700] - Loss: 237.5578002930 - MSE: 237.19876 - batch_Time: 0.39928252482786775s
Epoch[10/20 112/700] - Loss: 177.2913970947 - MSE: 176.94135 - batch_Time: 0.4019978360738605s
Epoch[10/20 113/700] - Loss: 289.3442382812 - MSE: 288.92114 - batch_Time: 0.4019667359534651s
Epoch[10/20 114/700] - Loss: 151.8641967773 - MSE: 151.50978 - batch_Time: 0.40551258996129036s
Epoch[10/20 115/700] - Loss: 229.4244689941 - MSE: 228.69916 - batch_Time: 0.40277483803220093s
Epoch[10/20 116/700] - Loss: 167.7933044434 - MSE: 167.46066 - batch_Time: 0.39515416603535414s
Epoch[10/20 117/700] - Loss: 253.0226135254 - MSE: 252.52237 - batch_Time: 0.39477415895089507s
Epoch[10/20 118/700] - Loss: 158.0686035156 - MSE: 157.72525 - batch_Time: 0.39230917510576546s
Epoch[10/20 119/700] - Loss: 113.0077896118 - MSE: 112.80759 - batch_Time: 0.393902757903561s
Epoch[10/20 120/700] - Loss: 140.9502563477 - MSE: 140.68172 - batch_Time: 0.40105889504775405s
Epoch[10/20 121/700] - Loss: 172.7517852783 - MSE: 172.46115 - batch_Time: 0.3987084499094635s
Epoch[10/20 122/700] - Loss: 250.9125366211 - MSE: 250.41379 - batch_Time: 0.398200353840366s
Epoch[10/20 123/700] - Loss: 220.1512451172 - MSE: 219.77800 - batch_Time: 0.4000189360231161s
Epoch[10/20 124/700] - Loss: 180.8800964355 - MSE: 180.54990 - batch_Time: 0.3978489979635924s
Epoch[10/20 125/700] - Loss: 219.1606140137 - MSE: 218.80161 - batch_Time: 0.39773604879155755s
Epoch[10/20 126/700] - Loss: 211.2319030762 - MSE: 210.85898 - batch_Time: 0.3986983089707792s
Epoch[10/20 127/700] - Loss: 168.0084838867 - MSE: 167.55486 - batch_Time: 0.3969219468999654s
Epoch[10/20 128/700] - Loss: 219.4031372070 - MSE: 219.05957 - batch_Time: 0.3985462700948119s
Epoch[10/20 129/700] - Loss: 198.2887268066 - MSE: 197.79807 - batch_Time: 0.39955184096470475s
Epoch[10/20 130/700] - Loss: 124.4596252441 - MSE: 124.16403 - batch_Time: 0.3998700869269669s
Epoch[10/20 131/700] - Loss: 157.4410095215 - MSE: 156.93472 - batch_Time: 0.3971898138988763s
Epoch[10/20 132/700] - Loss: 153.9838714600 - MSE: 153.71893 - batch_Time: 0.40006289491429925s
Epoch[10/20 133/700] - Loss: 157.1977844238 - MSE: 156.89287 - batch_Time: 0.39593342784792185s
Epoch[10/20 134/700] - Loss: 206.1157379150 - MSE: 205.79057 - batch_Time: 0.4028004768770188s
Epoch[10/20 135/700] - Loss: 249.0552978516 - MSE: 248.63010 - batch_Time: 0.39458512095734477s
Epoch[10/20 136/700] - Loss: 192.2405395508 - MSE: 191.81204 - batch_Time: 0.3950433270074427s
Epoch[10/20 137/700] - Loss: 355.7102661133 - MSE: 355.22650 - batch_Time: 0.3927317599300295s
Epoch[10/20 138/700] - Loss: 158.5802001953 - MSE: 158.35532 - batch_Time: 0.39240478398278356s
Epoch[10/20 139/700] - Loss: 207.8187866211 - MSE: 207.45671 - batch_Time: 0.39593806583434343s
Epoch[10/20 140/700] - Loss: 165.2190399170 - MSE: 164.80270 - batch_Time: 0.402328030904755s
Epoch[10/20 141/700] - Loss: 196.3845825195 - MSE: 196.15508 - batch_Time: 0.39923704299144447s
Epoch[10/20 142/700] - Loss: 174.4705200195 - MSE: 174.08289 - batch_Time: 0.4002256519161165s
Epoch[10/20 143/700] - Loss: 226.3715057373 - MSE: 225.80473 - batch_Time: 0.39672621921636164s
Epoch[10/20 144/700] - Loss: 95.4829788208 - MSE: 95.25002 - batch_Time: 0.4011297128163278s
Epoch[10/20 145/700] - Loss: 216.0507659912 - MSE: 215.70230 - batch_Time: 0.39887923607602715s
Epoch[10/20 146/700] - Loss: 115.2936401367 - MSE: 115.03105 - batch_Time: 0.3997764470987022s
Epoch[10/20 147/700] - Loss: 225.5355529785 - MSE: 225.22478 - batch_Time: 0.3988658059388399s
Epoch[10/20 148/700] - Loss: 195.8116607666 - MSE: 195.37549 - batch_Time: 0.4020641529932618s
Epoch[10/20 149/700] - Loss: 124.0749969482 - MSE: 123.82770 - batch_Time: 0.3960243249312043s
Epoch[10/20 150/700] - Loss: 224.3971099854 - MSE: 224.06653 - batch_Time: 0.40163892786949873s
Epoch[10/20 151/700] - Loss: 120.5479278564 - MSE: 120.32130 - batch_Time: 0.3988621667958796s
Epoch[10/20 152/700] - Loss: 254.5146179199 - MSE: 254.17438 - batch_Time: 0.4012468208093196s
Epoch[10/20 153/700] - Loss: 142.0924835205 - MSE: 141.68614 - batch_Time: 0.40117967198602855s
Epoch[10/20 154/700] - Loss: 349.2545166016 - MSE: 348.44586 - batch_Time: 0.4034656388685107s
Epoch[10/20 155/700] - Loss: 84.1752777100 - MSE: 83.93781 - batch_Time: 0.4002504018135369s
Epoch[10/20 156/700] - Loss: 286.7588195801 - MSE: 286.39755 - batch_Time: 0.40103867393918335s
Epoch[10/20 157/700] - Loss: 252.6627197266 - MSE: 252.14447 - batch_Time: 0.40151860914193094s
Epoch[10/20 158/700] - Loss: 164.4529113770 - MSE: 164.21187 - batch_Time: 0.40112585201859474s
Epoch[10/20 159/700] - Loss: 176.5304260254 - MSE: 176.26215 - batch_Time: 0.4007279169745743s
Epoch[10/20 160/700] - Loss: 184.8114013672 - MSE: 184.26738 - batch_Time: 0.4033960490487516s
Epoch[10/20 161/700] - Loss: 294.8827819824 - MSE: 294.44080 - batch_Time: 0.4005681772250682s
Epoch[10/20 162/700] - Loss: 153.7014007568 - MSE: 153.31357 - batch_Time: 0.4016730571165681s
Epoch[10/20 163/700] - Loss: 129.3776550293 - MSE: 129.09630 - batch_Time: 0.40186204481869936s
Epoch[10/20 164/700] - Loss: 134.6660308838 - MSE: 134.40611 - batch_Time: 0.39492167602293193s
Epoch[10/20 165/700] - Loss: 169.2389373779 - MSE: 168.93898 - batch_Time: 0.40226762113161385s
Epoch[10/20 166/700] - Loss: 189.1792755127 - MSE: 188.72101 - batch_Time: 0.39950213907286525s
Epoch[10/20 167/700] - Loss: 165.4202728271 - MSE: 164.64897 - batch_Time: 0.39843484992161393s
Epoch[10/20 168/700] - Loss: 94.1074981689 - MSE: 93.85052 - batch_Time: 0.3981622417923063s
Epoch[10/20 169/700] - Loss: 237.2910766602 - MSE: 236.74017 - batch_Time: 0.40051590790972114s
Epoch[10/20 170/700] - Loss: 156.0960693359 - MSE: 155.85089 - batch_Time: 0.4038374340161681s
Epoch[10/20 171/700] - Loss: 158.0706634521 - MSE: 157.70978 - batch_Time: 0.4023214499466121s
Epoch[10/20 172/700] - Loss: 195.3274230957 - MSE: 194.72704 - batch_Time: 0.39821646199561656s
Epoch[10/20 173/700] - Loss: 185.5879516602 - MSE: 185.33876 - batch_Time: 0.4018061051610857s
Epoch[10/20 174/700] - Loss: 164.2922973633 - MSE: 163.95540 - batch_Time: 0.4007777450606227s
Epoch[10/20 175/700] - Loss: 231.3739166260 - MSE: 231.08701 - batch_Time: 0.3941283728927374s
Epoch[10/20 176/700] - Loss: 146.2088928223 - MSE: 145.88538 - batch_Time: 0.4030394230503589s
Epoch[10/20 177/700] - Loss: 170.7147521973 - MSE: 170.51833 - batch_Time: 0.3966975079383701s
Epoch[10/20 178/700] - Loss: 97.5715560913 - MSE: 97.33792 - batch_Time: 0.40307285194285214s
Epoch[10/20 179/700] - Loss: 221.7175140381 - MSE: 221.41457 - batch_Time: 0.39438992110081017s
Epoch[10/20 180/700] - Loss: 233.3314819336 - MSE: 233.05949 - batch_Time: 0.4028102750889957s
Epoch[10/20 181/700] - Loss: 128.6593017578 - MSE: 128.39911 - batch_Time: 0.3963193909730762s
Epoch[10/20 182/700] - Loss: 254.3204956055 - MSE: 254.03185 - batch_Time: 0.40396339213475585s
Epoch[10/20 183/700] - Loss: 169.5968322754 - MSE: 169.14769 - batch_Time: 0.4005062880460173s
Epoch[10/20 184/700] - Loss: 98.6826629639 - MSE: 98.45738 - batch_Time: 0.3966795369051397s
Epoch[10/20 185/700] - Loss: 187.5998382568 - MSE: 187.32022 - batch_Time: 0.39527638093568385s
Epoch[10/20 186/700] - Loss: 169.9775085449 - MSE: 169.56465 - batch_Time: 0.3972076920326799s
Epoch[10/20 187/700] - Loss: 266.9736938477 - MSE: 266.52704 - batch_Time: 0.39717907179147005s
Epoch[10/20 188/700] - Loss: 111.8007659912 - MSE: 111.44365 - batch_Time: 0.4013026792090386s
Epoch[10/20 189/700] - Loss: 373.1022338867 - MSE: 372.57571 - batch_Time: 0.40020203101448715s
Epoch[10/20 190/700] - Loss: 222.0010528564 - MSE: 221.63681 - batch_Time: 0.40318116010166705s
Epoch[10/20 191/700] - Loss: 129.1863403320 - MSE: 128.68590 - batch_Time: 0.4003397189080715s
Epoch[10/20 192/700] - Loss: 130.3592376709 - MSE: 130.12390 - batch_Time: 0.40063139609992504s
Epoch[10/20 193/700] - Loss: 175.1074829102 - MSE: 174.91083 - batch_Time: 0.4010728320572525s
Epoch[10/20 194/700] - Loss: 111.8771667480 - MSE: 111.66055 - batch_Time: 0.4024027578998357s
Epoch[10/20 195/700] - Loss: 231.8428344727 - MSE: 231.20015 - batch_Time: 0.3986810161732137s
Epoch[10/20 196/700] - Loss: 179.4190673828 - MSE: 179.24686 - batch_Time: 0.40240257792174816s
Epoch[10/20 197/700] - Loss: 116.4740982056 - MSE: 116.16070 - batch_Time: 0.39721561199985445s
Epoch[10/20 198/700] - Loss: 143.1541748047 - MSE: 142.95403 - batch_Time: 0.4028823229018599s
Epoch[10/20 199/700] - Loss: 162.7957458496 - MSE: 162.56169 - batch_Time: 0.39712080196477473s
Epoch[10/20 200/700] - Loss: 150.8714447021 - MSE: 150.56168 - batch_Time: 0.3998511841055006s
Epoch[10/20 201/700] - Loss: 257.4849243164 - MSE: 256.99298 - batch_Time: 0.4006194358225912s
Epoch[10/20 202/700] - Loss: 109.6828079224 - MSE: 109.44125 - batch_Time: 0.40526293800212443s
Epoch[10/20 203/700] - Loss: 154.9257507324 - MSE: 154.62164 - batch_Time: 0.3937345070298761s
Epoch[10/20 204/700] - Loss: 161.3872070312 - MSE: 160.98242 - batch_Time: 0.3953721288125962s
Epoch[10/20 205/700] - Loss: 154.8102722168 - MSE: 154.46492 - batch_Time: 0.39598916308023036s
Epoch[10/20 206/700] - Loss: 151.3360900879 - MSE: 151.00055 - batch_Time: 0.3994383770041168s
Epoch[10/20 207/700] - Loss: 156.6681518555 - MSE: 156.43744 - batch_Time: 0.39814642095007s
Epoch[10/20 208/700] - Loss: 146.5654602051 - MSE: 146.15407 - batch_Time: 0.3974840280134231s
Epoch[10/20 209/700] - Loss: 177.5803527832 - MSE: 177.18170 - batch_Time: 0.3960355520248413s
Epoch[10/20 210/700] - Loss: 269.1226806641 - MSE: 268.62021 - batch_Time: 0.39700146205723286s
Epoch[10/20 211/700] - Loss: 173.0621948242 - MSE: 172.58401 - batch_Time: 0.3984172979835421s
Epoch[10/20 212/700] - Loss: 213.2294769287 - MSE: 212.75246 - batch_Time: 0.39669131580740213s
Epoch[10/20 213/700] - Loss: 173.1884307861 - MSE: 172.72873 - batch_Time: 0.3953531300649047s
Epoch[10/20 214/700] - Loss: 151.9148559570 - MSE: 151.43079 - batch_Time: 0.39951292611658573s
Epoch[10/20 215/700] - Loss: 346.6513061523 - MSE: 346.08749 - batch_Time: 0.39839320816099644s
Epoch[10/20 216/700] - Loss: 127.7826919556 - MSE: 127.49158 - batch_Time: 0.39499766286462545s
Epoch[10/20 217/700] - Loss: 228.0926818848 - MSE: 227.74493 - batch_Time: 0.3962198200169951s
Epoch[10/20 218/700] - Loss: 96.1853408813 - MSE: 95.89198 - batch_Time: 0.3973482078872621s
Epoch[10/20 219/700] - Loss: 103.7338790894 - MSE: 103.50903 - batch_Time: 0.4020209100563079s
Epoch[10/20 220/700] - Loss: 363.3534545898 - MSE: 362.73059 - batch_Time: 0.39749583695083857s
Epoch[10/20 221/700] - Loss: 186.9521636963 - MSE: 186.41017 - batch_Time: 0.40104099991731346s
Epoch[10/20 222/700] - Loss: 152.2383422852 - MSE: 151.92059 - batch_Time: 0.39704507193528116s
Epoch[10/20 223/700] - Loss: 249.8555908203 - MSE: 249.48148 - batch_Time: 0.39855137607082725s
Epoch[10/20 224/700] - Loss: 153.7162475586 - MSE: 153.49490 - batch_Time: 0.396113001042977s
Epoch[10/20 225/700] - Loss: 182.4133148193 - MSE: 182.10211 - batch_Time: 0.39982300205156207s
Epoch[10/20 226/700] - Loss: 100.9058227539 - MSE: 100.76374 - batch_Time: 0.39568744506686926s
Epoch[10/20 227/700] - Loss: 131.3928070068 - MSE: 130.93489 - batch_Time: 0.40285946102812886s
Epoch[10/20 228/700] - Loss: 197.1598358154 - MSE: 196.88226 - batch_Time: 0.3960010721348226s
Epoch[10/20 229/700] - Loss: 184.4432067871 - MSE: 184.22939 - batch_Time: 0.3995775459334254s
Epoch[10/20 230/700] - Loss: 282.0516052246 - MSE: 281.65704 - batch_Time: 0.397143259877339s
Epoch[10/20 231/700] - Loss: 182.4702758789 - MSE: 182.23425 - batch_Time: 0.39915353897958994s
Epoch[10/20 232/700] - Loss: 194.2388153076 - MSE: 193.85223 - batch_Time: 0.3974557069595903s
Epoch[10/20 233/700] - Loss: 146.3110656738 - MSE: 145.74017 - batch_Time: 0.4049432899337262s
Epoch[10/20 234/700] - Loss: 152.7665863037 - MSE: 152.41541 - batch_Time: 0.3965848858933896s
Epoch[10/20 235/700] - Loss: 219.8757171631 - MSE: 219.47041 - batch_Time: 0.4011062989011407s
Epoch[10/20 236/700] - Loss: 162.2439727783 - MSE: 161.71844 - batch_Time: 0.4008051920682192s
Epoch[10/20 237/700] - Loss: 116.0341720581 - MSE: 115.78441 - batch_Time: 0.40313438791781664s
Epoch[10/20 238/700] - Loss: 306.6361694336 - MSE: 306.05121 - batch_Time: 0.3975243461318314s
Epoch[10/20 239/700] - Loss: 264.9274902344 - MSE: 264.31897 - batch_Time: 0.4027275119442493s
Epoch[10/20 240/700] - Loss: 290.9779663086 - MSE: 290.55438 - batch_Time: 0.39983744197525084s
Epoch[10/20 241/700] - Loss: 143.4043579102 - MSE: 143.07535 - batch_Time: 0.40375333186239004s
Epoch[10/20 242/700] - Loss: 198.0042877197 - MSE: 197.54459 - batch_Time: 0.39971959311515093s
Epoch[10/20 243/700] - Loss: 180.1154479980 - MSE: 179.80707 - batch_Time: 0.40902576805092394s
Epoch[10/20 244/700] - Loss: 243.1939849854 - MSE: 242.78572 - batch_Time: 0.39584443299099803s
Epoch[10/20 245/700] - Loss: 179.4764709473 - MSE: 178.99985 - batch_Time: 0.3973448269534856s
Epoch[10/20 246/700] - Loss: 157.0234069824 - MSE: 156.64023 - batch_Time: 0.39741447614505887s
Epoch[10/20 247/700] - Loss: 234.2622528076 - MSE: 233.82838 - batch_Time: 0.39820775808766484s
Epoch[10/20 248/700] - Loss: 229.4089355469 - MSE: 229.07999 - batch_Time: 0.40122546814382076s
Epoch[10/20 249/700] - Loss: 192.0775299072 - MSE: 191.53627 - batch_Time: 0.3975360852200538s
Epoch[10/20 250/700] - Loss: 152.7651824951 - MSE: 152.49573 - batch_Time: 0.39773338404484093s
Epoch[10/20 251/700] - Loss: 191.7077178955 - MSE: 191.25716 - batch_Time: 0.3968641709070653s
Epoch[10/20 252/700] - Loss: 192.6539764404 - MSE: 192.12276 - batch_Time: 0.3967718230560422s
Epoch[10/20 253/700] - Loss: 141.4735260010 - MSE: 141.16727 - batch_Time: 0.396435635862872s
Epoch[10/20 254/700] - Loss: 161.5136718750 - MSE: 161.20958 - batch_Time: 0.3961643779184669s
Epoch[10/20 255/700] - Loss: 195.4191894531 - MSE: 195.08415 - batch_Time: 0.3943558468017727s
Epoch[10/20 256/700] - Loss: 204.2962646484 - MSE: 203.95775 - batch_Time: 0.401157827116549s
Epoch[10/20 257/700] - Loss: 134.3841552734 - MSE: 134.10812 - batch_Time: 0.40082513098604977s
Epoch[10/20 258/700] - Loss: 276.1516723633 - MSE: 275.56689 - batch_Time: 0.4010057190898806s
Epoch[10/20 259/700] - Loss: 151.3314056396 - MSE: 150.84027 - batch_Time: 0.4053325441200286s
Epoch[10/20 260/700] - Loss: 249.8141784668 - MSE: 249.44644 - batch_Time: 0.40071345190517604s
Epoch[10/20 261/700] - Loss: 83.9896087646 - MSE: 83.72401 - batch_Time: 0.3964850050397217s
Epoch[10/20 262/700] - Loss: 228.7731475830 - MSE: 228.35785 - batch_Time: 0.400493344059214s
Epoch[10/20 263/700] - Loss: 225.3772125244 - MSE: 225.03941 - batch_Time: 0.40098709892481565s
Epoch[10/20 264/700] - Loss: 191.2970275879 - MSE: 190.94057 - batch_Time: 0.4005950428545475s
Epoch[10/20 265/700] - Loss: 321.9584655762 - MSE: 321.49048 - batch_Time: 0.3955222361255437s
Epoch[10/20 266/700] - Loss: 194.0425415039 - MSE: 193.60831 - batch_Time: 0.39659005403518677s
Epoch[10/20 267/700] - Loss: 131.6846160889 - MSE: 131.25542 - batch_Time: 0.3996463331859559s
Epoch[10/20 268/700] - Loss: 295.5276489258 - MSE: 294.97186 - batch_Time: 0.39697133004665375s
Epoch[10/20 269/700] - Loss: 181.3672027588 - MSE: 181.15840 - batch_Time: 0.3978547709994018s
Epoch[10/20 270/700] - Loss: 160.4474792480 - MSE: 160.01804 - batch_Time: 0.3972644580062479s
Epoch[10/20 271/700] - Loss: 132.1457672119 - MSE: 131.82480 - batch_Time: 0.39732640609145164s
Epoch[10/20 272/700] - Loss: 104.2493286133 - MSE: 103.77105 - batch_Time: 0.3989596690516919s
Epoch[10/20 273/700] - Loss: 104.5617523193 - MSE: 104.29556 - batch_Time: 0.39644304499961436s
Epoch[10/20 274/700] - Loss: 210.2538452148 - MSE: 209.88605 - batch_Time: 0.3958430611528456s
Epoch[10/20 275/700] - Loss: 142.6237945557 - MSE: 142.45140 - batch_Time: 0.4034946630708873s
Epoch[10/20 276/700] - Loss: 251.6357879639 - MSE: 251.14548 - batch_Time: 0.3956647329032421s
Epoch[10/20 277/700] - Loss: 151.2556457520 - MSE: 150.85435 - batch_Time: 0.40037138387560844s
Epoch[10/20 278/700] - Loss: 317.0244750977 - MSE: 316.58148 - batch_Time: 0.3976879620458931s
Epoch[10/20 279/700] - Loss: 225.2386016846 - MSE: 224.68758 - batch_Time: 0.40443824301473796s
Epoch[10/20 280/700] - Loss: 141.7666473389 - MSE: 141.56854 - batch_Time: 0.3992185259703547s
Epoch[10/20 281/700] - Loss: 240.1532287598 - MSE: 239.83002 - batch_Time: 0.40000291797332466s
Epoch[10/20 282/700] - Loss: 181.9214630127 - MSE: 181.63628 - batch_Time: 0.39910467783920467s
Epoch[10/20 283/700] - Loss: 179.3490600586 - MSE: 179.10614 - batch_Time: 0.40203384682536125s
Epoch[10/20 284/700] - Loss: 230.3404235840 - MSE: 230.00966 - batch_Time: 0.39827028498984873s
Epoch[10/20 285/700] - Loss: 137.4370880127 - MSE: 137.13104 - batch_Time: 0.3971422871109098s
Epoch[10/20 286/700] - Loss: 149.5707244873 - MSE: 149.22855 - batch_Time: 0.4064701208844781s
Epoch[10/20 287/700] - Loss: 288.9496765137 - MSE: 288.34302 - batch_Time: 0.39418985787779093s
Epoch[10/20 288/700] - Loss: 159.6054382324 - MSE: 159.11105 - batch_Time: 0.3928917411249131s
Epoch[10/20 289/700] - Loss: 109.9067535400 - MSE: 109.59724 - batch_Time: 0.39540041401050985s
Epoch[10/20 290/700] - Loss: 206.3827209473 - MSE: 205.91457 - batch_Time: 0.3949777989182621s
Epoch[10/20 291/700] - Loss: 275.9542236328 - MSE: 275.50653 - batch_Time: 0.40253178193233907s
Epoch[10/20 292/700] - Loss: 242.1626129150 - MSE: 241.68753 - batch_Time: 0.39519010693766177s
Epoch[10/20 293/700] - Loss: 108.1546936035 - MSE: 107.82063 - batch_Time: 0.40208478597924113s
Epoch[10/20 294/700] - Loss: 391.1161804199 - MSE: 390.39490 - batch_Time: 0.4030781558249146s
Epoch[10/20 295/700] - Loss: 245.6817932129 - MSE: 245.39816 - batch_Time: 0.40112795610912144s
Epoch[10/20 296/700] - Loss: 225.0783996582 - MSE: 224.72765 - batch_Time: 0.39939458295702934s
Epoch[10/20 297/700] - Loss: 211.4976348877 - MSE: 211.05324 - batch_Time: 0.4002833650447428s
Epoch[10/20 298/700] - Loss: 152.5415802002 - MSE: 152.22038 - batch_Time: 0.40177236893214285s
Epoch[10/20 299/700] - Loss: 139.7778930664 - MSE: 139.42087 - batch_Time: 0.4004691119771451s
Epoch[10/20 300/700] - Loss: 217.6362609863 - MSE: 217.20433 - batch_Time: 0.4018436779733747s
Epoch[10/20 301/700] - Loss: 147.8330383301 - MSE: 147.35497 - batch_Time: 0.39923062501475215s
Epoch[10/20 302/700] - Loss: 197.3557739258 - MSE: 196.96912 - batch_Time: 0.4032100038602948s
Epoch[10/20 303/700] - Loss: 283.7227478027 - MSE: 283.29166 - batch_Time: 0.39515843614935875s
Epoch[10/20 304/700] - Loss: 172.8414001465 - MSE: 172.50357 - batch_Time: 0.4009361381176859s
Epoch[10/20 305/700] - Loss: 351.7428894043 - MSE: 351.16150 - batch_Time: 0.3977538701146841s
Epoch[10/20 306/700] - Loss: 172.4919738770 - MSE: 172.14467 - batch_Time: 0.40174825000576675s
Epoch[10/20 307/700] - Loss: 124.2899703979 - MSE: 123.97459 - batch_Time: 0.3938154401257634s
Epoch[10/20 308/700] - Loss: 205.3041992188 - MSE: 204.78290 - batch_Time: 0.39606114802882075s
Epoch[10/20 309/700] - Loss: 133.2226257324 - MSE: 132.75856 - batch_Time: 0.39475115085951984s
Epoch[10/20 310/700] - Loss: 238.5348663330 - MSE: 238.12917 - batch_Time: 0.40092608705163s
Epoch[10/20 311/700] - Loss: 188.6251220703 - MSE: 188.27110 - batch_Time: 0.3955232829321176s
Epoch[10/20 312/700] - Loss: 179.7161102295 - MSE: 179.29065 - batch_Time: 0.40499228588305414s
Epoch[10/20 313/700] - Loss: 150.4640960693 - MSE: 150.14969 - batch_Time: 0.39450094290077686s
Epoch[10/20 314/700] - Loss: 115.6362991333 - MSE: 115.31982 - batch_Time: 0.4004571221303195s
Epoch[10/20 315/700] - Loss: 282.7569580078 - MSE: 282.46411 - batch_Time: 0.398442663019523s
Epoch[10/20 316/700] - Loss: 173.0061035156 - MSE: 172.57904 - batch_Time: 0.39812307711690664s
Epoch[10/20 317/700] - Loss: 537.5061035156 - MSE: 536.53052 - batch_Time: 0.39521348592825234s
Epoch[10/20 318/700] - Loss: 177.3144989014 - MSE: 177.03473 - batch_Time: 0.4020590861327946s
Epoch[10/20 319/700] - Loss: 206.3279113770 - MSE: 205.97202 - batch_Time: 0.39854238205589354s
Epoch[10/20 320/700] - Loss: 183.4098968506 - MSE: 183.02939 - batch_Time: 0.4014415231067687s
Epoch[10/20 321/700] - Loss: 203.4887542725 - MSE: 203.05740 - batch_Time: 0.39889202802442014s
Epoch[10/20 322/700] - Loss: 155.0125427246 - MSE: 154.74481 - batch_Time: 0.4008217470254749s
Epoch[10/20 323/700] - Loss: 215.0521240234 - MSE: 214.72574 - batch_Time: 0.3989723068661988s
Epoch[10/20 324/700] - Loss: 170.1629028320 - MSE: 169.70868 - batch_Time: 0.40056199999526143s
Epoch[10/20 325/700] - Loss: 231.8991546631 - MSE: 231.51891 - batch_Time: 0.395891698775813s
Epoch[10/20 326/700] - Loss: 189.0912780762 - MSE: 188.78889 - batch_Time: 0.40424434188753366s
Epoch[10/20 327/700] - Loss: 153.4228515625 - MSE: 153.05661 - batch_Time: 0.3993594730272889s
Epoch[10/20 328/700] - Loss: 170.4073181152 - MSE: 170.22711 - batch_Time: 0.39792279805988073s
Epoch[10/20 329/700] - Loss: 234.0409088135 - MSE: 233.64723 - batch_Time: 0.3958014689851552s
Epoch[10/20 330/700] - Loss: 172.6210021973 - MSE: 172.34146 - batch_Time: 0.3977200498338789s
Epoch[10/20 331/700] - Loss: 114.8092651367 - MSE: 114.63889 - batch_Time: 0.3971034758724272s
Epoch[10/20 332/700] - Loss: 230.8737335205 - MSE: 230.43802 - batch_Time: 0.40440919110551476s
Epoch[10/20 333/700] - Loss: 234.7537384033 - MSE: 234.28299 - batch_Time: 0.3988910769112408s
Epoch[10/20 334/700] - Loss: 316.5236206055 - MSE: 316.22421 - batch_Time: 0.3995967791415751s
Epoch[10/20 335/700] - Loss: 172.2166290283 - MSE: 171.89767 - batch_Time: 0.39621130493469536s
Epoch[10/20 336/700] - Loss: 274.9576416016 - MSE: 274.58545 - batch_Time: 0.399304092861712s
Epoch[10/20 337/700] - Loss: 171.1516723633 - MSE: 170.70479 - batch_Time: 0.39952592086046934s
Epoch[10/20 338/700] - Loss: 137.6114196777 - MSE: 137.39053 - batch_Time: 0.39706383598968387s
Epoch[10/20 339/700] - Loss: 148.1195831299 - MSE: 147.80344 - batch_Time: 0.39850056101568043s
Epoch[10/20 340/700] - Loss: 195.9124450684 - MSE: 195.57687 - batch_Time: 0.4003438330255449s
Epoch[10/20 341/700] - Loss: 185.3520202637 - MSE: 184.94583 - batch_Time: 0.3993257221300155s
Epoch[10/20 342/700] - Loss: 218.9770355225 - MSE: 218.63292 - batch_Time: 0.3995288899168372s
Epoch[10/20 343/700] - Loss: 111.9084091187 - MSE: 111.51357 - batch_Time: 0.40163672901690006s
Epoch[10/20 344/700] - Loss: 189.4672546387 - MSE: 188.83749 - batch_Time: 0.4004475409165025s
Epoch[10/20 345/700] - Loss: 179.7875823975 - MSE: 179.51562 - batch_Time: 0.3996130891609937s
Epoch[10/20 346/700] - Loss: 295.5955505371 - MSE: 295.06830 - batch_Time: 0.402139003155753s
Epoch[10/20 347/700] - Loss: 305.1933898926 - MSE: 304.59351 - batch_Time: 0.40080206701532006s
Epoch[10/20 348/700] - Loss: 164.9297332764 - MSE: 164.54984 - batch_Time: 0.40015910286456347s
Epoch[10/20 349/700] - Loss: 167.1531524658 - MSE: 166.85445 - batch_Time: 0.4005206699948758s
Epoch[10/20 350/700] - Loss: 185.3142852783 - MSE: 184.95416 - batch_Time: 0.40064253890886903s
Epoch[10/20 351/700] - Loss: 267.9979858398 - MSE: 267.53262 - batch_Time: 0.40273949690163136s
Epoch[10/20 352/700] - Loss: 225.9440460205 - MSE: 225.63860 - batch_Time: 0.3995366399176419s
Epoch[10/20 353/700] - Loss: 247.9469299316 - MSE: 247.57344 - batch_Time: 0.40037291194312274s
Epoch[10/20 354/700] - Loss: 186.1735229492 - MSE: 185.79128 - batch_Time: 0.4014569600112736s
Epoch[10/20 355/700] - Loss: 192.2088165283 - MSE: 191.91147 - batch_Time: 0.39823946403339505s
Epoch[10/20 356/700] - Loss: 219.6487274170 - MSE: 219.12634 - batch_Time: 0.3993665820453316s
Epoch[10/20 357/700] - Loss: 159.9223937988 - MSE: 159.63452 - batch_Time: 0.40460568689741194s
Epoch[10/20 358/700] - Loss: 245.5214080811 - MSE: 245.27245 - batch_Time: 0.400509350001812s
Epoch[10/20 359/700] - Loss: 210.6713714600 - MSE: 209.99301 - batch_Time: 0.3984732909593731s
Epoch[10/20 360/700] - Loss: 263.5167236328 - MSE: 262.92410 - batch_Time: 0.3995099200401455s
Epoch[10/20 361/700] - Loss: 173.1191406250 - MSE: 172.80145 - batch_Time: 0.4056673760060221s
Epoch[10/20 362/700] - Loss: 237.9536437988 - MSE: 237.27457 - batch_Time: 0.39956101891584694s
Epoch[10/20 363/700] - Loss: 198.2252807617 - MSE: 197.72662 - batch_Time: 0.4029847839847207s
Epoch[10/20 364/700] - Loss: 168.1977233887 - MSE: 167.55412 - batch_Time: 0.4014141501393169s
Epoch[10/20 365/700] - Loss: 150.0359497070 - MSE: 149.80470 - batch_Time: 0.4022435019724071s
Epoch[10/20 366/700] - Loss: 170.3579711914 - MSE: 169.97751 - batch_Time: 0.39920056285336614s
Epoch[10/20 367/700] - Loss: 246.9452209473 - MSE: 246.27960 - batch_Time: 0.400341761065647s
Epoch[10/20 368/700] - Loss: 289.8218688965 - MSE: 289.30984 - batch_Time: 0.39756223908625543s
Epoch[10/20 369/700] - Loss: 191.1533966064 - MSE: 190.69203 - batch_Time: 0.39883238612674177s
Epoch[10/20 370/700] - Loss: 208.1111297607 - MSE: 207.79631 - batch_Time: 0.3983325210865587s
Epoch[10/20 371/700] - Loss: 194.6486816406 - MSE: 194.20151 - batch_Time: 0.40079041686840355s
Epoch[10/20 372/700] - Loss: 179.9452972412 - MSE: 179.55327 - batch_Time: 0.3995103188790381s
Epoch[10/20 373/700] - Loss: 243.1380157471 - MSE: 242.72568 - batch_Time: 0.3997794669121504s
Epoch[10/20 374/700] - Loss: 143.1133270264 - MSE: 142.74466 - batch_Time: 0.3991587529890239s
Epoch[10/20 375/700] - Loss: 167.2454986572 - MSE: 166.69662 - batch_Time: 0.40243766899220645s
Epoch[10/20 376/700] - Loss: 172.1787414551 - MSE: 171.81981 - batch_Time: 0.40065720793791115s
Epoch[10/20 377/700] - Loss: 219.7695922852 - MSE: 219.33488 - batch_Time: 0.39792675501666963s
Epoch[10/20 378/700] - Loss: 559.1997680664 - MSE: 558.81482 - batch_Time: 0.39401095593348145s
Epoch[10/20 379/700] - Loss: 171.3857574463 - MSE: 171.10432 - batch_Time: 0.401279031066224s
Epoch[10/20 380/700] - Loss: 250.5334777832 - MSE: 250.20059 - batch_Time: 0.4005716689862311s
Epoch[10/20 381/700] - Loss: 145.7817687988 - MSE: 145.53265 - batch_Time: 0.40156648796983063s
Epoch[10/20 382/700] - Loss: 303.9288024902 - MSE: 303.44214 - batch_Time: 0.40306313312612474s
Epoch[10/20 383/700] - Loss: 217.2269287109 - MSE: 216.75043 - batch_Time: 0.40218922100029886s
Epoch[10/20 384/700] - Loss: 200.5401306152 - MSE: 200.23071 - batch_Time: 0.40134278987534344s
Epoch[10/20 385/700] - Loss: 235.6454162598 - MSE: 235.35294 - batch_Time: 0.39647967112250626s
Epoch[10/20 386/700] - Loss: 158.8571166992 - MSE: 158.50752 - batch_Time: 0.4015948879532516s
Epoch[10/20 387/700] - Loss: 135.4794311523 - MSE: 135.10001 - batch_Time: 0.40295336302369833s
Epoch[10/20 388/700] - Loss: 194.4666137695 - MSE: 194.23840 - batch_Time: 0.39856422902084887s
Epoch[10/20 389/700] - Loss: 181.8014068604 - MSE: 181.30371 - batch_Time: 0.4000128039624542s
Epoch[10/20 390/700] - Loss: 278.6363830566 - MSE: 278.19958 - batch_Time: 0.39856918808072805s
Epoch[10/20 391/700] - Loss: 129.9946899414 - MSE: 129.50696 - batch_Time: 0.39945273008197546s
Epoch[10/20 392/700] - Loss: 271.2275390625 - MSE: 270.74042 - batch_Time: 0.4020020130556077s
Epoch[10/20 393/700] - Loss: 337.2247314453 - MSE: 336.75070 - batch_Time: 0.39856739807873964s
Epoch[10/20 394/700] - Loss: 175.4117584229 - MSE: 174.75995 - batch_Time: 0.40143361897207797s
Epoch[10/20 395/700] - Loss: 164.7925872803 - MSE: 164.41647 - batch_Time: 0.40251522697508335s
Epoch[10/20 396/700] - Loss: 200.0301818848 - MSE: 199.73801 - batch_Time: 0.40152269694954157s
Epoch[10/20 397/700] - Loss: 219.0231628418 - MSE: 218.52606 - batch_Time: 0.4015113168861717s
Epoch[10/20 398/700] - Loss: 193.6265258789 - MSE: 193.30688 - batch_Time: 0.4014004780910909s
Epoch[10/20 399/700] - Loss: 142.0002899170 - MSE: 141.62685 - batch_Time: 0.39949148800224066s
Epoch[10/20 400/700] - Loss: 203.8736267090 - MSE: 203.52771 - batch_Time: 0.4015912471804768s
Epoch[10/20 401/700] - Loss: 238.8498840332 - MSE: 238.24599 - batch_Time: 0.395280621945858s
Epoch[10/20 402/700] - Loss: 250.1393890381 - MSE: 249.07950 - batch_Time: 0.3996227979660034s
Epoch[10/20 403/700] - Loss: 164.5852966309 - MSE: 164.34424 - batch_Time: 0.3947560971137136s
Epoch[10/20 404/700] - Loss: 433.3665771484 - MSE: 432.85461 - batch_Time: 0.4057842129841447s
Epoch[10/20 405/700] - Loss: 173.1381225586 - MSE: 172.84900 - batch_Time: 0.39622898190282285s
Epoch[10/20 406/700] - Loss: 208.1187591553 - MSE: 207.75244 - batch_Time: 0.40317661012522876s
Epoch[10/20 407/700] - Loss: 228.1970062256 - MSE: 227.98866 - batch_Time: 0.3956370980013162s
Epoch[10/20 408/700] - Loss: 182.7230377197 - MSE: 182.35599 - batch_Time: 0.39842242910526693s
Epoch[10/20 409/700] - Loss: 186.7038879395 - MSE: 186.18289 - batch_Time: 0.39491473510861397s
Epoch[10/20 410/700] - Loss: 171.3698425293 - MSE: 170.85678 - batch_Time: 0.402627375908196s
Epoch[10/20 411/700] - Loss: 156.9272766113 - MSE: 156.50328 - batch_Time: 0.39529248187318444s
Epoch[10/20 412/700] - Loss: 230.5332489014 - MSE: 230.03746 - batch_Time: 0.40310273109935224s
Epoch[10/20 413/700] - Loss: 129.6447601318 - MSE: 129.28168 - batch_Time: 0.39631315995939076s
Epoch[10/20 414/700] - Loss: 187.3542938232 - MSE: 186.86044 - batch_Time: 0.4030056018382311s
Epoch[10/20 415/700] - Loss: 257.5628051758 - MSE: 257.03339 - batch_Time: 0.3962714208755642s
Epoch[10/20 416/700] - Loss: 219.5319213867 - MSE: 219.13786 - batch_Time: 0.4055327861569822s
Epoch[10/20 417/700] - Loss: 194.2201843262 - MSE: 193.70294 - batch_Time: 0.40002914192155004s
Epoch[10/20 418/700] - Loss: 239.7061157227 - MSE: 239.39732 - batch_Time: 0.4009221529122442s
Epoch[10/20 419/700] - Loss: 162.3211975098 - MSE: 161.91458 - batch_Time: 0.4041401899885386s
Epoch[10/20 420/700] - Loss: 249.0433502197 - MSE: 248.59587 - batch_Time: 0.40468755387701094s
Epoch[10/20 421/700] - Loss: 131.2189941406 - MSE: 130.81938 - batch_Time: 0.40277504501864314s
Epoch[10/20 422/700] - Loss: 416.1215515137 - MSE: 415.10120 - batch_Time: 0.4026643647812307s
Epoch[10/20 423/700] - Loss: 229.1286468506 - MSE: 228.69911 - batch_Time: 0.3993666688911617s
Epoch[10/20 424/700] - Loss: 166.4217224121 - MSE: 166.01878 - batch_Time: 0.40166472480632365s
Epoch[10/20 425/700] - Loss: 311.2825012207 - MSE: 310.87088 - batch_Time: 0.4015917850192636s
Epoch[10/20 426/700] - Loss: 203.2489013672 - MSE: 202.91151 - batch_Time: 0.4013490090146661s
Epoch[10/20 427/700] - Loss: 211.9771423340 - MSE: 211.64667 - batch_Time: 0.4014291279017925s
Epoch[10/20 428/700] - Loss: 387.5867309570 - MSE: 387.19131 - batch_Time: 0.4017500241752714s
Epoch[10/20 429/700] - Loss: 473.2976074219 - MSE: 472.81168 - batch_Time: 0.40055852592922747s
Epoch[10/20 430/700] - Loss: 200.7583312988 - MSE: 200.37151 - batch_Time: 0.3999471028801054s
Epoch[10/20 431/700] - Loss: 196.7465362549 - MSE: 196.26163 - batch_Time: 0.40074746403843164s
Epoch[10/20 432/700] - Loss: 250.7935943604 - MSE: 250.13782 - batch_Time: 0.40233528800308704s
Epoch[10/20 433/700] - Loss: 298.3184204102 - MSE: 298.00879 - batch_Time: 0.4005571259185672s
Epoch[10/20 434/700] - Loss: 239.3791656494 - MSE: 238.80566 - batch_Time: 0.4007609139662236s
Epoch[10/20 435/700] - Loss: 192.3482360840 - MSE: 191.82870 - batch_Time: 0.40066248504444957s
Epoch[10/20 436/700] - Loss: 216.7270202637 - MSE: 216.29028 - batch_Time: 0.4014094180893153s
Epoch[10/20 437/700] - Loss: 205.9016265869 - MSE: 205.52869 - batch_Time: 0.40132933808490634s
Epoch[10/20 438/700] - Loss: 325.4918518066 - MSE: 324.71970 - batch_Time: 0.40056427591480315s
Epoch[10/20 439/700] - Loss: 306.5104980469 - MSE: 306.01587 - batch_Time: 0.39891161397099495s
Epoch[10/20 440/700] - Loss: 345.9807739258 - MSE: 345.26135 - batch_Time: 0.40251466492190957s
Epoch[10/20 441/700] - Loss: 201.3162536621 - MSE: 200.80064 - batch_Time: 0.3996729049831629s
Epoch[10/20 442/700] - Loss: 226.1645660400 - MSE: 225.82623 - batch_Time: 0.40207306994125247s
Epoch[10/20 443/700] - Loss: 179.3976745605 - MSE: 178.39412 - batch_Time: 0.4010068809147924s
Epoch[10/20 444/700] - Loss: 187.8394775391 - MSE: 187.42482 - batch_Time: 0.3997460438404232s
Epoch[10/20 445/700] - Loss: 341.3372497559 - MSE: 340.74533 - batch_Time: 0.4007605940569192s
Epoch[10/20 446/700] - Loss: 219.2969055176 - MSE: 218.53185 - batch_Time: 0.4015894450712949s
Epoch[10/20 447/700] - Loss: 500.0771179199 - MSE: 499.26144 - batch_Time: 0.4008217428345233s
Epoch[10/20 448/700] - Loss: 326.8962097168 - MSE: 326.45685 - batch_Time: 0.40084048197604716s
Epoch[10/20 449/700] - Loss: 132.7764739990 - MSE: 132.48036 - batch_Time: 0.39723894000053406s
Epoch[10/20 450/700] - Loss: 199.2043762207 - MSE: 198.82222 - batch_Time: 0.4005489151459187s
Epoch[10/20 451/700] - Loss: 156.8325347900 - MSE: 156.36497 - batch_Time: 0.40008142101578414s
Epoch[10/20 452/700] - Loss: 212.7601013184 - MSE: 212.42007 - batch_Time: 0.40125670889392495s
Epoch[10/20 453/700] - Loss: 166.1266479492 - MSE: 165.83771 - batch_Time: 0.39478136505931616s
Epoch[10/20 454/700] - Loss: 261.4342041016 - MSE: 260.95932 - batch_Time: 0.4011656988877803s
Epoch[10/20 455/700] - Loss: 365.5166015625 - MSE: 364.86108 - batch_Time: 0.40727324690669775s
Epoch[10/20 456/700] - Loss: 199.8635253906 - MSE: 199.33311 - batch_Time: 0.400386487133801s
Epoch[10/20 457/700] - Loss: 163.0994567871 - MSE: 162.53926 - batch_Time: 0.4002145880367607s
Epoch[10/20 458/700] - Loss: 197.3328857422 - MSE: 196.63919 - batch_Time: 0.40038282703608274s
Epoch[10/20 459/700] - Loss: 180.8618774414 - MSE: 180.37547 - batch_Time: 0.4006668538786471s
Epoch[10/20 460/700] - Loss: 200.5767822266 - MSE: 199.96222 - batch_Time: 0.401481345994398s
Epoch[10/20 461/700] - Loss: 207.4072265625 - MSE: 207.09521 - batch_Time: 0.39883555308915675s
Epoch[10/20 462/700] - Loss: 175.3952636719 - MSE: 174.89139 - batch_Time: 0.40162036404944956s
Epoch[10/20 463/700] - Loss: 428.2591247559 - MSE: 427.62744 - batch_Time: 0.4014170658774674s
Epoch[10/20 464/700] - Loss: 151.0861358643 - MSE: 150.56090 - batch_Time: 0.4014898859895766s
Epoch[10/20 465/700] - Loss: 362.6864318848 - MSE: 362.05066 - batch_Time: 0.4032566340174526s
Epoch[10/20 466/700] - Loss: 273.8833007812 - MSE: 273.25348 - batch_Time: 0.40082978713326156s
Epoch[10/20 467/700] - Loss: 277.3444824219 - MSE: 276.72131 - batch_Time: 0.3997250448446721s
Epoch[10/20 468/700] - Loss: 200.8516235352 - MSE: 200.53345 - batch_Time: 0.4004959349986166s
Epoch[10/20 469/700] - Loss: 323.6755065918 - MSE: 323.11465 - batch_Time: 0.40298562590032816s
Epoch[10/20 470/700] - Loss: 196.9653015137 - MSE: 196.43564 - batch_Time: 0.40104812383651733s
Epoch[10/20 471/700] - Loss: 239.2230682373 - MSE: 238.67615 - batch_Time: 0.4007502298336476s
Epoch[10/20 472/700] - Loss: 234.1174163818 - MSE: 233.63287 - batch_Time: 0.4003922678530216s
Epoch[10/20 473/700] - Loss: 274.3718566895 - MSE: 273.87634 - batch_Time: 0.4026131690479815s
Epoch[10/20 474/700] - Loss: 212.8589019775 - MSE: 212.46696 - batch_Time: 0.40219070413149893s
Epoch[10/20 475/700] - Loss: 453.3679504395 - MSE: 452.82889 - batch_Time: 0.39857271406799555s
Epoch[10/20 476/700] - Loss: 302.7837829590 - MSE: 302.35266 - batch_Time: 0.40130249387584627s
Epoch[10/20 477/700] - Loss: 267.3622436523 - MSE: 266.93002 - batch_Time: 0.40303199202753603s
Epoch[10/20 478/700] - Loss: 198.1837463379 - MSE: 197.76486 - batch_Time: 0.4086920211557299s
Epoch[10/20 479/700] - Loss: 196.2351379395 - MSE: 195.77808 - batch_Time: 0.4009101730771363s
Epoch[10/20 480/700] - Loss: 448.3583984375 - MSE: 447.77536 - batch_Time: 0.40015403600409627s
Epoch[10/20 481/700] - Loss: 263.6463623047 - MSE: 263.09277 - batch_Time: 0.39993116701953113s
Epoch[10/20 482/700] - Loss: 136.8565063477 - MSE: 136.44756 - batch_Time: 0.40092748194001615s
Epoch[10/20 483/700] - Loss: 242.6669006348 - MSE: 242.21434 - batch_Time: 0.40962808998301625s
Epoch[10/20 484/700] - Loss: 170.6325683594 - MSE: 170.15858 - batch_Time: 0.3992263430263847s
Epoch[10/20 485/700] - Loss: 296.6369323730 - MSE: 296.20276 - batch_Time: 0.40184315387159586s
Epoch[10/20 486/700] - Loss: 237.6243896484 - MSE: 237.15099 - batch_Time: 0.4023854050319642s
Epoch[10/20 487/700] - Loss: 183.3717193604 - MSE: 182.91495 - batch_Time: 0.40045382315292954s
Epoch[10/20 488/700] - Loss: 224.0194091797 - MSE: 223.67050 - batch_Time: 0.39802291011437774s
Epoch[10/20 489/700] - Loss: 222.0093078613 - MSE: 221.59462 - batch_Time: 0.39652402605861425s
Epoch[10/20 490/700] - Loss: 448.6083984375 - MSE: 448.03302 - batch_Time: 0.3982307019177824s
Epoch[10/20 491/700] - Loss: 83.6259918213 - MSE: 83.35843 - batch_Time: 0.3982693240977824s
Epoch[10/20 492/700] - Loss: 131.5757751465 - MSE: 131.16093 - batch_Time: 0.3987696550320834s
Epoch[10/20 493/700] - Loss: 215.5916290283 - MSE: 215.25047 - batch_Time: 0.39888022700324655s
Epoch[10/20 494/700] - Loss: 176.6615142822 - MSE: 176.19415 - batch_Time: 0.3977760928682983s
Epoch[10/20 495/700] - Loss: 188.8899688721 - MSE: 188.62849 - batch_Time: 0.4016656179446727s
Epoch[10/20 496/700] - Loss: 200.1818847656 - MSE: 199.69788 - batch_Time: 0.4012410189025104s
Epoch[10/20 497/700] - Loss: 187.8844299316 - MSE: 187.54385 - batch_Time: 0.3971502829808742s
Epoch[10/20 498/700] - Loss: 105.3319396973 - MSE: 105.07861 - batch_Time: 0.3989574231673032s
Epoch[10/20 499/700] - Loss: 147.7198638916 - MSE: 147.38200 - batch_Time: 0.39917071000672877s
Epoch[10/20 500/700] - Loss: 164.0542755127 - MSE: 163.57692 - batch_Time: 0.3986359601840377s
Epoch[10/20 501/700] - Loss: 192.2067718506 - MSE: 191.91736 - batch_Time: 0.3973260219208896s
Epoch[10/20 502/700] - Loss: 138.3677215576 - MSE: 138.06583 - batch_Time: 0.39901682804338634s
Epoch[10/20 503/700] - Loss: 206.0119934082 - MSE: 205.72852 - batch_Time: 0.3965147389099002s
Epoch[10/20 504/700] - Loss: 210.1093597412 - MSE: 209.49361 - batch_Time: 0.3967011980712414s
Epoch[10/20 505/700] - Loss: 138.2127990723 - MSE: 137.85963 - batch_Time: 0.39810562110506s
Epoch[10/20 506/700] - Loss: 172.6235046387 - MSE: 172.29507 - batch_Time: 0.3965800879523158s
Epoch[10/20 507/700] - Loss: 254.3369750977 - MSE: 253.92693 - batch_Time: 0.40149671700783074s
Epoch[10/20 508/700] - Loss: 150.0653381348 - MSE: 149.64445 - batch_Time: 0.4008101848885417s
Epoch[10/20 509/700] - Loss: 140.8568115234 - MSE: 140.57309 - batch_Time: 0.3966151501517743s
Epoch[10/20 510/700] - Loss: 200.7573852539 - MSE: 200.26242 - batch_Time: 0.3991107239853591s
Epoch[10/20 511/700] - Loss: 205.8215637207 - MSE: 205.33621 - batch_Time: 0.39806946995668113s
Epoch[10/20 512/700] - Loss: 203.3287048340 - MSE: 202.99467 - batch_Time: 0.3979977909475565s
Epoch[10/20 513/700] - Loss: 185.0015563965 - MSE: 184.69998 - batch_Time: 0.39821228478103876s
Epoch[10/20 514/700] - Loss: 223.9789276123 - MSE: 223.66495 - batch_Time: 0.39937947294674814s
Epoch[10/20 515/700] - Loss: 160.1130523682 - MSE: 159.71512 - batch_Time: 0.39630843000486493s
Epoch[10/20 516/700] - Loss: 213.7554626465 - MSE: 213.34567 - batch_Time: 0.39681924995966256s
Epoch[10/20 517/700] - Loss: 195.1790771484 - MSE: 194.83961 - batch_Time: 0.39647836284711957s
Epoch[10/20 518/700] - Loss: 151.2811126709 - MSE: 150.87450 - batch_Time: 0.39722627587616444s
Epoch[10/20 519/700] - Loss: 193.6823425293 - MSE: 193.13255 - batch_Time: 0.39884088514372706s
Epoch[10/20 520/700] - Loss: 235.1999053955 - MSE: 234.80190 - batch_Time: 0.40223338501527905s
Epoch[10/20 521/700] - Loss: 256.4715576172 - MSE: 256.16238 - batch_Time: 0.39698057412169874s
Epoch[10/20 522/700] - Loss: 188.6723937988 - MSE: 188.16229 - batch_Time: 0.39762373408302665s
Epoch[10/20 523/700] - Loss: 145.2845458984 - MSE: 144.99103 - batch_Time: 0.3951785829849541s
Epoch[10/20 524/700] - Loss: 257.1937866211 - MSE: 256.71085 - batch_Time: 0.39446188788861036s
Epoch[10/20 525/700] - Loss: 146.0488281250 - MSE: 145.78253 - batch_Time: 0.39983592997305095s
Epoch[10/20 526/700] - Loss: 204.1744995117 - MSE: 203.88409 - batch_Time: 0.39573329291306436s
Epoch[10/20 527/700] - Loss: 325.4188842773 - MSE: 324.96231 - batch_Time: 0.396648894995451s
Epoch[10/20 528/700] - Loss: 111.3551025391 - MSE: 111.08029 - batch_Time: 0.3962254060897976s
Epoch[10/20 529/700] - Loss: 135.6507263184 - MSE: 135.35051 - batch_Time: 0.39805858000181615s
Epoch[10/20 530/700] - Loss: 303.5993347168 - MSE: 303.15695 - batch_Time: 0.3982119669672102s
Epoch[10/20 531/700] - Loss: 138.2032165527 - MSE: 137.90701 - batch_Time: 0.40139160701073706s
Epoch[10/20 532/700] - Loss: 259.7447814941 - MSE: 259.39337 - batch_Time: 0.39617297309450805s
Epoch[10/20 533/700] - Loss: 354.5924072266 - MSE: 353.89673 - batch_Time: 0.3976087220944464s
Epoch[10/20 534/700] - Loss: 488.4596557617 - MSE: 487.36780 - batch_Time: 0.401540603954345s
Epoch[10/20 535/700] - Loss: 214.1928710938 - MSE: 213.92006 - batch_Time: 0.39695156388916075s
Epoch[10/20 536/700] - Loss: 243.4067382812 - MSE: 242.82536 - batch_Time: 0.4038556469604373s
Epoch[10/20 537/700] - Loss: 208.2756195068 - MSE: 207.77054 - batch_Time: 0.3986095131840557s
Epoch[10/20 538/700] - Loss: 238.0633392334 - MSE: 237.47200 - batch_Time: 0.39376542204990983s
Epoch[10/20 539/700] - Loss: 264.7541198730 - MSE: 264.52869 - batch_Time: 0.3968374750111252s
Epoch[10/20 540/700] - Loss: 122.8079071045 - MSE: 122.51053 - batch_Time: 0.397131817182526s
Epoch[10/20 541/700] - Loss: 280.0476379395 - MSE: 279.58661 - batch_Time: 0.4005989630240947s
Epoch[10/20 542/700] - Loss: 210.8130493164 - MSE: 210.41785 - batch_Time: 0.39649928105063736s
Epoch[10/20 543/700] - Loss: 218.0477905273 - MSE: 217.80544 - batch_Time: 0.3968583180103451s
Epoch[10/20 544/700] - Loss: 212.6073303223 - MSE: 212.22075 - batch_Time: 0.4055863041430712s
Epoch[10/20 545/700] - Loss: 238.0362091064 - MSE: 237.67259 - batch_Time: 0.40231887297704816s
Epoch[10/20 546/700] - Loss: 178.1216125488 - MSE: 177.57690 - batch_Time: 0.40427210298366845s
Epoch[10/20 547/700] - Loss: 194.3684082031 - MSE: 194.07281 - batch_Time: 0.4040746979881078s
Epoch[10/20 548/700] - Loss: 293.1885986328 - MSE: 292.63336 - batch_Time: 0.40303945099003613s
Epoch[10/20 549/700] - Loss: 218.7233428955 - MSE: 218.17294 - batch_Time: 0.3971154810860753s
Epoch[10/20 550/700] - Loss: 216.5481262207 - MSE: 216.14890 - batch_Time: 0.3961626389063895s
Epoch[10/20 551/700] - Loss: 201.8287048340 - MSE: 201.46237 - batch_Time: 0.3987103118561208s
Epoch[10/20 552/700] - Loss: 193.6786193848 - MSE: 193.39969 - batch_Time: 0.3974488431122154s
Epoch[10/20 553/700] - Loss: 248.8946990967 - MSE: 248.50674 - batch_Time: 0.3969488919246942s
Epoch[10/20 554/700] - Loss: 222.7946014404 - MSE: 222.48042 - batch_Time: 0.3969568919856101s
Epoch[10/20 555/700] - Loss: 263.9048767090 - MSE: 263.35599 - batch_Time: 0.3983757740352303s
Epoch[10/20 556/700] - Loss: 109.1394500732 - MSE: 108.86637 - batch_Time: 0.3966565679293126s
Epoch[10/20 557/700] - Loss: 165.4880065918 - MSE: 165.23701 - batch_Time: 0.3946066191419959s
Epoch[10/20 558/700] - Loss: 234.8828277588 - MSE: 234.30917 - batch_Time: 0.3943885499611497s
Epoch[10/20 559/700] - Loss: 114.1527175903 - MSE: 113.96751 - batch_Time: 0.3958359470125288s
Epoch[10/20 560/700] - Loss: 235.2519378662 - MSE: 234.91942 - batch_Time: 0.3967421210836619s
Epoch[10/20 561/700] - Loss: 111.3814086914 - MSE: 111.08183 - batch_Time: 0.3968772899825126s
Epoch[10/20 562/700] - Loss: 250.8517761230 - MSE: 250.18555 - batch_Time: 0.3962864561472088s
Epoch[10/20 563/700] - Loss: 175.1733398438 - MSE: 174.78145 - batch_Time: 0.39714423194527626s
Epoch[10/20 564/700] - Loss: 136.9436340332 - MSE: 136.52872 - batch_Time: 0.39791653398424387s
Epoch[10/20 565/700] - Loss: 195.7983398438 - MSE: 195.39713 - batch_Time: 0.4026145110838115s
Epoch[10/20 566/700] - Loss: 239.1649017334 - MSE: 238.72260 - batch_Time: 0.4034415418282151s
Epoch[10/20 567/700] - Loss: 232.6947174072 - MSE: 232.27765 - batch_Time: 0.39749983604997396s
Epoch[10/20 568/700] - Loss: 251.9157562256 - MSE: 251.53067 - batch_Time: 0.4001810990739614s
Epoch[10/20 569/700] - Loss: 310.8407287598 - MSE: 310.30573 - batch_Time: 0.3983411320950836s
Epoch[10/20 570/700] - Loss: 186.9061431885 - MSE: 186.62128 - batch_Time: 0.3985970229841769s
Epoch[10/20 571/700] - Loss: 347.3956604004 - MSE: 346.98804 - batch_Time: 0.39894570503383875s
Epoch[10/20 572/700] - Loss: 133.2680053711 - MSE: 133.11258 - batch_Time: 0.4034005971625447s
Epoch[10/20 573/700] - Loss: 88.9668579102 - MSE: 88.76234 - batch_Time: 0.40234139398671687s
Epoch[10/20 574/700] - Loss: 259.5404357910 - MSE: 259.10837 - batch_Time: 0.4038219819776714s
Epoch[10/20 575/700] - Loss: 216.3885650635 - MSE: 215.99214 - batch_Time: 0.40094358497299254s
Epoch[10/20 576/700] - Loss: 223.1903381348 - MSE: 222.66074 - batch_Time: 0.4124059770256281s
Epoch[10/20 577/700] - Loss: 89.8205718994 - MSE: 89.59546 - batch_Time: 0.4019205111544579s
Epoch[10/20 578/700] - Loss: 235.4195098877 - MSE: 235.04787 - batch_Time: 0.4027889610733837s
Epoch[10/20 579/700] - Loss: 160.1737670898 - MSE: 159.73219 - batch_Time: 0.4063022730406374s
Epoch[10/20 580/700] - Loss: 228.3417968750 - MSE: 227.92027 - batch_Time: 0.4049416580237448s
Epoch[10/20 581/700] - Loss: 180.1032409668 - MSE: 179.72980 - batch_Time: 0.3964203300420195s
Epoch[10/20 582/700] - Loss: 125.3785552979 - MSE: 124.93890 - batch_Time: 0.3973352250177413s
Epoch[10/20 583/700] - Loss: 220.4034423828 - MSE: 219.87849 - batch_Time: 0.4036005788948387s
Epoch[10/20 584/700] - Loss: 159.3174133301 - MSE: 158.82214 - batch_Time: 0.40233824495226145s
Epoch[10/20 585/700] - Loss: 269.3591003418 - MSE: 268.99362 - batch_Time: 0.40407978603616357s
Epoch[10/20 586/700] - Loss: 127.0201416016 - MSE: 126.84782 - batch_Time: 0.41006150911562145s
Epoch[10/20 587/700] - Loss: 141.0022277832 - MSE: 140.78302 - batch_Time: 0.4086420489475131s
Epoch[10/20 588/700] - Loss: 294.0449218750 - MSE: 293.57965 - batch_Time: 0.40907261800020933s
Epoch[10/20 589/700] - Loss: 300.2889404297 - MSE: 299.78601 - batch_Time: 0.40708133205771446s
Epoch[10/20 590/700] - Loss: 117.7220153809 - MSE: 117.42694 - batch_Time: 0.4087336240336299s
Epoch[10/20 591/700] - Loss: 189.2952728271 - MSE: 188.75047 - batch_Time: 0.40762565610930324s
Epoch[10/20 592/700] - Loss: 128.3357238770 - MSE: 127.92237 - batch_Time: 0.407666577026248s
Epoch[10/20 593/700] - Loss: 158.2994384766 - MSE: 158.00797 - batch_Time: 0.40492040500976145s
Epoch[10/20 594/700] - Loss: 211.2422332764 - MSE: 210.76318 - batch_Time: 0.40358114102855325s
Epoch[10/20 595/700] - Loss: 183.7773437500 - MSE: 183.43657 - batch_Time: 0.3990192471537739s
Epoch[10/20 596/700] - Loss: 201.9765472412 - MSE: 201.68082 - batch_Time: 0.40405948809348047s
Epoch[10/20 597/700] - Loss: 266.1381530762 - MSE: 265.75275 - batch_Time: 0.40069201705046s
Epoch[10/20 598/700] - Loss: 165.8642120361 - MSE: 165.54443 - batch_Time: 0.4017500870395452s
Epoch[10/20 599/700] - Loss: 150.7732238770 - MSE: 150.55283 - batch_Time: 0.3994906130246818s
Epoch[10/20 600/700] - Loss: 183.4364318848 - MSE: 183.01816 - batch_Time: 0.41162083321250975s
Epoch[10/20 601/700] - Loss: 240.7663879395 - MSE: 240.22026 - batch_Time: 0.4045777739956975s
Epoch[10/20 602/700] - Loss: 243.6493377686 - MSE: 243.27869 - batch_Time: 0.3977005130145699s
Epoch[10/20 603/700] - Loss: 167.0158386230 - MSE: 166.63622 - batch_Time: 0.3982427860610187s
Epoch[10/20 604/700] - Loss: 230.4291839600 - MSE: 230.01244 - batch_Time: 0.39816875010728836s
Epoch[10/20 605/700] - Loss: 348.1185607910 - MSE: 347.69656 - batch_Time: 0.3973702220246196s
Epoch[10/20 606/700] - Loss: 140.3414001465 - MSE: 139.95399 - batch_Time: 0.3984574619680643s
Epoch[10/20 607/700] - Loss: 136.8289031982 - MSE: 136.31555 - batch_Time: 0.3996604650747031s
Epoch[10/20 608/700] - Loss: 182.8335266113 - MSE: 182.47566 - batch_Time: 0.39997645397670567s
Epoch[10/20 609/700] - Loss: 182.0859680176 - MSE: 181.81049 - batch_Time: 0.3995430751238018s
Epoch[10/20 610/700] - Loss: 231.8466949463 - MSE: 231.56017 - batch_Time: 0.39906736090779305s
Epoch[10/20 611/700] - Loss: 176.3928833008 - MSE: 176.07278 - batch_Time: 0.3980470369569957s
Epoch[10/20 612/700] - Loss: 173.5363159180 - MSE: 173.11308 - batch_Time: 0.3978847931139171s
Epoch[10/20 613/700] - Loss: 354.1234130859 - MSE: 353.56424 - batch_Time: 0.3979377690702677s
Epoch[10/20 614/700] - Loss: 190.3727111816 - MSE: 189.97073 - batch_Time: 0.3987868989352137s
Epoch[10/20 615/700] - Loss: 148.1103820801 - MSE: 147.70168 - batch_Time: 0.4038956770673394s
Epoch[10/20 616/700] - Loss: 173.9198303223 - MSE: 173.58261 - batch_Time: 0.4054325830657035s
Epoch[10/20 617/700] - Loss: 240.2071228027 - MSE: 239.86325 - batch_Time: 0.40094865998253226s
Epoch[10/20 618/700] - Loss: 147.5987243652 - MSE: 147.20723 - batch_Time: 0.39898650092072785s
Epoch[10/20 619/700] - Loss: 258.6709289551 - MSE: 258.29434 - batch_Time: 0.4049220129381865s
Epoch[10/20 620/700] - Loss: 325.2166748047 - MSE: 324.71744 - batch_Time: 0.4029240580275655s
Epoch[10/20 621/700] - Loss: 159.2995605469 - MSE: 158.63571 - batch_Time: 0.4035681530367583s
Epoch[10/20 622/700] - Loss: 211.4049530029 - MSE: 210.99834 - batch_Time: 0.39787512901239097s
Epoch[10/20 623/700] - Loss: 164.1597290039 - MSE: 163.69658 - batch_Time: 0.3983157721813768s
Epoch[10/20 624/700] - Loss: 172.7722778320 - MSE: 172.38696 - batch_Time: 0.3988735901657492s
Epoch[10/20 625/700] - Loss: 207.6553802490 - MSE: 207.20625 - batch_Time: 0.40131660201586783s
Epoch[10/20 626/700] - Loss: 143.3078613281 - MSE: 142.94231 - batch_Time: 0.39690328296273947s
Epoch[10/20 627/700] - Loss: 267.4736328125 - MSE: 267.02966 - batch_Time: 0.4039835159201175s
Epoch[10/20 628/700] - Loss: 310.1753845215 - MSE: 309.62766 - batch_Time: 0.3979338868521154s
Epoch[10/20 629/700] - Loss: 236.6289672852 - MSE: 236.23918 - batch_Time: 0.4011054979637265s
Epoch[10/20 630/700] - Loss: 174.1600952148 - MSE: 173.71214 - batch_Time: 0.39825965790078044s
Epoch[10/20 631/700] - Loss: 140.8515014648 - MSE: 140.61072 - batch_Time: 0.39399201585911214s
Epoch[10/20 632/700] - Loss: 173.9743041992 - MSE: 173.67178 - batch_Time: 0.39600373711436987s
Epoch[10/20 633/700] - Loss: 148.7481994629 - MSE: 148.37595 - batch_Time: 0.400000476045534s
Epoch[10/20 634/700] - Loss: 229.1087646484 - MSE: 228.67270 - batch_Time: 0.397685773903504s
Epoch[10/20 635/700] - Loss: 189.4563903809 - MSE: 189.13312 - batch_Time: 0.39730219612829387s
Epoch[10/20 636/700] - Loss: 157.5656127930 - MSE: 157.31732 - batch_Time: 0.396095794159919s
Epoch[10/20 637/700] - Loss: 225.0434112549 - MSE: 224.66550 - batch_Time: 0.3950321360025555s
Epoch[10/20 638/700] - Loss: 184.6678771973 - MSE: 184.05072 - batch_Time: 0.3962626080028713s
Epoch[10/20 639/700] - Loss: 163.3376770020 - MSE: 162.69220 - batch_Time: 0.3973206290975213s
Epoch[10/20 640/700] - Loss: 197.7152709961 - MSE: 197.41074 - batch_Time: 0.39838483720086515s
Epoch[10/20 641/700] - Loss: 168.5069580078 - MSE: 168.17174 - batch_Time: 0.40078324382193387s
Epoch[10/20 642/700] - Loss: 292.0348815918 - MSE: 291.46387 - batch_Time: 0.39752126415260136s
Epoch[10/20 643/700] - Loss: 231.6800384521 - MSE: 231.32977 - batch_Time: 0.4021459389477968s
Epoch[10/20 644/700] - Loss: 187.2989196777 - MSE: 186.68546 - batch_Time: 0.40259389602579176s
Epoch[10/20 645/700] - Loss: 190.3913116455 - MSE: 190.05573 - batch_Time: 0.4023909019306302s
Epoch[10/20 646/700] - Loss: 151.3920135498 - MSE: 150.99443 - batch_Time: 0.40139409713447094s
Epoch[10/20 647/700] - Loss: 222.5054016113 - MSE: 222.25281 - batch_Time: 0.4018720011226833s
Epoch[10/20 648/700] - Loss: 194.3065185547 - MSE: 193.86768 - batch_Time: 0.40099217207171023s
Epoch[10/20 649/700] - Loss: 203.6446838379 - MSE: 203.43793 - batch_Time: 0.40375101706013083s
Epoch[10/20 650/700] - Loss: 165.1088562012 - MSE: 164.73396 - batch_Time: 0.4009290412068367s
Epoch[10/20 651/700] - Loss: 124.6260299683 - MSE: 124.33942 - batch_Time: 0.4007322310935706s
Epoch[10/20 652/700] - Loss: 137.4577636719 - MSE: 137.17516 - batch_Time: 0.40438759000971913s
Epoch[10/20 653/700] - Loss: 277.9145202637 - MSE: 277.55377 - batch_Time: 0.4053538900334388s
Epoch[10/20 654/700] - Loss: 238.5046234131 - MSE: 238.17401 - batch_Time: 0.4015124528668821s
Epoch[10/20 655/700] - Loss: 164.5364074707 - MSE: 164.31966 - batch_Time: 0.40194828412495553s
Epoch[10/20 656/700] - Loss: 236.2046203613 - MSE: 235.68565 - batch_Time: 0.39939239993691444s
Epoch[10/20 657/700] - Loss: 138.8774414062 - MSE: 138.55867 - batch_Time: 0.4032845420297235s
Epoch[10/20 658/700] - Loss: 212.5596466064 - MSE: 212.15697 - batch_Time: 0.40197928505949676s
Epoch[10/20 659/700] - Loss: 128.2995300293 - MSE: 127.90583 - batch_Time: 0.3962397889699787s
Epoch[10/20 660/700] - Loss: 151.8746490479 - MSE: 151.53351 - batch_Time: 0.3982125648763031s
Epoch[10/20 661/700] - Loss: 170.2420349121 - MSE: 169.81638 - batch_Time: 0.3966844871174544s
Epoch[10/20 662/700] - Loss: 193.5018157959 - MSE: 193.22366 - batch_Time: 0.39752702810801566s
Epoch[10/20 663/700] - Loss: 301.8240051270 - MSE: 301.42612 - batch_Time: 0.40215653786435723s
Epoch[10/20 664/700] - Loss: 149.6791381836 - MSE: 149.44235 - batch_Time: 0.39601626992225647s
Epoch[10/20 665/700] - Loss: 184.2035827637 - MSE: 183.87970 - batch_Time: 0.3968668628949672s
Epoch[10/20 666/700] - Loss: 151.9949798584 - MSE: 151.68915 - batch_Time: 0.3969854151364416s
Epoch[10/20 667/700] - Loss: 232.4672088623 - MSE: 232.03050 - batch_Time: 0.3961045758333057s
Epoch[10/20 668/700] - Loss: 164.3658599854 - MSE: 164.11404 - batch_Time: 0.39880596101284027s
Epoch[10/20 669/700] - Loss: 239.9492797852 - MSE: 239.42117 - batch_Time: 0.3973821350373328s
Epoch[10/20 670/700] - Loss: 260.8011169434 - MSE: 260.36923 - batch_Time: 0.3988677740562707s
Epoch[10/20 671/700] - Loss: 245.4150238037 - MSE: 244.80220 - batch_Time: 0.39590940601192415s
Epoch[10/20 672/700] - Loss: 203.6788024902 - MSE: 203.24939 - batch_Time: 0.3935595890507102s
Epoch[10/20 673/700] - Loss: 179.1367797852 - MSE: 178.86662 - batch_Time: 0.3932599229738116s
Epoch[10/20 674/700] - Loss: 209.4823303223 - MSE: 208.76190 - batch_Time: 0.39631462492980063s
Epoch[10/20 675/700] - Loss: 262.1491699219 - MSE: 261.72153 - batch_Time: 0.3978637629188597s
Epoch[10/20 676/700] - Loss: 149.1229248047 - MSE: 148.70276 - batch_Time: 0.39633353101089597s
Epoch[10/20 677/700] - Loss: 189.1974792480 - MSE: 188.78775 - batch_Time: 0.3970368970185518s
Epoch[10/20 678/700] - Loss: 254.8401794434 - MSE: 254.40111 - batch_Time: 0.3976948179770261s
Epoch[10/20 679/700] - Loss: 236.3867492676 - MSE: 236.01747 - batch_Time: 0.39604051504284143s
Epoch[10/20 680/700] - Loss: 210.1719207764 - MSE: 209.75244 - batch_Time: 0.3923295340500772s
Epoch[10/20 681/700] - Loss: 194.4087829590 - MSE: 193.92259 - batch_Time: 0.3969702119939029s
Epoch[10/20 682/700] - Loss: 170.0301666260 - MSE: 169.76567 - batch_Time: 0.3995342869311571s
Epoch[10/20 683/700] - Loss: 178.7913055420 - MSE: 178.38290 - batch_Time: 0.39497548597864807s
Epoch[10/20 684/700] - Loss: 149.5063781738 - MSE: 149.12802 - batch_Time: 0.4005309499334544s
Epoch[10/20 685/700] - Loss: 152.4089965820 - MSE: 152.22067 - batch_Time: 0.40334189403802156s
Epoch[10/20 686/700] - Loss: 297.3788146973 - MSE: 296.89075 - batch_Time: 0.4030736500862986s
Epoch[10/20 687/700] - Loss: 195.0125885010 - MSE: 194.75067 - batch_Time: 0.3962577779311687s
Epoch[10/20 688/700] - Loss: 429.0072021484 - MSE: 428.42371 - batch_Time: 0.40241847396828234s
Epoch[10/20 689/700] - Loss: 240.5887298584 - MSE: 240.07353 - batch_Time: 0.39886619290336967s
Epoch[10/20 690/700] - Loss: 195.0876770020 - MSE: 194.65605 - batch_Time: 0.40288111101835966s
Epoch[10/20 691/700] - Loss: 148.5027160645 - MSE: 148.23840 - batch_Time: 0.4010809219907969s
Epoch[10/20 692/700] - Loss: 283.6617126465 - MSE: 283.12119 - batch_Time: 0.3962516849860549s
Epoch[10/20 693/700] - Loss: 196.7138061523 - MSE: 196.30550 - batch_Time: 0.4036654911469668s
Epoch[10/20 694/700] - Loss: 208.2727355957 - MSE: 207.90506 - batch_Time: 0.39609741186723113s
Epoch[10/20 695/700] - Loss: 154.0901489258 - MSE: 153.83374 - batch_Time: 0.4015660551376641s
Epoch[10/20 696/700] - Loss: 237.8176574707 - MSE: 237.47234 - batch_Time: 0.3955684208776802s
Epoch[10/20 697/700] - Loss: 166.4524841309 - MSE: 166.21097 - batch_Time: 0.3989239709917456s
Epoch[10/20 698/700] - Loss: 191.9902191162 - MSE: 191.60468 - batch_Time: 0.3963547288440168s
Epoch[10/20 699/700] - Loss: 169.0380706787 - MSE: 168.73016 - batch_Time: 0.3967444458976388s
Epoch[10] - 2021-08-06 22:07:34.238989
/hy-tmp/OURS/ttsr_dx/experiment.py:171: UserWarning: torch.nn.utils.clip_grad_norm is now deprecated in favor of torch.nn.utils.clip_grad_norm_.
  nn.utils.clip_grad_norm(self.model.parameters(), 1, norm_type=2)
Epoch[10- train_loss: 204.1719487544 - train_error: 203.7748372541 - val_loss: 62.8123106194 - val_error: 62.6688728809 - val_psnr: 30.4268284905 - val_ssim: 0.8177190255 - epoch_Time: 360.9929289461579s
Current learning rate: 0.0001
Epoch[11/20] - 2021-08-06 22:08:46.729824
Epoch[11/20 0/700] - Loss: 218.3429565430 - MSE: 217.80273 - batch_Time: 0.4069175310432911s
Epoch[11/20 1/700] - Loss: 169.6849212646 - MSE: 169.32172 - batch_Time: 0.3964492869563401s
Epoch[11/20 2/700] - Loss: 165.6870117188 - MSE: 165.17683 - batch_Time: 0.39441456086933613s
Epoch[11/20 3/700] - Loss: 174.2727050781 - MSE: 174.03651 - batch_Time: 0.3983601320069283s
Epoch[11/20 4/700] - Loss: 123.5043945312 - MSE: 123.25881 - batch_Time: 0.39688039501197636s
Epoch[11/20 5/700] - Loss: 220.4451904297 - MSE: 220.14905 - batch_Time: 0.38969191908836365s
Epoch[11/20 6/700] - Loss: 137.3318634033 - MSE: 137.07166 - batch_Time: 0.393126571085304s
Epoch[11/20 7/700] - Loss: 222.7877502441 - MSE: 222.36324 - batch_Time: 0.39951050700619817s
Epoch[11/20 8/700] - Loss: 154.3304138184 - MSE: 154.12247 - batch_Time: 0.3937084940262139s
Epoch[11/20 9/700] - Loss: 144.6610412598 - MSE: 144.42804 - batch_Time: 0.39809633302502334s
Epoch[11/20 10/700] - Loss: 284.7375183105 - MSE: 284.43445 - batch_Time: 0.3929945230484009s
Epoch[11/20 11/700] - Loss: 117.3682403564 - MSE: 117.12940 - batch_Time: 0.3965575417969376s
Epoch[11/20 12/700] - Loss: 173.8592529297 - MSE: 173.53824 - batch_Time: 0.3918807301670313s
Epoch[11/20 13/700] - Loss: 263.5476684570 - MSE: 262.95651 - batch_Time: 0.39541397290304303s
Epoch[11/20 14/700] - Loss: 159.4597473145 - MSE: 159.09706 - batch_Time: 0.3948889928869903s
Epoch[11/20 15/700] - Loss: 186.3689117432 - MSE: 185.99062 - batch_Time: 0.393422048073262s
Epoch[11/20 16/700] - Loss: 281.0346679688 - MSE: 280.52585 - batch_Time: 0.39783950708806515s
Epoch[11/20 17/700] - Loss: 159.8578186035 - MSE: 159.59399 - batch_Time: 0.39314336818642914s
Epoch[11/20 18/700] - Loss: 219.4694213867 - MSE: 218.97430 - batch_Time: 0.3932447109837085s
Epoch[11/20 19/700] - Loss: 169.6374816895 - MSE: 169.40350 - batch_Time: 0.3945681629702449s
Epoch[11/20 20/700] - Loss: 98.4940261841 - MSE: 98.33881 - batch_Time: 0.4038037641439587s
Epoch[11/20 21/700] - Loss: 123.8064346313 - MSE: 123.44260 - batch_Time: 0.3985455259680748s
Epoch[11/20 22/700] - Loss: 225.4459381104 - MSE: 225.14207 - batch_Time: 0.39346632407978177s
Epoch[11/20 23/700] - Loss: 197.4609985352 - MSE: 197.19055 - batch_Time: 0.3941332749091089s
Epoch[11/20 24/700] - Loss: 157.2541046143 - MSE: 156.95235 - batch_Time: 0.39106974890455604s
Epoch[11/20 25/700] - Loss: 230.2509155273 - MSE: 229.99246 - batch_Time: 0.3943938850425184s
Epoch[11/20 26/700] - Loss: 187.1757965088 - MSE: 186.90373 - batch_Time: 0.39956326805986464s
Epoch[11/20 27/700] - Loss: 97.0321884155 - MSE: 96.73454 - batch_Time: 0.3976855401415378s
Epoch[11/20 28/700] - Loss: 227.5712280273 - MSE: 227.09924 - batch_Time: 0.4015506219584495s
Epoch[11/20 29/700] - Loss: 231.2713012695 - MSE: 230.93819 - batch_Time: 0.4000289139803499s
Epoch[11/20 30/700] - Loss: 124.5902252197 - MSE: 124.37737 - batch_Time: 0.40010677883401513s
Epoch[11/20 31/700] - Loss: 223.8461303711 - MSE: 223.43462 - batch_Time: 0.40110308793373406s
Epoch[11/20 32/700] - Loss: 115.9053955078 - MSE: 115.48122 - batch_Time: 0.4073445009998977s
Epoch[11/20 33/700] - Loss: 209.7668304443 - MSE: 209.51706 - batch_Time: 0.4000446570571512s
Epoch[11/20 34/700] - Loss: 240.8035583496 - MSE: 240.39592 - batch_Time: 0.3987803249619901s
Epoch[11/20 35/700] - Loss: 137.9350891113 - MSE: 137.73383 - batch_Time: 0.39981607790105045s
Epoch[11/20 36/700] - Loss: 241.2235565186 - MSE: 240.77856 - batch_Time: 0.4014621330425143s
Epoch[11/20 37/700] - Loss: 206.1551208496 - MSE: 205.68509 - batch_Time: 0.40093665989115834s
Epoch[11/20 38/700] - Loss: 162.1995086670 - MSE: 161.51237 - batch_Time: 0.4003261139150709s
Epoch[11/20 39/700] - Loss: 119.7656097412 - MSE: 119.46008 - batch_Time: 0.4008404267951846s
Epoch[11/20 40/700] - Loss: 244.7828369141 - MSE: 244.51865 - batch_Time: 0.4006118450779468s
Epoch[11/20 41/700] - Loss: 166.0750274658 - MSE: 165.84152 - batch_Time: 0.3997458831872791s
Epoch[11/20 42/700] - Loss: 119.1505126953 - MSE: 118.86898 - batch_Time: 0.40085623506456614s
Epoch[11/20 43/700] - Loss: 236.7770996094 - MSE: 236.29314 - batch_Time: 0.3973114099353552s
Epoch[11/20 44/700] - Loss: 162.3264007568 - MSE: 162.03677 - batch_Time: 0.40002441802062094s
Epoch[11/20 45/700] - Loss: 94.2902603149 - MSE: 94.10998 - batch_Time: 0.40087510203011334s
Epoch[11/20 46/700] - Loss: 199.0221862793 - MSE: 198.71930 - batch_Time: 0.40127444500103593s
Epoch[11/20 47/700] - Loss: 166.5453796387 - MSE: 166.32585 - batch_Time: 0.402492563938722s
Epoch[11/20 48/700] - Loss: 244.4566040039 - MSE: 244.00674 - batch_Time: 0.4019108668435365s
Epoch[11/20 49/700] - Loss: 321.9633483887 - MSE: 321.49515 - batch_Time: 0.4001844790764153s
Epoch[11/20 50/700] - Loss: 212.1581878662 - MSE: 211.72241 - batch_Time: 0.39988483488559723s
Epoch[11/20 51/700] - Loss: 142.3209838867 - MSE: 141.99289 - batch_Time: 0.39956699404865503s
Epoch[11/20 52/700] - Loss: 154.6003417969 - MSE: 154.12152 - batch_Time: 0.4052738999016583s
Epoch[11/20 53/700] - Loss: 154.9493560791 - MSE: 154.70065 - batch_Time: 0.4001795160584152s
Epoch[11/20 54/700] - Loss: 180.3791503906 - MSE: 180.06549 - batch_Time: 0.3919007731601596s
Epoch[11/20 55/700] - Loss: 173.3752441406 - MSE: 173.07204 - batch_Time: 0.3950733670499176s
Epoch[11/20 56/700] - Loss: 133.6279602051 - MSE: 133.21796 - batch_Time: 0.39584511588327587s
Epoch[11/20 57/700] - Loss: 182.5216674805 - MSE: 182.19740 - batch_Time: 0.3956181430257857s
Epoch[11/20 58/700] - Loss: 313.7571411133 - MSE: 313.48004 - batch_Time: 0.39560683304443955s
Epoch[11/20 59/700] - Loss: 220.8322296143 - MSE: 220.46075 - batch_Time: 0.3944019239861518s
Epoch[11/20 60/700] - Loss: 274.8135681152 - MSE: 274.39185 - batch_Time: 0.39260024088434875s
Epoch[11/20 61/700] - Loss: 169.9253845215 - MSE: 169.68124 - batch_Time: 0.3961874709930271s
Epoch[11/20 62/700] - Loss: 215.7877197266 - MSE: 215.46265 - batch_Time: 0.3966387640684843s
Epoch[11/20 63/700] - Loss: 273.9338378906 - MSE: 273.25470 - batch_Time: 0.3965274980291724s
Epoch[11/20 64/700] - Loss: 299.5480957031 - MSE: 298.98639 - batch_Time: 0.39767122897319496s
Epoch[11/20 65/700] - Loss: 251.4997253418 - MSE: 250.90146 - batch_Time: 0.39536400604993105s
Epoch[11/20 66/700] - Loss: 125.0029220581 - MSE: 124.78208 - batch_Time: 0.39401389891281724s
Epoch[11/20 67/700] - Loss: 167.7375793457 - MSE: 166.98636 - batch_Time: 0.3933274750597775s
Epoch[11/20 68/700] - Loss: 282.5516357422 - MSE: 281.96713 - batch_Time: 0.39491480495780706s
Epoch[11/20 69/700] - Loss: 227.4968872070 - MSE: 227.08575 - batch_Time: 0.3990057639311999s
Epoch[11/20 70/700] - Loss: 192.0075073242 - MSE: 191.64934 - batch_Time: 0.3951987831387669s
Epoch[11/20 71/700] - Loss: 252.6878967285 - MSE: 252.37440 - batch_Time: 0.39767824695445597s
Epoch[11/20 72/700] - Loss: 170.8188476562 - MSE: 170.16635 - batch_Time: 0.39512206986546516s
Epoch[11/20 73/700] - Loss: 224.6334381104 - MSE: 224.25500 - batch_Time: 0.39967218111269176s
Epoch[11/20 74/700] - Loss: 226.3847045898 - MSE: 226.01088 - batch_Time: 0.4011847609654069s
Epoch[11/20 75/700] - Loss: 175.9222869873 - MSE: 175.47034 - batch_Time: 0.401285651139915s
Epoch[11/20 76/700] - Loss: 186.9706726074 - MSE: 186.53416 - batch_Time: 0.3975099129602313s
Epoch[11/20 77/700] - Loss: 185.8260345459 - MSE: 185.47682 - batch_Time: 0.4006757780443877s
Epoch[11/20 78/700] - Loss: 121.3037872314 - MSE: 120.98587 - batch_Time: 0.40036725881509483s
Epoch[11/20 79/700] - Loss: 114.2165603638 - MSE: 114.02700 - batch_Time: 0.39578541391529143s
Epoch[11/20 80/700] - Loss: 124.2855834961 - MSE: 123.96652 - batch_Time: 0.40159658808261156s
Epoch[11/20 81/700] - Loss: 124.1945190430 - MSE: 123.99694 - batch_Time: 0.39965547202154994s
Epoch[11/20 82/700] - Loss: 165.7010498047 - MSE: 165.46764 - batch_Time: 0.3998155780136585s
Epoch[11/20 83/700] - Loss: 176.5879516602 - MSE: 176.14961 - batch_Time: 0.40997687610797584s
Epoch[11/20 84/700] - Loss: 256.9448852539 - MSE: 256.56644 - batch_Time: 0.39623740781098604s
Epoch[11/20 85/700] - Loss: 189.4419555664 - MSE: 189.11865 - batch_Time: 0.3943779889959842s
Epoch[11/20 86/700] - Loss: 167.4927215576 - MSE: 167.16037 - batch_Time: 0.4025424940045923s
Epoch[11/20 87/700] - Loss: 277.6636962891 - MSE: 277.31387 - batch_Time: 0.3961237568873912s
Epoch[11/20 88/700] - Loss: 218.6593475342 - MSE: 218.24239 - batch_Time: 0.3974390849471092s
Epoch[11/20 89/700] - Loss: 165.8873901367 - MSE: 165.54930 - batch_Time: 0.40188433416187763s
Epoch[11/20 90/700] - Loss: 166.6626434326 - MSE: 166.28975 - batch_Time: 0.40110327512957156s
Epoch[11/20 91/700] - Loss: 260.8939819336 - MSE: 260.31030 - batch_Time: 0.3952605261001736s
Epoch[11/20 92/700] - Loss: 179.3539428711 - MSE: 179.04379 - batch_Time: 0.3926021021325141s
Epoch[11/20 93/700] - Loss: 207.4362182617 - MSE: 207.12486 - batch_Time: 0.3938596900552511s
Epoch[11/20 94/700] - Loss: 284.6179199219 - MSE: 284.10339 - batch_Time: 0.3953366600908339s
Epoch[11/20 95/700] - Loss: 123.6007232666 - MSE: 123.31049 - batch_Time: 0.39505166304297745s
Epoch[11/20 96/700] - Loss: 163.7637481689 - MSE: 163.50552 - batch_Time: 0.39659725106321275s
Epoch[11/20 97/700] - Loss: 169.8013916016 - MSE: 169.48209 - batch_Time: 0.3938432801514864s
Epoch[11/20 98/700] - Loss: 145.3867340088 - MSE: 145.17812 - batch_Time: 0.3923351629637182s
Epoch[11/20 99/700] - Loss: 236.7400817871 - MSE: 236.28856 - batch_Time: 0.3959586708806455s
Epoch[11/20 100/700] - Loss: 156.9108276367 - MSE: 156.57823 - batch_Time: 0.4015617319382727s
Epoch[11/20 101/700] - Loss: 158.6195831299 - MSE: 158.30960 - batch_Time: 0.3983830069191754s
Epoch[11/20 102/700] - Loss: 148.6351318359 - MSE: 148.39708 - batch_Time: 0.40246773697435856s
Epoch[11/20 103/700] - Loss: 180.6134948730 - MSE: 180.21158 - batch_Time: 0.39968782500363886s
Epoch[11/20 104/700] - Loss: 183.6579437256 - MSE: 183.42154 - batch_Time: 0.40325401397421956s
Epoch[11/20 105/700] - Loss: 102.4728851318 - MSE: 102.27827 - batch_Time: 0.4031305811367929s
Epoch[11/20 106/700] - Loss: 285.5675048828 - MSE: 285.15729 - batch_Time: 0.39747848687693477s
Epoch[11/20 107/700] - Loss: 165.4681396484 - MSE: 165.04025 - batch_Time: 0.39985717297531664s
Epoch[11/20 108/700] - Loss: 182.4503784180 - MSE: 182.18314 - batch_Time: 0.3947139191441238s
Epoch[11/20 109/700] - Loss: 145.0396728516 - MSE: 144.81099 - batch_Time: 0.3925407959613949s
Epoch[11/20 110/700] - Loss: 174.7366180420 - MSE: 174.43924 - batch_Time: 0.3954138320405036s
Epoch[11/20 111/700] - Loss: 183.1161651611 - MSE: 182.82402 - batch_Time: 0.39564278698526323s
Epoch[11/20 112/700] - Loss: 318.5385742188 - MSE: 317.94553 - batch_Time: 0.4019191248808056s
Epoch[11/20 113/700] - Loss: 126.2773590088 - MSE: 126.02905 - batch_Time: 0.3978956760838628s
Epoch[11/20 114/700] - Loss: 133.1273193359 - MSE: 132.93953 - batch_Time: 0.39505617693066597s
Epoch[11/20 115/700] - Loss: 351.1567382812 - MSE: 350.68018 - batch_Time: 0.3954912719782442s
Epoch[11/20 116/700] - Loss: 181.7036895752 - MSE: 181.49615 - batch_Time: 0.39692649291828275s
Epoch[11/20 117/700] - Loss: 85.8042297363 - MSE: 85.61490 - batch_Time: 0.39534175978042185s
Epoch[11/20 118/700] - Loss: 235.5702819824 - MSE: 235.13498 - batch_Time: 0.3932182341814041s
Epoch[11/20 119/700] - Loss: 281.0863952637 - MSE: 280.83871 - batch_Time: 0.39504119101911783s
Epoch[11/20 120/700] - Loss: 114.9685363770 - MSE: 114.79567 - batch_Time: 0.3993036160245538s
Epoch[11/20 121/700] - Loss: 183.8039855957 - MSE: 183.38785 - batch_Time: 0.3967344400007278s
Epoch[11/20 122/700] - Loss: 131.5539398193 - MSE: 131.32713 - batch_Time: 0.39730985183268785s
Epoch[11/20 123/700] - Loss: 337.2878112793 - MSE: 336.68994 - batch_Time: 0.3966332860291004s
Epoch[11/20 124/700] - Loss: 134.1367797852 - MSE: 133.76268 - batch_Time: 0.40270961821079254s
Epoch[11/20 125/700] - Loss: 201.0523681641 - MSE: 200.71317 - batch_Time: 0.39606822305358946s
Epoch[11/20 126/700] - Loss: 179.1584777832 - MSE: 178.79414 - batch_Time: 0.39569954411126673s
Epoch[11/20 127/700] - Loss: 244.4987030029 - MSE: 244.00616 - batch_Time: 0.3972504958510399s
Epoch[11/20 128/700] - Loss: 173.9364929199 - MSE: 173.55179 - batch_Time: 0.39719664701260626s
Epoch[11/20 129/700] - Loss: 229.8700103760 - MSE: 229.44524 - batch_Time: 0.4006363130174577s
Epoch[11/20 130/700] - Loss: 171.0993652344 - MSE: 170.87489 - batch_Time: 0.39563904399983585s
Epoch[11/20 131/700] - Loss: 221.3618011475 - MSE: 221.04749 - batch_Time: 0.39312951802276075s
Epoch[11/20 132/700] - Loss: 71.5127410889 - MSE: 71.31200 - batch_Time: 0.39994476293213665s
Epoch[11/20 133/700] - Loss: 147.5378417969 - MSE: 147.11929 - batch_Time: 0.39337935601361096s
Epoch[11/20 134/700] - Loss: 194.2346496582 - MSE: 193.93913 - batch_Time: 0.39956458704546094s
Epoch[11/20 135/700] - Loss: 285.9681396484 - MSE: 285.16241 - batch_Time: 0.39637100021354854s
Epoch[11/20 136/700] - Loss: 141.8958892822 - MSE: 141.70044 - batch_Time: 0.3991275290027261s
Epoch[11/20 137/700] - Loss: 179.3341217041 - MSE: 179.06009 - batch_Time: 0.4011042811907828s
Epoch[11/20 138/700] - Loss: 250.4949035645 - MSE: 249.98369 - batch_Time: 0.3973558091092855s
Epoch[11/20 139/700] - Loss: 258.2661437988 - MSE: 257.98148 - batch_Time: 0.39986970205791295s
Epoch[11/20 140/700] - Loss: 181.7773895264 - MSE: 181.39075 - batch_Time: 0.3981180679984391s
Epoch[11/20 141/700] - Loss: 157.7213592529 - MSE: 157.46707 - batch_Time: 0.3995602030772716s
Epoch[11/20 142/700] - Loss: 402.2438964844 - MSE: 401.76828 - batch_Time: 0.4000621840823442s
Epoch[11/20 143/700] - Loss: 223.3314056396 - MSE: 222.93901 - batch_Time: 0.400121615966782s
Epoch[11/20 144/700] - Loss: 269.6311035156 - MSE: 269.17136 - batch_Time: 0.4029423219617456s
Epoch[11/20 145/700] - Loss: 121.0094757080 - MSE: 120.79222 - batch_Time: 0.4007619561161846s
Epoch[11/20 146/700] - Loss: 481.1752319336 - MSE: 480.43469 - batch_Time: 0.4006319339387119s
Epoch[11/20 147/700] - Loss: 201.0024719238 - MSE: 200.64056 - batch_Time: 0.40048178704455495s
Epoch[11/20 148/700] - Loss: 368.5743713379 - MSE: 368.07031 - batch_Time: 0.40050321188755333s
Epoch[11/20 149/700] - Loss: 186.0731506348 - MSE: 185.68947 - batch_Time: 0.40262766112573445s
Epoch[11/20 150/700] - Loss: 176.2491760254 - MSE: 175.82314 - batch_Time: 0.39794199680909514s
Epoch[11/20 151/700] - Loss: 207.4979705811 - MSE: 207.04745 - batch_Time: 0.40197676909156144s
Epoch[11/20 152/700] - Loss: 117.7161407471 - MSE: 117.30205 - batch_Time: 0.40002800803631544s
Epoch[11/20 153/700] - Loss: 259.8631896973 - MSE: 259.30597 - batch_Time: 0.3996288520283997s
Epoch[11/20 154/700] - Loss: 237.3722229004 - MSE: 236.88550 - batch_Time: 0.3990163749549538s
Epoch[11/20 155/700] - Loss: 189.4599914551 - MSE: 188.85315 - batch_Time: 0.396835332037881s
Epoch[11/20 156/700] - Loss: 178.7937316895 - MSE: 178.41702 - batch_Time: 0.39959311904385686s
Epoch[11/20 157/700] - Loss: 270.8155212402 - MSE: 270.20163 - batch_Time: 0.4012566569726914s
Epoch[11/20 158/700] - Loss: 82.1596069336 - MSE: 81.81392 - batch_Time: 0.4024667569901794s
Epoch[11/20 159/700] - Loss: 51.9725799561 - MSE: 51.78538 - batch_Time: 0.4014101380016655s
Epoch[11/20 160/700] - Loss: 185.1668395996 - MSE: 184.76790 - batch_Time: 0.40555139002390206s
Epoch[11/20 161/700] - Loss: 157.3355407715 - MSE: 157.01271 - batch_Time: 0.40078488690778613s
Epoch[11/20 162/700] - Loss: 263.2583007812 - MSE: 262.81540 - batch_Time: 0.39668736001476645s
Epoch[11/20 163/700] - Loss: 133.8501281738 - MSE: 133.55446 - batch_Time: 0.4066798440180719s
Epoch[11/20 164/700] - Loss: 191.9815673828 - MSE: 191.60425 - batch_Time: 0.40368949389085174s
Epoch[11/20 165/700] - Loss: 160.8072204590 - MSE: 160.44780 - batch_Time: 0.401378536131233s
Epoch[11/20 166/700] - Loss: 148.5137023926 - MSE: 148.24786 - batch_Time: 0.4011967689730227s
Epoch[11/20 167/700] - Loss: 89.5321578979 - MSE: 89.38950 - batch_Time: 0.4100610159803182s
Epoch[11/20 168/700] - Loss: 100.6572875977 - MSE: 100.33424 - batch_Time: 0.39639890217222273s
Epoch[11/20 169/700] - Loss: 184.2233428955 - MSE: 183.73743 - batch_Time: 0.39804562903009355s
Epoch[11/20 170/700] - Loss: 142.9856719971 - MSE: 142.61188 - batch_Time: 0.405151872895658s
Epoch[11/20 171/700] - Loss: 173.5543212891 - MSE: 173.12218 - batch_Time: 0.40770974196493626s
Epoch[11/20 172/700] - Loss: 269.2559509277 - MSE: 268.79001 - batch_Time: 0.4064509200397879s
Epoch[11/20 173/700] - Loss: 186.3417053223 - MSE: 185.94820 - batch_Time: 0.40666960808448493s
Epoch[11/20 174/700] - Loss: 232.9784851074 - MSE: 232.58992 - batch_Time: 0.4025546920020133s
Epoch[11/20 175/700] - Loss: 261.7095336914 - MSE: 261.28656 - batch_Time: 0.4028039709664881s
Epoch[11/20 176/700] - Loss: 279.0056152344 - MSE: 278.39752 - batch_Time: 0.4050629949197173s
Epoch[11/20 177/700] - Loss: 245.3778076172 - MSE: 245.11914 - batch_Time: 0.4035440820734948s
Epoch[11/20 178/700] - Loss: 207.4939727783 - MSE: 206.89218 - batch_Time: 0.40097923297435045s
Epoch[11/20 179/700] - Loss: 184.5419616699 - MSE: 184.18799 - batch_Time: 0.39651325601153076s
Epoch[11/20 180/700] - Loss: 195.5433807373 - MSE: 195.15952 - batch_Time: 0.40083252219483256s
Epoch[11/20 181/700] - Loss: 278.7796325684 - MSE: 278.31122 - batch_Time: 0.39439081214368343s
Epoch[11/20 182/700] - Loss: 204.8241271973 - MSE: 204.33791 - batch_Time: 0.3964704950340092s
Epoch[11/20 183/700] - Loss: 267.3650207520 - MSE: 266.82590 - batch_Time: 0.3978400870691985s
Epoch[11/20 184/700] - Loss: 209.3440093994 - MSE: 208.78329 - batch_Time: 0.3995931469835341s
Epoch[11/20 185/700] - Loss: 229.4202880859 - MSE: 229.11519 - batch_Time: 0.3993327938951552s
Epoch[11/20 186/700] - Loss: 213.7516937256 - MSE: 213.29771 - batch_Time: 0.3995005111210048s
Epoch[11/20 187/700] - Loss: 248.5264129639 - MSE: 248.08517 - batch_Time: 0.39717705198563635s
Epoch[11/20 188/700] - Loss: 244.6731109619 - MSE: 244.33530 - batch_Time: 0.3970539739821106s
Epoch[11/20 189/700] - Loss: 146.6662902832 - MSE: 146.08878 - batch_Time: 0.3984073440078646s
Epoch[11/20 190/700] - Loss: 218.9227294922 - MSE: 218.27495 - batch_Time: 0.3987146068830043s
Epoch[11/20 191/700] - Loss: 153.4667205811 - MSE: 153.20850 - batch_Time: 0.3960804820526391s
Epoch[11/20 192/700] - Loss: 191.8859252930 - MSE: 191.55099 - batch_Time: 0.39485638914629817s
Epoch[11/20 193/700] - Loss: 162.3132934570 - MSE: 162.01901 - batch_Time: 0.40791814983822405s
Epoch[11/20 194/700] - Loss: 254.7175292969 - MSE: 254.34792 - batch_Time: 0.39532955596223474s
Epoch[11/20 195/700] - Loss: 135.4342956543 - MSE: 135.08804 - batch_Time: 0.3982146680355072s
Epoch[11/20 196/700] - Loss: 240.4880676270 - MSE: 239.96654 - batch_Time: 0.40992250898852944s
Epoch[11/20 197/700] - Loss: 279.2279663086 - MSE: 278.70020 - batch_Time: 0.39472821285016835s
Epoch[11/20 198/700] - Loss: 190.4144592285 - MSE: 190.10739 - batch_Time: 0.40199370007030666s
Epoch[11/20 199/700] - Loss: 178.7448577881 - MSE: 178.46309 - batch_Time: 0.39947307389229536s
Epoch[11/20 200/700] - Loss: 260.3742065430 - MSE: 259.86218 - batch_Time: 0.3973286368418485s
Epoch[11/20 201/700] - Loss: 179.7807464600 - MSE: 179.25577 - batch_Time: 0.3999816889408976s
Epoch[11/20 202/700] - Loss: 163.8284912109 - MSE: 163.47739 - batch_Time: 0.3946327059529722s
Epoch[11/20 203/700] - Loss: 115.2016067505 - MSE: 114.71492 - batch_Time: 0.3955659898929298s
Epoch[11/20 204/700] - Loss: 213.1457977295 - MSE: 212.57442 - batch_Time: 0.3976162320468575s
Epoch[11/20 205/700] - Loss: 217.5045318604 - MSE: 217.23164 - batch_Time: 0.396933687152341s
Epoch[11/20 206/700] - Loss: 216.4506835938 - MSE: 216.17145 - batch_Time: 0.40267774811945856s
Epoch[11/20 207/700] - Loss: 162.0886688232 - MSE: 161.67383 - batch_Time: 0.39875987614504993s
Epoch[11/20 208/700] - Loss: 195.1201171875 - MSE: 194.75418 - batch_Time: 0.40105754300020635s
Epoch[11/20 209/700] - Loss: 184.4940490723 - MSE: 184.10284 - batch_Time: 0.40110786515288055s
Epoch[11/20 210/700] - Loss: 222.7339324951 - MSE: 222.35738 - batch_Time: 0.4006603150628507s
Epoch[11/20 211/700] - Loss: 153.0655059814 - MSE: 152.55371 - batch_Time: 0.3943386741448194s
Epoch[11/20 212/700] - Loss: 188.5398864746 - MSE: 188.15591 - batch_Time: 0.3963526349980384s
Epoch[11/20 213/700] - Loss: 203.3538665771 - MSE: 203.04855 - batch_Time: 0.39826244092546403s
Epoch[11/20 214/700] - Loss: 179.9926910400 - MSE: 179.71011 - batch_Time: 0.40059306588955224s
Epoch[11/20 215/700] - Loss: 193.7933349609 - MSE: 193.21111 - batch_Time: 0.3973436320666224s
Epoch[11/20 216/700] - Loss: 181.6572265625 - MSE: 181.39197 - batch_Time: 0.40211060107685626s
Epoch[11/20 217/700] - Loss: 173.4772644043 - MSE: 173.18452 - batch_Time: 0.3960789099801332s
Epoch[11/20 218/700] - Loss: 141.6092224121 - MSE: 141.27855 - batch_Time: 0.3973912699148059s
Epoch[11/20 219/700] - Loss: 279.0987854004 - MSE: 278.70010 - batch_Time: 0.4011229060124606s
Epoch[11/20 220/700] - Loss: 146.0610198975 - MSE: 145.64355 - batch_Time: 0.3968791540246457s
Epoch[11/20 221/700] - Loss: 274.4636840820 - MSE: 273.78625 - batch_Time: 0.40131469792686403s
Epoch[11/20 222/700] - Loss: 100.3491973877 - MSE: 99.97838 - batch_Time: 0.3958989861421287s
Epoch[11/20 223/700] - Loss: 334.4984130859 - MSE: 333.91763 - batch_Time: 0.40052016894333065s
Epoch[11/20 224/700] - Loss: 383.0297241211 - MSE: 382.57129 - batch_Time: 0.4008987918496132s
Epoch[11/20 225/700] - Loss: 252.1657714844 - MSE: 251.68369 - batch_Time: 0.39573582797311246s
Epoch[11/20 226/700] - Loss: 165.1119537354 - MSE: 164.69824 - batch_Time: 0.40072649205103517s
Epoch[11/20 227/700] - Loss: 170.4997711182 - MSE: 170.14853 - batch_Time: 0.3980256461072713s
Epoch[11/20 228/700] - Loss: 177.7689056396 - MSE: 177.50049 - batch_Time: 0.39703525020740926s
Epoch[11/20 229/700] - Loss: 144.2529144287 - MSE: 144.02448 - batch_Time: 0.3966637260746211s
Epoch[11/20 230/700] - Loss: 224.5122375488 - MSE: 224.15733 - batch_Time: 0.39794663595966995s
Epoch[11/20 231/700] - Loss: 165.3196868896 - MSE: 164.80161 - batch_Time: 0.4008785388432443s
Epoch[11/20 232/700] - Loss: 132.4704895020 - MSE: 132.27963 - batch_Time: 0.4011707161553204s
Epoch[11/20 233/700] - Loss: 163.8607177734 - MSE: 163.61732 - batch_Time: 0.3966860470827669s
Epoch[11/20 234/700] - Loss: 136.0329589844 - MSE: 135.64586 - batch_Time: 0.39526940509676933s
Epoch[11/20 235/700] - Loss: 165.1118774414 - MSE: 164.74637 - batch_Time: 0.3971543931402266s
Epoch[11/20 236/700] - Loss: 157.0363006592 - MSE: 156.57376 - batch_Time: 0.40113074495457113s
Epoch[11/20 237/700] - Loss: 198.4557800293 - MSE: 198.13486 - batch_Time: 0.3978567330632359s
Epoch[11/20 238/700] - Loss: 404.3085327148 - MSE: 403.62415 - batch_Time: 0.40131234703585505s
Epoch[11/20 239/700] - Loss: 179.0668029785 - MSE: 178.82541 - batch_Time: 0.3969639840070158s
Epoch[11/20 240/700] - Loss: 148.5500793457 - MSE: 148.28940 - batch_Time: 0.4011074861045927s
Epoch[11/20 241/700] - Loss: 203.3276367188 - MSE: 202.65771 - batch_Time: 0.4030619680415839s
Epoch[11/20 242/700] - Loss: 155.0181732178 - MSE: 154.77597 - batch_Time: 0.40484945895150304s
Epoch[11/20 243/700] - Loss: 235.6092529297 - MSE: 235.20078 - batch_Time: 0.4083907490130514s
Epoch[11/20 244/700] - Loss: 237.2774353027 - MSE: 236.89871 - batch_Time: 0.40781326312571764s
Epoch[11/20 245/700] - Loss: 338.8743896484 - MSE: 338.29059 - batch_Time: 0.4083635250572115s
Epoch[11/20 246/700] - Loss: 249.5538024902 - MSE: 249.12445 - batch_Time: 0.4035790900234133s
Epoch[11/20 247/700] - Loss: 265.1307373047 - MSE: 264.65515 - batch_Time: 0.40849012788385153s
Epoch[11/20 248/700] - Loss: 187.6655731201 - MSE: 187.40930 - batch_Time: 0.41223607514984906s
Epoch[11/20 249/700] - Loss: 139.1600189209 - MSE: 138.71669 - batch_Time: 0.40606027096509933s
Epoch[11/20 250/700] - Loss: 270.7553100586 - MSE: 270.48917 - batch_Time: 0.4057737370021641s
Epoch[11/20 251/700] - Loss: 258.6295166016 - MSE: 258.33395 - batch_Time: 0.4011293100193143s
Epoch[11/20 252/700] - Loss: 187.1872253418 - MSE: 186.94627 - batch_Time: 0.4001994209829718s
Epoch[11/20 253/700] - Loss: 173.5769500732 - MSE: 173.21216 - batch_Time: 0.4046003660187125s
Epoch[11/20 254/700] - Loss: 127.2609634399 - MSE: 127.06057 - batch_Time: 0.40873738983646035s
Epoch[11/20 255/700] - Loss: 305.2721252441 - MSE: 304.85608 - batch_Time: 0.4002550651784986s
Epoch[11/20 256/700] - Loss: 163.3860015869 - MSE: 162.99153 - batch_Time: 0.39806886203587055s
Epoch[11/20 257/700] - Loss: 219.4182891846 - MSE: 218.83871 - batch_Time: 0.40515149501152337s
Epoch[11/20 258/700] - Loss: 189.2396850586 - MSE: 188.93764 - batch_Time: 0.40326578402891755s
Epoch[11/20 259/700] - Loss: 166.3578186035 - MSE: 166.11594 - batch_Time: 0.3955503979232162s
Epoch[11/20 260/700] - Loss: 271.6636352539 - MSE: 271.24713 - batch_Time: 0.39710668777115643s
Epoch[11/20 261/700] - Loss: 157.4198150635 - MSE: 157.12265 - batch_Time: 0.4044777490198612s
Epoch[11/20 262/700] - Loss: 141.3396301270 - MSE: 141.09993 - batch_Time: 0.405468069948256s
Epoch[11/20 263/700] - Loss: 224.7143554688 - MSE: 224.24486 - batch_Time: 0.40363625902682543s
Epoch[11/20 264/700] - Loss: 265.3975830078 - MSE: 264.94055 - batch_Time: 0.405791430035606s
Epoch[11/20 265/700] - Loss: 138.0185546875 - MSE: 137.68759 - batch_Time: 0.4047993391286582s
Epoch[11/20 266/700] - Loss: 158.1413879395 - MSE: 157.78168 - batch_Time: 0.4043157829437405s
Epoch[11/20 267/700] - Loss: 237.3708953857 - MSE: 236.97363 - batch_Time: 0.4030650579370558s
Epoch[11/20 268/700] - Loss: 211.2784729004 - MSE: 210.77367 - batch_Time: 0.40922212204895914s
Epoch[11/20 269/700] - Loss: 137.2972106934 - MSE: 136.91989 - batch_Time: 0.40388851682655513s
Epoch[11/20 270/700] - Loss: 218.1839752197 - MSE: 217.65181 - batch_Time: 0.4036619330290705s
Epoch[11/20 271/700] - Loss: 186.3109436035 - MSE: 186.00388 - batch_Time: 0.4031163880135864s
Epoch[11/20 272/700] - Loss: 172.0832214355 - MSE: 171.73337 - batch_Time: 0.4029993889853358s
Epoch[11/20 273/700] - Loss: 212.4216156006 - MSE: 212.15697 - batch_Time: 0.40582942008040845s
Epoch[11/20 274/700] - Loss: 217.1347351074 - MSE: 216.75990 - batch_Time: 0.4045992149040103s
Epoch[11/20 275/700] - Loss: 139.4473876953 - MSE: 139.23515 - batch_Time: 0.4049574797973037s
Epoch[11/20 276/700] - Loss: 228.6549530029 - MSE: 228.29039 - batch_Time: 0.4046809379942715s
Epoch[11/20 277/700] - Loss: 123.9113464355 - MSE: 123.67190 - batch_Time: 0.4027483370155096s
Epoch[11/20 278/700] - Loss: 198.8204498291 - MSE: 198.42549 - batch_Time: 0.40029475884512067s
Epoch[11/20 279/700] - Loss: 317.9379272461 - MSE: 317.36780 - batch_Time: 0.4038106300868094s
Epoch[11/20 280/700] - Loss: 172.4944305420 - MSE: 171.91922 - batch_Time: 0.4027286560740322s
Epoch[11/20 281/700] - Loss: 184.4802703857 - MSE: 184.10950 - batch_Time: 0.4035238509532064s
Epoch[11/20 282/700] - Loss: 116.4287490845 - MSE: 116.15714 - batch_Time: 0.4052930301986635s
Epoch[11/20 283/700] - Loss: 143.5078430176 - MSE: 143.20892 - batch_Time: 0.40469215298071504s
Epoch[11/20 284/700] - Loss: 314.2164916992 - MSE: 313.72650 - batch_Time: 0.40300066699273884s
Epoch[11/20 285/700] - Loss: 170.5064697266 - MSE: 169.97995 - batch_Time: 0.403388193808496s
Epoch[11/20 286/700] - Loss: 209.0251617432 - MSE: 208.68150 - batch_Time: 0.4029647218994796s
Epoch[11/20 287/700] - Loss: 194.1405487061 - MSE: 193.76683 - batch_Time: 0.40136492694728076s
Epoch[11/20 288/700] - Loss: 255.8199920654 - MSE: 255.40796 - batch_Time: 0.4028257201425731s
Epoch[11/20 289/700] - Loss: 125.7655563354 - MSE: 125.38490 - batch_Time: 0.40531447413377464s
Epoch[11/20 290/700] - Loss: 212.6447143555 - MSE: 212.16150 - batch_Time: 0.40245821280404925s
Epoch[11/20 291/700] - Loss: 140.6658020020 - MSE: 140.39717 - batch_Time: 0.40551796392537653s
Epoch[11/20 292/700] - Loss: 150.0478210449 - MSE: 149.57213 - batch_Time: 0.3988402080722153s
Epoch[11/20 293/700] - Loss: 170.3589019775 - MSE: 169.93474 - batch_Time: 0.40413639484904706s
Epoch[11/20 294/700] - Loss: 162.1051483154 - MSE: 161.78986 - batch_Time: 0.39893017895519733s
Epoch[11/20 295/700] - Loss: 135.7887420654 - MSE: 135.53676 - batch_Time: 0.4040970620699227s
Epoch[11/20 296/700] - Loss: 147.4909820557 - MSE: 147.25078 - batch_Time: 0.39749658899381757s
Epoch[11/20 297/700] - Loss: 318.3667602539 - MSE: 317.78882 - batch_Time: 0.3960639319848269s
Epoch[11/20 298/700] - Loss: 220.8314514160 - MSE: 220.56963 - batch_Time: 0.39978900109417737s
Epoch[11/20 299/700] - Loss: 202.2263336182 - MSE: 201.69670 - batch_Time: 0.39847499900497496s
Epoch[11/20 300/700] - Loss: 217.4952087402 - MSE: 217.09268 - batch_Time: 0.3986143278889358s
Epoch[11/20 301/700] - Loss: 157.1056671143 - MSE: 156.77994 - batch_Time: 0.3979601110331714s
Epoch[11/20 302/700] - Loss: 135.1687469482 - MSE: 134.84599 - batch_Time: 0.3984704059548676s
Epoch[11/20 303/700] - Loss: 200.1226654053 - MSE: 199.84673 - batch_Time: 0.3984072159510106s
Epoch[11/20 304/700] - Loss: 196.7245330811 - MSE: 196.38290 - batch_Time: 0.3966256361454725s
Epoch[11/20 305/700] - Loss: 198.8325958252 - MSE: 198.42520 - batch_Time: 0.39677876397036016s
Epoch[11/20 306/700] - Loss: 169.6656494141 - MSE: 169.41931 - batch_Time: 0.3969758821185678s
Epoch[11/20 307/700] - Loss: 296.6840515137 - MSE: 296.36462 - batch_Time: 0.39622340886853635s
Epoch[11/20 308/700] - Loss: 150.5006408691 - MSE: 150.09778 - batch_Time: 0.3979810648597777s
Epoch[11/20 309/700] - Loss: 201.5599060059 - MSE: 201.19012 - batch_Time: 0.3952171241398901s
Epoch[11/20 310/700] - Loss: 129.6479339600 - MSE: 129.25690 - batch_Time: 0.3942416231147945s
Epoch[11/20 311/700] - Loss: 448.5911254883 - MSE: 447.68927 - batch_Time: 0.39586779405362904s
Epoch[11/20 312/700] - Loss: 105.8458251953 - MSE: 105.52512 - batch_Time: 0.396762419026345s
Epoch[11/20 313/700] - Loss: 276.1879272461 - MSE: 275.73233 - batch_Time: 0.39754537492990494s
Epoch[11/20 314/700] - Loss: 188.7382354736 - MSE: 188.46416 - batch_Time: 0.3971328469924629s
Epoch[11/20 315/700] - Loss: 128.4479064941 - MSE: 128.05432 - batch_Time: 0.3963859621435404s
Epoch[11/20 316/700] - Loss: 210.2839202881 - MSE: 209.64197 - batch_Time: 0.3976822111289948s
Epoch[11/20 317/700] - Loss: 224.6466827393 - MSE: 224.38142 - batch_Time: 0.3937446470372379s
Epoch[11/20 318/700] - Loss: 120.3799438477 - MSE: 120.21718 - batch_Time: 0.40647283499129117s
Epoch[11/20 319/700] - Loss: 179.8847198486 - MSE: 179.56754 - batch_Time: 0.40477739088237286s
Epoch[11/20 320/700] - Loss: 176.4242553711 - MSE: 175.84084 - batch_Time: 0.40076722693629563s
Epoch[11/20 321/700] - Loss: 210.1053771973 - MSE: 209.88474 - batch_Time: 0.401132354978472s
Epoch[11/20 322/700] - Loss: 217.8840637207 - MSE: 217.32373 - batch_Time: 0.4049274530261755s
Epoch[11/20 323/700] - Loss: 151.0150146484 - MSE: 150.79642 - batch_Time: 0.4006263380870223s
Epoch[11/20 324/700] - Loss: 86.4325408936 - MSE: 86.10422 - batch_Time: 0.40349018620327115s
Epoch[11/20 325/700] - Loss: 161.8737335205 - MSE: 161.58488 - batch_Time: 0.400648329872638s
Epoch[11/20 326/700] - Loss: 132.1081085205 - MSE: 131.82535 - batch_Time: 0.4046528378967196s
Epoch[11/20 327/700] - Loss: 142.9736328125 - MSE: 142.73222 - batch_Time: 0.4010117780417204s
Epoch[11/20 328/700] - Loss: 151.2594604492 - MSE: 150.95720 - batch_Time: 0.40382007881999016s
Epoch[11/20 329/700] - Loss: 226.2586517334 - MSE: 225.90797 - batch_Time: 0.4009349038824439s
Epoch[11/20 330/700] - Loss: 191.0017547607 - MSE: 190.70004 - batch_Time: 0.3966002000961453s
Epoch[11/20 331/700] - Loss: 204.0396728516 - MSE: 203.63721 - batch_Time: 0.3968564479146153s
Epoch[11/20 332/700] - Loss: 168.9543151855 - MSE: 168.63467 - batch_Time: 0.40324343577958643s
Epoch[11/20 333/700] - Loss: 208.6163482666 - MSE: 208.32463 - batch_Time: 0.4003134570084512s
Epoch[11/20 334/700] - Loss: 163.5933074951 - MSE: 163.32581 - batch_Time: 0.4062323640100658s
Epoch[11/20 335/700] - Loss: 245.2455444336 - MSE: 244.79257 - batch_Time: 0.40473976521752775s
Epoch[11/20 336/700] - Loss: 186.3526306152 - MSE: 186.06436 - batch_Time: 0.4024352510459721s
Epoch[11/20 337/700] - Loss: 125.7325515747 - MSE: 125.44313 - batch_Time: 0.39800193696282804s
Epoch[11/20 338/700] - Loss: 214.7428894043 - MSE: 214.48854 - batch_Time: 0.40347842685878277s
Epoch[11/20 339/700] - Loss: 212.8744659424 - MSE: 212.53848 - batch_Time: 0.40260241413488984s
Epoch[11/20 340/700] - Loss: 238.0577850342 - MSE: 237.65730 - batch_Time: 0.4133337631355971s
Epoch[11/20 341/700] - Loss: 224.6664428711 - MSE: 224.27498 - batch_Time: 0.40878229099325836s
Epoch[11/20 342/700] - Loss: 182.4174346924 - MSE: 182.08678 - batch_Time: 0.3975719960872084s
Epoch[11/20 343/700] - Loss: 143.8982849121 - MSE: 143.40094 - batch_Time: 0.39882883499376476s
Epoch[11/20 344/700] - Loss: 120.9695434570 - MSE: 120.74712 - batch_Time: 0.40571017493493855s
Epoch[11/20 345/700] - Loss: 317.3815612793 - MSE: 316.77936 - batch_Time: 0.4044890229124576s
Epoch[11/20 346/700] - Loss: 184.8249053955 - MSE: 184.50183 - batch_Time: 0.4008714319206774s
Epoch[11/20 347/700] - Loss: 134.9229888916 - MSE: 134.71880 - batch_Time: 0.3995968890376389s
Epoch[11/20 348/700] - Loss: 212.6385345459 - MSE: 212.19812 - batch_Time: 0.3991788390558213s
Epoch[11/20 349/700] - Loss: 198.9287719727 - MSE: 198.61725 - batch_Time: 0.4042089448776096s
Epoch[11/20 350/700] - Loss: 213.8612365723 - MSE: 213.42377 - batch_Time: 0.40807939507067204s
Epoch[11/20 351/700] - Loss: 141.1645050049 - MSE: 140.87859 - batch_Time: 0.4026423180475831s
Epoch[11/20 352/700] - Loss: 172.2191925049 - MSE: 171.88396 - batch_Time: 0.40431513101793826s
Epoch[11/20 353/700] - Loss: 189.7603912354 - MSE: 189.11107 - batch_Time: 0.4075839889701456s
Epoch[11/20 354/700] - Loss: 220.0927124023 - MSE: 219.72205 - batch_Time: 0.4039688101038337s
Epoch[11/20 355/700] - Loss: 242.3954315186 - MSE: 242.02422 - batch_Time: 0.3990309960208833s
Epoch[11/20 356/700] - Loss: 202.3695678711 - MSE: 201.83469 - batch_Time: 0.40252502099610865s
Epoch[11/20 357/700] - Loss: 101.7197875977 - MSE: 101.41709 - batch_Time: 0.4061805058736354s
Epoch[11/20 358/700] - Loss: 126.9730987549 - MSE: 126.67873 - batch_Time: 0.4050128480885178s
Epoch[11/20 359/700] - Loss: 281.0285644531 - MSE: 280.60910 - batch_Time: 0.40240746084600687s
Epoch[11/20 360/700] - Loss: 228.1377258301 - MSE: 227.61267 - batch_Time: 0.4005480268970132s
Epoch[11/20 361/700] - Loss: 140.2836151123 - MSE: 140.06558 - batch_Time: 0.401725155999884s
Epoch[11/20 362/700] - Loss: 189.4556732178 - MSE: 189.11887 - batch_Time: 0.39538611890748143s
Epoch[11/20 363/700] - Loss: 175.8917388916 - MSE: 175.64392 - batch_Time: 0.39969373890198767s
Epoch[11/20 364/700] - Loss: 146.9090881348 - MSE: 146.64384 - batch_Time: 0.39549973304383457s
Epoch[11/20 365/700] - Loss: 169.4465179443 - MSE: 169.10651 - batch_Time: 0.39935129997320473s
Epoch[11/20 366/700] - Loss: 180.9946899414 - MSE: 180.51086 - batch_Time: 0.4001733160112053s
Epoch[11/20 367/700] - Loss: 139.8244628906 - MSE: 139.51973 - batch_Time: 0.395987288095057s
Epoch[11/20 368/700] - Loss: 385.7383117676 - MSE: 385.22528 - batch_Time: 0.4019897261168808s
Epoch[11/20 369/700] - Loss: 139.6682586670 - MSE: 139.26701 - batch_Time: 0.3941216189414263s
Epoch[11/20 370/700] - Loss: 160.3444366455 - MSE: 159.94624 - batch_Time: 0.39990948885679245s
Epoch[11/20 371/700] - Loss: 252.3794250488 - MSE: 251.96185 - batch_Time: 0.39657661505043507s
Epoch[11/20 372/700] - Loss: 187.0813598633 - MSE: 186.70392 - batch_Time: 0.40098237385973334s
Epoch[11/20 373/700] - Loss: 244.1924591064 - MSE: 243.77173 - batch_Time: 0.3972870351281017s
Epoch[11/20 374/700] - Loss: 181.7825317383 - MSE: 181.45253 - batch_Time: 0.39817298180423677s
Epoch[11/20 375/700] - Loss: 264.8243713379 - MSE: 264.35782 - batch_Time: 0.4013740620575845s
Epoch[11/20 376/700] - Loss: 139.5453033447 - MSE: 139.20982 - batch_Time: 0.4041727031581104s
Epoch[11/20 377/700] - Loss: 165.2736511230 - MSE: 164.91559 - batch_Time: 0.3986354977823794s
Epoch[11/20 378/700] - Loss: 230.1613464355 - MSE: 229.82907 - batch_Time: 0.3976480190176517s
Epoch[11/20 379/700] - Loss: 148.1609497070 - MSE: 147.73993 - batch_Time: 0.39910474396310747s
Epoch[11/20 380/700] - Loss: 254.4829711914 - MSE: 254.12283 - batch_Time: 0.40145205007866025s
Epoch[11/20 381/700] - Loss: 201.8556976318 - MSE: 201.49796 - batch_Time: 0.40028275712393224s
Epoch[11/20 382/700] - Loss: 135.6124420166 - MSE: 135.37776 - batch_Time: 0.3981719671282917s
Epoch[11/20 383/700] - Loss: 146.6412200928 - MSE: 146.06586 - batch_Time: 0.39952734485268593s
Epoch[11/20 384/700] - Loss: 160.0493011475 - MSE: 159.80423 - batch_Time: 0.3950780900195241s
Epoch[11/20 385/700] - Loss: 255.8537597656 - MSE: 255.36853 - batch_Time: 0.4057857890147716s
Epoch[11/20 386/700] - Loss: 152.7011871338 - MSE: 152.27916 - batch_Time: 0.4044282890390605s
Epoch[11/20 387/700] - Loss: 199.5558929443 - MSE: 199.12042 - batch_Time: 0.398324053036049s
Epoch[11/20 388/700] - Loss: 288.9182434082 - MSE: 288.57669 - batch_Time: 0.39728771592490375s
Epoch[11/20 389/700] - Loss: 154.3882751465 - MSE: 154.15810 - batch_Time: 0.4035457191057503s
Epoch[11/20 390/700] - Loss: 101.3491363525 - MSE: 101.11506 - batch_Time: 0.405737420078367s
Epoch[11/20 391/700] - Loss: 160.5044860840 - MSE: 160.11954 - batch_Time: 0.39825978386215866s
Epoch[11/20 392/700] - Loss: 184.4283142090 - MSE: 184.08395 - batch_Time: 0.4051263350993395s
Epoch[11/20 393/700] - Loss: 174.5293273926 - MSE: 174.25542 - batch_Time: 0.40542780398391187s
Epoch[11/20 394/700] - Loss: 418.6480407715 - MSE: 418.02612 - batch_Time: 0.39979884098283947s
Epoch[11/20 395/700] - Loss: 164.8222656250 - MSE: 164.50771 - batch_Time: 0.3938995338976383s
Epoch[11/20 396/700] - Loss: 270.5538330078 - MSE: 270.18347 - batch_Time: 0.4019841030240059s
Epoch[11/20 397/700] - Loss: 140.0285339355 - MSE: 139.65340 - batch_Time: 0.3941957908682525s
Epoch[11/20 398/700] - Loss: 178.6997222900 - MSE: 178.19618 - batch_Time: 0.399642403004691s
Epoch[11/20 399/700] - Loss: 197.2845764160 - MSE: 196.89426 - batch_Time: 0.3953946018591523s
Epoch[11/20 400/700] - Loss: 153.3608093262 - MSE: 152.86958 - batch_Time: 0.40046461089514196s
Epoch[11/20 401/700] - Loss: 200.5775146484 - MSE: 200.13084 - batch_Time: 0.40476447087712586s
Epoch[11/20 402/700] - Loss: 191.6020202637 - MSE: 191.12299 - batch_Time: 0.4009112361818552s
Epoch[11/20 403/700] - Loss: 188.2456359863 - MSE: 187.91357 - batch_Time: 0.3972125581931323s
Epoch[11/20 404/700] - Loss: 193.3948974609 - MSE: 192.92123 - batch_Time: 0.4006132739596069s
Epoch[11/20 405/700] - Loss: 270.5163574219 - MSE: 270.05508 - batch_Time: 0.4014304541051388s
Epoch[11/20 406/700] - Loss: 148.9347534180 - MSE: 148.59451 - batch_Time: 0.3990775370039046s
Epoch[11/20 407/700] - Loss: 140.6804504395 - MSE: 140.26250 - batch_Time: 0.3993691250216216s
Epoch[11/20 408/700] - Loss: 204.7089843750 - MSE: 204.31798 - batch_Time: 0.3948901609983295s
Epoch[11/20 409/700] - Loss: 186.4018859863 - MSE: 186.04478 - batch_Time: 0.39905153401196003s
Epoch[11/20 410/700] - Loss: 107.2235260010 - MSE: 106.97025 - batch_Time: 0.40406337287276983s
Epoch[11/20 411/700] - Loss: 162.8533172607 - MSE: 162.60309 - batch_Time: 0.39535129722207785s
Epoch[11/20 412/700] - Loss: 195.1128692627 - MSE: 194.76736 - batch_Time: 0.4052861451637s
Epoch[11/20 413/700] - Loss: 191.8894348145 - MSE: 191.65582 - batch_Time: 0.4038559121545404s
Epoch[11/20 414/700] - Loss: 172.2971954346 - MSE: 172.01431 - batch_Time: 0.400047454982996s
Epoch[11/20 415/700] - Loss: 245.6718292236 - MSE: 245.24773 - batch_Time: 0.3997327140532434s
Epoch[11/20 416/700] - Loss: 215.9956970215 - MSE: 215.39685 - batch_Time: 0.39938440080732107s
Epoch[11/20 417/700] - Loss: 296.1712341309 - MSE: 295.73837 - batch_Time: 0.4007612701971084s
Epoch[11/20 418/700] - Loss: 280.5972290039 - MSE: 280.01718 - batch_Time: 0.40192921785637736s
Epoch[11/20 419/700] - Loss: 366.0615539551 - MSE: 365.58704 - batch_Time: 0.3927134438417852s
Epoch[11/20 420/700] - Loss: 208.8469543457 - MSE: 208.46185 - batch_Time: 0.397145661059767s
Epoch[11/20 421/700] - Loss: 121.7166671753 - MSE: 121.45865 - batch_Time: 0.3956388710066676s
Epoch[11/20 422/700] - Loss: 313.2530517578 - MSE: 312.84369 - batch_Time: 0.40092683606781065s
Epoch[11/20 423/700] - Loss: 171.1744689941 - MSE: 170.64481 - batch_Time: 0.40136175788939s
Epoch[11/20 424/700] - Loss: 224.5152587891 - MSE: 224.24399 - batch_Time: 0.401578496908769s
Epoch[11/20 425/700] - Loss: 281.1296997070 - MSE: 280.70596 - batch_Time: 0.399980538059026s
Epoch[11/20 426/700] - Loss: 229.2032470703 - MSE: 228.87773 - batch_Time: 0.3953831361141056s
Epoch[11/20 427/700] - Loss: 242.8887634277 - MSE: 242.61006 - batch_Time: 0.3954188779462129s
Epoch[11/20 428/700] - Loss: 192.1631774902 - MSE: 191.65567 - batch_Time: 0.39675867301411927s
Epoch[11/20 429/700] - Loss: 235.8428955078 - MSE: 235.52267 - batch_Time: 0.3968506259843707s
Epoch[11/20 430/700] - Loss: 211.2386779785 - MSE: 210.92278 - batch_Time: 0.40145398094318807s
Epoch[11/20 431/700] - Loss: 172.9089355469 - MSE: 172.61867 - batch_Time: 0.3966296319849789s
Epoch[11/20 432/700] - Loss: 143.0301055908 - MSE: 142.81699 - batch_Time: 0.40305236587300897s
Epoch[11/20 433/700] - Loss: 383.5849609375 - MSE: 383.08231 - batch_Time: 0.3987610759213567s
Epoch[11/20 434/700] - Loss: 161.9936370850 - MSE: 161.52222 - batch_Time: 0.39751731301657856s
Epoch[11/20 435/700] - Loss: 174.4528656006 - MSE: 174.24130 - batch_Time: 0.39734131493605673s
Epoch[11/20 436/700] - Loss: 235.1115875244 - MSE: 234.36575 - batch_Time: 0.4001559370663017s
Epoch[11/20 437/700] - Loss: 252.8384552002 - MSE: 252.31145 - batch_Time: 0.39963019778952s
Epoch[11/20 438/700] - Loss: 174.1419372559 - MSE: 173.91170 - batch_Time: 0.3978059529326856s
Epoch[11/20 439/700] - Loss: 190.6340484619 - MSE: 190.11665 - batch_Time: 0.4011110558640212s
Epoch[11/20 440/700] - Loss: 217.1989898682 - MSE: 216.84236 - batch_Time: 0.3989570951089263s
Epoch[11/20 441/700] - Loss: 177.1312713623 - MSE: 176.67151 - batch_Time: 0.3980981260538101s
Epoch[11/20 442/700] - Loss: 242.9957733154 - MSE: 242.49622 - batch_Time: 0.40128555707633495s
Epoch[11/20 443/700] - Loss: 171.1786041260 - MSE: 170.87070 - batch_Time: 0.3973610319662839s
Epoch[11/20 444/700] - Loss: 145.3330688477 - MSE: 144.98116 - batch_Time: 0.40051245503127575s
Epoch[11/20 445/700] - Loss: 299.6840820312 - MSE: 299.20023 - batch_Time: 0.39715500897727907s
Epoch[11/20 446/700] - Loss: 208.9813995361 - MSE: 208.57852 - batch_Time: 0.3976647639647126s
Epoch[11/20 447/700] - Loss: 216.8063964844 - MSE: 216.32722 - batch_Time: 0.3984318091534078s
Epoch[11/20 448/700] - Loss: 181.2508850098 - MSE: 180.88844 - batch_Time: 0.40203076507896185s
Epoch[11/20 449/700] - Loss: 178.2833251953 - MSE: 178.09305 - batch_Time: 0.4094332999084145s
Epoch[11/20 450/700] - Loss: 241.3679962158 - MSE: 241.05786 - batch_Time: 0.39739825390279293s
Epoch[11/20 451/700] - Loss: 124.4478149414 - MSE: 124.02262 - batch_Time: 0.40171780716627836s
Epoch[11/20 452/700] - Loss: 87.4030151367 - MSE: 87.25101 - batch_Time: 0.3974584259558469s
Epoch[11/20 453/700] - Loss: 215.5923919678 - MSE: 215.30203 - batch_Time: 0.4001640700735152s
Epoch[11/20 454/700] - Loss: 184.0572967529 - MSE: 183.48959 - batch_Time: 0.4021214540116489s
Epoch[11/20 455/700] - Loss: 231.3424224854 - MSE: 230.86754 - batch_Time: 0.4005577259231359s
Epoch[11/20 456/700] - Loss: 177.5937500000 - MSE: 177.25691 - batch_Time: 0.4005495379678905s
Epoch[11/20 457/700] - Loss: 206.1995239258 - MSE: 205.96489 - batch_Time: 0.3956764789763838s
Epoch[11/20 458/700] - Loss: 267.8621826172 - MSE: 267.26920 - batch_Time: 0.3959054190199822s
Epoch[11/20 459/700] - Loss: 154.1825714111 - MSE: 153.70905 - batch_Time: 0.40728153893724084s
Epoch[11/20 460/700] - Loss: 225.1034393311 - MSE: 224.74429 - batch_Time: 0.4046632098034024s
Epoch[11/20 461/700] - Loss: 242.2898254395 - MSE: 241.99579 - batch_Time: 0.40270530711859465s
Epoch[11/20 462/700] - Loss: 190.8457946777 - MSE: 190.39885 - batch_Time: 0.40004196809604764s
Epoch[11/20 463/700] - Loss: 207.2391357422 - MSE: 206.82700 - batch_Time: 0.40060833003371954s
Epoch[11/20 464/700] - Loss: 171.0751495361 - MSE: 170.75314 - batch_Time: 0.4015739131718874s
Epoch[11/20 465/700] - Loss: 180.5484313965 - MSE: 180.24197 - batch_Time: 0.40999132208526134s
Epoch[11/20 466/700] - Loss: 232.3098297119 - MSE: 231.57573 - batch_Time: 0.40142325102351606s
Epoch[11/20 467/700] - Loss: 323.4413146973 - MSE: 323.03275 - batch_Time: 0.3995738059747964s
Epoch[11/20 468/700] - Loss: 231.0834808350 - MSE: 230.72197 - batch_Time: 0.3956510010175407s
Epoch[11/20 469/700] - Loss: 126.7106475830 - MSE: 126.43152 - batch_Time: 0.39852992817759514s
Epoch[11/20 470/700] - Loss: 125.2161026001 - MSE: 124.88263 - batch_Time: 0.3982183679472655s
Epoch[11/20 471/700] - Loss: 294.5070495605 - MSE: 294.17923 - batch_Time: 0.3986584800295532s
Epoch[11/20 472/700] - Loss: 154.2240447998 - MSE: 153.64777 - batch_Time: 0.39818094205111265s
Epoch[11/20 473/700] - Loss: 201.3039245605 - MSE: 200.96130 - batch_Time: 0.399964981013909s
Epoch[11/20 474/700] - Loss: 199.4067382812 - MSE: 199.23282 - batch_Time: 0.3982203241903335s
Epoch[11/20 475/700] - Loss: 158.2786254883 - MSE: 158.01035 - batch_Time: 0.39946248405613005s
Epoch[11/20 476/700] - Loss: 96.3794326782 - MSE: 96.18562 - batch_Time: 0.3973969218786806s
Epoch[11/20 477/700] - Loss: 221.9635314941 - MSE: 221.34390 - batch_Time: 0.39661848987452686s
Epoch[11/20 478/700] - Loss: 193.2701110840 - MSE: 192.91444 - batch_Time: 0.40324570005759597s
Epoch[11/20 479/700] - Loss: 125.9635543823 - MSE: 125.74452 - batch_Time: 0.3992286648135632s
Epoch[11/20 480/700] - Loss: 239.1504821777 - MSE: 238.81186 - batch_Time: 0.3979719409253448s
Epoch[11/20 481/700] - Loss: 284.7455444336 - MSE: 284.40051 - batch_Time: 0.3977177059277892s
Epoch[11/20 482/700] - Loss: 209.7008056641 - MSE: 209.10062 - batch_Time: 0.3981499020010233s
Epoch[11/20 483/700] - Loss: 208.4754638672 - MSE: 208.23514 - batch_Time: 0.3986213731113821s
Epoch[11/20 484/700] - Loss: 128.7590026855 - MSE: 128.58740 - batch_Time: 0.3978747201617807s
Epoch[11/20 485/700] - Loss: 159.6112365723 - MSE: 159.30286 - batch_Time: 0.3985848680604249s
Epoch[11/20 486/700] - Loss: 261.0118103027 - MSE: 260.60678 - batch_Time: 0.39777120389044285s
Epoch[11/20 487/700] - Loss: 182.9228515625 - MSE: 182.48683 - batch_Time: 0.39742295490577817s
Epoch[11/20 488/700] - Loss: 315.1737670898 - MSE: 314.66284 - batch_Time: 0.40275080711580813s
Epoch[11/20 489/700] - Loss: 141.7713623047 - MSE: 141.42931 - batch_Time: 0.3992434339597821s
Epoch[11/20 490/700] - Loss: 123.2797393799 - MSE: 122.86348 - batch_Time: 0.3982547428458929s
Epoch[11/20 491/700] - Loss: 138.7895507812 - MSE: 138.37302 - batch_Time: 0.3984803210478276s
Epoch[11/20 492/700] - Loss: 126.0387725830 - MSE: 125.78526 - batch_Time: 0.3984118150547147s
Epoch[11/20 493/700] - Loss: 148.4996948242 - MSE: 148.11563 - batch_Time: 0.3987801179755479s
Epoch[11/20 494/700] - Loss: 251.7911376953 - MSE: 251.33334 - batch_Time: 0.39902323903515935s
Epoch[11/20 495/700] - Loss: 258.4164428711 - MSE: 257.91629 - batch_Time: 0.39938837103545666s
Epoch[11/20 496/700] - Loss: 97.0310058594 - MSE: 96.79484 - batch_Time: 0.3984118620865047s
Epoch[11/20 497/700] - Loss: 335.7341003418 - MSE: 335.42072 - batch_Time: 0.3989555728621781s
Epoch[11/20 498/700] - Loss: 156.7790527344 - MSE: 156.46637 - batch_Time: 0.3981814191211015s
Epoch[11/20 499/700] - Loss: 161.9328613281 - MSE: 161.45523 - batch_Time: 0.40310272201895714s
Epoch[11/20 500/700] - Loss: 340.5532226562 - MSE: 339.95770 - batch_Time: 0.39607883081771433s
Epoch[11/20 501/700] - Loss: 201.5859680176 - MSE: 201.09393 - batch_Time: 0.39843967091292143s
Epoch[11/20 502/700] - Loss: 138.3055267334 - MSE: 138.06844 - batch_Time: 0.39781990298070014s
Epoch[11/20 503/700] - Loss: 172.8488769531 - MSE: 172.34190 - batch_Time: 0.3981520379893482s
Epoch[11/20 504/700] - Loss: 203.9112243652 - MSE: 203.57523 - batch_Time: 0.3987543110270053s
Epoch[11/20 505/700] - Loss: 177.1649322510 - MSE: 176.77332 - batch_Time: 0.4028747060801834s
Epoch[11/20 506/700] - Loss: 122.4705963135 - MSE: 121.98936 - batch_Time: 0.3972479719668627s
Epoch[11/20 507/700] - Loss: 177.8027496338 - MSE: 177.40434 - batch_Time: 0.4001313701737672s
Epoch[11/20 508/700] - Loss: 129.7837524414 - MSE: 129.49751 - batch_Time: 0.39762516785413027s
Epoch[11/20 509/700] - Loss: 106.2890777588 - MSE: 105.91418 - batch_Time: 0.39770341804251075s
Epoch[11/20 510/700] - Loss: 186.5164184570 - MSE: 186.04706 - batch_Time: 0.39762769895605743s
Epoch[11/20 511/700] - Loss: 200.1956787109 - MSE: 199.80157 - batch_Time: 0.3978081301320344s
Epoch[11/20 512/700] - Loss: 145.2306823730 - MSE: 144.91881 - batch_Time: 0.3979251589626074s
Epoch[11/20 513/700] - Loss: 339.8760986328 - MSE: 339.41449 - batch_Time: 0.3978777430020273s
Epoch[11/20 514/700] - Loss: 184.1299591064 - MSE: 183.94388 - batch_Time: 0.3973560039885342s
Epoch[11/20 515/700] - Loss: 138.1693725586 - MSE: 137.94931 - batch_Time: 0.39759017899632454s
Epoch[11/20 516/700] - Loss: 245.7943725586 - MSE: 245.42021 - batch_Time: 0.39675685903057456s
Epoch[11/20 517/700] - Loss: 158.4274749756 - MSE: 158.08412 - batch_Time: 0.3996964949183166s
Epoch[11/20 518/700] - Loss: 184.9762115479 - MSE: 184.34036 - batch_Time: 0.39751561800949275s
Epoch[11/20 519/700] - Loss: 135.3433380127 - MSE: 134.99850 - batch_Time: 0.3990629210602492s
Epoch[11/20 520/700] - Loss: 241.5144805908 - MSE: 241.07974 - batch_Time: 0.3977276280056685s
Epoch[11/20 521/700] - Loss: 172.4639282227 - MSE: 172.20190 - batch_Time: 0.39761860202997923s
Epoch[11/20 522/700] - Loss: 152.5316009521 - MSE: 152.28992 - batch_Time: 0.39767408021725714s
Epoch[11/20 523/700] - Loss: 346.1607971191 - MSE: 345.70251 - batch_Time: 0.4021923919208348s
Epoch[11/20 524/700] - Loss: 255.2621459961 - MSE: 254.65472 - batch_Time: 0.3971552748698741s
Epoch[11/20 525/700] - Loss: 127.3164749146 - MSE: 127.06183 - batch_Time: 0.39705277793109417s
Epoch[11/20 526/700] - Loss: 212.0475463867 - MSE: 211.64610 - batch_Time: 0.39835576713085175s
Epoch[11/20 527/700] - Loss: 120.0799102783 - MSE: 119.73716 - batch_Time: 0.39752301294356585s
Epoch[11/20 528/700] - Loss: 180.7732543945 - MSE: 180.40889 - batch_Time: 0.39745879801921546s
Epoch[11/20 529/700] - Loss: 269.5670776367 - MSE: 269.25452 - batch_Time: 0.4030101769603789s
Epoch[11/20 530/700] - Loss: 221.6694641113 - MSE: 221.37361 - batch_Time: 0.39851312106475234s
Epoch[11/20 531/700] - Loss: 164.5260009766 - MSE: 164.06326 - batch_Time: 0.39907653210684657s
Epoch[11/20 532/700] - Loss: 259.3242492676 - MSE: 258.86139 - batch_Time: 0.3982746680267155s
Epoch[11/20 533/700] - Loss: 246.2910156250 - MSE: 245.99524 - batch_Time: 0.39894423889927566s
Epoch[11/20 534/700] - Loss: 311.8031616211 - MSE: 311.22729 - batch_Time: 0.40475078485906124s
Epoch[11/20 535/700] - Loss: 195.3034057617 - MSE: 194.96631 - batch_Time: 0.4056711420416832s
Epoch[11/20 536/700] - Loss: 274.2250976562 - MSE: 273.39603 - batch_Time: 0.4017333840020001s
Epoch[11/20 537/700] - Loss: 205.9391021729 - MSE: 205.40985 - batch_Time: 0.40395074407570064s
Epoch[11/20 538/700] - Loss: 199.4234619141 - MSE: 199.07332 - batch_Time: 0.4039275280665606s
Epoch[11/20 539/700] - Loss: 192.8331146240 - MSE: 192.57169 - batch_Time: 0.39900730713270605s
Epoch[11/20 540/700] - Loss: 211.8989562988 - MSE: 211.46445 - batch_Time: 0.3974590788129717s
Epoch[11/20 541/700] - Loss: 173.2421112061 - MSE: 172.81076 - batch_Time: 0.40199584793299437s
Epoch[11/20 542/700] - Loss: 189.8507995605 - MSE: 189.49553 - batch_Time: 0.4038449968211353s
Epoch[11/20 543/700] - Loss: 174.8397521973 - MSE: 174.22684 - batch_Time: 0.3979455539956689s
Epoch[11/20 544/700] - Loss: 172.6713256836 - MSE: 172.37073 - batch_Time: 0.3973869360052049s
Epoch[11/20 545/700] - Loss: 181.3908691406 - MSE: 181.04752 - batch_Time: 0.40136903594247997s
Epoch[11/20 546/700] - Loss: 183.5163879395 - MSE: 183.17509 - batch_Time: 0.3977809720672667s
Epoch[11/20 547/700] - Loss: 170.0419464111 - MSE: 169.80545 - batch_Time: 0.3983708838932216s
Epoch[11/20 548/700] - Loss: 178.5625305176 - MSE: 178.19588 - batch_Time: 0.39747616089880466s
Epoch[11/20 549/700] - Loss: 304.0068969727 - MSE: 303.52582 - batch_Time: 0.4018167038448155s
Epoch[11/20 550/700] - Loss: 106.9875793457 - MSE: 106.67670 - batch_Time: 0.40078117582015693s
Epoch[11/20 551/700] - Loss: 327.8997192383 - MSE: 327.34982 - batch_Time: 0.39549077209085226s
Epoch[11/20 552/700] - Loss: 129.0354309082 - MSE: 128.86160 - batch_Time: 0.39942719391547143s
Epoch[11/20 553/700] - Loss: 250.2963104248 - MSE: 249.86131 - batch_Time: 0.4021035861223936s
Epoch[11/20 554/700] - Loss: 164.2843017578 - MSE: 163.79173 - batch_Time: 0.398516443092376s
Epoch[11/20 555/700] - Loss: 191.2998046875 - MSE: 190.80847 - batch_Time: 0.4005258888937533s
Epoch[11/20 556/700] - Loss: 202.4320068359 - MSE: 202.19510 - batch_Time: 0.3939595080446452s
Epoch[11/20 557/700] - Loss: 154.6267852783 - MSE: 154.35345 - batch_Time: 0.3952558480668813s
Epoch[11/20 558/700] - Loss: 192.4399719238 - MSE: 191.95148 - batch_Time: 0.39659069292247295s
Epoch[11/20 559/700] - Loss: 246.6183929443 - MSE: 246.31143 - batch_Time: 0.3941607808228582s
Epoch[11/20 560/700] - Loss: 205.8973846436 - MSE: 205.54854 - batch_Time: 0.3976690690033138s
Epoch[11/20 561/700] - Loss: 338.1876220703 - MSE: 337.59595 - batch_Time: 0.3940631758887321s
Epoch[11/20 562/700] - Loss: 175.3626556396 - MSE: 174.87456 - batch_Time: 0.399386762175709s
Epoch[11/20 563/700] - Loss: 151.6823730469 - MSE: 151.37273 - batch_Time: 0.39589286502450705s
Epoch[11/20 564/700] - Loss: 174.9410705566 - MSE: 174.62762 - batch_Time: 0.39517567213624716s
Epoch[11/20 565/700] - Loss: 166.7939147949 - MSE: 166.34818 - batch_Time: 0.39402947295457125s
Epoch[11/20 566/700] - Loss: 159.4953308105 - MSE: 159.26735 - batch_Time: 0.3919188620056957s
Epoch[11/20 567/700] - Loss: 230.0769805908 - MSE: 229.59070 - batch_Time: 0.3942428920418024s
Epoch[11/20 568/700] - Loss: 272.5103149414 - MSE: 272.00485 - batch_Time: 0.39457003795541823s
Epoch[11/20 569/700] - Loss: 164.4432373047 - MSE: 164.10825 - batch_Time: 0.3954105048906058s
Epoch[11/20 570/700] - Loss: 246.0677185059 - MSE: 245.72214 - batch_Time: 0.3928703819401562s
Epoch[11/20 571/700] - Loss: 169.2847290039 - MSE: 169.02423 - batch_Time: 0.39437224599532783s
Epoch[11/20 572/700] - Loss: 142.3532104492 - MSE: 142.13095 - batch_Time: 0.39536191103979945s
Epoch[11/20 573/700] - Loss: 223.5663757324 - MSE: 223.14944 - batch_Time: 0.401738157030195s
Epoch[11/20 574/700] - Loss: 233.6920776367 - MSE: 233.14575 - batch_Time: 0.4010792230255902s
Epoch[11/20 575/700] - Loss: 157.8297729492 - MSE: 157.42761 - batch_Time: 0.4028611402027309s
Epoch[11/20 576/700] - Loss: 130.2128601074 - MSE: 129.86452 - batch_Time: 0.39445437607355416s
Epoch[11/20 577/700] - Loss: 186.0995178223 - MSE: 185.81155 - batch_Time: 0.3997771688736975s
Epoch[11/20 578/700] - Loss: 161.5467529297 - MSE: 161.16853 - batch_Time: 0.3983283678535372s
Epoch[11/20 579/700] - Loss: 147.5955963135 - MSE: 147.29652 - batch_Time: 0.40031755389645696s
Epoch[11/20 580/700] - Loss: 151.6031036377 - MSE: 151.18097 - batch_Time: 0.3958556840661913s
Epoch[11/20 581/700] - Loss: 276.1519165039 - MSE: 275.82391 - batch_Time: 0.39966419991105795s
Epoch[11/20 582/700] - Loss: 293.1342773438 - MSE: 292.73004 - batch_Time: 0.39434887492097914s
Epoch[11/20 583/700] - Loss: 179.3150634766 - MSE: 178.87849 - batch_Time: 0.39856948191300035s
Epoch[11/20 584/700] - Loss: 178.7143707275 - MSE: 178.32277 - batch_Time: 0.39953535608947277s
Epoch[11/20 585/700] - Loss: 101.5848159790 - MSE: 101.31059 - batch_Time: 0.3981155529618263s
Epoch[11/20 586/700] - Loss: 172.7538299561 - MSE: 172.51923 - batch_Time: 0.3947739361319691s
Epoch[11/20 587/700] - Loss: 287.5375976562 - MSE: 287.20575 - batch_Time: 0.40177735104225576s
Epoch[11/20 588/700] - Loss: 228.2059936523 - MSE: 227.81015 - batch_Time: 0.39590812916867435s
Epoch[11/20 589/700] - Loss: 129.8542022705 - MSE: 129.49931 - batch_Time: 0.4004219879861921s
Epoch[11/20 590/700] - Loss: 150.8901672363 - MSE: 150.53914 - batch_Time: 0.3970524398609996s
Epoch[11/20 591/700] - Loss: 178.5975494385 - MSE: 178.28893 - batch_Time: 0.40237965900450945s
Epoch[11/20 592/700] - Loss: 319.5122680664 - MSE: 318.93829 - batch_Time: 0.396814257837832s
Epoch[11/20 593/700] - Loss: 183.5830688477 - MSE: 183.37546 - batch_Time: 0.39943806384690106s
Epoch[11/20 594/700] - Loss: 107.5880584717 - MSE: 107.27724 - batch_Time: 0.40274062589742243s
Epoch[11/20 595/700] - Loss: 245.2346191406 - MSE: 244.85986 - batch_Time: 0.3977867958601564s
Epoch[11/20 596/700] - Loss: 206.5556335449 - MSE: 206.32530 - batch_Time: 0.4001020968426019s
Epoch[11/20 597/700] - Loss: 333.5738830566 - MSE: 333.09680 - batch_Time: 0.3966957179363817s
Epoch[11/20 598/700] - Loss: 158.2798919678 - MSE: 158.09807 - batch_Time: 0.41555202496238053s
Epoch[11/20 599/700] - Loss: 152.9512176514 - MSE: 152.63531 - batch_Time: 0.4030111189931631s
Epoch[11/20 600/700] - Loss: 112.5310592651 - MSE: 112.17346 - batch_Time: 0.4001605238299817s
Epoch[11/20 601/700] - Loss: 143.2833557129 - MSE: 142.68353 - batch_Time: 0.40271817799657583s
Epoch[11/20 602/700] - Loss: 340.0417785645 - MSE: 339.47308 - batch_Time: 0.40297392499633133s
Epoch[11/20 603/700] - Loss: 219.9546813965 - MSE: 219.52429 - batch_Time: 0.4011358011048287s
Epoch[11/20 604/700] - Loss: 129.5091247559 - MSE: 129.27141 - batch_Time: 0.4008050470147282s
Epoch[11/20 605/700] - Loss: 246.8496398926 - MSE: 246.32806 - batch_Time: 0.40640149102546275s
Epoch[11/20 606/700] - Loss: 128.0685272217 - MSE: 127.80948 - batch_Time: 0.40668367594480515s
Epoch[11/20 607/700] - Loss: 128.7315368652 - MSE: 128.23914 - batch_Time: 0.40633640508167446s
Epoch[11/20 608/700] - Loss: 258.4436950684 - MSE: 258.13123 - batch_Time: 0.3995159580372274s
Epoch[11/20 609/700] - Loss: 119.8024215698 - MSE: 119.53036 - batch_Time: 0.4026751120109111s
Epoch[11/20 610/700] - Loss: 249.6924896240 - MSE: 249.14197 - batch_Time: 0.40388709399849176s
Epoch[11/20 611/700] - Loss: 165.0960388184 - MSE: 164.82085 - batch_Time: 0.40509294299408793s
Epoch[11/20 612/700] - Loss: 180.6233978271 - MSE: 180.37807 - batch_Time: 0.4041750729084015s
Epoch[11/20 613/700] - Loss: 247.0148620605 - MSE: 246.58005 - batch_Time: 0.40388218802399933s
Epoch[11/20 614/700] - Loss: 194.3112487793 - MSE: 193.90733 - batch_Time: 0.40254450403153896s
Epoch[11/20 615/700] - Loss: 166.9118499756 - MSE: 166.49257 - batch_Time: 0.39818108384497464s
Epoch[11/20 616/700] - Loss: 178.0632629395 - MSE: 177.71603 - batch_Time: 0.39833486196585s
Epoch[11/20 617/700] - Loss: 241.3197631836 - MSE: 240.86478 - batch_Time: 0.40024817106314003s
Epoch[11/20 618/700] - Loss: 241.1945343018 - MSE: 240.78900 - batch_Time: 0.39991679694503546s
Epoch[11/20 619/700] - Loss: 231.1052551270 - MSE: 230.77095 - batch_Time: 0.3993310600053519s
Epoch[11/20 620/700] - Loss: 249.6967163086 - MSE: 249.34187 - batch_Time: 0.39814349194057286s
Epoch[11/20 621/700] - Loss: 104.4164810181 - MSE: 104.06122 - batch_Time: 0.3999622999690473s
Epoch[11/20 622/700] - Loss: 218.3746948242 - MSE: 217.96207 - batch_Time: 0.39885815302841365s
Epoch[11/20 623/700] - Loss: 114.4045715332 - MSE: 114.16724 - batch_Time: 0.4033337540458888s
Epoch[11/20 624/700] - Loss: 150.5262756348 - MSE: 149.93713 - batch_Time: 0.3991911301854998s
Epoch[11/20 625/700] - Loss: 179.7448425293 - MSE: 179.19786 - batch_Time: 0.398586441995576s
Epoch[11/20 626/700] - Loss: 229.4179229736 - MSE: 229.00394 - batch_Time: 0.39833441795781255s
Epoch[11/20 627/700] - Loss: 194.2661132812 - MSE: 193.75949 - batch_Time: 0.3981134651694447s
Epoch[11/20 628/700] - Loss: 118.1615600586 - MSE: 117.81135 - batch_Time: 0.39864657493308187s
Epoch[11/20 629/700] - Loss: 207.6124572754 - MSE: 207.18913 - batch_Time: 0.39969925000332296s
Epoch[11/20 630/700] - Loss: 162.9118652344 - MSE: 162.62508 - batch_Time: 0.3985145818442106s
Epoch[11/20 631/700] - Loss: 182.5389709473 - MSE: 182.17612 - batch_Time: 0.39735490502789617s
Epoch[11/20 632/700] - Loss: 96.7712478638 - MSE: 96.45696 - batch_Time: 0.39878301112912595s
Epoch[11/20 633/700] - Loss: 215.8327026367 - MSE: 215.36320 - batch_Time: 0.40796535811387s
Epoch[11/20 634/700] - Loss: 234.0238037109 - MSE: 233.41518 - batch_Time: 0.3987190059851855s
Epoch[11/20 635/700] - Loss: 211.1071624756 - MSE: 210.70784 - batch_Time: 0.39680174901150167s
Epoch[11/20 636/700] - Loss: 166.2113952637 - MSE: 165.72563 - batch_Time: 0.4008619710803032s
Epoch[11/20 637/700] - Loss: 208.9427490234 - MSE: 208.42216 - batch_Time: 0.4000592459924519s
Epoch[11/20 638/700] - Loss: 160.8755187988 - MSE: 160.57512 - batch_Time: 0.3989783669821918s
Epoch[11/20 639/700] - Loss: 212.6567077637 - MSE: 212.33557 - batch_Time: 0.39824629202485085s
Epoch[11/20 640/700] - Loss: 161.9043731689 - MSE: 161.65617 - batch_Time: 0.39870824408717453s
Epoch[11/20 641/700] - Loss: 237.1043090820 - MSE: 236.68137 - batch_Time: 0.4025139408186078s
Epoch[11/20 642/700] - Loss: 193.3247070312 - MSE: 192.96849 - batch_Time: 0.39849351113662124s
Epoch[11/20 643/700] - Loss: 158.6874389648 - MSE: 158.36568 - batch_Time: 0.39669265504926443s
Epoch[11/20 644/700] - Loss: 99.0590362549 - MSE: 98.78886 - batch_Time: 0.397737898863852s
Epoch[11/20 645/700] - Loss: 164.5696411133 - MSE: 164.31543 - batch_Time: 0.39539245003834367s
Epoch[11/20 646/700] - Loss: 178.2574157715 - MSE: 177.87849 - batch_Time: 0.40049851406365633s
Epoch[11/20 647/700] - Loss: 213.1733703613 - MSE: 212.85193 - batch_Time: 0.39592145499773324s
Epoch[11/20 648/700] - Loss: 150.3886871338 - MSE: 150.11517 - batch_Time: 0.39649710711091757s
Epoch[11/20 649/700] - Loss: 178.3558807373 - MSE: 178.07664 - batch_Time: 0.3967510140500963s
Epoch[11/20 650/700] - Loss: 175.7135925293 - MSE: 175.45036 - batch_Time: 0.4012925650458783s
Epoch[11/20 651/700] - Loss: 206.4559020996 - MSE: 206.00229 - batch_Time: 0.4028570500668138s
Epoch[11/20 652/700] - Loss: 193.0687255859 - MSE: 192.80057 - batch_Time: 0.40226416988298297s
Epoch[11/20 653/700] - Loss: 150.1948852539 - MSE: 149.60027 - batch_Time: 0.4020564490929246s
Epoch[11/20 654/700] - Loss: 165.6462707520 - MSE: 165.34576 - batch_Time: 0.39615355315618217s
Epoch[11/20 655/700] - Loss: 205.7789001465 - MSE: 205.49200 - batch_Time: 0.4022600268945098s
Epoch[11/20 656/700] - Loss: 221.6274566650 - MSE: 221.07535 - batch_Time: 0.3949172080028802s
Epoch[11/20 657/700] - Loss: 156.0264129639 - MSE: 155.74422 - batch_Time: 0.4040134579408914s
Epoch[11/20 658/700] - Loss: 226.2590026855 - MSE: 225.63762 - batch_Time: 0.39541480294428766s
Epoch[11/20 659/700] - Loss: 234.3909301758 - MSE: 233.89287 - batch_Time: 0.4014723659493029s
Epoch[11/20 660/700] - Loss: 114.3742218018 - MSE: 114.09106 - batch_Time: 0.40188299189321697s
Epoch[11/20 661/700] - Loss: 157.7580871582 - MSE: 157.44260 - batch_Time: 0.4028421859256923s
Epoch[11/20 662/700] - Loss: 141.1092987061 - MSE: 140.81320 - batch_Time: 0.400055417092517s
Epoch[11/20 663/700] - Loss: 226.3041381836 - MSE: 226.00165 - batch_Time: 0.4011123108211905s
Epoch[11/20 664/700] - Loss: 175.9812927246 - MSE: 175.75703 - batch_Time: 0.3956736959517002s
Epoch[11/20 665/700] - Loss: 247.3758850098 - MSE: 246.99045 - batch_Time: 0.4089694560971111s
Epoch[11/20 666/700] - Loss: 162.4487609863 - MSE: 162.01904 - batch_Time: 0.39509917004033923s
Epoch[11/20 667/700] - Loss: 364.5633544922 - MSE: 364.32574 - batch_Time: 0.39544907584786415s
Epoch[11/20 668/700] - Loss: 198.2835388184 - MSE: 197.61172 - batch_Time: 0.4025033439975232s
Epoch[11/20 669/700] - Loss: 133.5353240967 - MSE: 133.05020 - batch_Time: 0.39471843000501394s
Epoch[11/20 670/700] - Loss: 178.2315216064 - MSE: 177.83621 - batch_Time: 0.3963108260650188s
Epoch[11/20 671/700] - Loss: 161.4000244141 - MSE: 161.06560 - batch_Time: 0.39945026207715273s
Epoch[11/20 672/700] - Loss: 227.6929931641 - MSE: 227.30167 - batch_Time: 0.3970763550605625s
Epoch[11/20 673/700] - Loss: 184.0035095215 - MSE: 183.64444 - batch_Time: 0.39812920801341534s
Epoch[11/20 674/700] - Loss: 303.4035949707 - MSE: 302.95959 - batch_Time: 0.39814769802615047s
Epoch[11/20 675/700] - Loss: 259.1121215820 - MSE: 258.78180 - batch_Time: 0.3979611350223422s
Epoch[11/20 676/700] - Loss: 298.6339721680 - MSE: 298.17041 - batch_Time: 0.3988943591248244s
Epoch[11/20 677/700] - Loss: 179.9564514160 - MSE: 179.59677 - batch_Time: 0.40299802110530436s
Epoch[11/20 678/700] - Loss: 114.1171188354 - MSE: 113.80101 - batch_Time: 0.4045799421146512s
Epoch[11/20 679/700] - Loss: 125.3413238525 - MSE: 124.88615 - batch_Time: 0.3951324501540512s
Epoch[11/20 680/700] - Loss: 195.0162048340 - MSE: 194.73859 - batch_Time: 0.4038495998829603s
Epoch[11/20 681/700] - Loss: 287.2304687500 - MSE: 286.50769 - batch_Time: 0.39796153199858963s
Epoch[11/20 682/700] - Loss: 227.0614318848 - MSE: 226.69812 - batch_Time: 0.401770860189572s
Epoch[11/20 683/700] - Loss: 237.7551574707 - MSE: 237.29640 - batch_Time: 0.4013729370199144s
Epoch[11/20 684/700] - Loss: 211.6938781738 - MSE: 211.35025 - batch_Time: 0.4008811670355499s
Epoch[11/20 685/700] - Loss: 205.0247497559 - MSE: 204.69310 - batch_Time: 0.40227649407461286s
Epoch[11/20 686/700] - Loss: 127.2052383423 - MSE: 126.70017 - batch_Time: 0.40074341208674014s
Epoch[11/20 687/700] - Loss: 99.2896652222 - MSE: 99.01160 - batch_Time: 0.4004550911486149s
Epoch[11/20 688/700] - Loss: 272.8664855957 - MSE: 272.41904 - batch_Time: 0.40324643114581704s
Epoch[11/20 689/700] - Loss: 116.0144348145 - MSE: 115.79429 - batch_Time: 0.40646715788170695s
Epoch[11/20 690/700] - Loss: 205.1818237305 - MSE: 204.88519 - batch_Time: 0.40104037383571267s
Epoch[11/20 691/700] - Loss: 218.6210784912 - MSE: 218.34923 - batch_Time: 0.39946406288072467s
Epoch[11/20 692/700] - Loss: 244.0017089844 - MSE: 243.48811 - batch_Time: 0.39809404988773167s
Epoch[11/20 693/700] - Loss: 149.0212707520 - MSE: 148.76480 - batch_Time: 0.4021311381366104s
Epoch[11/20 694/700] - Loss: 161.9867858887 - MSE: 161.49582 - batch_Time: 0.39924875320866704s
Epoch[11/20 695/700] - Loss: 249.2413177490 - MSE: 248.83226 - batch_Time: 0.4011347498744726s
Epoch[11/20 696/700] - Loss: 184.7624053955 - MSE: 184.34393 - batch_Time: 0.3979173479601741s
Epoch[11/20 697/700] - Loss: 168.9731140137 - MSE: 168.56169 - batch_Time: 0.40047280490398407s
Epoch[11/20 698/700] - Loss: 327.2518615723 - MSE: 326.75470 - batch_Time: 0.4003094588406384s
Epoch[11/20 699/700] - Loss: 278.7735290527 - MSE: 278.35260 - batch_Time: 0.39834126620553434s
Epoch[11] - 2021-08-06 22:13:38.555406
/hy-tmp/OURS/ttsr_dx/experiment.py:171: UserWarning: torch.nn.utils.clip_grad_norm is now deprecated in favor of torch.nn.utils.clip_grad_norm_.
  nn.utils.clip_grad_norm(self.model.parameters(), 1, norm_type=2)
Epoch[11- train_loss: 196.3643970925 - train_error: 195.9855184828 - val_loss: 64.6737848377 - val_error: 64.5348741722 - val_psnr: 30.2825807106 - val_ssim: 0.8166556423 - epoch_Time: 360.9188279181253s
Current learning rate: 0.0001
Epoch[12/20] - 2021-08-06 22:14:50.772644
Epoch[12/20 0/700] - Loss: 150.6160125732 - MSE: 150.25262 - batch_Time: 0.4110109091270715s
Epoch[12/20 1/700] - Loss: 162.0322570801 - MSE: 161.81761 - batch_Time: 0.3911060851532966s
Epoch[12/20 2/700] - Loss: 196.2448120117 - MSE: 196.00562 - batch_Time: 0.3989389128983021s
Epoch[12/20 3/700] - Loss: 231.5388793945 - MSE: 231.14534 - batch_Time: 0.3988160078879446s
Epoch[12/20 4/700] - Loss: 220.4628295898 - MSE: 220.17717 - batch_Time: 0.39157978002913296s
Epoch[12/20 5/700] - Loss: 306.8987121582 - MSE: 306.31644 - batch_Time: 0.4009604640305042s
Epoch[12/20 6/700] - Loss: 116.1562957764 - MSE: 115.95206 - batch_Time: 0.39761167322285473s
Epoch[12/20 7/700] - Loss: 256.4732360840 - MSE: 255.97626 - batch_Time: 0.3930196489673108s
Epoch[12/20 8/700] - Loss: 254.5080566406 - MSE: 253.74925 - batch_Time: 0.39032880682498217s
Epoch[12/20 9/700] - Loss: 125.9742965698 - MSE: 125.79158 - batch_Time: 0.3920601191930473s
Epoch[12/20 10/700] - Loss: 225.2658386230 - MSE: 224.83418 - batch_Time: 0.40138529310934246s
Epoch[12/20 11/700] - Loss: 254.0697174072 - MSE: 253.63327 - batch_Time: 0.3982771069277078s
Epoch[12/20 12/700] - Loss: 188.4300842285 - MSE: 188.04971 - batch_Time: 0.3922316590324044s
Epoch[12/20 13/700] - Loss: 196.7022552490 - MSE: 196.36026 - batch_Time: 0.39163028192706406s
Epoch[12/20 14/700] - Loss: 179.2840728760 - MSE: 179.04562 - batch_Time: 0.3916762510780245s
Epoch[12/20 15/700] - Loss: 150.6878051758 - MSE: 150.39568 - batch_Time: 0.39347613393329084s
Epoch[12/20 16/700] - Loss: 202.4759826660 - MSE: 202.09108 - batch_Time: 0.3968512178398669s
Epoch[12/20 17/700] - Loss: 194.4319610596 - MSE: 194.17183 - batch_Time: 0.39280344592407346s
Epoch[12/20 18/700] - Loss: 186.1284637451 - MSE: 185.88026 - batch_Time: 0.3985430831089616s
Epoch[12/20 19/700] - Loss: 191.5946502686 - MSE: 191.30679 - batch_Time: 0.3991273029241711s
Epoch[12/20 20/700] - Loss: 190.3859710693 - MSE: 189.94235 - batch_Time: 0.39463907992467284s
Epoch[12/20 21/700] - Loss: 218.8552398682 - MSE: 218.44978 - batch_Time: 0.3941918578930199s
Epoch[12/20 22/700] - Loss: 149.7319030762 - MSE: 149.37392 - batch_Time: 0.399098948109895s
Epoch[12/20 23/700] - Loss: 201.7067108154 - MSE: 201.33437 - batch_Time: 0.3943934980779886s
Epoch[12/20 24/700] - Loss: 146.2917022705 - MSE: 145.97342 - batch_Time: 0.40118552395142615s
Epoch[12/20 25/700] - Loss: 142.1142425537 - MSE: 141.74257 - batch_Time: 0.3953563249669969s
Epoch[12/20 26/700] - Loss: 208.9066009521 - MSE: 208.53331 - batch_Time: 0.3988919670227915s
Epoch[12/20 27/700] - Loss: 222.6996459961 - MSE: 222.31166 - batch_Time: 0.39834440709091723s
Epoch[12/20 28/700] - Loss: 205.5667266846 - MSE: 205.12601 - batch_Time: 0.39326059399172664s
Epoch[12/20 29/700] - Loss: 251.1592712402 - MSE: 250.65459 - batch_Time: 0.391187020810321s
Epoch[12/20 30/700] - Loss: 244.7069854736 - MSE: 244.26128 - batch_Time: 0.3977690008468926s
Epoch[12/20 31/700] - Loss: 149.9918975830 - MSE: 149.59689 - batch_Time: 0.3970936918631196s
Epoch[12/20 32/700] - Loss: 123.4475860596 - MSE: 123.19957 - batch_Time: 0.39409486413933337s
Epoch[12/20 33/700] - Loss: 143.4252929688 - MSE: 143.12166 - batch_Time: 0.39421052392572165s
Epoch[12/20 34/700] - Loss: 233.1690521240 - MSE: 232.76349 - batch_Time: 0.39417983614839613s
Epoch[12/20 35/700] - Loss: 201.3690795898 - MSE: 201.09216 - batch_Time: 0.3928325199522078s
Epoch[12/20 36/700] - Loss: 91.9345321655 - MSE: 91.62132 - batch_Time: 0.3961003350559622s
Epoch[12/20 37/700] - Loss: 292.5753479004 - MSE: 292.07831 - batch_Time: 0.3958051830995828s
Epoch[12/20 38/700] - Loss: 222.6642150879 - MSE: 222.20857 - batch_Time: 0.3950339471921325s
Epoch[12/20 39/700] - Loss: 131.8451538086 - MSE: 131.52905 - batch_Time: 0.39492611889727414s
Epoch[12/20 40/700] - Loss: 338.2299194336 - MSE: 337.79706 - batch_Time: 0.39189029205590487s
Epoch[12/20 41/700] - Loss: 220.1941070557 - MSE: 219.84998 - batch_Time: 0.39575767796486616s
Epoch[12/20 42/700] - Loss: 149.1956481934 - MSE: 148.80840 - batch_Time: 0.39653628692030907s
Epoch[12/20 43/700] - Loss: 154.0426788330 - MSE: 153.74881 - batch_Time: 0.4008825160562992s
Epoch[12/20 44/700] - Loss: 163.3513793945 - MSE: 162.92548 - batch_Time: 0.3963374530430883s
Epoch[12/20 45/700] - Loss: 213.6134338379 - MSE: 213.29395 - batch_Time: 0.395193493925035s
Epoch[12/20 46/700] - Loss: 200.3205718994 - MSE: 200.04028 - batch_Time: 0.3949764969293028s
Epoch[12/20 47/700] - Loss: 180.0706481934 - MSE: 179.75439 - batch_Time: 0.3930301119107753s
Epoch[12/20 48/700] - Loss: 169.3289489746 - MSE: 168.95679 - batch_Time: 0.3933418069500476s
Epoch[12/20 49/700] - Loss: 157.9095916748 - MSE: 157.71036 - batch_Time: 0.3961424930021167s
Epoch[12/20 50/700] - Loss: 136.6819152832 - MSE: 136.42657 - batch_Time: 0.39541504601947963s
Epoch[12/20 51/700] - Loss: 217.6932678223 - MSE: 217.42218 - batch_Time: 0.3973857939708978s
Epoch[12/20 52/700] - Loss: 124.2983856201 - MSE: 123.99268 - batch_Time: 0.39618411590345204s
Epoch[12/20 53/700] - Loss: 238.2447509766 - MSE: 237.87924 - batch_Time: 0.39246788807213306s
Epoch[12/20 54/700] - Loss: 121.6437149048 - MSE: 121.39684 - batch_Time: 0.39929016679525375s
Epoch[12/20 55/700] - Loss: 196.7837829590 - MSE: 196.31927 - batch_Time: 0.40091843996196985s
Epoch[12/20 56/700] - Loss: 177.4135131836 - MSE: 177.03755 - batch_Time: 0.3998591690324247s
Epoch[12/20 57/700] - Loss: 311.3840637207 - MSE: 311.09473 - batch_Time: 0.3931208720896393s
Epoch[12/20 58/700] - Loss: 86.4881134033 - MSE: 86.15841 - batch_Time: 0.39449784997850657s
Epoch[12/20 59/700] - Loss: 109.2582931519 - MSE: 108.96649 - batch_Time: 0.3956014739815146s
Epoch[12/20 60/700] - Loss: 200.7810058594 - MSE: 200.25839 - batch_Time: 0.39637292199768126s
Epoch[12/20 61/700] - Loss: 141.8296813965 - MSE: 141.47528 - batch_Time: 0.3969645341858268s
Epoch[12/20 62/700] - Loss: 170.1437377930 - MSE: 169.90947 - batch_Time: 0.39719442115165293s
Epoch[12/20 63/700] - Loss: 268.4619140625 - MSE: 267.90540 - batch_Time: 0.3964943529572338s
Epoch[12/20 64/700] - Loss: 146.5655517578 - MSE: 146.07018 - batch_Time: 0.39409568603150547s
Epoch[12/20 65/700] - Loss: 236.3728637695 - MSE: 235.98132 - batch_Time: 0.39875298901461065s
Epoch[12/20 66/700] - Loss: 194.9678344727 - MSE: 194.43719 - batch_Time: 0.39411920798011124s
Epoch[12/20 67/700] - Loss: 214.5263061523 - MSE: 214.29617 - batch_Time: 0.39801565394736826s
Epoch[12/20 68/700] - Loss: 137.0851287842 - MSE: 136.82959 - batch_Time: 0.39671194599941373s
Epoch[12/20 69/700] - Loss: 123.1617279053 - MSE: 122.94408 - batch_Time: 0.3967540280427784s
Epoch[12/20 70/700] - Loss: 221.6549072266 - MSE: 221.15933 - batch_Time: 0.39508885610848665s
Epoch[12/20 71/700] - Loss: 171.8685913086 - MSE: 171.46379 - batch_Time: 0.3956901270430535s
Epoch[12/20 72/700] - Loss: 128.2910766602 - MSE: 128.06508 - batch_Time: 0.39395430707372725s
Epoch[12/20 73/700] - Loss: 222.8409271240 - MSE: 222.49033 - batch_Time: 0.3937507818918675s
Epoch[12/20 74/700] - Loss: 112.5544509888 - MSE: 112.17207 - batch_Time: 0.39591327914968133s
Epoch[12/20 75/700] - Loss: 168.3696136475 - MSE: 167.89984 - batch_Time: 0.39716841699555516s
Epoch[12/20 76/700] - Loss: 129.8825836182 - MSE: 129.49014 - batch_Time: 0.39531580987386405s
Epoch[12/20 77/700] - Loss: 165.8619995117 - MSE: 165.48277 - batch_Time: 0.3949643559753895s
Epoch[12/20 78/700] - Loss: 216.3481750488 - MSE: 215.87694 - batch_Time: 0.39485265011899173s
Epoch[12/20 79/700] - Loss: 153.2562408447 - MSE: 152.90143 - batch_Time: 0.3931835589464754s
Epoch[12/20 80/700] - Loss: 140.3184204102 - MSE: 139.97380 - batch_Time: 0.39500847016461194s
Epoch[12/20 81/700] - Loss: 223.1327972412 - MSE: 222.90964 - batch_Time: 0.39599062595516443s
Epoch[12/20 82/700] - Loss: 142.0527954102 - MSE: 141.85440 - batch_Time: 0.39637826988473535s
Epoch[12/20 83/700] - Loss: 82.3251037598 - MSE: 82.11099 - batch_Time: 0.3947019288316369s
Epoch[12/20 84/700] - Loss: 145.4125518799 - MSE: 145.12033 - batch_Time: 0.39372394583188s
Epoch[12/20 85/700] - Loss: 156.3699340820 - MSE: 155.71277 - batch_Time: 0.39309944678097963s
Epoch[12/20 86/700] - Loss: 165.7581787109 - MSE: 165.40221 - batch_Time: 0.3962766469921917s
Epoch[12/20 87/700] - Loss: 235.5937042236 - MSE: 235.21455 - batch_Time: 0.3960790310520679s
Epoch[12/20 88/700] - Loss: 148.0977783203 - MSE: 147.79947 - batch_Time: 0.39505291008390486s
Epoch[12/20 89/700] - Loss: 106.1129379272 - MSE: 105.85336 - batch_Time: 0.39276054804213345s
Epoch[12/20 90/700] - Loss: 202.9054260254 - MSE: 202.62216 - batch_Time: 0.39368103281594813s
Epoch[12/20 91/700] - Loss: 165.6220855713 - MSE: 165.27646 - batch_Time: 0.3965032191481441s
Epoch[12/20 92/700] - Loss: 301.9443359375 - MSE: 301.63351 - batch_Time: 0.40472200396470726s
Epoch[12/20 93/700] - Loss: 179.9244384766 - MSE: 179.58327 - batch_Time: 0.39970683911815286s
Epoch[12/20 94/700] - Loss: 98.5184783936 - MSE: 98.28794 - batch_Time: 0.40420066495426s
Epoch[12/20 95/700] - Loss: 148.4968414307 - MSE: 148.24109 - batch_Time: 0.3994752049911767s
Epoch[12/20 96/700] - Loss: 179.1459350586 - MSE: 178.64980 - batch_Time: 0.4023273279890418s
Epoch[12/20 97/700] - Loss: 181.0803680420 - MSE: 180.79913 - batch_Time: 0.40073379618115723s
Epoch[12/20 98/700] - Loss: 102.3810577393 - MSE: 102.12167 - batch_Time: 0.4000701999757439s
Epoch[12/20 99/700] - Loss: 165.5494079590 - MSE: 165.28024 - batch_Time: 0.3998139030300081s
Epoch[12/20 100/700] - Loss: 271.9562988281 - MSE: 271.40457 - batch_Time: 0.40159644605591893s
Epoch[12/20 101/700] - Loss: 420.7059631348 - MSE: 420.20285 - batch_Time: 0.3986030269879848s
Epoch[12/20 102/700] - Loss: 214.1183319092 - MSE: 213.78569 - batch_Time: 0.40202162112109363s
Epoch[12/20 103/700] - Loss: 142.5969543457 - MSE: 142.25552 - batch_Time: 0.3966693221591413s
Epoch[12/20 104/700] - Loss: 168.7904510498 - MSE: 168.55913 - batch_Time: 0.4007066248450428s
Epoch[12/20 105/700] - Loss: 126.1414337158 - MSE: 125.90514 - batch_Time: 0.40130451787263155s
Epoch[12/20 106/700] - Loss: 241.0158843994 - MSE: 240.49620 - batch_Time: 0.4016526020132005s
Epoch[12/20 107/700] - Loss: 213.7041625977 - MSE: 213.26511 - batch_Time: 0.39900239696726203s
Epoch[12/20 108/700] - Loss: 187.0488739014 - MSE: 186.74251 - batch_Time: 0.4002349388319999s
Epoch[12/20 109/700] - Loss: 305.4515075684 - MSE: 304.97272 - batch_Time: 0.40176673396490514s
Epoch[12/20 110/700] - Loss: 120.1975708008 - MSE: 120.00592 - batch_Time: 0.4012098959647119s
Epoch[12/20 111/700] - Loss: 174.8170776367 - MSE: 174.46237 - batch_Time: 0.4000762340147048s
Epoch[12/20 112/700] - Loss: 254.1979675293 - MSE: 253.78822 - batch_Time: 0.39667899208143353s
Epoch[12/20 113/700] - Loss: 258.6655578613 - MSE: 258.36905 - batch_Time: 0.40039719198830426s
Epoch[12/20 114/700] - Loss: 156.8385620117 - MSE: 156.53128 - batch_Time: 0.39983159210532904s
Epoch[12/20 115/700] - Loss: 300.6690063477 - MSE: 300.20447 - batch_Time: 0.40036188601516187s
Epoch[12/20 116/700] - Loss: 229.6343383789 - MSE: 229.20763 - batch_Time: 0.3986097041051835s
Epoch[12/20 117/700] - Loss: 264.4721984863 - MSE: 263.67917 - batch_Time: 0.4006805019453168s
Epoch[12/20 118/700] - Loss: 167.7198638916 - MSE: 167.45917 - batch_Time: 0.39621724700555205s
Epoch[12/20 119/700] - Loss: 173.8441009521 - MSE: 173.60544 - batch_Time: 0.39846336119808257s
Epoch[12/20 120/700] - Loss: 225.2544860840 - MSE: 224.66675 - batch_Time: 0.3984117629006505s
Epoch[12/20 121/700] - Loss: 338.4739074707 - MSE: 337.90781 - batch_Time: 0.3986498690210283s
Epoch[12/20 122/700] - Loss: 111.8519439697 - MSE: 111.67419 - batch_Time: 0.39861944294534624s
Epoch[12/20 123/700] - Loss: 199.0382385254 - MSE: 198.74103 - batch_Time: 0.39861967298202217s
Epoch[12/20 124/700] - Loss: 98.0957870483 - MSE: 97.67435 - batch_Time: 0.4001883890014142s
Epoch[12/20 125/700] - Loss: 162.3377838135 - MSE: 162.06165 - batch_Time: 0.398679694859311s
Epoch[12/20 126/700] - Loss: 160.4066314697 - MSE: 160.09467 - batch_Time: 0.396740386961028s
Epoch[12/20 127/700] - Loss: 163.6124877930 - MSE: 163.31357 - batch_Time: 0.396890687989071s
Epoch[12/20 128/700] - Loss: 283.0018615723 - MSE: 282.66541 - batch_Time: 0.39983990881592035s
Epoch[12/20 129/700] - Loss: 172.6472625732 - MSE: 172.29402 - batch_Time: 0.399253420997411s
Epoch[12/20 130/700] - Loss: 233.4381408691 - MSE: 233.18314 - batch_Time: 0.4006349388509989s
Epoch[12/20 131/700] - Loss: 144.1572570801 - MSE: 143.66307 - batch_Time: 0.39854121510870755s
Epoch[12/20 132/700] - Loss: 167.2342681885 - MSE: 166.77264 - batch_Time: 0.3997500769328326s
Epoch[12/20 133/700] - Loss: 135.8526916504 - MSE: 135.28661 - batch_Time: 0.39821825199760497s
Epoch[12/20 134/700] - Loss: 210.5751953125 - MSE: 210.00203 - batch_Time: 0.40100668789818883s
Epoch[12/20 135/700] - Loss: 148.4622344971 - MSE: 148.19989 - batch_Time: 0.4003489490132779s
Epoch[12/20 136/700] - Loss: 176.8126525879 - MSE: 176.60785 - batch_Time: 0.3973933889064938s
Epoch[12/20 137/700] - Loss: 85.2180175781 - MSE: 85.04207 - batch_Time: 0.39850316219963133s
Epoch[12/20 138/700] - Loss: 180.0384826660 - MSE: 179.60448 - batch_Time: 0.39914240199141204s
Epoch[12/20 139/700] - Loss: 165.9083557129 - MSE: 165.63916 - batch_Time: 0.40050190198235214s
Epoch[12/20 140/700] - Loss: 243.6156311035 - MSE: 243.22078 - batch_Time: 0.39837812702171504s
Epoch[12/20 141/700] - Loss: 112.5091400146 - MSE: 112.21911 - batch_Time: 0.3969806428067386s
Epoch[12/20 142/700] - Loss: 139.1101531982 - MSE: 138.83437 - batch_Time: 0.3978973680641502s
Epoch[12/20 143/700] - Loss: 85.0241165161 - MSE: 84.42186 - batch_Time: 0.39978164806962013s
Epoch[12/20 144/700] - Loss: 148.6911010742 - MSE: 148.47595 - batch_Time: 0.39783063204959035s
Epoch[12/20 145/700] - Loss: 309.7239074707 - MSE: 309.28387 - batch_Time: 0.39821105590090156s
Epoch[12/20 146/700] - Loss: 91.5969467163 - MSE: 91.37412 - batch_Time: 0.39859919296577573s
Epoch[12/20 147/700] - Loss: 179.8819274902 - MSE: 179.49298 - batch_Time: 0.40008473792113364s
Epoch[12/20 148/700] - Loss: 194.5944976807 - MSE: 194.27704 - batch_Time: 0.40076083806343377s
Epoch[12/20 149/700] - Loss: 234.9350585938 - MSE: 234.43866 - batch_Time: 0.3991281969938427s
Epoch[12/20 150/700] - Loss: 255.3841247559 - MSE: 254.97797 - batch_Time: 0.39764091093093157s
Epoch[12/20 151/700] - Loss: 202.4036865234 - MSE: 202.01019 - batch_Time: 0.3985591579694301s
Epoch[12/20 152/700] - Loss: 194.4536743164 - MSE: 194.05708 - batch_Time: 0.3973774779587984s
Epoch[12/20 153/700] - Loss: 299.4070434570 - MSE: 298.94879 - batch_Time: 0.39879713696427643s
Epoch[12/20 154/700] - Loss: 203.6175079346 - MSE: 203.39496 - batch_Time: 0.39721481408923864s
Epoch[12/20 155/700] - Loss: 237.1236572266 - MSE: 236.67531 - batch_Time: 0.4011955389287323s
Epoch[12/20 156/700] - Loss: 334.0496520996 - MSE: 333.49457 - batch_Time: 0.3989056090358645s
Epoch[12/20 157/700] - Loss: 121.6468658447 - MSE: 121.32596 - batch_Time: 0.3972269860096276s
Epoch[12/20 158/700] - Loss: 351.9879150391 - MSE: 351.49707 - batch_Time: 0.3989068518858403s
Epoch[12/20 159/700] - Loss: 243.1291198730 - MSE: 242.65495 - batch_Time: 0.3976717721670866s
Epoch[12/20 160/700] - Loss: 150.5108184814 - MSE: 150.29636 - batch_Time: 0.3967310369480401s
Epoch[12/20 161/700] - Loss: 183.9180755615 - MSE: 183.64250 - batch_Time: 0.39843718195334077s
Epoch[12/20 162/700] - Loss: 249.4777679443 - MSE: 248.80928 - batch_Time: 0.39888202492147684s
Epoch[12/20 163/700] - Loss: 186.7785797119 - MSE: 186.41364 - batch_Time: 0.40118665993213654s
Epoch[12/20 164/700] - Loss: 113.4348754883 - MSE: 113.00854 - batch_Time: 0.4001279079820961s
Epoch[12/20 165/700] - Loss: 140.8430328369 - MSE: 140.53258 - batch_Time: 0.3989090791437775s
Epoch[12/20 166/700] - Loss: 222.6592712402 - MSE: 222.12991 - batch_Time: 0.398356419056654s
Epoch[12/20 167/700] - Loss: 137.0066528320 - MSE: 136.74597 - batch_Time: 0.4007973598781973s
Epoch[12/20 168/700] - Loss: 180.3668365479 - MSE: 180.05249 - batch_Time: 0.40037463000044227s
Epoch[12/20 169/700] - Loss: 309.0925903320 - MSE: 308.53842 - batch_Time: 0.4014321621507406s
Epoch[12/20 170/700] - Loss: 302.0954895020 - MSE: 301.72720 - batch_Time: 0.4010603898204863s
Epoch[12/20 171/700] - Loss: 298.2843017578 - MSE: 297.52808 - batch_Time: 0.4092920070979744s
Epoch[12/20 172/700] - Loss: 282.9690246582 - MSE: 282.31265 - batch_Time: 0.39801407093182206s
Epoch[12/20 173/700] - Loss: 134.7503967285 - MSE: 134.29237 - batch_Time: 0.3936627439688891s
Epoch[12/20 174/700] - Loss: 139.4009094238 - MSE: 139.18726 - batch_Time: 0.39586569811217487s
Epoch[12/20 175/700] - Loss: 190.0457611084 - MSE: 189.76553 - batch_Time: 0.39803630486130714s
Epoch[12/20 176/700] - Loss: 182.3231964111 - MSE: 182.00554 - batch_Time: 0.3998879259452224s
Epoch[12/20 177/700] - Loss: 171.6561431885 - MSE: 171.36383 - batch_Time: 0.395867011975497s
Epoch[12/20 178/700] - Loss: 277.5717468262 - MSE: 277.10669 - batch_Time: 0.4002549918368459s
Epoch[12/20 179/700] - Loss: 223.9244689941 - MSE: 223.31642 - batch_Time: 0.3964603941421956s
Epoch[12/20 180/700] - Loss: 215.1263732910 - MSE: 214.76685 - batch_Time: 0.3998712620232254s
Epoch[12/20 181/700] - Loss: 136.3490295410 - MSE: 136.01820 - batch_Time: 0.39690329995937645s
Epoch[12/20 182/700] - Loss: 200.1468200684 - MSE: 199.80241 - batch_Time: 0.3958241690415889s
Epoch[12/20 183/700] - Loss: 115.7443237305 - MSE: 115.39359 - batch_Time: 0.400314407190308s
Epoch[12/20 184/700] - Loss: 186.3983612061 - MSE: 185.81310 - batch_Time: 0.4005968328565359s
Epoch[12/20 185/700] - Loss: 108.1242904663 - MSE: 107.96807 - batch_Time: 0.396666290005669s
Epoch[12/20 186/700] - Loss: 160.0270996094 - MSE: 159.44562 - batch_Time: 0.40025809104554355s
Epoch[12/20 187/700] - Loss: 110.1899032593 - MSE: 109.93115 - batch_Time: 0.40100488089956343s
Epoch[12/20 188/700] - Loss: 104.9715499878 - MSE: 104.79224 - batch_Time: 0.4092052890919149s
Epoch[12/20 189/700] - Loss: 178.1570434570 - MSE: 177.71574 - batch_Time: 0.4008558348286897s
Epoch[12/20 190/700] - Loss: 144.4569396973 - MSE: 144.15273 - batch_Time: 0.40446067904122174s
Epoch[12/20 191/700] - Loss: 229.7777252197 - MSE: 229.24948 - batch_Time: 0.3998168942052871s
Epoch[12/20 192/700] - Loss: 386.4598388672 - MSE: 385.92685 - batch_Time: 0.4016336859203875s
Epoch[12/20 193/700] - Loss: 177.4627380371 - MSE: 177.11807 - batch_Time: 0.40064411307685077s
Epoch[12/20 194/700] - Loss: 255.6958923340 - MSE: 255.43314 - batch_Time: 0.40517063112929463s
Epoch[12/20 195/700] - Loss: 176.0141143799 - MSE: 175.74834 - batch_Time: 0.4012166168540716s
Epoch[12/20 196/700] - Loss: 349.3857421875 - MSE: 348.84070 - batch_Time: 0.4046402720268816s
Epoch[12/20 197/700] - Loss: 261.1146240234 - MSE: 260.72617 - batch_Time: 0.39954436593689024s
Epoch[12/20 198/700] - Loss: 269.6255187988 - MSE: 269.13101 - batch_Time: 0.3993390901014209s
Epoch[12/20 199/700] - Loss: 211.0802001953 - MSE: 210.77798 - batch_Time: 0.4008398780133575s
Epoch[12/20 200/700] - Loss: 174.2707061768 - MSE: 173.93468 - batch_Time: 0.39789116592146456s
Epoch[12/20 201/700] - Loss: 230.4703521729 - MSE: 230.06836 - batch_Time: 0.39968629786744714s
Epoch[12/20 202/700] - Loss: 101.1295852661 - MSE: 100.91051 - batch_Time: 0.4010992960538715s
Epoch[12/20 203/700] - Loss: 275.1668090820 - MSE: 274.79245 - batch_Time: 0.3995739209931344s
Epoch[12/20 204/700] - Loss: 97.1630554199 - MSE: 96.85185 - batch_Time: 0.3996596329379827s
Epoch[12/20 205/700] - Loss: 148.6534729004 - MSE: 148.43233 - batch_Time: 0.40148884314112365s
Epoch[12/20 206/700] - Loss: 221.9226684570 - MSE: 221.44365 - batch_Time: 0.4004034041427076s
Epoch[12/20 207/700] - Loss: 143.9870910645 - MSE: 143.39597 - batch_Time: 0.4020256169606s
Epoch[12/20 208/700] - Loss: 182.6383666992 - MSE: 182.32806 - batch_Time: 0.3991363539826125s
Epoch[12/20 209/700] - Loss: 202.6337890625 - MSE: 202.26718 - batch_Time: 0.3999479638878256s
Epoch[12/20 210/700] - Loss: 121.8180770874 - MSE: 121.48932 - batch_Time: 0.39981872495263815s
Epoch[12/20 211/700] - Loss: 193.4101257324 - MSE: 193.08627 - batch_Time: 0.3985250990372151s
Epoch[12/20 212/700] - Loss: 208.1596984863 - MSE: 207.66069 - batch_Time: 0.39863268681801856s
Epoch[12/20 213/700] - Loss: 186.6010131836 - MSE: 186.19456 - batch_Time: 0.3957120559643954s
Epoch[12/20 214/700] - Loss: 491.3941650391 - MSE: 490.67755 - batch_Time: 0.39524144516326487s
Epoch[12/20 215/700] - Loss: 158.1026916504 - MSE: 157.74026 - batch_Time: 0.3950117891654372s
Epoch[12/20 216/700] - Loss: 185.3973693848 - MSE: 185.09247 - batch_Time: 0.40555484197102487s
Epoch[12/20 217/700] - Loss: 178.2875213623 - MSE: 177.78534 - batch_Time: 0.3979890129994601s
Epoch[12/20 218/700] - Loss: 165.8658142090 - MSE: 165.67564 - batch_Time: 0.3962410839740187s
Epoch[12/20 219/700] - Loss: 131.8936462402 - MSE: 131.60773 - batch_Time: 0.4015145990997553s
Epoch[12/20 220/700] - Loss: 127.3193206787 - MSE: 127.04305 - batch_Time: 0.39590070117264986s
Epoch[12/20 221/700] - Loss: 283.4975891113 - MSE: 283.09293 - batch_Time: 0.39959061285480857s
Epoch[12/20 222/700] - Loss: 199.0716400146 - MSE: 198.69070 - batch_Time: 0.4023777588736266s
Epoch[12/20 223/700] - Loss: 206.8786926270 - MSE: 206.36861 - batch_Time: 0.40131947700865567s
Epoch[12/20 224/700] - Loss: 195.4592895508 - MSE: 194.99355 - batch_Time: 0.3998382310383022s
Epoch[12/20 225/700] - Loss: 200.5804443359 - MSE: 200.18243 - batch_Time: 0.3961848521139473s
Epoch[12/20 226/700] - Loss: 97.3474807739 - MSE: 97.06365 - batch_Time: 0.39663431607186794s
Epoch[12/20 227/700] - Loss: 174.4188537598 - MSE: 174.20381 - batch_Time: 0.39708528900519013s
Epoch[12/20 228/700] - Loss: 186.9856109619 - MSE: 186.61147 - batch_Time: 0.39570164401084185s
Epoch[12/20 229/700] - Loss: 195.5631561279 - MSE: 195.28378 - batch_Time: 0.39883251301944256s
Epoch[12/20 230/700] - Loss: 248.7118225098 - MSE: 248.23624 - batch_Time: 0.39920938899740577s
Epoch[12/20 231/700] - Loss: 184.4706115723 - MSE: 183.99718 - batch_Time: 0.3978358320891857s
Epoch[12/20 232/700] - Loss: 168.5842437744 - MSE: 168.36873 - batch_Time: 0.3963539660908282s
Epoch[12/20 233/700] - Loss: 255.3621826172 - MSE: 254.92276 - batch_Time: 0.3946780359838158s
Epoch[12/20 234/700] - Loss: 185.3729553223 - MSE: 185.07607 - batch_Time: 0.40042258403263986s
Epoch[12/20 235/700] - Loss: 238.9119567871 - MSE: 238.48618 - batch_Time: 0.3940792370121926s
Epoch[12/20 236/700] - Loss: 166.2805480957 - MSE: 165.98331 - batch_Time: 0.4078446060884744s
Epoch[12/20 237/700] - Loss: 188.1312713623 - MSE: 187.84567 - batch_Time: 0.397136279148981s
Epoch[12/20 238/700] - Loss: 156.4949340820 - MSE: 156.22607 - batch_Time: 0.40458614216186106s
Epoch[12/20 239/700] - Loss: 153.6197052002 - MSE: 153.32265 - batch_Time: 0.4018391959834844s
Epoch[12/20 240/700] - Loss: 248.3021697998 - MSE: 248.01337 - batch_Time: 0.4017347898334265s
Epoch[12/20 241/700] - Loss: 182.0786437988 - MSE: 181.82062 - batch_Time: 0.4021469629369676s
Epoch[12/20 242/700] - Loss: 259.2825927734 - MSE: 258.73941 - batch_Time: 0.40151979494839907s
Epoch[12/20 243/700] - Loss: 244.2017211914 - MSE: 243.98441 - batch_Time: 0.39651209581643343s
Epoch[12/20 244/700] - Loss: 252.5774841309 - MSE: 252.22864 - batch_Time: 0.4003307861275971s
Epoch[12/20 245/700] - Loss: 318.8794555664 - MSE: 318.51410 - batch_Time: 0.40055025508627295s
Epoch[12/20 246/700] - Loss: 244.7408294678 - MSE: 244.27875 - batch_Time: 0.39653136883862317s
Epoch[12/20 247/700] - Loss: 229.8746795654 - MSE: 229.54474 - batch_Time: 0.4016614491119981s
Epoch[12/20 248/700] - Loss: 226.7490692139 - MSE: 226.32504 - batch_Time: 0.39850202994421124s
Epoch[12/20 249/700] - Loss: 202.2621002197 - MSE: 201.83080 - batch_Time: 0.4026633140165359s
Epoch[12/20 250/700] - Loss: 190.0292053223 - MSE: 189.66850 - batch_Time: 0.40145603590644896s
Epoch[12/20 251/700] - Loss: 240.0328674316 - MSE: 239.54419 - batch_Time: 0.3995304759591818s
Epoch[12/20 252/700] - Loss: 118.5548858643 - MSE: 118.17151 - batch_Time: 0.3990728869102895s
Epoch[12/20 253/700] - Loss: 202.0442657471 - MSE: 201.71811 - batch_Time: 0.3983085781801492s
Epoch[12/20 254/700] - Loss: 190.4694061279 - MSE: 190.20662 - batch_Time: 0.3970669799018651s
Epoch[12/20 255/700] - Loss: 176.3216400146 - MSE: 175.83908 - batch_Time: 0.3998415260575712s
Epoch[12/20 256/700] - Loss: 169.3201904297 - MSE: 169.03867 - batch_Time: 0.39528711000457406s
Epoch[12/20 257/700] - Loss: 251.0492858887 - MSE: 250.68477 - batch_Time: 0.39774147188290954s
Epoch[12/20 258/700] - Loss: 214.4436035156 - MSE: 214.06323 - batch_Time: 0.3955150879919529s
Epoch[12/20 259/700] - Loss: 191.5357360840 - MSE: 191.10390 - batch_Time: 0.39720791205763817s
Epoch[12/20 260/700] - Loss: 221.1568603516 - MSE: 220.62137 - batch_Time: 0.3943598798941821s
Epoch[12/20 261/700] - Loss: 173.9580078125 - MSE: 173.62047 - batch_Time: 0.3935376340523362s
Epoch[12/20 262/700] - Loss: 153.4085388184 - MSE: 153.03915 - batch_Time: 0.39571072114631534s
Epoch[12/20 263/700] - Loss: 131.3073730469 - MSE: 130.94553 - batch_Time: 0.39692052104510367s
Epoch[12/20 264/700] - Loss: 204.0073089600 - MSE: 203.46985 - batch_Time: 0.39926781598478556s
Epoch[12/20 265/700] - Loss: 281.9807739258 - MSE: 281.63007 - batch_Time: 0.3957911420147866s
Epoch[12/20 266/700] - Loss: 314.8645019531 - MSE: 314.51398 - batch_Time: 0.3972085900604725s
Epoch[12/20 267/700] - Loss: 269.9041137695 - MSE: 269.29788 - batch_Time: 0.3970904629677534s
Epoch[12/20 268/700] - Loss: 543.5869750977 - MSE: 543.15271 - batch_Time: 0.39540021982975304s
Epoch[12/20 269/700] - Loss: 196.2583007812 - MSE: 195.85226 - batch_Time: 0.40092717483639717s
Epoch[12/20 270/700] - Loss: 175.4992980957 - MSE: 175.06018 - batch_Time: 0.402827664045617s
Epoch[12/20 271/700] - Loss: 182.2716674805 - MSE: 181.94873 - batch_Time: 0.39938290207646787s
Epoch[12/20 272/700] - Loss: 253.0006408691 - MSE: 252.60110 - batch_Time: 0.40246167313307524s
Epoch[12/20 273/700] - Loss: 277.7282409668 - MSE: 277.03375 - batch_Time: 0.40160556603223085s
Epoch[12/20 274/700] - Loss: 216.4672851562 - MSE: 215.96733 - batch_Time: 0.39857313805259764s
Epoch[12/20 275/700] - Loss: 175.7909851074 - MSE: 175.35988 - batch_Time: 0.4003221499733627s
Epoch[12/20 276/700] - Loss: 127.9211044312 - MSE: 127.51898 - batch_Time: 0.4003178020939231s
Epoch[12/20 277/700] - Loss: 185.2782135010 - MSE: 184.97659 - batch_Time: 0.39792348979972303s
Epoch[12/20 278/700] - Loss: 162.7087097168 - MSE: 162.09232 - batch_Time: 0.40055158897303045s
Epoch[12/20 279/700] - Loss: 108.9487304688 - MSE: 108.66899 - batch_Time: 0.40135439787991345s
Epoch[12/20 280/700] - Loss: 177.5019836426 - MSE: 177.26520 - batch_Time: 0.39896045601926744s
Epoch[12/20 281/700] - Loss: 223.8000946045 - MSE: 223.34082 - batch_Time: 0.398202101001516s
Epoch[12/20 282/700] - Loss: 181.7042846680 - MSE: 181.36684 - batch_Time: 0.3966102472040802s
Epoch[12/20 283/700] - Loss: 150.7534027100 - MSE: 150.37479 - batch_Time: 0.40087334904819727s
Epoch[12/20 284/700] - Loss: 154.3607177734 - MSE: 154.02640 - batch_Time: 0.39700460294261575s
Epoch[12/20 285/700] - Loss: 165.3611450195 - MSE: 164.92938 - batch_Time: 0.39409955008886755s
Epoch[12/20 286/700] - Loss: 164.6712951660 - MSE: 164.38202 - batch_Time: 0.3943743370473385s
Epoch[12/20 287/700] - Loss: 181.4351501465 - MSE: 181.16333 - batch_Time: 0.39523953408934176s
Epoch[12/20 288/700] - Loss: 195.0551147461 - MSE: 194.71028 - batch_Time: 0.39961277483962476s
Epoch[12/20 289/700] - Loss: 188.1789245605 - MSE: 187.76157 - batch_Time: 0.4033336869906634s
Epoch[12/20 290/700] - Loss: 166.4065246582 - MSE: 166.16925 - batch_Time: 0.4018003719393164s
Epoch[12/20 291/700] - Loss: 158.2330322266 - MSE: 157.91238 - batch_Time: 0.3990373278502375s
Epoch[12/20 292/700] - Loss: 146.9922332764 - MSE: 146.71585 - batch_Time: 0.40427994495257735s
Epoch[12/20 293/700] - Loss: 200.2256011963 - MSE: 199.59775 - batch_Time: 0.3996764309704304s
Epoch[12/20 294/700] - Loss: 196.4739379883 - MSE: 195.75224 - batch_Time: 0.4008474419824779s
Epoch[12/20 295/700] - Loss: 120.1975936890 - MSE: 119.97328 - batch_Time: 0.40333015308715403s
Epoch[12/20 296/700] - Loss: 171.0297698975 - MSE: 170.63748 - batch_Time: 0.4015805630479008s
Epoch[12/20 297/700] - Loss: 243.0068511963 - MSE: 242.45644 - batch_Time: 0.40101529099047184s
Epoch[12/20 298/700] - Loss: 235.2022094727 - MSE: 234.76149 - batch_Time: 0.4013936691917479s
Epoch[12/20 299/700] - Loss: 221.0045471191 - MSE: 220.63152 - batch_Time: 0.40212444704957306s
Epoch[12/20 300/700] - Loss: 303.4886474609 - MSE: 302.92853 - batch_Time: 0.39687080192379653s
Epoch[12/20 301/700] - Loss: 180.9244995117 - MSE: 180.49738 - batch_Time: 0.3926964891143143s
Epoch[12/20 302/700] - Loss: 192.4352264404 - MSE: 192.21974 - batch_Time: 0.39993487508036196s
Epoch[12/20 303/700] - Loss: 165.1047973633 - MSE: 164.81976 - batch_Time: 0.39501794381067157s
Epoch[12/20 304/700] - Loss: 313.7969970703 - MSE: 313.30063 - batch_Time: 0.39811773621477187s
Epoch[12/20 305/700] - Loss: 179.2351684570 - MSE: 178.68375 - batch_Time: 0.3961021688301116s
Epoch[12/20 306/700] - Loss: 230.8497619629 - MSE: 230.06062 - batch_Time: 0.3994131369981915s
Epoch[12/20 307/700] - Loss: 276.6101989746 - MSE: 276.01227 - batch_Time: 0.40176036092452705s
Epoch[12/20 308/700] - Loss: 173.5234985352 - MSE: 173.21323 - batch_Time: 0.39929749188013375s
Epoch[12/20 309/700] - Loss: 169.4288024902 - MSE: 168.90077 - batch_Time: 0.4029666029382497s
Epoch[12/20 310/700] - Loss: 174.0391235352 - MSE: 173.69101 - batch_Time: 0.40105956699699163s
Epoch[12/20 311/700] - Loss: 368.6499023438 - MSE: 368.13684 - batch_Time: 0.4060512981377542s
Epoch[12/20 312/700] - Loss: 199.7989196777 - MSE: 199.37431 - batch_Time: 0.39845149009488523s
Epoch[12/20 313/700] - Loss: 227.9837341309 - MSE: 227.62239 - batch_Time: 0.3978044909890741s
Epoch[12/20 314/700] - Loss: 168.2977600098 - MSE: 167.90985 - batch_Time: 0.4007764330599457s
Epoch[12/20 315/700] - Loss: 229.4185485840 - MSE: 229.07945 - batch_Time: 0.40033319289796054s
Epoch[12/20 316/700] - Loss: 202.3742065430 - MSE: 201.81337 - batch_Time: 0.3998410908970982s
Epoch[12/20 317/700] - Loss: 328.2766418457 - MSE: 327.72925 - batch_Time: 0.40139741892926395s
Epoch[12/20 318/700] - Loss: 100.9414978027 - MSE: 100.70179 - batch_Time: 0.3955139119643718s
Epoch[12/20 319/700] - Loss: 257.9242553711 - MSE: 257.67172 - batch_Time: 0.40052582300268114s
Epoch[12/20 320/700] - Loss: 225.3898315430 - MSE: 224.77219 - batch_Time: 0.4016501170117408s
Epoch[12/20 321/700] - Loss: 272.7788391113 - MSE: 272.31067 - batch_Time: 0.39488283498212695s
Epoch[12/20 322/700] - Loss: 190.6362457275 - MSE: 190.04144 - batch_Time: 0.400553337065503s
Epoch[12/20 323/700] - Loss: 202.3495178223 - MSE: 202.04651 - batch_Time: 0.39538201899267733s
Epoch[12/20 324/700] - Loss: 157.2386322021 - MSE: 156.88416 - batch_Time: 0.39964122301898897s
Epoch[12/20 325/700] - Loss: 233.0125732422 - MSE: 232.50772 - batch_Time: 0.400006677955389s
Epoch[12/20 326/700] - Loss: 282.2079467773 - MSE: 281.84280 - batch_Time: 0.39548573014326394s
Epoch[12/20 327/700] - Loss: 188.9130096436 - MSE: 188.61917 - batch_Time: 0.39713937579654157s
Epoch[12/20 328/700] - Loss: 246.8759155273 - MSE: 246.43727 - batch_Time: 0.3975271701347083s
Epoch[12/20 329/700] - Loss: 224.4978637695 - MSE: 224.12285 - batch_Time: 0.40297834598459303s
Epoch[12/20 330/700] - Loss: 194.9613647461 - MSE: 194.48845 - batch_Time: 0.396792144048959s
Epoch[12/20 331/700] - Loss: 307.6701354980 - MSE: 306.97787 - batch_Time: 0.39735618606209755s
Epoch[12/20 332/700] - Loss: 242.1732940674 - MSE: 241.76324 - batch_Time: 0.3970088039059192s
Epoch[12/20 333/700] - Loss: 200.6275177002 - MSE: 200.33470 - batch_Time: 0.39590804115869105s
Epoch[12/20 334/700] - Loss: 231.4980010986 - MSE: 231.18213 - batch_Time: 0.39436639682389796s
Epoch[12/20 335/700] - Loss: 194.6101074219 - MSE: 194.20641 - batch_Time: 0.3931619171053171s
Epoch[12/20 336/700] - Loss: 185.7321319580 - MSE: 185.40494 - batch_Time: 0.39427589997649193s
Epoch[12/20 337/700] - Loss: 112.5201797485 - MSE: 112.20525 - batch_Time: 0.39614672190509737s
Epoch[12/20 338/700] - Loss: 235.2355194092 - MSE: 234.81923 - batch_Time: 0.3949567510280758s
Epoch[12/20 339/700] - Loss: 272.5713195801 - MSE: 272.01935 - batch_Time: 0.39639904093928635s
Epoch[12/20 340/700] - Loss: 210.2554016113 - MSE: 209.96959 - batch_Time: 0.39364088396541774s
Epoch[12/20 341/700] - Loss: 159.7844390869 - MSE: 159.51778 - batch_Time: 0.3932741910684854s
Epoch[12/20 342/700] - Loss: 169.9117126465 - MSE: 169.61279 - batch_Time: 0.39455442200414836s
Epoch[12/20 343/700] - Loss: 177.9441223145 - MSE: 177.62674 - batch_Time: 0.39792764908634126s
Epoch[12/20 344/700] - Loss: 198.7272644043 - MSE: 198.36388 - batch_Time: 0.39569581602700055s
Epoch[12/20 345/700] - Loss: 122.6451873779 - MSE: 122.41116 - batch_Time: 0.3965143640525639s
Epoch[12/20 346/700] - Loss: 183.3861541748 - MSE: 183.04922 - batch_Time: 0.3933591949753463s
Epoch[12/20 347/700] - Loss: 224.1063995361 - MSE: 223.58516 - batch_Time: 0.39346330403350294s
Epoch[12/20 348/700] - Loss: 172.4550933838 - MSE: 172.10242 - batch_Time: 0.3961446420289576s
Epoch[12/20 349/700] - Loss: 191.8804626465 - MSE: 191.36832 - batch_Time: 0.3958892689552158s
Epoch[12/20 350/700] - Loss: 295.0503540039 - MSE: 294.49329 - batch_Time: 0.3969511720351875s
Epoch[12/20 351/700] - Loss: 291.5564880371 - MSE: 290.96912 - batch_Time: 0.39615200692787766s
Epoch[12/20 352/700] - Loss: 236.3438110352 - MSE: 236.04828 - batch_Time: 0.39519425109028816s
Epoch[12/20 353/700] - Loss: 222.2111968994 - MSE: 221.84138 - batch_Time: 0.3967383890412748s
Epoch[12/20 354/700] - Loss: 222.7787017822 - MSE: 222.15776 - batch_Time: 0.393585239071399s
Epoch[12/20 355/700] - Loss: 146.7460021973 - MSE: 146.32321 - batch_Time: 0.39469677209854126s
Epoch[12/20 356/700] - Loss: 227.6103057861 - MSE: 227.19328 - batch_Time: 0.39994010189548135s
Epoch[12/20 357/700] - Loss: 156.3830413818 - MSE: 155.83650 - batch_Time: 0.3992852522060275s
Epoch[12/20 358/700] - Loss: 192.9833221436 - MSE: 192.34686 - batch_Time: 0.3994063709396869s
Epoch[12/20 359/700] - Loss: 286.5451660156 - MSE: 285.90366 - batch_Time: 0.39531866693869233s
Epoch[12/20 360/700] - Loss: 137.7835693359 - MSE: 137.42900 - batch_Time: 0.39783545793034136s
Epoch[12/20 361/700] - Loss: 253.9879608154 - MSE: 253.54884 - batch_Time: 0.39930697600357234s
Epoch[12/20 362/700] - Loss: 268.7688598633 - MSE: 268.14691 - batch_Time: 0.39512930205091834s
Epoch[12/20 363/700] - Loss: 220.1657409668 - MSE: 219.68289 - batch_Time: 0.39571592514403164s
Epoch[12/20 364/700] - Loss: 396.0678710938 - MSE: 395.61215 - batch_Time: 0.39905105205252767s
Epoch[12/20 365/700] - Loss: 193.1003112793 - MSE: 192.76062 - batch_Time: 0.40087033505551517s
Epoch[12/20 366/700] - Loss: 189.7723693848 - MSE: 189.36707 - batch_Time: 0.4030550620518625s
Epoch[12/20 367/700] - Loss: 202.2938690186 - MSE: 202.05719 - batch_Time: 0.40013595786876976s
Epoch[12/20 368/700] - Loss: 209.1701965332 - MSE: 208.88306 - batch_Time: 0.402682380983606s
Epoch[12/20 369/700] - Loss: 170.3612213135 - MSE: 169.78023 - batch_Time: 0.4013805908616632s
Epoch[12/20 370/700] - Loss: 235.3515014648 - MSE: 235.10773 - batch_Time: 0.3985491660423577s
Epoch[12/20 371/700] - Loss: 385.4901428223 - MSE: 384.85678 - batch_Time: 0.40007462399080396s
Epoch[12/20 372/700] - Loss: 96.8898162842 - MSE: 96.71974 - batch_Time: 0.4012387450784445s
Epoch[12/20 373/700] - Loss: 256.0334167480 - MSE: 255.41913 - batch_Time: 0.399180969921872s
Epoch[12/20 374/700] - Loss: 158.8975830078 - MSE: 158.58583 - batch_Time: 0.3964837931562215s
Epoch[12/20 375/700] - Loss: 179.9753875732 - MSE: 179.59508 - batch_Time: 0.3979931599460542s
Epoch[12/20 376/700] - Loss: 156.1264038086 - MSE: 155.87794 - batch_Time: 0.396976268151775s
Epoch[12/20 377/700] - Loss: 132.3941802979 - MSE: 132.11220 - batch_Time: 0.39991574198938906s
Epoch[12/20 378/700] - Loss: 278.5804138184 - MSE: 278.03680 - batch_Time: 0.3978799758478999s
Epoch[12/20 379/700] - Loss: 169.6260223389 - MSE: 169.30640 - batch_Time: 0.40043878578580916s
Epoch[12/20 380/700] - Loss: 169.9343261719 - MSE: 169.46976 - batch_Time: 0.3978683778550476s
Epoch[12/20 381/700] - Loss: 178.3855438232 - MSE: 178.05002 - batch_Time: 0.40096043003723025s
Epoch[12/20 382/700] - Loss: 141.5196533203 - MSE: 141.06850 - batch_Time: 0.3992708569858223s
Epoch[12/20 383/700] - Loss: 187.3638916016 - MSE: 186.93509 - batch_Time: 0.3976554630789906s
Epoch[12/20 384/700] - Loss: 173.3753662109 - MSE: 172.95436 - batch_Time: 0.39753401605412364s
Epoch[12/20 385/700] - Loss: 305.2576599121 - MSE: 304.78607 - batch_Time: 0.39915930293500423s
Epoch[12/20 386/700] - Loss: 163.3128509521 - MSE: 162.87619 - batch_Time: 0.40165114402770996s
Epoch[12/20 387/700] - Loss: 171.4346160889 - MSE: 171.20044 - batch_Time: 0.4000423098914325s
Epoch[12/20 388/700] - Loss: 102.6476898193 - MSE: 102.33270 - batch_Time: 0.3994984501041472s
Epoch[12/20 389/700] - Loss: 189.7111663818 - MSE: 189.43231 - batch_Time: 0.3992246550042182s
Epoch[12/20 390/700] - Loss: 114.0674743652 - MSE: 113.91816 - batch_Time: 0.39910979801788926s
Epoch[12/20 391/700] - Loss: 251.5858459473 - MSE: 251.14615 - batch_Time: 0.39873403403908014s
Epoch[12/20 392/700] - Loss: 150.4619598389 - MSE: 150.19742 - batch_Time: 0.3994835040066391s
Epoch[12/20 393/700] - Loss: 181.6781005859 - MSE: 181.33572 - batch_Time: 0.4056918080896139s
Epoch[12/20 394/700] - Loss: 197.9905700684 - MSE: 197.68402 - batch_Time: 0.4002289529889822s
Epoch[12/20 395/700] - Loss: 272.8936157227 - MSE: 272.27081 - batch_Time: 0.4009795831516385s
Epoch[12/20 396/700] - Loss: 150.1522674561 - MSE: 149.79890 - batch_Time: 0.40009057708084583s
Epoch[12/20 397/700] - Loss: 159.5027923584 - MSE: 159.27277 - batch_Time: 0.40199465001933277s
Epoch[12/20 398/700] - Loss: 221.1109619141 - MSE: 220.80435 - batch_Time: 0.4017386641353369s
Epoch[12/20 399/700] - Loss: 223.2444915771 - MSE: 222.87079 - batch_Time: 0.3989686279091984s
Epoch[12/20 400/700] - Loss: 153.7752990723 - MSE: 153.38568 - batch_Time: 0.4032440329901874s
Epoch[12/20 401/700] - Loss: 214.4590759277 - MSE: 214.13416 - batch_Time: 0.4005475558806211s
Epoch[12/20 402/700] - Loss: 95.5547409058 - MSE: 95.28606 - batch_Time: 0.4016525410115719s
Epoch[12/20 403/700] - Loss: 179.4293365479 - MSE: 179.07281 - batch_Time: 0.4021763021592051s
Epoch[12/20 404/700] - Loss: 190.2118225098 - MSE: 189.79753 - batch_Time: 0.4005627487786114s
Epoch[12/20 405/700] - Loss: 148.6212158203 - MSE: 148.26920 - batch_Time: 0.4007124269846827s
Epoch[12/20 406/700] - Loss: 112.2756805420 - MSE: 112.12082 - batch_Time: 0.3985398621298373s
Epoch[12/20 407/700] - Loss: 148.4067687988 - MSE: 148.13525 - batch_Time: 0.4027533179614693s
Epoch[12/20 408/700] - Loss: 182.3734741211 - MSE: 181.93855 - batch_Time: 0.3928928109817207s
Epoch[12/20 409/700] - Loss: 198.0922546387 - MSE: 197.69173 - batch_Time: 0.39426599186845124s
Epoch[12/20 410/700] - Loss: 274.9579162598 - MSE: 274.33832 - batch_Time: 0.3942290630657226s
Epoch[12/20 411/700] - Loss: 197.5097808838 - MSE: 196.93295 - batch_Time: 0.39860162721015513s
Epoch[12/20 412/700] - Loss: 143.5766754150 - MSE: 143.19366 - batch_Time: 0.3932924100663513s
Epoch[12/20 413/700] - Loss: 108.7087783813 - MSE: 108.41502 - batch_Time: 0.3929710059892386s
Epoch[12/20 414/700] - Loss: 297.2764892578 - MSE: 296.82904 - batch_Time: 0.3964372440241277s
Epoch[12/20 415/700] - Loss: 256.3103027344 - MSE: 255.69467 - batch_Time: 0.3964222529903054s
Epoch[12/20 416/700] - Loss: 210.0369262695 - MSE: 209.68491 - batch_Time: 0.39899004506878555s
Epoch[12/20 417/700] - Loss: 191.2003173828 - MSE: 190.72716 - batch_Time: 0.39735868107527494s
Epoch[12/20 418/700] - Loss: 226.7725067139 - MSE: 226.34303 - batch_Time: 0.39597919303923845s
Epoch[12/20 419/700] - Loss: 264.8775634766 - MSE: 264.52509 - batch_Time: 0.39749600109644234s
Epoch[12/20 420/700] - Loss: 150.3687896729 - MSE: 150.00725 - batch_Time: 0.3951754269655794s
Epoch[12/20 421/700] - Loss: 143.0254516602 - MSE: 142.68724 - batch_Time: 0.3943592419382185s
Epoch[12/20 422/700] - Loss: 144.2083892822 - MSE: 143.81628 - batch_Time: 0.3993815539870411s
Epoch[12/20 423/700] - Loss: 118.3450622559 - MSE: 118.06159 - batch_Time: 0.3949600839987397s
Epoch[12/20 424/700] - Loss: 119.6426391602 - MSE: 119.44335 - batch_Time: 0.395524017047137s
Epoch[12/20 425/700] - Loss: 138.2338409424 - MSE: 137.95871 - batch_Time: 0.39738148800097406s
Epoch[12/20 426/700] - Loss: 133.5458374023 - MSE: 133.10812 - batch_Time: 0.3977453240659088s
Epoch[12/20 427/700] - Loss: 202.8495483398 - MSE: 202.56676 - batch_Time: 0.39805354992859066s
Epoch[12/20 428/700] - Loss: 230.5740356445 - MSE: 230.23178 - batch_Time: 0.39644956588745117s
Epoch[12/20 429/700] - Loss: 276.5429687500 - MSE: 276.21851 - batch_Time: 0.39889995800331235s
Epoch[12/20 430/700] - Loss: 260.5296936035 - MSE: 260.09137 - batch_Time: 0.396353499032557s
Epoch[12/20 431/700] - Loss: 118.7387237549 - MSE: 118.42902 - batch_Time: 0.39570900006219745s
Epoch[12/20 432/700] - Loss: 151.2291412354 - MSE: 150.90776 - batch_Time: 0.3932854779995978s
Epoch[12/20 433/700] - Loss: 218.9839782715 - MSE: 218.66666 - batch_Time: 0.39486765512265265s
Epoch[12/20 434/700] - Loss: 125.1187591553 - MSE: 124.86617 - batch_Time: 0.39628979400731623s
Epoch[12/20 435/700] - Loss: 201.4814300537 - MSE: 201.15720 - batch_Time: 0.3974848659709096s
Epoch[12/20 436/700] - Loss: 227.0978088379 - MSE: 226.76959 - batch_Time: 0.39600769081152976s
Epoch[12/20 437/700] - Loss: 279.1237487793 - MSE: 278.05923 - batch_Time: 0.3977266140282154s
Epoch[12/20 438/700] - Loss: 205.9785614014 - MSE: 205.47186 - batch_Time: 0.39744978002272546s
Epoch[12/20 439/700] - Loss: 177.2108764648 - MSE: 176.92682 - batch_Time: 0.3973185319919139s
Epoch[12/20 440/700] - Loss: 250.5715637207 - MSE: 250.20541 - batch_Time: 0.3952714251354337s
Epoch[12/20 441/700] - Loss: 209.5642395020 - MSE: 209.02338 - batch_Time: 0.394457140006125s
Epoch[12/20 442/700] - Loss: 142.8143005371 - MSE: 142.21861 - batch_Time: 0.3993817421142012s
Epoch[12/20 443/700] - Loss: 175.5099182129 - MSE: 175.01315 - batch_Time: 0.3943736618384719s
Epoch[12/20 444/700] - Loss: 175.8269958496 - MSE: 175.46686 - batch_Time: 0.39839245984330773s
Epoch[12/20 445/700] - Loss: 240.5882720947 - MSE: 240.06937 - batch_Time: 0.3961656061001122s
Epoch[12/20 446/700] - Loss: 214.2473754883 - MSE: 213.85242 - batch_Time: 0.39646064187400043s
Epoch[12/20 447/700] - Loss: 175.3798675537 - MSE: 175.13692 - batch_Time: 0.3967743180692196s
Epoch[12/20 448/700] - Loss: 222.5471801758 - MSE: 222.15292 - batch_Time: 0.397214432945475s
Epoch[12/20 449/700] - Loss: 97.3144073486 - MSE: 96.95927 - batch_Time: 0.3976567559875548s
Epoch[12/20 450/700] - Loss: 186.4802093506 - MSE: 185.90335 - batch_Time: 0.39510328718461096s
Epoch[12/20 451/700] - Loss: 193.4162139893 - MSE: 193.17555 - batch_Time: 0.40040890616364777s
Epoch[12/20 452/700] - Loss: 170.0042877197 - MSE: 169.78468 - batch_Time: 0.3932886270340532s
Epoch[12/20 453/700] - Loss: 164.9181823730 - MSE: 164.54311 - batch_Time: 0.4055554480291903s
Epoch[12/20 454/700] - Loss: 128.3132781982 - MSE: 128.07951 - batch_Time: 0.40096772904507816s
Epoch[12/20 455/700] - Loss: 285.8245544434 - MSE: 285.47559 - batch_Time: 0.40173283009789884s
Epoch[12/20 456/700] - Loss: 104.0102233887 - MSE: 103.67376 - batch_Time: 0.3954553359653801s
Epoch[12/20 457/700] - Loss: 127.6802825928 - MSE: 127.47742 - batch_Time: 0.4029236219357699s
Epoch[12/20 458/700] - Loss: 162.0914611816 - MSE: 161.77150 - batch_Time: 0.4014107871335s
Epoch[12/20 459/700] - Loss: 193.5791015625 - MSE: 193.23535 - batch_Time: 0.3975305468775332s
Epoch[12/20 460/700] - Loss: 147.4233856201 - MSE: 147.11298 - batch_Time: 0.3999542819801718s
Epoch[12/20 461/700] - Loss: 167.4293365479 - MSE: 167.15456 - batch_Time: 0.4011453620623797s
Epoch[12/20 462/700] - Loss: 121.8636550903 - MSE: 121.59972 - batch_Time: 0.39549661218188703s
Epoch[12/20 463/700] - Loss: 109.5992889404 - MSE: 109.21143 - batch_Time: 0.39701568987220526s
Epoch[12/20 464/700] - Loss: 172.9273223877 - MSE: 172.51852 - batch_Time: 0.39590422715991735s
Epoch[12/20 465/700] - Loss: 102.8355560303 - MSE: 102.43725 - batch_Time: 0.3999197860248387s
Epoch[12/20 466/700] - Loss: 162.8228759766 - MSE: 162.49884 - batch_Time: 0.39653827901929617s
Epoch[12/20 467/700] - Loss: 351.3744201660 - MSE: 350.86584 - batch_Time: 0.40060317795723677s
Epoch[12/20 468/700] - Loss: 139.9792480469 - MSE: 139.84351 - batch_Time: 0.3958860319107771s
Epoch[12/20 469/700] - Loss: 128.2332000732 - MSE: 127.91381 - batch_Time: 0.3972273110412061s
Epoch[12/20 470/700] - Loss: 158.4553833008 - MSE: 158.09999 - batch_Time: 0.3964351851027459s
Epoch[12/20 471/700] - Loss: 101.0633544922 - MSE: 100.83324 - batch_Time: 0.4003155359532684s
Epoch[12/20 472/700] - Loss: 206.4004821777 - MSE: 206.03014 - batch_Time: 0.39811830106191337s
Epoch[12/20 473/700] - Loss: 196.2812652588 - MSE: 195.97964 - batch_Time: 0.40182266500778496s
Epoch[12/20 474/700] - Loss: 140.1556701660 - MSE: 139.87851 - batch_Time: 0.4009313490241766s
Epoch[12/20 475/700] - Loss: 144.6178436279 - MSE: 144.43982 - batch_Time: 0.3971492887940258s
Epoch[12/20 476/700] - Loss: 231.3117370605 - MSE: 230.67366 - batch_Time: 0.39576376019977033s
Epoch[12/20 477/700] - Loss: 132.0570068359 - MSE: 131.79982 - batch_Time: 0.40262588602490723s
Epoch[12/20 478/700] - Loss: 107.3049011230 - MSE: 107.08916 - batch_Time: 0.3976781030651182s
Epoch[12/20 479/700] - Loss: 205.2262268066 - MSE: 204.88326 - batch_Time: 0.3964111239183694s
Epoch[12/20 480/700] - Loss: 227.0462036133 - MSE: 226.61765 - batch_Time: 0.396727479994297s
Epoch[12/20 481/700] - Loss: 107.9818267822 - MSE: 107.68550 - batch_Time: 0.39739404898136854s
Epoch[12/20 482/700] - Loss: 128.4293518066 - MSE: 128.13983 - batch_Time: 0.39453745586797595s
Epoch[12/20 483/700] - Loss: 134.2843933105 - MSE: 134.07268 - batch_Time: 0.39376949705183506s
Epoch[12/20 484/700] - Loss: 146.0475769043 - MSE: 145.69348 - batch_Time: 0.3983381181024015s
Epoch[12/20 485/700] - Loss: 139.0014343262 - MSE: 138.82530 - batch_Time: 0.40068910201080143s
Epoch[12/20 486/700] - Loss: 158.4886627197 - MSE: 158.23752 - batch_Time: 0.3965139389038086s
Epoch[12/20 487/700] - Loss: 204.3241729736 - MSE: 203.91794 - batch_Time: 0.4002403609920293s
Epoch[12/20 488/700] - Loss: 141.6293182373 - MSE: 141.31129 - batch_Time: 0.40083689196035266s
Epoch[12/20 489/700] - Loss: 125.4349060059 - MSE: 124.91354 - batch_Time: 0.4003090129699558s
Epoch[12/20 490/700] - Loss: 141.5296020508 - MSE: 141.03033 - batch_Time: 0.4003597921691835s
Epoch[12/20 491/700] - Loss: 140.5772094727 - MSE: 140.34601 - batch_Time: 0.39616306801326573s
Epoch[12/20 492/700] - Loss: 324.4589843750 - MSE: 324.00433 - batch_Time: 0.40003260993398726s
Epoch[12/20 493/700] - Loss: 211.2503662109 - MSE: 210.91359 - batch_Time: 0.4006056210491806s
Epoch[12/20 494/700] - Loss: 250.7819824219 - MSE: 250.45552 - batch_Time: 0.400405814871192s
Epoch[12/20 495/700] - Loss: 176.0751647949 - MSE: 175.70064 - batch_Time: 0.4020166709087789s
Epoch[12/20 496/700] - Loss: 285.7832641602 - MSE: 285.30829 - batch_Time: 0.3976291110739112s
Epoch[12/20 497/700] - Loss: 232.8332519531 - MSE: 232.53625 - batch_Time: 0.40105985780246556s
Epoch[12/20 498/700] - Loss: 303.5986022949 - MSE: 303.18961 - batch_Time: 0.39843257889151573s
Epoch[12/20 499/700] - Loss: 300.7202148438 - MSE: 300.37656 - batch_Time: 0.4006037770304829s
Epoch[12/20 500/700] - Loss: 140.3123321533 - MSE: 140.06377 - batch_Time: 0.39975416008383036s
Epoch[12/20 501/700] - Loss: 239.2853240967 - MSE: 238.72748 - batch_Time: 0.4033788659144193s
Epoch[12/20 502/700] - Loss: 276.6070556641 - MSE: 276.10327 - batch_Time: 0.39869795902632177s
Epoch[12/20 503/700] - Loss: 195.1374053955 - MSE: 194.65540 - batch_Time: 0.40051626204513013s
Epoch[12/20 504/700] - Loss: 226.2376403809 - MSE: 225.61002 - batch_Time: 0.40232402505353093s
Epoch[12/20 505/700] - Loss: 216.8004150391 - MSE: 216.25021 - batch_Time: 0.3948141511064023s
Epoch[12/20 506/700] - Loss: 233.6584472656 - MSE: 233.18214 - batch_Time: 0.393049388891086s
Epoch[12/20 507/700] - Loss: 298.8751831055 - MSE: 298.53552 - batch_Time: 0.3962857897859067s
Epoch[12/20 508/700] - Loss: 175.7309875488 - MSE: 175.11185 - batch_Time: 0.40051920688711107s
Epoch[12/20 509/700] - Loss: 244.1652526855 - MSE: 243.91223 - batch_Time: 0.40018730191513896s
Epoch[12/20 510/700] - Loss: 209.0548706055 - MSE: 208.68607 - batch_Time: 0.3959047079551965s
Epoch[12/20 511/700] - Loss: 207.3907470703 - MSE: 206.66168 - batch_Time: 0.39713488100096583s
Epoch[12/20 512/700] - Loss: 207.9938964844 - MSE: 207.35052 - batch_Time: 0.39652041997760534s
Epoch[12/20 513/700] - Loss: 309.9095458984 - MSE: 309.21918 - batch_Time: 0.4052656579297036s
Epoch[12/20 514/700] - Loss: 307.1407775879 - MSE: 306.40778 - batch_Time: 0.3985549609642476s
Epoch[12/20 515/700] - Loss: 167.0730895996 - MSE: 166.47734 - batch_Time: 0.396763141034171s
Epoch[12/20 516/700] - Loss: 241.7330017090 - MSE: 241.25066 - batch_Time: 0.39688283996656537s
Epoch[12/20 517/700] - Loss: 265.2345886230 - MSE: 264.85913 - batch_Time: 0.39711208594962955s
Epoch[12/20 518/700] - Loss: 201.6898498535 - MSE: 201.28793 - batch_Time: 0.3959376160055399s
Epoch[12/20 519/700] - Loss: 257.1780090332 - MSE: 256.89841 - batch_Time: 0.39578606793656945s
Epoch[12/20 520/700] - Loss: 279.3049011230 - MSE: 278.72809 - batch_Time: 0.40145286289043725s
Epoch[12/20 521/700] - Loss: 210.7402648926 - MSE: 210.34885 - batch_Time: 0.39600145793519914s
Epoch[12/20 522/700] - Loss: 226.1951751709 - MSE: 225.70006 - batch_Time: 0.39770675101317465s
Epoch[12/20 523/700] - Loss: 163.3829345703 - MSE: 163.12161 - batch_Time: 0.3941935470793396s
Epoch[12/20 524/700] - Loss: 184.1438293457 - MSE: 183.82838 - batch_Time: 0.39634737418964505s
Epoch[12/20 525/700] - Loss: 296.2160949707 - MSE: 295.56549 - batch_Time: 0.40287830610759556s
Epoch[12/20 526/700] - Loss: 143.0554046631 - MSE: 142.63954 - batch_Time: 0.4072771379724145s
Epoch[12/20 527/700] - Loss: 163.4886474609 - MSE: 163.23898 - batch_Time: 0.4042416859883815s
Epoch[12/20 528/700] - Loss: 214.9560546875 - MSE: 214.48866 - batch_Time: 0.40217271889559925s
Epoch[12/20 529/700] - Loss: 189.0583648682 - MSE: 188.78185 - batch_Time: 0.39923963393084705s
Epoch[12/20 530/700] - Loss: 269.3143310547 - MSE: 268.86584 - batch_Time: 0.39844641787931323s
Epoch[12/20 531/700] - Loss: 213.3123168945 - MSE: 213.00372 - batch_Time: 0.40341416210867465s
Epoch[12/20 532/700] - Loss: 226.7412414551 - MSE: 226.28703 - batch_Time: 0.3983820201829076s
Epoch[12/20 533/700] - Loss: 222.8713226318 - MSE: 222.56287 - batch_Time: 0.39744788501411676s
Epoch[12/20 534/700] - Loss: 296.7934570312 - MSE: 296.29944 - batch_Time: 0.39931036718189716s
Epoch[12/20 535/700] - Loss: 334.5367126465 - MSE: 333.90939 - batch_Time: 0.4010464719031006s
Epoch[12/20 536/700] - Loss: 199.7582702637 - MSE: 199.39212 - batch_Time: 0.40193425910547376s
Epoch[12/20 537/700] - Loss: 128.2340087891 - MSE: 127.88084 - batch_Time: 0.3986702999100089s
Epoch[12/20 538/700] - Loss: 143.2972106934 - MSE: 142.98228 - batch_Time: 0.39734802208840847s
Epoch[12/20 539/700] - Loss: 233.4191284180 - MSE: 233.16611 - batch_Time: 0.4000837099738419s
Epoch[12/20 540/700] - Loss: 148.3411254883 - MSE: 148.04088 - batch_Time: 0.39581897598691285s
Epoch[12/20 541/700] - Loss: 150.5799560547 - MSE: 150.05849 - batch_Time: 0.39849371602758765s
Epoch[12/20 542/700] - Loss: 297.1839599609 - MSE: 296.66656 - batch_Time: 0.3967001249548048s
Epoch[12/20 543/700] - Loss: 149.1247711182 - MSE: 148.47363 - batch_Time: 0.3966998248361051s
Epoch[12/20 544/700] - Loss: 235.8865356445 - MSE: 235.53441 - batch_Time: 0.4011070888955146s
Epoch[12/20 545/700] - Loss: 314.7011718750 - MSE: 314.05524 - batch_Time: 0.3968452049884945s
Epoch[12/20 546/700] - Loss: 278.6621398926 - MSE: 278.21533 - batch_Time: 0.4010019910056144s
Epoch[12/20 547/700] - Loss: 167.6995239258 - MSE: 167.46080 - batch_Time: 0.39724420104175806s
Epoch[12/20 548/700] - Loss: 258.2804870605 - MSE: 257.85895 - batch_Time: 0.40073485812172294s
Epoch[12/20 549/700] - Loss: 110.8764572144 - MSE: 110.60657 - batch_Time: 0.40289399586617947s
Epoch[12/20 550/700] - Loss: 204.8414611816 - MSE: 204.42064 - batch_Time: 0.40004669106565416s
Epoch[12/20 551/700] - Loss: 194.2851257324 - MSE: 193.89758 - batch_Time: 0.3956082290969789s
Epoch[12/20 552/700] - Loss: 153.2576446533 - MSE: 152.81081 - batch_Time: 0.3970426479354501s
Epoch[12/20 553/700] - Loss: 240.1974792480 - MSE: 239.76482 - batch_Time: 0.4012150848284364s
Epoch[12/20 554/700] - Loss: 269.4575195312 - MSE: 268.81711 - batch_Time: 0.3967907940968871s
Epoch[12/20 555/700] - Loss: 165.0606994629 - MSE: 164.79587 - batch_Time: 0.39703332004137337s
Epoch[12/20 556/700] - Loss: 147.9990234375 - MSE: 147.70093 - batch_Time: 0.39647920010611415s
Epoch[12/20 557/700] - Loss: 191.2442626953 - MSE: 190.93858 - batch_Time: 0.3964698310010135s
Epoch[12/20 558/700] - Loss: 257.5920410156 - MSE: 257.25912 - batch_Time: 0.40064298803918064s
Epoch[12/20 559/700] - Loss: 178.3867034912 - MSE: 177.89731 - batch_Time: 0.39639185508713126s
Epoch[12/20 560/700] - Loss: 109.4699249268 - MSE: 109.22787 - batch_Time: 0.40833369200117886s
Epoch[12/20 561/700] - Loss: 162.5336303711 - MSE: 162.16388 - batch_Time: 0.4045075820758939s
Epoch[12/20 562/700] - Loss: 111.7045593262 - MSE: 111.48083 - batch_Time: 0.4061872670426965s
Epoch[12/20 563/700] - Loss: 174.3151092529 - MSE: 173.95895 - batch_Time: 0.4060025007929653s
Epoch[12/20 564/700] - Loss: 367.7343139648 - MSE: 366.99179 - batch_Time: 0.40340168215334415s
Epoch[12/20 565/700] - Loss: 194.4472503662 - MSE: 193.99791 - batch_Time: 0.4064327240921557s
Epoch[12/20 566/700] - Loss: 156.6628417969 - MSE: 156.24756 - batch_Time: 0.40409754286520183s
Epoch[12/20 567/700] - Loss: 476.2284240723 - MSE: 475.24661 - batch_Time: 0.40322155598551035s
Epoch[12/20 568/700] - Loss: 220.6865234375 - MSE: 220.26057 - batch_Time: 0.4049608209170401s
Epoch[12/20 569/700] - Loss: 170.4561157227 - MSE: 170.19865 - batch_Time: 0.40564444195479155s
Epoch[12/20 570/700] - Loss: 241.1516113281 - MSE: 240.77557 - batch_Time: 0.40328998817130923s
Epoch[12/20 571/700] - Loss: 239.7645568848 - MSE: 239.20058 - batch_Time: 0.39937593904323876s
Epoch[12/20 572/700] - Loss: 273.1519165039 - MSE: 272.79816 - batch_Time: 0.39777014311403036s
Epoch[12/20 573/700] - Loss: 210.6699676514 - MSE: 210.26317 - batch_Time: 0.39878421020694077s
Epoch[12/20 574/700] - Loss: 210.7508697510 - MSE: 210.42731 - batch_Time: 0.4049099269323051s
Epoch[12/20 575/700] - Loss: 171.2086334229 - MSE: 170.91885 - batch_Time: 0.40169187588617206s
Epoch[12/20 576/700] - Loss: 257.0002441406 - MSE: 256.58539 - batch_Time: 0.40324461413547397s
Epoch[12/20 577/700] - Loss: 178.3693237305 - MSE: 178.03654 - batch_Time: 0.39837222802452743s
Epoch[12/20 578/700] - Loss: 106.0045166016 - MSE: 105.84619 - batch_Time: 0.39916562801226974s
Epoch[12/20 579/700] - Loss: 213.7411804199 - MSE: 213.31763 - batch_Time: 0.39877961413003504s
Epoch[12/20 580/700] - Loss: 236.6762084961 - MSE: 236.22353 - batch_Time: 0.39802621584385633s
Epoch[12/20 581/700] - Loss: 311.4683227539 - MSE: 311.04477 - batch_Time: 0.39857163885608315s
Epoch[12/20 582/700] - Loss: 154.2023010254 - MSE: 153.75896 - batch_Time: 0.40363503294065595s
Epoch[12/20 583/700] - Loss: 328.9984741211 - MSE: 328.48026 - batch_Time: 0.4052261298056692s
Epoch[12/20 584/700] - Loss: 218.7182922363 - MSE: 218.39479 - batch_Time: 0.40068047889508307s
Epoch[12/20 585/700] - Loss: 246.7606506348 - MSE: 246.14751 - batch_Time: 0.3993783909827471s
Epoch[12/20 586/700] - Loss: 162.0233917236 - MSE: 161.71632 - batch_Time: 0.4071783721446991s
Epoch[12/20 587/700] - Loss: 244.2952575684 - MSE: 244.00215 - batch_Time: 0.4041465390473604s
Epoch[12/20 588/700] - Loss: 152.6154022217 - MSE: 152.34906 - batch_Time: 0.40472146193496883s
Epoch[12/20 589/700] - Loss: 227.6000976562 - MSE: 227.15314 - batch_Time: 0.399892965098843s
Epoch[12/20 590/700] - Loss: 104.2879257202 - MSE: 104.09891 - batch_Time: 0.3990371199324727s
Epoch[12/20 591/700] - Loss: 165.7805633545 - MSE: 165.46159 - batch_Time: 0.39828025200404227s
Epoch[12/20 592/700] - Loss: 176.7392120361 - MSE: 176.38759 - batch_Time: 0.39867184800095856s
Epoch[12/20 593/700] - Loss: 226.4039306641 - MSE: 226.09074 - batch_Time: 0.40617265412583947s
Epoch[12/20 594/700] - Loss: 266.3776550293 - MSE: 265.84476 - batch_Time: 0.39892133488319814s
Epoch[12/20 595/700] - Loss: 118.3136444092 - MSE: 117.98361 - batch_Time: 0.3987556789070368s
Epoch[12/20 596/700] - Loss: 159.2544097900 - MSE: 158.89185 - batch_Time: 0.4065137109719217s
Epoch[12/20 597/700] - Loss: 164.3875427246 - MSE: 163.85376 - batch_Time: 0.40373150492087007s
Epoch[12/20 598/700] - Loss: 120.2850646973 - MSE: 119.84842 - batch_Time: 0.4037543348968029s
Epoch[12/20 599/700] - Loss: 136.1859436035 - MSE: 135.87276 - batch_Time: 0.4044627249240875s
Epoch[12/20 600/700] - Loss: 132.7467651367 - MSE: 132.36929 - batch_Time: 0.40535018290393054s
Epoch[12/20 601/700] - Loss: 246.2112121582 - MSE: 245.77840 - batch_Time: 0.4111532641109079s
Epoch[12/20 602/700] - Loss: 208.3197174072 - MSE: 207.92123 - batch_Time: 0.40373655897565186s
Epoch[12/20 603/700] - Loss: 141.1085205078 - MSE: 140.78696 - batch_Time: 0.40050521795637906s
Epoch[12/20 604/700] - Loss: 164.3080444336 - MSE: 163.99319 - batch_Time: 0.39807222597301006s
Epoch[12/20 605/700] - Loss: 276.5629577637 - MSE: 276.06546 - batch_Time: 0.4023889310192317s
Epoch[12/20 606/700] - Loss: 149.2929992676 - MSE: 148.89719 - batch_Time: 0.40018751518800855s
Epoch[12/20 607/700] - Loss: 146.7482452393 - MSE: 146.40634 - batch_Time: 0.4017129030544311s
Epoch[12/20 608/700] - Loss: 275.0084838867 - MSE: 274.45959 - batch_Time: 0.4009870048612356s
Epoch[12/20 609/700] - Loss: 174.9368743896 - MSE: 174.62933 - batch_Time: 0.402750930050388s
Epoch[12/20 610/700] - Loss: 221.0390014648 - MSE: 220.60155 - batch_Time: 0.4028328189160675s
Epoch[12/20 611/700] - Loss: 128.4861755371 - MSE: 128.17886 - batch_Time: 0.40273672086186707s
Epoch[12/20 612/700] - Loss: 239.6643981934 - MSE: 239.35144 - batch_Time: 0.39635716984048486s
Epoch[12/20 613/700] - Loss: 260.3179321289 - MSE: 259.93323 - batch_Time: 0.3988338920753449s
Epoch[12/20 614/700] - Loss: 188.4158325195 - MSE: 187.71759 - batch_Time: 0.3962099929340184s
Epoch[12/20 615/700] - Loss: 170.5163879395 - MSE: 170.29385 - batch_Time: 0.3996236810926348s
Epoch[12/20 616/700] - Loss: 170.5264587402 - MSE: 170.18669 - batch_Time: 0.39730673818849027s
Epoch[12/20 617/700] - Loss: 242.7454986572 - MSE: 242.45110 - batch_Time: 0.3975051948800683s
Epoch[12/20 618/700] - Loss: 256.0786743164 - MSE: 255.60777 - batch_Time: 0.39850777108222246s
Epoch[12/20 619/700] - Loss: 159.8846893311 - MSE: 159.54897 - batch_Time: 0.3978726121131331s
Epoch[12/20 620/700] - Loss: 165.7910461426 - MSE: 165.23080 - batch_Time: 0.39853177103213966s
Epoch[12/20 621/700] - Loss: 156.2898559570 - MSE: 155.91495 - batch_Time: 0.39754612813703716s
Epoch[12/20 622/700] - Loss: 207.4518127441 - MSE: 207.13673 - batch_Time: 0.396357037127018s
Epoch[12/20 623/700] - Loss: 168.1270751953 - MSE: 167.83501 - batch_Time: 0.3968191212043166s
Epoch[12/20 624/700] - Loss: 287.5157470703 - MSE: 287.09183 - batch_Time: 0.39394293492659926s
Epoch[12/20 625/700] - Loss: 162.1131439209 - MSE: 161.83060 - batch_Time: 0.4014747110195458s
Epoch[12/20 626/700] - Loss: 218.0601959229 - MSE: 217.78448 - batch_Time: 0.3978488678112626s
Epoch[12/20 627/700] - Loss: 170.4481964111 - MSE: 170.10193 - batch_Time: 0.40332684596069157s
Epoch[12/20 628/700] - Loss: 174.1778411865 - MSE: 174.00954 - batch_Time: 0.4011017500888556s
Epoch[12/20 629/700] - Loss: 113.1128005981 - MSE: 112.92245 - batch_Time: 0.4031279399059713s
Epoch[12/20 630/700] - Loss: 243.9648284912 - MSE: 243.61633 - batch_Time: 0.4018742700573057s
Epoch[12/20 631/700] - Loss: 161.1762084961 - MSE: 160.74579 - batch_Time: 0.40061457990668714s
Epoch[12/20 632/700] - Loss: 110.1120605469 - MSE: 109.85056 - batch_Time: 0.39870888902805746s
Epoch[12/20 633/700] - Loss: 183.8596496582 - MSE: 183.50502 - batch_Time: 0.4006719710305333s
Epoch[12/20 634/700] - Loss: 193.2582397461 - MSE: 192.72047 - batch_Time: 0.40104776597581804s
Epoch[12/20 635/700] - Loss: 198.4683074951 - MSE: 198.12192 - batch_Time: 0.39857031404972076s
Epoch[12/20 636/700] - Loss: 180.1185302734 - MSE: 179.80530 - batch_Time: 0.39751825109124184s
Epoch[12/20 637/700] - Loss: 172.4150390625 - MSE: 172.05110 - batch_Time: 0.40261519397608936s
Epoch[12/20 638/700] - Loss: 146.0786590576 - MSE: 145.77136 - batch_Time: 0.3932368569076061s
Epoch[12/20 639/700] - Loss: 157.6265258789 - MSE: 157.29959 - batch_Time: 0.3993302558083087s
Epoch[12/20 640/700] - Loss: 336.7565612793 - MSE: 336.35193 - batch_Time: 0.3959673580247909s
Epoch[12/20 641/700] - Loss: 209.7154541016 - MSE: 209.27739 - batch_Time: 0.40250149997882545s
Epoch[12/20 642/700] - Loss: 271.9472656250 - MSE: 271.42224 - batch_Time: 0.39635898219421506s
Epoch[12/20 643/700] - Loss: 178.5642242432 - MSE: 178.13620 - batch_Time: 0.4017634519841522s
Epoch[12/20 644/700] - Loss: 223.7568054199 - MSE: 223.27884 - batch_Time: 0.3979482399299741s
Epoch[12/20 645/700] - Loss: 142.9010925293 - MSE: 142.57497 - batch_Time: 0.40023018792271614s
Epoch[12/20 646/700] - Loss: 115.7005996704 - MSE: 115.54251 - batch_Time: 0.4126979000866413s
Epoch[12/20 647/700] - Loss: 135.3840789795 - MSE: 134.69479 - batch_Time: 0.4024212460499257s
Epoch[12/20 648/700] - Loss: 311.5957641602 - MSE: 311.05075 - batch_Time: 0.4000436819624156s
Epoch[12/20 649/700] - Loss: 199.3872375488 - MSE: 198.91414 - batch_Time: 0.397483360953629s
Epoch[12/20 650/700] - Loss: 242.9661560059 - MSE: 242.55484 - batch_Time: 0.39980020793154836s
Epoch[12/20 651/700] - Loss: 217.8623199463 - MSE: 217.55040 - batch_Time: 0.39677490410394967s
Epoch[12/20 652/700] - Loss: 249.7738342285 - MSE: 249.20892 - batch_Time: 0.40399055602028966s
Epoch[12/20 653/700] - Loss: 182.8459320068 - MSE: 182.58522 - batch_Time: 0.39643205096945167s
Epoch[12/20 654/700] - Loss: 165.2963714600 - MSE: 164.87584 - batch_Time: 0.3966612280346453s
Epoch[12/20 655/700] - Loss: 214.1810607910 - MSE: 213.94569 - batch_Time: 0.3982968940399587s
Epoch[12/20 656/700] - Loss: 162.5760955811 - MSE: 162.34201 - batch_Time: 0.39794535003602505s
Epoch[12/20 657/700] - Loss: 124.0463485718 - MSE: 123.64072 - batch_Time: 0.397974391002208s
Epoch[12/20 658/700] - Loss: 180.7937927246 - MSE: 180.33383 - batch_Time: 0.40223839692771435s
Epoch[12/20 659/700] - Loss: 331.3081970215 - MSE: 330.65393 - batch_Time: 0.39990949304774404s
Epoch[12/20 660/700] - Loss: 189.2112274170 - MSE: 188.75563 - batch_Time: 0.39700764790177345s
Epoch[12/20 661/700] - Loss: 149.2767181396 - MSE: 148.74332 - batch_Time: 0.3986877219285816s
Epoch[12/20 662/700] - Loss: 319.4293823242 - MSE: 318.91669 - batch_Time: 0.40148832206614316s
Epoch[12/20 663/700] - Loss: 249.2276611328 - MSE: 248.89250 - batch_Time: 0.40141523303464055s
Epoch[12/20 664/700] - Loss: 251.5336151123 - MSE: 251.25182 - batch_Time: 0.4038638458587229s
Epoch[12/20 665/700] - Loss: 268.7996520996 - MSE: 268.36212 - batch_Time: 0.40331901679746807s
Epoch[12/20 666/700] - Loss: 166.0431976318 - MSE: 165.80215 - batch_Time: 0.40033017192035913s
Epoch[12/20 667/700] - Loss: 177.5699157715 - MSE: 177.13057 - batch_Time: 0.40128437895327806s
Epoch[12/20 668/700] - Loss: 229.2641601562 - MSE: 229.03671 - batch_Time: 0.3999821781180799s
Epoch[12/20 669/700] - Loss: 188.6490020752 - MSE: 188.16479 - batch_Time: 0.4012331508565694s
Epoch[12/20 670/700] - Loss: 147.3776550293 - MSE: 147.07288 - batch_Time: 0.40280317701399326s
Epoch[12/20 671/700] - Loss: 192.3469696045 - MSE: 192.06763 - batch_Time: 0.40011203894391656s
Epoch[12/20 672/700] - Loss: 237.8262023926 - MSE: 237.51012 - batch_Time: 0.4040823099203408s
Epoch[12/20 673/700] - Loss: 149.0577392578 - MSE: 148.83963 - batch_Time: 0.41300528682768345s
Epoch[12/20 674/700] - Loss: 100.4462280273 - MSE: 100.31920 - batch_Time: 0.39991700393147767s
Epoch[12/20 675/700] - Loss: 122.4174041748 - MSE: 122.15923 - batch_Time: 0.4004982558544725s
Epoch[12/20 676/700] - Loss: 195.8549652100 - MSE: 195.57947 - batch_Time: 0.39457427710294724s
Epoch[12/20 677/700] - Loss: 187.9536590576 - MSE: 187.70825 - batch_Time: 0.3974055238068104s
Epoch[12/20 678/700] - Loss: 168.7718963623 - MSE: 168.45239 - batch_Time: 0.3984202700667083s
Epoch[12/20 679/700] - Loss: 253.6817016602 - MSE: 253.20177 - batch_Time: 0.4043749419506639s
Epoch[12/20 680/700] - Loss: 133.6688690186 - MSE: 133.25887 - batch_Time: 0.4003025428391993s
Epoch[12/20 681/700] - Loss: 173.6670227051 - MSE: 173.39854 - batch_Time: 0.40321363019756973s
Epoch[12/20 682/700] - Loss: 171.5357208252 - MSE: 171.18370 - batch_Time: 0.4020687679294497s
Epoch[12/20 683/700] - Loss: 198.7849121094 - MSE: 198.19455 - batch_Time: 0.40100163500756025s
Epoch[12/20 684/700] - Loss: 156.9895935059 - MSE: 156.66150 - batch_Time: 0.3961936279665679s
Epoch[12/20 685/700] - Loss: 127.1125946045 - MSE: 126.68497 - batch_Time: 0.40077634900808334s
Epoch[12/20 686/700] - Loss: 176.1007537842 - MSE: 175.56552 - batch_Time: 0.39989731390960515s
Epoch[12/20 687/700] - Loss: 150.7291259766 - MSE: 150.52313 - batch_Time: 0.4017751959618181s
Epoch[12/20 688/700] - Loss: 276.6987304688 - MSE: 276.39389 - batch_Time: 0.3964196478482336s
Epoch[12/20 689/700] - Loss: 160.6915740967 - MSE: 160.49304 - batch_Time: 0.4011213779449463s
Epoch[12/20 690/700] - Loss: 177.5755310059 - MSE: 177.06500 - batch_Time: 0.3987311141099781s
Epoch[12/20 691/700] - Loss: 215.4278564453 - MSE: 215.16171 - batch_Time: 0.3958909590728581s
Epoch[12/20 692/700] - Loss: 264.1005859375 - MSE: 263.65726 - batch_Time: 0.39709536102600396s
Epoch[12/20 693/700] - Loss: 222.2763061523 - MSE: 221.92838 - batch_Time: 0.40094866300933063s
Epoch[12/20 694/700] - Loss: 178.6322937012 - MSE: 178.28822 - batch_Time: 0.40151123609393835s
Epoch[12/20 695/700] - Loss: 156.6446533203 - MSE: 156.31650 - batch_Time: 0.4013989979866892s
Epoch[12/20 696/700] - Loss: 140.4022064209 - MSE: 140.16183 - batch_Time: 0.3982311971485615s
Epoch[12/20 697/700] - Loss: 138.0955963135 - MSE: 137.86433 - batch_Time: 0.3963333561550826s
Epoch[12/20 698/700] - Loss: 291.2136535645 - MSE: 290.63538 - batch_Time: 0.40157026913948357s
Epoch[12/20 699/700] - Loss: 65.8648910522 - MSE: 65.69652 - batch_Time: 0.40175233595073223s
Epoch[12] - 2021-08-06 22:19:41.836514
/hy-tmp/OURS/ttsr_dx/experiment.py:171: UserWarning: torch.nn.utils.clip_grad_norm is now deprecated in favor of torch.nn.utils.clip_grad_norm_.
  nn.utils.clip_grad_norm(self.model.parameters(), 1, norm_type=2)
Epoch[12- train_loss: 197.0520332009 - train_error: 196.6682243020 - val_loss: 61.3442128563 - val_error: 61.2114454651 - val_psnr: 30.5669044937 - val_ssim: 0.8218012446 - epoch_Time: 362.038271865109s
Current learning rate: 0.0001
Epoch[13/20] - 2021-08-06 22:20:56.055793
Epoch[13/20 0/700] - Loss: 181.4128570557 - MSE: 181.17386 - batch_Time: 0.41126718698069453s
Epoch[13/20 1/700] - Loss: 122.2105712891 - MSE: 121.87901 - batch_Time: 0.39381194417364895s
Epoch[13/20 2/700] - Loss: 200.8685913086 - MSE: 200.49669 - batch_Time: 0.39636184787377715s
Epoch[13/20 3/700] - Loss: 258.3594360352 - MSE: 257.96310 - batch_Time: 0.3971057969611138s
Epoch[13/20 4/700] - Loss: 115.3862152100 - MSE: 115.05185 - batch_Time: 0.3984171769116074s
Epoch[13/20 5/700] - Loss: 216.7475891113 - MSE: 216.30411 - batch_Time: 0.3999747571069747s
Epoch[13/20 6/700] - Loss: 212.9393615723 - MSE: 212.58817 - batch_Time: 0.3914859709329903s
Epoch[13/20 7/700] - Loss: 149.7830352783 - MSE: 149.50168 - batch_Time: 0.39786151912994683s
Epoch[13/20 8/700] - Loss: 227.8786163330 - MSE: 227.31271 - batch_Time: 0.3971398000139743s
Epoch[13/20 9/700] - Loss: 137.0211181641 - MSE: 136.71762 - batch_Time: 0.3919102968648076s
Epoch[13/20 10/700] - Loss: 294.5322265625 - MSE: 294.06497 - batch_Time: 0.3927280460484326s
Epoch[13/20 11/700] - Loss: 210.5034790039 - MSE: 209.93784 - batch_Time: 0.3983834139071405s
Epoch[13/20 12/700] - Loss: 153.3961486816 - MSE: 153.04048 - batch_Time: 0.3934493970591575s
Epoch[13/20 13/700] - Loss: 166.5823059082 - MSE: 166.21837 - batch_Time: 0.3992605418898165s
Epoch[13/20 14/700] - Loss: 131.2131195068 - MSE: 130.93663 - batch_Time: 0.40027736802585423s
Epoch[13/20 15/700] - Loss: 188.2176208496 - MSE: 187.95146 - batch_Time: 0.39247116283513606s
Epoch[13/20 16/700] - Loss: 147.9167938232 - MSE: 147.50240 - batch_Time: 0.39705961593426764s
Epoch[13/20 17/700] - Loss: 185.3585052490 - MSE: 184.93326 - batch_Time: 0.3962233690544963s
Epoch[13/20 18/700] - Loss: 187.8151550293 - MSE: 187.53679 - batch_Time: 0.40008802292868495s
Epoch[13/20 19/700] - Loss: 195.4510040283 - MSE: 195.16046 - batch_Time: 0.39247523504309356s
Epoch[13/20 20/700] - Loss: 165.8239898682 - MSE: 165.43570 - batch_Time: 0.4009006330743432s
Epoch[13/20 21/700] - Loss: 206.8099670410 - MSE: 206.46909 - batch_Time: 0.3948526510503143s
Epoch[13/20 22/700] - Loss: 194.1725921631 - MSE: 193.83852 - batch_Time: 0.39588454691693187s
Epoch[13/20 23/700] - Loss: 117.7887725830 - MSE: 117.38380 - batch_Time: 0.3919664449058473s
Epoch[13/20 24/700] - Loss: 152.4588623047 - MSE: 152.00604 - batch_Time: 0.397934797918424s
Epoch[13/20 25/700] - Loss: 187.7029571533 - MSE: 187.35461 - batch_Time: 0.39889358496293426s
Epoch[13/20 26/700] - Loss: 369.1642150879 - MSE: 368.50360 - batch_Time: 0.3977763920556754s
Epoch[13/20 27/700] - Loss: 289.9525146484 - MSE: 289.35651 - batch_Time: 0.39911165297962725s
Epoch[13/20 28/700] - Loss: 189.4879913330 - MSE: 189.22633 - batch_Time: 0.394029428018257s
Epoch[13/20 29/700] - Loss: 144.8049316406 - MSE: 144.59560 - batch_Time: 0.3991731640417129s
Epoch[13/20 30/700] - Loss: 219.1528778076 - MSE: 218.79419 - batch_Time: 0.39894082793034613s
Epoch[13/20 31/700] - Loss: 259.9990539551 - MSE: 259.46307 - batch_Time: 0.398091261042282s
Epoch[13/20 32/700] - Loss: 141.0647583008 - MSE: 140.76779 - batch_Time: 0.3976167878136039s
Epoch[13/20 33/700] - Loss: 180.1855010986 - MSE: 179.94534 - batch_Time: 0.39005013811402023s
Epoch[13/20 34/700] - Loss: 175.5737762451 - MSE: 175.15103 - batch_Time: 0.39663288393057883s
Epoch[13/20 35/700] - Loss: 119.7729492188 - MSE: 119.40165 - batch_Time: 0.3951334760058671s
Epoch[13/20 36/700] - Loss: 150.8861999512 - MSE: 150.55827 - batch_Time: 0.3982678409665823s
Epoch[13/20 37/700] - Loss: 166.7945861816 - MSE: 166.48047 - batch_Time: 0.3925494849681854s
Epoch[13/20 38/700] - Loss: 147.3612976074 - MSE: 146.85611 - batch_Time: 0.395878846058622s
Epoch[13/20 39/700] - Loss: 190.7705535889 - MSE: 190.43161 - batch_Time: 0.3919319959823042s
Epoch[13/20 40/700] - Loss: 141.5705566406 - MSE: 141.37001 - batch_Time: 0.397841920144856s
Epoch[13/20 41/700] - Loss: 138.1934814453 - MSE: 137.86629 - batch_Time: 0.39713465003296733s
Epoch[13/20 42/700] - Loss: 148.5280914307 - MSE: 148.25873 - batch_Time: 0.39917618106119335s
Epoch[13/20 43/700] - Loss: 204.9332885742 - MSE: 204.50583 - batch_Time: 0.39875079900957644s
Epoch[13/20 44/700] - Loss: 275.6197509766 - MSE: 275.18652 - batch_Time: 0.39896579599007964s
Epoch[13/20 45/700] - Loss: 219.2284393311 - MSE: 218.32504 - batch_Time: 0.3993420710321516s
Epoch[13/20 46/700] - Loss: 159.3751831055 - MSE: 159.15385 - batch_Time: 0.3968896681908518s
Epoch[13/20 47/700] - Loss: 173.2227172852 - MSE: 173.02043 - batch_Time: 0.39364118501544s
Epoch[13/20 48/700] - Loss: 194.3357391357 - MSE: 193.87466 - batch_Time: 0.3990809367969632s
Epoch[13/20 49/700] - Loss: 77.0860214233 - MSE: 76.91466 - batch_Time: 0.4004743068944663s
Epoch[13/20 50/700] - Loss: 144.7765502930 - MSE: 144.56686 - batch_Time: 0.4010213890578598s
Epoch[13/20 51/700] - Loss: 93.6943588257 - MSE: 93.50439 - batch_Time: 0.39363473909907043s
Epoch[13/20 52/700] - Loss: 280.3825073242 - MSE: 279.92740 - batch_Time: 0.39908908889628947s
Epoch[13/20 53/700] - Loss: 205.1103210449 - MSE: 204.63028 - batch_Time: 0.3916254290379584s
Epoch[13/20 54/700] - Loss: 168.6129150391 - MSE: 168.32278 - batch_Time: 0.3964922979939729s
Epoch[13/20 55/700] - Loss: 167.8689422607 - MSE: 167.57909 - batch_Time: 0.3934180939104408s
Epoch[13/20 56/700] - Loss: 205.4183197021 - MSE: 204.78018 - batch_Time: 0.39860295807011425s
Epoch[13/20 57/700] - Loss: 203.7737731934 - MSE: 203.39389 - batch_Time: 0.39804396708495915s
Epoch[13/20 58/700] - Loss: 224.7331390381 - MSE: 224.18922 - batch_Time: 0.39928793092258275s
Epoch[13/20 59/700] - Loss: 194.4908905029 - MSE: 194.15417 - batch_Time: 0.39148710505105555s
Epoch[13/20 60/700] - Loss: 212.0502624512 - MSE: 211.64462 - batch_Time: 0.39806538890115917s
Epoch[13/20 61/700] - Loss: 218.1508178711 - MSE: 217.83685 - batch_Time: 0.39392317994497716s
Epoch[13/20 62/700] - Loss: 184.7025604248 - MSE: 184.40979 - batch_Time: 0.3999706020113081s
Epoch[13/20 63/700] - Loss: 142.5561065674 - MSE: 142.03625 - batch_Time: 0.3940950590185821s
Epoch[13/20 64/700] - Loss: 109.7289733887 - MSE: 109.52418 - batch_Time: 0.3999810731038451s
Epoch[13/20 65/700] - Loss: 195.8976745605 - MSE: 195.49628 - batch_Time: 0.3926561721600592s
Epoch[13/20 66/700] - Loss: 194.5809783936 - MSE: 194.32646 - batch_Time: 0.397862256038934s
Epoch[13/20 67/700] - Loss: 163.6438903809 - MSE: 163.32175 - batch_Time: 0.39242897485382855s
Epoch[13/20 68/700] - Loss: 182.2903137207 - MSE: 181.98300 - batch_Time: 0.3930487078614533s
Epoch[13/20 69/700] - Loss: 257.0244750977 - MSE: 256.64236 - batch_Time: 0.39352338993921876s
Epoch[13/20 70/700] - Loss: 196.8407592773 - MSE: 196.47105 - batch_Time: 0.3919320439454168s
Epoch[13/20 71/700] - Loss: 248.3864135742 - MSE: 247.98361 - batch_Time: 0.39449642901308835s
Epoch[13/20 72/700] - Loss: 141.1028442383 - MSE: 140.86319 - batch_Time: 0.3926058148499578s
Epoch[13/20 73/700] - Loss: 175.7386779785 - MSE: 175.31142 - batch_Time: 0.3942067641764879s
Epoch[13/20 74/700] - Loss: 204.2106323242 - MSE: 203.84904 - batch_Time: 0.39043810800649226s
Epoch[13/20 75/700] - Loss: 185.8663024902 - MSE: 185.56860 - batch_Time: 0.39380630012601614s
Epoch[13/20 76/700] - Loss: 183.0310211182 - MSE: 182.74661 - batch_Time: 0.39323021890595555s
Epoch[13/20 77/700] - Loss: 91.8096542358 - MSE: 91.60804 - batch_Time: 0.39314454118721187s
Epoch[13/20 78/700] - Loss: 170.9391632080 - MSE: 170.58719 - batch_Time: 0.39157801400870085s
Epoch[13/20 79/700] - Loss: 83.6722869873 - MSE: 83.39715 - batch_Time: 0.3941229081247002s
Epoch[13/20 80/700] - Loss: 87.5195007324 - MSE: 87.26248 - batch_Time: 0.3953875519800931s
Epoch[13/20 81/700] - Loss: 205.5561065674 - MSE: 205.12433 - batch_Time: 0.39258861099369824s
Epoch[13/20 82/700] - Loss: 274.6934204102 - MSE: 274.36145 - batch_Time: 0.399662148905918s
Epoch[13/20 83/700] - Loss: 89.0257720947 - MSE: 88.81793 - batch_Time: 0.39999862504191697s
Epoch[13/20 84/700] - Loss: 222.3727722168 - MSE: 222.02388 - batch_Time: 0.399836648022756s
Epoch[13/20 85/700] - Loss: 173.3469085693 - MSE: 172.80872 - batch_Time: 0.3983243911061436s
Epoch[13/20 86/700] - Loss: 197.9534606934 - MSE: 197.58521 - batch_Time: 0.40019568405114114s
Epoch[13/20 87/700] - Loss: 202.6756286621 - MSE: 202.38936 - batch_Time: 0.39753281394951046s
Epoch[13/20 88/700] - Loss: 149.5067749023 - MSE: 149.26723 - batch_Time: 0.3995531948748976s
Epoch[13/20 89/700] - Loss: 73.8649291992 - MSE: 73.72321 - batch_Time: 0.3961406541056931s
Epoch[13/20 90/700] - Loss: 197.6015777588 - MSE: 196.95682 - batch_Time: 0.3990662528667599s
Epoch[13/20 91/700] - Loss: 335.3341064453 - MSE: 334.80258 - batch_Time: 0.3973934380337596s
Epoch[13/20 92/700] - Loss: 243.5144348145 - MSE: 243.03860 - batch_Time: 0.3989624250680208s
Epoch[13/20 93/700] - Loss: 244.6647796631 - MSE: 244.22508 - batch_Time: 0.3945033510681242s
Epoch[13/20 94/700] - Loss: 126.3022918701 - MSE: 126.07101 - batch_Time: 0.40018965885974467s
Epoch[13/20 95/700] - Loss: 186.9572753906 - MSE: 186.59219 - batch_Time: 0.39414850692264736s
Epoch[13/20 96/700] - Loss: 177.9412231445 - MSE: 177.71550 - batch_Time: 0.400574604049325s
Epoch[13/20 97/700] - Loss: 148.3982086182 - MSE: 147.97043 - batch_Time: 0.394884318113327s
Epoch[13/20 98/700] - Loss: 119.6729812622 - MSE: 119.33772 - batch_Time: 0.39815924083814025s
Epoch[13/20 99/700] - Loss: 134.6844787598 - MSE: 134.40881 - batch_Time: 0.3922614378388971s
Epoch[13/20 100/700] - Loss: 185.3185729980 - MSE: 185.00919 - batch_Time: 0.39555133995600045s
Epoch[13/20 101/700] - Loss: 147.0876159668 - MSE: 146.72214 - batch_Time: 0.394115051953122s
Epoch[13/20 102/700] - Loss: 273.9111633301 - MSE: 273.31616 - batch_Time: 0.40139340702444315s
Epoch[13/20 103/700] - Loss: 156.5958557129 - MSE: 156.34015 - batch_Time: 0.3945829758886248s
Epoch[13/20 104/700] - Loss: 75.2224121094 - MSE: 75.05433 - batch_Time: 0.3999845189973712s
Epoch[13/20 105/700] - Loss: 243.4738159180 - MSE: 243.21642 - batch_Time: 0.39637089101597667s
Epoch[13/20 106/700] - Loss: 134.2574310303 - MSE: 134.04004 - batch_Time: 0.3995187149848789s
Epoch[13/20 107/700] - Loss: 293.4193725586 - MSE: 292.85220 - batch_Time: 0.3959134789183736s
Epoch[13/20 108/700] - Loss: 138.4875488281 - MSE: 138.30811 - batch_Time: 0.40137026994489133s
Epoch[13/20 109/700] - Loss: 230.0489501953 - MSE: 229.68448 - batch_Time: 0.40367867704480886s
Epoch[13/20 110/700] - Loss: 150.6920166016 - MSE: 150.44852 - batch_Time: 0.3957199640572071s
Epoch[13/20 111/700] - Loss: 172.1717224121 - MSE: 171.71446 - batch_Time: 0.3965811210218817s
Epoch[13/20 112/700] - Loss: 125.3636093140 - MSE: 124.97282 - batch_Time: 0.4018826449755579s
Epoch[13/20 113/700] - Loss: 223.8894805908 - MSE: 223.44652 - batch_Time: 0.40113360597752035s
Epoch[13/20 114/700] - Loss: 200.3584747314 - MSE: 199.91721 - batch_Time: 0.4012163958977908s
Epoch[13/20 115/700] - Loss: 222.1592712402 - MSE: 221.70921 - batch_Time: 0.39913350716233253s
Epoch[13/20 116/700] - Loss: 200.2559661865 - MSE: 199.71269 - batch_Time: 0.4064984309952706s
Epoch[13/20 117/700] - Loss: 167.1912078857 - MSE: 166.86598 - batch_Time: 0.4013775761704892s
Epoch[13/20 118/700] - Loss: 262.1932983398 - MSE: 261.49963 - batch_Time: 0.40887010702863336s
Epoch[13/20 119/700] - Loss: 202.7365417480 - MSE: 202.42557 - batch_Time: 0.4003147631883621s
Epoch[13/20 120/700] - Loss: 181.6660156250 - MSE: 181.39070 - batch_Time: 0.4011496710591018s
Epoch[13/20 121/700] - Loss: 222.0069427490 - MSE: 221.61131 - batch_Time: 0.4007089380174875s
Epoch[13/20 122/700] - Loss: 279.7907714844 - MSE: 279.30942 - batch_Time: 0.4025432518683374s
Epoch[13/20 123/700] - Loss: 129.3184814453 - MSE: 129.03413 - batch_Time: 0.4012400519568473s
Epoch[13/20 124/700] - Loss: 259.2902526855 - MSE: 258.88452 - batch_Time: 0.3992995398584753s
Epoch[13/20 125/700] - Loss: 189.0000305176 - MSE: 188.73508 - batch_Time: 0.4000121890567243s
Epoch[13/20 126/700] - Loss: 97.8546752930 - MSE: 97.58156 - batch_Time: 0.4027190930210054s
Epoch[13/20 127/700] - Loss: 160.4323730469 - MSE: 160.15663 - batch_Time: 0.40055759297683835s
Epoch[13/20 128/700] - Loss: 173.9200439453 - MSE: 173.52255 - batch_Time: 0.40035663708113134s
Epoch[13/20 129/700] - Loss: 123.2720947266 - MSE: 123.07237 - batch_Time: 0.40045639709569514s
Epoch[13/20 130/700] - Loss: 113.8857421875 - MSE: 113.68799 - batch_Time: 0.3996314979158342s
Epoch[13/20 131/700] - Loss: 160.2485961914 - MSE: 159.85005 - batch_Time: 0.40076468396000564s
Epoch[13/20 132/700] - Loss: 192.9673156738 - MSE: 192.54424 - batch_Time: 0.40039576799608767s
Epoch[13/20 133/700] - Loss: 218.0042266846 - MSE: 217.66144 - batch_Time: 0.4006579960696399s
Epoch[13/20 134/700] - Loss: 163.2164001465 - MSE: 162.90865 - batch_Time: 0.39959231205284595s
Epoch[13/20 135/700] - Loss: 148.1866912842 - MSE: 147.54309 - batch_Time: 0.40002733608707786s
Epoch[13/20 136/700] - Loss: 181.9253692627 - MSE: 181.68300 - batch_Time: 0.4005455491133034s
Epoch[13/20 137/700] - Loss: 199.8935089111 - MSE: 199.62677 - batch_Time: 0.40037084207870066s
Epoch[13/20 138/700] - Loss: 106.0028228760 - MSE: 105.79211 - batch_Time: 0.4012806301470846s
Epoch[13/20 139/700] - Loss: 215.5684509277 - MSE: 215.11615 - batch_Time: 0.4004448130726814s
Epoch[13/20 140/700] - Loss: 114.8449630737 - MSE: 114.56016 - batch_Time: 0.40079553704708815s
Epoch[13/20 141/700] - Loss: 238.6702117920 - MSE: 238.21587 - batch_Time: 0.3998837119434029s
Epoch[13/20 142/700] - Loss: 335.7243347168 - MSE: 335.10327 - batch_Time: 0.39922066195867956s
Epoch[13/20 143/700] - Loss: 132.8586273193 - MSE: 132.56151 - batch_Time: 0.3999331819359213s
Epoch[13/20 144/700] - Loss: 281.2552490234 - MSE: 280.91174 - batch_Time: 0.40247762599028647s
Epoch[13/20 145/700] - Loss: 233.9044494629 - MSE: 233.53473 - batch_Time: 0.40061325300484896s
Epoch[13/20 146/700] - Loss: 194.2944946289 - MSE: 193.86052 - batch_Time: 0.39952142001129687s
Epoch[13/20 147/700] - Loss: 170.7236328125 - MSE: 170.17581 - batch_Time: 0.39858550392091274s
Epoch[13/20 148/700] - Loss: 107.4529571533 - MSE: 107.19434 - batch_Time: 0.4020265049766749s
Epoch[13/20 149/700] - Loss: 174.6559753418 - MSE: 174.13838 - batch_Time: 0.39962918986566365s
Epoch[13/20 150/700] - Loss: 437.8563232422 - MSE: 437.49243 - batch_Time: 0.39859387604519725s
Epoch[13/20 151/700] - Loss: 222.2064361572 - MSE: 221.75133 - batch_Time: 0.3975492820609361s
Epoch[13/20 152/700] - Loss: 221.0465698242 - MSE: 220.64270 - batch_Time: 0.4054736481048167s
Epoch[13/20 153/700] - Loss: 130.3030700684 - MSE: 130.03729 - batch_Time: 0.39857204793952405s
Epoch[13/20 154/700] - Loss: 199.0135192871 - MSE: 198.72009 - batch_Time: 0.4006950380280614s
Epoch[13/20 155/700] - Loss: 188.8981475830 - MSE: 188.54979 - batch_Time: 0.40426721703261137s
Epoch[13/20 156/700] - Loss: 142.9843597412 - MSE: 142.61230 - batch_Time: 0.39937571808695793s
Epoch[13/20 157/700] - Loss: 190.1919097900 - MSE: 189.83119 - batch_Time: 0.4005911510903388s
Epoch[13/20 158/700] - Loss: 219.3867187500 - MSE: 218.93306 - batch_Time: 0.3959062700159848s
Epoch[13/20 159/700] - Loss: 174.4584350586 - MSE: 174.22668 - batch_Time: 0.40120511315762997s
Epoch[13/20 160/700] - Loss: 141.2509765625 - MSE: 140.95215 - batch_Time: 0.39585137111134827s
Epoch[13/20 161/700] - Loss: 221.0849304199 - MSE: 220.74045 - batch_Time: 0.39695898490026593s
Epoch[13/20 162/700] - Loss: 158.9652557373 - MSE: 158.68594 - batch_Time: 0.39598091086372733s
Epoch[13/20 163/700] - Loss: 134.7045135498 - MSE: 134.36525 - batch_Time: 0.402703054016456s
Epoch[13/20 164/700] - Loss: 261.2019042969 - MSE: 260.74835 - batch_Time: 0.39601210108958185s
Epoch[13/20 165/700] - Loss: 222.7172393799 - MSE: 222.24496 - batch_Time: 0.39708792697638273s
Epoch[13/20 166/700] - Loss: 133.1852722168 - MSE: 132.96385 - batch_Time: 0.3934684379491955s
Epoch[13/20 167/700] - Loss: 108.4600448608 - MSE: 108.05680 - batch_Time: 0.39478905010037124s
Epoch[13/20 168/700] - Loss: 235.5233917236 - MSE: 235.11977 - batch_Time: 0.3994047539308667s
Epoch[13/20 169/700] - Loss: 215.6897430420 - MSE: 215.21249 - batch_Time: 0.4020508471876383s
Epoch[13/20 170/700] - Loss: 129.0662384033 - MSE: 128.83725 - batch_Time: 0.39313036599196494s
Epoch[13/20 171/700] - Loss: 154.2955627441 - MSE: 153.98434 - batch_Time: 0.39601425384171307s
Epoch[13/20 172/700] - Loss: 139.6038513184 - MSE: 139.33530 - batch_Time: 0.3955597118474543s
Epoch[13/20 173/700] - Loss: 314.9567260742 - MSE: 314.39072 - batch_Time: 0.3964339189697057s
Epoch[13/20 174/700] - Loss: 101.0632400513 - MSE: 100.79419 - batch_Time: 0.40282219904474914s
Epoch[13/20 175/700] - Loss: 169.5940399170 - MSE: 169.22786 - batch_Time: 0.39996077003888786s
Epoch[13/20 176/700] - Loss: 139.2044372559 - MSE: 138.90427 - batch_Time: 0.4007343091070652s
Epoch[13/20 177/700] - Loss: 244.2477416992 - MSE: 243.86111 - batch_Time: 0.3999392818659544s
Epoch[13/20 178/700] - Loss: 182.4225463867 - MSE: 182.04121 - batch_Time: 0.40033541596494615s
Epoch[13/20 179/700] - Loss: 208.6336669922 - MSE: 208.40869 - batch_Time: 0.4007463108282536s
Epoch[13/20 180/700] - Loss: 129.6832427979 - MSE: 129.25142 - batch_Time: 0.3989262480754405s
Epoch[13/20 181/700] - Loss: 137.8744659424 - MSE: 137.66277 - batch_Time: 0.400856071151793s
Epoch[13/20 182/700] - Loss: 212.5736541748 - MSE: 212.07030 - batch_Time: 0.4010701992083341s
Epoch[13/20 183/700] - Loss: 226.0509948730 - MSE: 225.78406 - batch_Time: 0.4010111598763615s
Epoch[13/20 184/700] - Loss: 164.6039123535 - MSE: 164.43520 - batch_Time: 0.4000646839849651s
Epoch[13/20 185/700] - Loss: 126.5577545166 - MSE: 126.25780 - batch_Time: 0.4002754809334874s
Epoch[13/20 186/700] - Loss: 233.4580535889 - MSE: 233.05411 - batch_Time: 0.40239454177208245s
Epoch[13/20 187/700] - Loss: 106.8729095459 - MSE: 106.70320 - batch_Time: 0.4043358638882637s
Epoch[13/20 188/700] - Loss: 258.3629150391 - MSE: 257.87369 - batch_Time: 0.39960762206465006s
Epoch[13/20 189/700] - Loss: 219.4254760742 - MSE: 219.07771 - batch_Time: 0.4015781751368195s
Epoch[13/20 190/700] - Loss: 177.0110778809 - MSE: 176.63629 - batch_Time: 0.40016109496355057s
Epoch[13/20 191/700] - Loss: 167.6068572998 - MSE: 167.20845 - batch_Time: 0.39991438994184136s
Epoch[13/20 192/700] - Loss: 191.4801635742 - MSE: 191.07838 - batch_Time: 0.40040650381706655s
Epoch[13/20 193/700] - Loss: 190.6492462158 - MSE: 190.09932 - batch_Time: 0.40086765796877444s
Epoch[13/20 194/700] - Loss: 202.1051330566 - MSE: 201.76389 - batch_Time: 0.40274734189733863s
Epoch[13/20 195/700] - Loss: 122.6873931885 - MSE: 122.37378 - batch_Time: 0.4003905449062586s
Epoch[13/20 196/700] - Loss: 250.3448333740 - MSE: 249.97815 - batch_Time: 0.3995114101562649s
Epoch[13/20 197/700] - Loss: 141.4364013672 - MSE: 141.22116 - batch_Time: 0.40044171502813697s
Epoch[13/20 198/700] - Loss: 188.3677215576 - MSE: 187.88168 - batch_Time: 0.4024063691031188s
Epoch[13/20 199/700] - Loss: 188.6063079834 - MSE: 188.38586 - batch_Time: 0.398781610885635s
Epoch[13/20 200/700] - Loss: 148.3195953369 - MSE: 148.02733 - batch_Time: 0.401315564988181s
Epoch[13/20 201/700] - Loss: 237.7645263672 - MSE: 237.39018 - batch_Time: 0.40022475202567875s
Epoch[13/20 202/700] - Loss: 215.5803833008 - MSE: 215.09854 - batch_Time: 0.40052176686003804s
Epoch[13/20 203/700] - Loss: 354.0126647949 - MSE: 353.43414 - batch_Time: 0.40322306007146835s
Epoch[13/20 204/700] - Loss: 171.3401184082 - MSE: 170.91687 - batch_Time: 0.39615276106633246s
Epoch[13/20 205/700] - Loss: 273.6131286621 - MSE: 273.23233 - batch_Time: 0.3936160490848124s
Epoch[13/20 206/700] - Loss: 183.6825256348 - MSE: 183.48557 - batch_Time: 0.3987983949482441s
Epoch[13/20 207/700] - Loss: 167.0459289551 - MSE: 166.58167 - batch_Time: 0.3984491101000458s
Epoch[13/20 208/700] - Loss: 124.1649093628 - MSE: 123.96648 - batch_Time: 0.398811066057533s
Epoch[13/20 209/700] - Loss: 207.4284820557 - MSE: 207.07584 - batch_Time: 0.4009628549683839s
Epoch[13/20 210/700] - Loss: 150.5919799805 - MSE: 150.08461 - batch_Time: 0.40055480203591287s
Epoch[13/20 211/700] - Loss: 226.4287109375 - MSE: 225.93326 - batch_Time: 0.3993737390264869s
Epoch[13/20 212/700] - Loss: 254.3738250732 - MSE: 254.05389 - batch_Time: 0.3973930280189961s
Epoch[13/20 213/700] - Loss: 113.7737197876 - MSE: 113.45934 - batch_Time: 0.3982787658460438s
Epoch[13/20 214/700] - Loss: 260.6219482422 - MSE: 260.32126 - batch_Time: 0.4006342920474708s
Epoch[13/20 215/700] - Loss: 171.1187744141 - MSE: 170.80309 - batch_Time: 0.39769463590346277s
Epoch[13/20 216/700] - Loss: 156.4272613525 - MSE: 156.06339 - batch_Time: 0.3986151129938662s
Epoch[13/20 217/700] - Loss: 92.3011169434 - MSE: 92.15000 - batch_Time: 0.3944478128105402s
Epoch[13/20 218/700] - Loss: 210.5131683350 - MSE: 210.08910 - batch_Time: 0.39323553116992116s
Epoch[13/20 219/700] - Loss: 179.0274658203 - MSE: 178.71748 - batch_Time: 0.3993690339848399s
Epoch[13/20 220/700] - Loss: 213.3132171631 - MSE: 212.86331 - batch_Time: 0.39214735804125667s
Epoch[13/20 221/700] - Loss: 235.7689056396 - MSE: 235.38002 - batch_Time: 0.3953594919294119s
Epoch[13/20 222/700] - Loss: 296.7424926758 - MSE: 296.48828 - batch_Time: 0.39520320598967373s
Epoch[13/20 223/700] - Loss: 192.9275512695 - MSE: 192.55646 - batch_Time: 0.4013801971450448s
Epoch[13/20 224/700] - Loss: 235.0316314697 - MSE: 234.68517 - batch_Time: 0.3949781588744372s
Epoch[13/20 225/700] - Loss: 145.7503204346 - MSE: 145.51637 - batch_Time: 0.39263816410675645s
Epoch[13/20 226/700] - Loss: 173.3496551514 - MSE: 173.10565 - batch_Time: 0.3957314391154796s
Epoch[13/20 227/700] - Loss: 165.7769775391 - MSE: 165.54427 - batch_Time: 0.39891497511416674s
Epoch[13/20 228/700] - Loss: 119.0727310181 - MSE: 118.79155 - batch_Time: 0.40303140692412853s
Epoch[13/20 229/700] - Loss: 285.9717407227 - MSE: 285.65527 - batch_Time: 0.39172724913805723s
Epoch[13/20 230/700] - Loss: 197.2392578125 - MSE: 197.00639 - batch_Time: 0.4002917669713497s
Epoch[13/20 231/700] - Loss: 144.0054321289 - MSE: 143.81097 - batch_Time: 0.3940361069981009s
Epoch[13/20 232/700] - Loss: 263.2280883789 - MSE: 262.92450 - batch_Time: 0.4013716720510274s
Epoch[13/20 233/700] - Loss: 110.7624816895 - MSE: 110.54938 - batch_Time: 0.39434043294750154s
Epoch[13/20 234/700] - Loss: 266.9969787598 - MSE: 266.65839 - batch_Time: 0.39965815912000835s
Epoch[13/20 235/700] - Loss: 125.1726379395 - MSE: 124.88929 - batch_Time: 0.39406477799639106s
Epoch[13/20 236/700] - Loss: 203.6152343750 - MSE: 203.07719 - batch_Time: 0.3977273271884769s
Epoch[13/20 237/700] - Loss: 152.4854125977 - MSE: 152.09824 - batch_Time: 0.39257273101247847s
Epoch[13/20 238/700] - Loss: 105.1125564575 - MSE: 104.83041 - batch_Time: 0.40002790512517095s
Epoch[13/20 239/700] - Loss: 191.0572204590 - MSE: 190.72708 - batch_Time: 0.39446254493668675s
Epoch[13/20 240/700] - Loss: 209.9405212402 - MSE: 209.46919 - batch_Time: 0.40085810399614275s
Epoch[13/20 241/700] - Loss: 103.0062713623 - MSE: 102.83257 - batch_Time: 0.3947268819902092s
Epoch[13/20 242/700] - Loss: 237.1088409424 - MSE: 236.71472 - batch_Time: 0.39980052993632853s
Epoch[13/20 243/700] - Loss: 274.6798095703 - MSE: 274.18744 - batch_Time: 0.3945724449586123s
Epoch[13/20 244/700] - Loss: 218.8130493164 - MSE: 218.58406 - batch_Time: 0.39934369712136686s
Epoch[13/20 245/700] - Loss: 145.2615814209 - MSE: 145.03691 - batch_Time: 0.3922409301158041s
Epoch[13/20 246/700] - Loss: 219.9675750732 - MSE: 219.50105 - batch_Time: 0.3998517310246825s
Epoch[13/20 247/700] - Loss: 211.1012420654 - MSE: 210.77339 - batch_Time: 0.3943809410557151s
Epoch[13/20 248/700] - Loss: 174.4239501953 - MSE: 174.17990 - batch_Time: 0.40130590205080807s
Epoch[13/20 249/700] - Loss: 142.8225555420 - MSE: 142.58438 - batch_Time: 0.3951297509483993s
Epoch[13/20 250/700] - Loss: 298.2334594727 - MSE: 297.86688 - batch_Time: 0.4050008188933134s
Epoch[13/20 251/700] - Loss: 302.2111816406 - MSE: 301.70169 - batch_Time: 0.4017875569406897s
Epoch[13/20 252/700] - Loss: 227.9499053955 - MSE: 227.54573 - batch_Time: 0.4055415040347725s
Epoch[13/20 253/700] - Loss: 186.9312744141 - MSE: 186.40335 - batch_Time: 0.40447267005220056s
Epoch[13/20 254/700] - Loss: 300.9891357422 - MSE: 300.63422 - batch_Time: 0.402940632076934s
Epoch[13/20 255/700] - Loss: 171.7397003174 - MSE: 171.48770 - batch_Time: 0.4041075159329921s
Epoch[13/20 256/700] - Loss: 253.9832305908 - MSE: 253.41391 - batch_Time: 0.4040089768823236s
Epoch[13/20 257/700] - Loss: 183.0278320312 - MSE: 182.57271 - batch_Time: 0.4044578808825463s
Epoch[13/20 258/700] - Loss: 209.6428527832 - MSE: 209.12553 - batch_Time: 0.4060258390381932s
Epoch[13/20 259/700] - Loss: 135.3760375977 - MSE: 135.08124 - batch_Time: 0.4053509309887886s
Epoch[13/20 260/700] - Loss: 159.5036010742 - MSE: 158.96614 - batch_Time: 0.4044426630716771s
Epoch[13/20 261/700] - Loss: 296.6278991699 - MSE: 296.03302 - batch_Time: 0.40419424790889025s
Epoch[13/20 262/700] - Loss: 169.3216247559 - MSE: 168.92471 - batch_Time: 0.4092089659534395s
Epoch[13/20 263/700] - Loss: 167.2752532959 - MSE: 166.80278 - batch_Time: 0.3978340099565685s
Epoch[13/20 264/700] - Loss: 107.1387634277 - MSE: 106.80400 - batch_Time: 0.39964125491678715s
Epoch[13/20 265/700] - Loss: 215.9937438965 - MSE: 215.54703 - batch_Time: 0.40456672408618033s
Epoch[13/20 266/700] - Loss: 330.5560302734 - MSE: 329.90521 - batch_Time: 0.4043448881711811s
Epoch[13/20 267/700] - Loss: 219.4559631348 - MSE: 218.96095 - batch_Time: 0.3978482820093632s
Epoch[13/20 268/700] - Loss: 222.6945800781 - MSE: 222.38092 - batch_Time: 0.4009263280313462s
Epoch[13/20 269/700] - Loss: 228.7926788330 - MSE: 228.29199 - batch_Time: 0.39667041902430356s
Epoch[13/20 270/700] - Loss: 132.4113464355 - MSE: 132.20747 - batch_Time: 0.3991019050590694s
Epoch[13/20 271/700] - Loss: 174.7440948486 - MSE: 174.50534 - batch_Time: 0.40074111288413405s
Epoch[13/20 272/700] - Loss: 218.5993499756 - MSE: 218.17619 - batch_Time: 0.39802951109595597s
Epoch[13/20 273/700] - Loss: 220.1104888916 - MSE: 219.91360 - batch_Time: 0.3950722641311586s
Epoch[13/20 274/700] - Loss: 213.8938751221 - MSE: 213.54732 - batch_Time: 0.3990995869971812s
Epoch[13/20 275/700] - Loss: 182.9606018066 - MSE: 182.69374 - batch_Time: 0.3955738979857415s
Epoch[13/20 276/700] - Loss: 174.1550750732 - MSE: 173.77655 - batch_Time: 0.39875272288918495s
Epoch[13/20 277/700] - Loss: 241.0211486816 - MSE: 240.75807 - batch_Time: 0.40110410121269524s
Epoch[13/20 278/700] - Loss: 209.9087829590 - MSE: 209.58588 - batch_Time: 0.4020039190072566s
Epoch[13/20 279/700] - Loss: 187.2233886719 - MSE: 186.78769 - batch_Time: 0.3952407739125192s
Epoch[13/20 280/700] - Loss: 177.0179748535 - MSE: 176.65355 - batch_Time: 0.40236054407432675s
Epoch[13/20 281/700] - Loss: 222.3724060059 - MSE: 221.91429 - batch_Time: 0.395469652954489s
Epoch[13/20 282/700] - Loss: 199.0269470215 - MSE: 198.58780 - batch_Time: 0.3982862429693341s
Epoch[13/20 283/700] - Loss: 205.0536499023 - MSE: 204.46155 - batch_Time: 0.3932858849875629s
Epoch[13/20 284/700] - Loss: 157.3340148926 - MSE: 156.89819 - batch_Time: 0.40090394602157176s
Epoch[13/20 285/700] - Loss: 133.0090942383 - MSE: 132.73669 - batch_Time: 0.3927361839450896s
Epoch[13/20 286/700] - Loss: 253.9020690918 - MSE: 253.50143 - batch_Time: 0.40079731005243957s
Epoch[13/20 287/700] - Loss: 230.0347595215 - MSE: 229.60605 - batch_Time: 0.39428046299144626s
Epoch[13/20 288/700] - Loss: 221.1750488281 - MSE: 220.77567 - batch_Time: 0.4035814409144223s
Epoch[13/20 289/700] - Loss: 138.2451324463 - MSE: 137.96419 - batch_Time: 0.39471798692829907s
Epoch[13/20 290/700] - Loss: 175.6250610352 - MSE: 175.32637 - batch_Time: 0.4014246929436922s
Epoch[13/20 291/700] - Loss: 119.3139114380 - MSE: 119.02041 - batch_Time: 0.3955821059644222s
Epoch[13/20 292/700] - Loss: 215.4070739746 - MSE: 214.94621 - batch_Time: 0.40177484904415905s
Epoch[13/20 293/700] - Loss: 176.2093811035 - MSE: 175.85950 - batch_Time: 0.39584178384393454s
Epoch[13/20 294/700] - Loss: 173.1195983887 - MSE: 172.82239 - batch_Time: 0.4008827321231365s
Epoch[13/20 295/700] - Loss: 390.1574096680 - MSE: 389.53671 - batch_Time: 0.40193588798865676s
Epoch[13/20 296/700] - Loss: 120.1880569458 - MSE: 119.52863 - batch_Time: 0.3983442389871925s
Epoch[13/20 297/700] - Loss: 192.8436279297 - MSE: 192.53981 - batch_Time: 0.4001532851252705s
Epoch[13/20 298/700] - Loss: 181.5920104980 - MSE: 181.23029 - batch_Time: 0.39586001611314714s
Epoch[13/20 299/700] - Loss: 281.0719909668 - MSE: 280.62759 - batch_Time: 0.39787442795932293s
Epoch[13/20 300/700] - Loss: 251.4538269043 - MSE: 250.96700 - batch_Time: 0.4050472059752792s
Epoch[13/20 301/700] - Loss: 351.0418090820 - MSE: 350.69717 - batch_Time: 0.3992610990535468s
Epoch[13/20 302/700] - Loss: 124.0257720947 - MSE: 123.71960 - batch_Time: 0.39572187000885606s
Epoch[13/20 303/700] - Loss: 273.7907409668 - MSE: 272.98181 - batch_Time: 0.3995227459818125s
Epoch[13/20 304/700] - Loss: 227.2381591797 - MSE: 226.77798 - batch_Time: 0.4007438791450113s
Epoch[13/20 305/700] - Loss: 166.2534942627 - MSE: 165.66383 - batch_Time: 0.39531799708493054s
Epoch[13/20 306/700] - Loss: 325.2504882812 - MSE: 324.92255 - batch_Time: 0.40576729900203645s
Epoch[13/20 307/700] - Loss: 146.1580810547 - MSE: 145.82072 - batch_Time: 0.40366591908968985s
Epoch[13/20 308/700] - Loss: 145.0829772949 - MSE: 144.76425 - batch_Time: 0.40104808704927564s
Epoch[13/20 309/700] - Loss: 193.9445190430 - MSE: 193.50784 - batch_Time: 0.39916011481545866s
Epoch[13/20 310/700] - Loss: 181.8456726074 - MSE: 181.58345 - batch_Time: 0.4004197970498353s
Epoch[13/20 311/700] - Loss: 206.6143798828 - MSE: 206.39867 - batch_Time: 0.398811399936676s
Epoch[13/20 312/700] - Loss: 176.9787902832 - MSE: 176.73016 - batch_Time: 0.3970031270291656s
Epoch[13/20 313/700] - Loss: 174.8095397949 - MSE: 174.47290 - batch_Time: 0.396355306962505s
Epoch[13/20 314/700] - Loss: 261.5011901855 - MSE: 261.08661 - batch_Time: 0.4006130970083177s
Epoch[13/20 315/700] - Loss: 234.4266662598 - MSE: 234.12076 - batch_Time: 0.3958265851251781s
Epoch[13/20 316/700] - Loss: 247.1605377197 - MSE: 246.71368 - batch_Time: 0.39521634415723383s
Epoch[13/20 317/700] - Loss: 229.1336975098 - MSE: 228.47203 - batch_Time: 0.3945984242018312s
Epoch[13/20 318/700] - Loss: 339.1886596680 - MSE: 338.80112 - batch_Time: 0.40281754708848894s
Epoch[13/20 319/700] - Loss: 203.6091003418 - MSE: 203.25391 - batch_Time: 0.39998601796105504s
Epoch[13/20 320/700] - Loss: 160.8927307129 - MSE: 160.51608 - batch_Time: 0.396354439901188s
Epoch[13/20 321/700] - Loss: 185.0006408691 - MSE: 184.61517 - batch_Time: 0.4002183659467846s
Epoch[13/20 322/700] - Loss: 299.1581420898 - MSE: 298.62363 - batch_Time: 0.3966544969007373s
Epoch[13/20 323/700] - Loss: 152.6428680420 - MSE: 152.38101 - batch_Time: 0.40179057512432337s
Epoch[13/20 324/700] - Loss: 196.0134277344 - MSE: 195.67731 - batch_Time: 0.39698609290644526s
Epoch[13/20 325/700] - Loss: 212.2284851074 - MSE: 211.70987 - batch_Time: 0.39753434620797634s
Epoch[13/20 326/700] - Loss: 147.8631744385 - MSE: 147.48589 - batch_Time: 0.4023630579467863s
Epoch[13/20 327/700] - Loss: 149.2874298096 - MSE: 148.82846 - batch_Time: 0.3968509358819574s
Epoch[13/20 328/700] - Loss: 190.3701477051 - MSE: 189.76968 - batch_Time: 0.3984679440036416s
Epoch[13/20 329/700] - Loss: 265.7126770020 - MSE: 265.26953 - batch_Time: 0.3985356530174613s
Epoch[13/20 330/700] - Loss: 192.5575408936 - MSE: 191.98105 - batch_Time: 0.4029493818525225s
Epoch[13/20 331/700] - Loss: 274.8430786133 - MSE: 274.43900 - batch_Time: 0.4028290540445596s
Epoch[13/20 332/700] - Loss: 148.8071899414 - MSE: 148.52145 - batch_Time: 0.39623337681405246s
Epoch[13/20 333/700] - Loss: 183.3641357422 - MSE: 183.14494 - batch_Time: 0.40019890293478966s
Epoch[13/20 334/700] - Loss: 175.2671813965 - MSE: 174.89209 - batch_Time: 0.4010772400069982s
Epoch[13/20 335/700] - Loss: 199.8791046143 - MSE: 199.42412 - batch_Time: 0.3959553751628846s
Epoch[13/20 336/700] - Loss: 173.1217193604 - MSE: 172.45493 - batch_Time: 0.3943835149984807s
Epoch[13/20 337/700] - Loss: 196.5396423340 - MSE: 196.27493 - batch_Time: 0.39974336000159383s
Epoch[13/20 338/700] - Loss: 146.3500061035 - MSE: 146.08055 - batch_Time: 0.3974963529035449s
Epoch[13/20 339/700] - Loss: 141.5753021240 - MSE: 141.33432 - batch_Time: 0.3962865499779582s
Epoch[13/20 340/700] - Loss: 192.1816406250 - MSE: 191.84044 - batch_Time: 0.3967342749238014s
Epoch[13/20 341/700] - Loss: 150.5952606201 - MSE: 150.23102 - batch_Time: 0.39834664296358824s
Epoch[13/20 342/700] - Loss: 258.0963439941 - MSE: 257.77997 - batch_Time: 0.39749054494313896s
Epoch[13/20 343/700] - Loss: 185.1366424561 - MSE: 184.77603 - batch_Time: 0.4004996938165277s
Epoch[13/20 344/700] - Loss: 229.1333618164 - MSE: 228.69386 - batch_Time: 0.39638292184099555s
Epoch[13/20 345/700] - Loss: 219.1722717285 - MSE: 218.39455 - batch_Time: 0.3981711270753294s
Epoch[13/20 346/700] - Loss: 182.1634521484 - MSE: 181.87953 - batch_Time: 0.39781527291052043s
Epoch[13/20 347/700] - Loss: 167.0682830811 - MSE: 166.78578 - batch_Time: 0.39819223689846694s
Epoch[13/20 348/700] - Loss: 189.9529266357 - MSE: 189.49902 - batch_Time: 0.39672810886986554s
Epoch[13/20 349/700] - Loss: 194.8391113281 - MSE: 194.46849 - batch_Time: 0.4033304250333458s
Epoch[13/20 350/700] - Loss: 186.9284667969 - MSE: 186.61775 - batch_Time: 0.40028645005077124s
Epoch[13/20 351/700] - Loss: 178.1459197998 - MSE: 177.67343 - batch_Time: 0.40037749893963337s
Epoch[13/20 352/700] - Loss: 213.0604858398 - MSE: 212.40994 - batch_Time: 0.39492947584949434s
Epoch[13/20 353/700] - Loss: 143.9821777344 - MSE: 143.09909 - batch_Time: 0.3962945269886404s
Epoch[13/20 354/700] - Loss: 151.9626464844 - MSE: 151.58319 - batch_Time: 0.3965713840443641s
Epoch[13/20 355/700] - Loss: 172.5984191895 - MSE: 171.90788 - batch_Time: 0.39801200293004513s
Epoch[13/20 356/700] - Loss: 133.7768249512 - MSE: 133.44136 - batch_Time: 0.4021530761383474s
Epoch[13/20 357/700] - Loss: 167.4537048340 - MSE: 167.05437 - batch_Time: 0.39579330710694194s
Epoch[13/20 358/700] - Loss: 228.2074737549 - MSE: 227.78351 - batch_Time: 0.3956265989691019s
Epoch[13/20 359/700] - Loss: 229.2128906250 - MSE: 228.74161 - batch_Time: 0.3972729849629104s
Epoch[13/20 360/700] - Loss: 157.6698608398 - MSE: 157.30206 - batch_Time: 0.3965608470607549s
Epoch[13/20 361/700] - Loss: 219.2558288574 - MSE: 218.94632 - batch_Time: 0.40169679396785796s
Epoch[13/20 362/700] - Loss: 226.0714569092 - MSE: 225.67390 - batch_Time: 0.3975530641619116s
Epoch[13/20 363/700] - Loss: 214.7795410156 - MSE: 214.53951 - batch_Time: 0.40466863405890763s
Epoch[13/20 364/700] - Loss: 263.1528320312 - MSE: 262.75604 - batch_Time: 0.3968957639299333s
Epoch[13/20 365/700] - Loss: 196.8152465820 - MSE: 196.45427 - batch_Time: 0.3954516351222992s
Epoch[13/20 366/700] - Loss: 394.5874633789 - MSE: 394.02692 - batch_Time: 0.4035098310559988s
Epoch[13/20 367/700] - Loss: 127.8813934326 - MSE: 127.40259 - batch_Time: 0.4001399709377438s
Epoch[13/20 368/700] - Loss: 200.1048431396 - MSE: 199.82870 - batch_Time: 0.40282324189320207s
Epoch[13/20 369/700] - Loss: 195.4038391113 - MSE: 195.07684 - batch_Time: 0.4010624580550939s
Epoch[13/20 370/700] - Loss: 201.1381835938 - MSE: 200.80408 - batch_Time: 0.39764373609796166s
Epoch[13/20 371/700] - Loss: 230.8622131348 - MSE: 230.43335 - batch_Time: 0.40191337699070573s
Epoch[13/20 372/700] - Loss: 132.1485595703 - MSE: 131.60861 - batch_Time: 0.39878180087544024s
Epoch[13/20 373/700] - Loss: 192.8596496582 - MSE: 192.56161 - batch_Time: 0.39792840415611863s
Epoch[13/20 374/700] - Loss: 262.6505126953 - MSE: 262.14307 - batch_Time: 0.39861624501645565s
Epoch[13/20 375/700] - Loss: 151.0901794434 - MSE: 150.64598 - batch_Time: 0.4002908309921622s
Epoch[13/20 376/700] - Loss: 192.9819641113 - MSE: 192.59709 - batch_Time: 0.40092481300234795s
Epoch[13/20 377/700] - Loss: 167.5747070312 - MSE: 167.28056 - batch_Time: 0.3988294831942767s
Epoch[13/20 378/700] - Loss: 220.3776702881 - MSE: 219.65323 - batch_Time: 0.39821569295600057s
Epoch[13/20 379/700] - Loss: 251.4687500000 - MSE: 251.19429 - batch_Time: 0.3988207350485027s
Epoch[13/20 380/700] - Loss: 140.9484558105 - MSE: 140.79980 - batch_Time: 0.40154915605671704s
Epoch[13/20 381/700] - Loss: 319.6947937012 - MSE: 319.15317 - batch_Time: 0.3978103790432215s
Epoch[13/20 382/700] - Loss: 156.4140014648 - MSE: 156.16177 - batch_Time: 0.39338748320005834s
Epoch[13/20 383/700] - Loss: 173.5313262939 - MSE: 173.31076 - batch_Time: 0.40184202301315963s
Epoch[13/20 384/700] - Loss: 188.4296875000 - MSE: 188.00641 - batch_Time: 0.40092861698940396s
Epoch[13/20 385/700] - Loss: 118.2577209473 - MSE: 118.08709 - batch_Time: 0.40074371988885105s
Epoch[13/20 386/700] - Loss: 196.9154510498 - MSE: 196.62219 - batch_Time: 0.3972801291383803s
Epoch[13/20 387/700] - Loss: 327.5037841797 - MSE: 326.93106 - batch_Time: 0.39879729808308184s
Epoch[13/20 388/700] - Loss: 109.7526626587 - MSE: 109.35033 - batch_Time: 0.3982261859346181s
Epoch[13/20 389/700] - Loss: 159.4985198975 - MSE: 159.11200 - batch_Time: 0.40023494814522564s
Epoch[13/20 390/700] - Loss: 179.7131958008 - MSE: 179.19156 - batch_Time: 0.3965811210218817s
Epoch[13/20 391/700] - Loss: 231.0962524414 - MSE: 230.75603 - batch_Time: 0.3957543841097504s
Epoch[13/20 392/700] - Loss: 198.1592407227 - MSE: 197.87645 - batch_Time: 0.39576472411863506s
Epoch[13/20 393/700] - Loss: 157.0257263184 - MSE: 156.53302 - batch_Time: 0.394099468132481s
Epoch[13/20 394/700] - Loss: 291.3530883789 - MSE: 291.00018 - batch_Time: 0.39325925102457404s
Epoch[13/20 395/700] - Loss: 144.9720153809 - MSE: 144.71101 - batch_Time: 0.39446124294772744s
Epoch[13/20 396/700] - Loss: 148.9549102783 - MSE: 148.59827 - batch_Time: 0.3945858629886061s
Epoch[13/20 397/700] - Loss: 180.4977416992 - MSE: 180.20351 - batch_Time: 0.396141170989722s
Epoch[13/20 398/700] - Loss: 201.3009033203 - MSE: 201.05902 - batch_Time: 0.39462057198397815s
Epoch[13/20 399/700] - Loss: 166.9344177246 - MSE: 166.31927 - batch_Time: 0.3942172189708799s
Epoch[13/20 400/700] - Loss: 177.7938842773 - MSE: 177.38736 - batch_Time: 0.39361133705824614s
Epoch[13/20 401/700] - Loss: 141.9597167969 - MSE: 141.74405 - batch_Time: 0.3957984980661422s
Epoch[13/20 402/700] - Loss: 240.1098480225 - MSE: 239.69702 - batch_Time: 0.39468898298218846s
Epoch[13/20 403/700] - Loss: 216.5088043213 - MSE: 216.06221 - batch_Time: 0.4017703540157527s
Epoch[13/20 404/700] - Loss: 137.0725708008 - MSE: 136.79424 - batch_Time: 0.39909768220968544s
Epoch[13/20 405/700] - Loss: 194.4636230469 - MSE: 194.18558 - batch_Time: 0.40122405206784606s
Epoch[13/20 406/700] - Loss: 171.9039764404 - MSE: 171.72035 - batch_Time: 0.4027545019052923s
Epoch[13/20 407/700] - Loss: 143.6161804199 - MSE: 143.38794 - batch_Time: 0.40126730292104185s
Epoch[13/20 408/700] - Loss: 398.0996704102 - MSE: 397.54083 - batch_Time: 0.4026462740730494s
Epoch[13/20 409/700] - Loss: 138.7677917480 - MSE: 138.46101 - batch_Time: 0.4014678809326142s
Epoch[13/20 410/700] - Loss: 159.0927124023 - MSE: 158.79831 - batch_Time: 0.40099301817826927s
Epoch[13/20 411/700] - Loss: 197.7327117920 - MSE: 197.28464 - batch_Time: 0.40199474385008216s
Epoch[13/20 412/700] - Loss: 182.3440399170 - MSE: 181.94798 - batch_Time: 0.3976236169692129s
Epoch[13/20 413/700] - Loss: 273.3172607422 - MSE: 272.56366 - batch_Time: 0.4005007268860936s
Epoch[13/20 414/700] - Loss: 179.8886718750 - MSE: 179.50488 - batch_Time: 0.39895320893265307s
Epoch[13/20 415/700] - Loss: 155.2469177246 - MSE: 154.77457 - batch_Time: 0.4007721641100943s
Epoch[13/20 416/700] - Loss: 242.1846618652 - MSE: 241.93016 - batch_Time: 0.3991817571222782s
Epoch[13/20 417/700] - Loss: 141.7374725342 - MSE: 141.42886 - batch_Time: 0.39998067589476705s
Epoch[13/20 418/700] - Loss: 222.1409912109 - MSE: 221.91985 - batch_Time: 0.3982593109831214s
Epoch[13/20 419/700] - Loss: 251.8189392090 - MSE: 251.04152 - batch_Time: 0.4006258768495172s
Epoch[13/20 420/700] - Loss: 198.4808654785 - MSE: 198.10236 - batch_Time: 0.4012247899081558s
Epoch[13/20 421/700] - Loss: 181.3605041504 - MSE: 180.99377 - batch_Time: 0.40224561584182084s
Epoch[13/20 422/700] - Loss: 190.9731140137 - MSE: 190.64468 - batch_Time: 0.40215156809426844s
Epoch[13/20 423/700] - Loss: 119.5097351074 - MSE: 119.33286 - batch_Time: 0.40052355104126036s
Epoch[13/20 424/700] - Loss: 180.2636108398 - MSE: 179.53583 - batch_Time: 0.4010610841214657s
Epoch[13/20 425/700] - Loss: 148.2249450684 - MSE: 147.99957 - batch_Time: 0.4018943931441754s
Epoch[13/20 426/700] - Loss: 159.7314605713 - MSE: 159.28540 - batch_Time: 0.39986661192961037s
Epoch[13/20 427/700] - Loss: 210.5267791748 - MSE: 210.08727 - batch_Time: 0.40298535907641053s
Epoch[13/20 428/700] - Loss: 142.3525085449 - MSE: 142.13019 - batch_Time: 0.40322334598749876s
Epoch[13/20 429/700] - Loss: 191.5679016113 - MSE: 191.25705 - batch_Time: 0.40307758818380535s
Epoch[13/20 430/700] - Loss: 175.0591430664 - MSE: 174.88454 - batch_Time: 0.40078603010624647s
Epoch[13/20 431/700] - Loss: 157.5348815918 - MSE: 157.22369 - batch_Time: 0.4035821419674903s
Epoch[13/20 432/700] - Loss: 174.7133178711 - MSE: 174.47549 - batch_Time: 0.4018125671427697s
Epoch[13/20 433/700] - Loss: 312.9508056641 - MSE: 312.46609 - batch_Time: 0.4024662380106747s
Epoch[13/20 434/700] - Loss: 207.6131286621 - MSE: 207.26138 - batch_Time: 0.4002937499899417s
Epoch[13/20 435/700] - Loss: 98.6999588013 - MSE: 98.35983 - batch_Time: 0.39969144901260734s
Epoch[13/20 436/700] - Loss: 213.8395538330 - MSE: 213.50220 - batch_Time: 0.39996767486445606s
Epoch[13/20 437/700] - Loss: 184.9008483887 - MSE: 184.66519 - batch_Time: 0.3996836100704968s
Epoch[13/20 438/700] - Loss: 131.9560852051 - MSE: 131.71706 - batch_Time: 0.3996618711389601s
Epoch[13/20 439/700] - Loss: 180.2981414795 - MSE: 179.93674 - batch_Time: 0.4011274999938905s
Epoch[13/20 440/700] - Loss: 143.6909027100 - MSE: 143.47412 - batch_Time: 0.4051276750396937s
Epoch[13/20 441/700] - Loss: 163.1635742188 - MSE: 162.81136 - batch_Time: 0.3997470799367875s
Epoch[13/20 442/700] - Loss: 178.7832946777 - MSE: 178.45033 - batch_Time: 0.40025528403930366s
Epoch[13/20 443/700] - Loss: 157.5082702637 - MSE: 157.21519 - batch_Time: 0.39734518504701555s
Epoch[13/20 444/700] - Loss: 299.4083862305 - MSE: 298.87979 - batch_Time: 0.4019977899733931s
Epoch[13/20 445/700] - Loss: 159.4225463867 - MSE: 159.03867 - batch_Time: 0.3976923411246389s
Epoch[13/20 446/700] - Loss: 167.2773590088 - MSE: 166.88522 - batch_Time: 0.39912320114672184s
Epoch[13/20 447/700] - Loss: 122.1060256958 - MSE: 121.76481 - batch_Time: 0.39655001903884113s
Epoch[13/20 448/700] - Loss: 238.8437194824 - MSE: 238.32544 - batch_Time: 0.39824534486979246s
Epoch[13/20 449/700] - Loss: 272.4604187012 - MSE: 272.04996 - batch_Time: 0.40227797883562744s
Epoch[13/20 450/700] - Loss: 195.7684020996 - MSE: 195.11226 - batch_Time: 0.3945076880045235s
Epoch[13/20 451/700] - Loss: 184.7577819824 - MSE: 184.47812 - batch_Time: 0.3982702458743006s
Epoch[13/20 452/700] - Loss: 119.7293395996 - MSE: 119.45358 - batch_Time: 0.3974165690597147s
Epoch[13/20 453/700] - Loss: 209.2575531006 - MSE: 208.86923 - batch_Time: 0.3961829161271453s
Epoch[13/20 454/700] - Loss: 229.6167602539 - MSE: 229.35922 - batch_Time: 0.3963667640928179s
Epoch[13/20 455/700] - Loss: 189.1206054688 - MSE: 188.62257 - batch_Time: 0.3975675271358341s
Epoch[13/20 456/700] - Loss: 234.1576538086 - MSE: 233.75696 - batch_Time: 0.39762845705263317s
Epoch[13/20 457/700] - Loss: 223.7693176270 - MSE: 223.24965 - batch_Time: 0.4015793721191585s
Epoch[13/20 458/700] - Loss: 187.5981597900 - MSE: 187.33072 - batch_Time: 0.39656311296857893s
Epoch[13/20 459/700] - Loss: 246.2312469482 - MSE: 245.85971 - batch_Time: 0.3987471528816968s
Epoch[13/20 460/700] - Loss: 178.0178680420 - MSE: 177.72806 - batch_Time: 0.4003787499386817s
Epoch[13/20 461/700] - Loss: 192.7855224609 - MSE: 192.52985 - batch_Time: 0.3968262509442866s
Epoch[13/20 462/700] - Loss: 140.9210052490 - MSE: 140.42542 - batch_Time: 0.3963588369078934s
Epoch[13/20 463/700] - Loss: 200.2176818848 - MSE: 200.01166 - batch_Time: 0.4009740829933435s
Epoch[13/20 464/700] - Loss: 187.4087524414 - MSE: 186.86670 - batch_Time: 0.4003328229300678s
Epoch[13/20 465/700] - Loss: 331.4123535156 - MSE: 330.94641 - batch_Time: 0.39561125985346735s
Epoch[13/20 466/700] - Loss: 141.9481964111 - MSE: 141.66669 - batch_Time: 0.3989002341404557s
Epoch[13/20 467/700] - Loss: 175.5185394287 - MSE: 175.20840 - batch_Time: 0.3983637320343405s
Epoch[13/20 468/700] - Loss: 256.0400390625 - MSE: 255.55228 - batch_Time: 0.4004538229200989s
Epoch[13/20 469/700] - Loss: 190.7571868896 - MSE: 190.20576 - batch_Time: 0.4057371288072318s
Epoch[13/20 470/700] - Loss: 153.8954162598 - MSE: 153.70633 - batch_Time: 0.3985471399500966s
Epoch[13/20 471/700] - Loss: 181.4215698242 - MSE: 181.15654 - batch_Time: 0.39671177812851965s
Epoch[13/20 472/700] - Loss: 160.4233551025 - MSE: 160.23154 - batch_Time: 0.3953197570517659s
Epoch[13/20 473/700] - Loss: 180.4856262207 - MSE: 180.00641 - batch_Time: 0.40194790391251445s
Epoch[13/20 474/700] - Loss: 443.0811767578 - MSE: 442.53473 - batch_Time: 0.39655196107923985s
Epoch[13/20 475/700] - Loss: 185.0414123535 - MSE: 184.64137 - batch_Time: 0.39694095589220524s
Epoch[13/20 476/700] - Loss: 178.6882934570 - MSE: 178.39891 - batch_Time: 0.4032793471124023s
Epoch[13/20 477/700] - Loss: 276.7051391602 - MSE: 276.17715 - batch_Time: 0.3983873059041798s
Epoch[13/20 478/700] - Loss: 214.0393981934 - MSE: 213.63795 - batch_Time: 0.39802826195955276s
Epoch[13/20 479/700] - Loss: 155.0662841797 - MSE: 154.83832 - batch_Time: 0.39919630507938564s
Epoch[13/20 480/700] - Loss: 103.2007217407 - MSE: 102.94405 - batch_Time: 0.39804198197089136s
Epoch[13/20 481/700] - Loss: 172.8186340332 - MSE: 172.52585 - batch_Time: 0.3970271770376712s
Epoch[13/20 482/700] - Loss: 202.9015350342 - MSE: 202.29114 - batch_Time: 0.39750246005132794s
Epoch[13/20 483/700] - Loss: 203.2213745117 - MSE: 202.64339 - batch_Time: 0.40097076212987304s
Epoch[13/20 484/700] - Loss: 286.2399597168 - MSE: 285.81265 - batch_Time: 0.4033884690143168s
Epoch[13/20 485/700] - Loss: 240.2477111816 - MSE: 239.64424 - batch_Time: 0.4019759800285101s
Epoch[13/20 486/700] - Loss: 236.4791107178 - MSE: 236.22145 - batch_Time: 0.4004577100276947s
Epoch[13/20 487/700] - Loss: 196.3535614014 - MSE: 196.01224 - batch_Time: 0.4017354631796479s
Epoch[13/20 488/700] - Loss: 95.0674209595 - MSE: 94.79539 - batch_Time: 0.39593224599957466s
Epoch[13/20 489/700] - Loss: 164.1848602295 - MSE: 163.90399 - batch_Time: 0.4017942240461707s
Epoch[13/20 490/700] - Loss: 208.1497344971 - MSE: 207.71240 - batch_Time: 0.3975527638103813s
Epoch[13/20 491/700] - Loss: 82.7740020752 - MSE: 82.55255 - batch_Time: 0.4012296518776566s
Epoch[13/20 492/700] - Loss: 187.8149719238 - MSE: 187.53531 - batch_Time: 0.39461869606748223s
Epoch[13/20 493/700] - Loss: 287.7496643066 - MSE: 287.38840 - batch_Time: 0.4049684009514749s
Epoch[13/20 494/700] - Loss: 126.4844589233 - MSE: 126.25896 - batch_Time: 0.397887019906193s
Epoch[13/20 495/700] - Loss: 200.4851989746 - MSE: 200.22627 - batch_Time: 0.4017701670527458s
Epoch[13/20 496/700] - Loss: 147.1672210693 - MSE: 146.94423 - batch_Time: 0.3975556050427258s
Epoch[13/20 497/700] - Loss: 121.0390396118 - MSE: 120.86932 - batch_Time: 0.40213991282507777s
Epoch[13/20 498/700] - Loss: 156.6033782959 - MSE: 156.18465 - batch_Time: 0.39641551300883293s
Epoch[13/20 499/700] - Loss: 237.5987548828 - MSE: 237.08585 - batch_Time: 0.4039767680224031s
Epoch[13/20 500/700] - Loss: 181.5790252686 - MSE: 181.23357 - batch_Time: 0.40123614692129195s
Epoch[13/20 501/700] - Loss: 146.4342346191 - MSE: 146.13542 - batch_Time: 0.4031607499346137s
Epoch[13/20 502/700] - Loss: 207.5657348633 - MSE: 207.18758 - batch_Time: 0.3977377361152321s
Epoch[13/20 503/700] - Loss: 92.1220779419 - MSE: 91.89789 - batch_Time: 0.40253303898498416s
Epoch[13/20 504/700] - Loss: 202.5914916992 - MSE: 202.12260 - batch_Time: 0.39730359287932515s
Epoch[13/20 505/700] - Loss: 232.5589904785 - MSE: 232.19711 - batch_Time: 0.4104043699335307s
Epoch[13/20 506/700] - Loss: 240.3922271729 - MSE: 240.10974 - batch_Time: 0.398592694895342s
Epoch[13/20 507/700] - Loss: 313.0952453613 - MSE: 312.39420 - batch_Time: 0.3977890480309725s
Epoch[13/20 508/700] - Loss: 125.0496673584 - MSE: 124.79809 - batch_Time: 0.4009047339204699s
Epoch[13/20 509/700] - Loss: 167.5725097656 - MSE: 167.22610 - batch_Time: 0.39641627692617476s
Epoch[13/20 510/700] - Loss: 157.3720397949 - MSE: 157.13077 - batch_Time: 0.3986525961663574s
Epoch[13/20 511/700] - Loss: 128.2442321777 - MSE: 127.83360 - batch_Time: 0.39795465720817447s
Epoch[13/20 512/700] - Loss: 280.5130310059 - MSE: 279.96313 - batch_Time: 0.39684297307394445s
Epoch[13/20 513/700] - Loss: 177.0266418457 - MSE: 176.64780 - batch_Time: 0.398713466944173s
Epoch[13/20 514/700] - Loss: 222.0634460449 - MSE: 221.65585 - batch_Time: 0.3989280750975013s
Epoch[13/20 515/700] - Loss: 181.2427520752 - MSE: 180.92354 - batch_Time: 0.4030787867959589s
Epoch[13/20 516/700] - Loss: 153.1428222656 - MSE: 152.81885 - batch_Time: 0.39981697290204465s
Epoch[13/20 517/700] - Loss: 217.2449951172 - MSE: 216.88048 - batch_Time: 0.39734583790414035s
Epoch[13/20 518/700] - Loss: 210.8373107910 - MSE: 210.40521 - batch_Time: 0.39989656186662614s
Epoch[13/20 519/700] - Loss: 218.6496582031 - MSE: 217.97307 - batch_Time: 0.4011601060628891s
Epoch[13/20 520/700] - Loss: 126.8417816162 - MSE: 126.58512 - batch_Time: 0.40157612110488117s
Epoch[13/20 521/700] - Loss: 162.3023834229 - MSE: 161.71651 - batch_Time: 0.40228703105822206s
Epoch[13/20 522/700] - Loss: 95.3297882080 - MSE: 95.15434 - batch_Time: 0.4003138788975775s
Epoch[13/20 523/700] - Loss: 195.8088684082 - MSE: 195.38483 - batch_Time: 0.4015836219768971s
Epoch[13/20 524/700] - Loss: 219.8984832764 - MSE: 219.54483 - batch_Time: 0.3996139189694077s
Epoch[13/20 525/700] - Loss: 179.7339935303 - MSE: 179.44724 - batch_Time: 0.3995803599245846s
Epoch[13/20 526/700] - Loss: 238.4301757812 - MSE: 238.09880 - batch_Time: 0.39899270981550217s
Epoch[13/20 527/700] - Loss: 184.6679382324 - MSE: 184.27753 - batch_Time: 0.40256828907877207s
Epoch[13/20 528/700] - Loss: 163.6575927734 - MSE: 163.37430 - batch_Time: 0.4006241380702704s
Epoch[13/20 529/700] - Loss: 299.7834777832 - MSE: 299.31537 - batch_Time: 0.4017063630744815s
Epoch[13/20 530/700] - Loss: 229.3750915527 - MSE: 229.06285 - batch_Time: 0.4017811219673604s
Epoch[13/20 531/700] - Loss: 172.1644897461 - MSE: 171.90800 - batch_Time: 0.40233964496292174s
Epoch[13/20 532/700] - Loss: 186.7957153320 - MSE: 186.49423 - batch_Time: 0.39997003809548914s
Epoch[13/20 533/700] - Loss: 150.8773956299 - MSE: 150.66557 - batch_Time: 0.3999966289848089s
Epoch[13/20 534/700] - Loss: 228.2084960938 - MSE: 227.81403 - batch_Time: 0.399844029918313s
Epoch[13/20 535/700] - Loss: 286.9992065430 - MSE: 286.44537 - batch_Time: 0.4006788688711822s
Epoch[13/20 536/700] - Loss: 244.3204650879 - MSE: 243.85770 - batch_Time: 0.39885697606951s
Epoch[13/20 537/700] - Loss: 123.4001617432 - MSE: 123.18487 - batch_Time: 0.3990455020684749s
Epoch[13/20 538/700] - Loss: 184.0118713379 - MSE: 183.60982 - batch_Time: 0.39947363804094493s
Epoch[13/20 539/700] - Loss: 200.1193542480 - MSE: 199.78426 - batch_Time: 0.40451434697024524s
Epoch[13/20 540/700] - Loss: 121.0216827393 - MSE: 120.86360 - batch_Time: 0.3993127108551562s
Epoch[13/20 541/700] - Loss: 184.8038024902 - MSE: 184.28979 - batch_Time: 0.40143500198610127s
Epoch[13/20 542/700] - Loss: 122.6956100464 - MSE: 122.43683 - batch_Time: 0.3998523240443319s
Epoch[13/20 543/700] - Loss: 179.6525268555 - MSE: 179.36517 - batch_Time: 0.40216450206935406s
Epoch[13/20 544/700] - Loss: 214.0311431885 - MSE: 213.61115 - batch_Time: 0.4003772069700062s
Epoch[13/20 545/700] - Loss: 274.1234741211 - MSE: 273.60583 - batch_Time: 0.40072509297169745s
Epoch[13/20 546/700] - Loss: 183.3214721680 - MSE: 182.98082 - batch_Time: 0.3949225938413292s
Epoch[13/20 547/700] - Loss: 127.1412200928 - MSE: 126.92944 - batch_Time: 0.40093052107840776s
Epoch[13/20 548/700] - Loss: 209.1532592773 - MSE: 208.77733 - batch_Time: 0.4117704799864441s
Epoch[13/20 549/700] - Loss: 190.0507202148 - MSE: 189.57788 - batch_Time: 0.4023268420714885s
Epoch[13/20 550/700] - Loss: 267.8882141113 - MSE: 267.45288 - batch_Time: 0.4006563760340214s
Epoch[13/20 551/700] - Loss: 225.8429412842 - MSE: 225.38283 - batch_Time: 0.40005907393060625s
Epoch[13/20 552/700] - Loss: 157.1010131836 - MSE: 156.76495 - batch_Time: 0.39626783807761967s
Epoch[13/20 553/700] - Loss: 104.1018829346 - MSE: 103.87248 - batch_Time: 0.3985402570106089s
Epoch[13/20 554/700] - Loss: 119.6919174194 - MSE: 119.39944 - batch_Time: 0.4066147650592029s
Epoch[13/20 555/700] - Loss: 207.9535522461 - MSE: 207.54947 - batch_Time: 0.394642072962597s
Epoch[13/20 556/700] - Loss: 123.1685943604 - MSE: 122.91875 - batch_Time: 0.3962781399022788s
Epoch[13/20 557/700] - Loss: 255.8226623535 - MSE: 255.15788 - batch_Time: 0.3966392951551825s
Epoch[13/20 558/700] - Loss: 109.7175979614 - MSE: 109.52442 - batch_Time: 0.39717202819883823s
Epoch[13/20 559/700] - Loss: 283.3729248047 - MSE: 282.96982 - batch_Time: 0.4011673419736326s
Epoch[13/20 560/700] - Loss: 437.0942382812 - MSE: 436.16351 - batch_Time: 0.39703187090344727s
Epoch[13/20 561/700] - Loss: 131.6592864990 - MSE: 131.36638 - batch_Time: 0.40088716777972877s
Epoch[13/20 562/700] - Loss: 201.7738494873 - MSE: 201.47733 - batch_Time: 0.4003988350741565s
Epoch[13/20 563/700] - Loss: 154.2549133301 - MSE: 153.93423 - batch_Time: 0.40143179101869464s
Epoch[13/20 564/700] - Loss: 124.8593139648 - MSE: 124.53098 - batch_Time: 0.3939249550458044s
Epoch[13/20 565/700] - Loss: 484.2474670410 - MSE: 483.52847 - batch_Time: 0.3994801298249513s
Epoch[13/20 566/700] - Loss: 170.7872009277 - MSE: 170.36150 - batch_Time: 0.3955843730363995s
Epoch[13/20 567/700] - Loss: 165.6363067627 - MSE: 165.20435 - batch_Time: 0.400134711060673s
Epoch[13/20 568/700] - Loss: 184.6875305176 - MSE: 184.40140 - batch_Time: 0.3962395149283111s
Epoch[13/20 569/700] - Loss: 207.8039245605 - MSE: 207.40430 - batch_Time: 0.40195181500166655s
Epoch[13/20 570/700] - Loss: 199.8912658691 - MSE: 199.48715 - batch_Time: 0.39634098508395255s
Epoch[13/20 571/700] - Loss: 147.6778259277 - MSE: 147.43506 - batch_Time: 0.40170704014599323s
Epoch[13/20 572/700] - Loss: 217.2112579346 - MSE: 216.87425 - batch_Time: 0.3963378551416099s
Epoch[13/20 573/700] - Loss: 94.4704132080 - MSE: 94.08974 - batch_Time: 0.40159905212931335s
Epoch[13/20 574/700] - Loss: 144.4180145264 - MSE: 144.04597 - batch_Time: 0.39615704002790153s
Epoch[13/20 575/700] - Loss: 168.4151306152 - MSE: 167.94814 - batch_Time: 0.4010569811798632s
Epoch[13/20 576/700] - Loss: 107.6958160400 - MSE: 107.33293 - batch_Time: 0.39699148805812s
Epoch[13/20 577/700] - Loss: 257.4471740723 - MSE: 257.01407 - batch_Time: 0.40153556503355503s
Epoch[13/20 578/700] - Loss: 128.1896972656 - MSE: 127.87678 - batch_Time: 0.3958056550472975s
Epoch[13/20 579/700] - Loss: 155.8243255615 - MSE: 155.38597 - batch_Time: 0.40007869713008404s
Epoch[13/20 580/700] - Loss: 87.3408813477 - MSE: 87.07787 - batch_Time: 0.39600671315565705s
Epoch[13/20 581/700] - Loss: 98.9385681152 - MSE: 98.68179 - batch_Time: 0.40136578888632357s
Epoch[13/20 582/700] - Loss: 157.6108245850 - MSE: 157.19235 - batch_Time: 0.40008401800878346s
Epoch[13/20 583/700] - Loss: 215.8334350586 - MSE: 215.33919 - batch_Time: 0.4007002089638263s
Epoch[13/20 584/700] - Loss: 157.1463012695 - MSE: 156.86171 - batch_Time: 0.3954461528919637s
Epoch[13/20 585/700] - Loss: 156.0596313477 - MSE: 155.72473 - batch_Time: 0.4012446319684386s
Epoch[13/20 586/700] - Loss: 197.9845733643 - MSE: 197.63855 - batch_Time: 0.3964185998775065s
Epoch[13/20 587/700] - Loss: 368.1513671875 - MSE: 367.72876 - batch_Time: 0.3988512670621276s
Epoch[13/20 588/700] - Loss: 121.8044586182 - MSE: 121.44757 - batch_Time: 0.39847302297130227s
Epoch[13/20 589/700] - Loss: 131.7078857422 - MSE: 131.52121 - batch_Time: 0.3986941201146692s
Epoch[13/20 590/700] - Loss: 204.7461242676 - MSE: 204.55650 - batch_Time: 0.3964110119268298s
Epoch[13/20 591/700] - Loss: 161.9478454590 - MSE: 161.64627 - batch_Time: 0.39676305814646184s
Epoch[13/20 592/700] - Loss: 123.4839553833 - MSE: 123.06496 - batch_Time: 0.40053764497861266s
Epoch[13/20 593/700] - Loss: 162.7796478271 - MSE: 162.53590 - batch_Time: 0.3974055191501975s
Epoch[13/20 594/700] - Loss: 153.3830566406 - MSE: 153.02084 - batch_Time: 0.3980185310356319s
Epoch[13/20 595/700] - Loss: 180.6050872803 - MSE: 180.28375 - batch_Time: 0.39826502790674567s
Epoch[13/20 596/700] - Loss: 79.5265731812 - MSE: 79.30395 - batch_Time: 0.4028805550187826s
Epoch[13/20 597/700] - Loss: 200.6513977051 - MSE: 200.13237 - batch_Time: 0.39943470200523734s
Epoch[13/20 598/700] - Loss: 180.3147277832 - MSE: 180.00021 - batch_Time: 0.3956151860766113s
Epoch[13/20 599/700] - Loss: 157.3795318604 - MSE: 157.13394 - batch_Time: 0.39774598693475127s
Epoch[13/20 600/700] - Loss: 292.6194458008 - MSE: 292.09363 - batch_Time: 0.39740423089824617s
Epoch[13/20 601/700] - Loss: 149.7508392334 - MSE: 149.53976 - batch_Time: 0.3983891778625548s
Epoch[13/20 602/700] - Loss: 214.6080780029 - MSE: 214.13501 - batch_Time: 0.39579270500689745s
Epoch[13/20 603/700] - Loss: 148.2404174805 - MSE: 147.78613 - batch_Time: 0.4035231180023402s
Epoch[13/20 604/700] - Loss: 157.0138244629 - MSE: 156.85184 - batch_Time: 0.3968897310551256s
Epoch[13/20 605/700] - Loss: 124.4634399414 - MSE: 124.01305 - batch_Time: 0.3977639789227396s
Epoch[13/20 606/700] - Loss: 130.6262512207 - MSE: 130.38333 - batch_Time: 0.40170465502887964s
Epoch[13/20 607/700] - Loss: 216.6394653320 - MSE: 216.04196 - batch_Time: 0.3972683569882065s
Epoch[13/20 608/700] - Loss: 165.8973846436 - MSE: 165.58795 - batch_Time: 0.40239500696770847s
Epoch[13/20 609/700] - Loss: 121.0871429443 - MSE: 120.82930 - batch_Time: 0.39964585402049124s
Epoch[13/20 610/700] - Loss: 178.1762847900 - MSE: 177.85963 - batch_Time: 0.3965198379009962s
Epoch[13/20 611/700] - Loss: 156.4328765869 - MSE: 156.01968 - batch_Time: 0.40072648087516427s
Epoch[13/20 612/700] - Loss: 185.2691650391 - MSE: 184.87753 - batch_Time: 0.39648707886226475s
Epoch[13/20 613/700] - Loss: 113.1367492676 - MSE: 112.90556 - batch_Time: 0.4008943191729486s
Epoch[13/20 614/700] - Loss: 197.0650787354 - MSE: 196.70612 - batch_Time: 0.3970326620619744s
Epoch[13/20 615/700] - Loss: 235.0499877930 - MSE: 234.62004 - batch_Time: 0.39843677380122244s
Epoch[13/20 616/700] - Loss: 154.0762329102 - MSE: 153.68472 - batch_Time: 0.4012784350197762s
Epoch[13/20 617/700] - Loss: 160.1094207764 - MSE: 159.84865 - batch_Time: 0.39686718699522316s
Epoch[13/20 618/700] - Loss: 263.4066162109 - MSE: 262.98419 - batch_Time: 0.39763495698571205s
Epoch[13/20 619/700] - Loss: 144.2781066895 - MSE: 143.99419 - batch_Time: 0.39814810920506716s
Epoch[13/20 620/700] - Loss: 190.7329864502 - MSE: 190.38496 - batch_Time: 0.40284983394667506s
Epoch[13/20 621/700] - Loss: 318.3034362793 - MSE: 317.87885 - batch_Time: 0.4010199401527643s
Epoch[13/20 622/700] - Loss: 177.7493591309 - MSE: 177.38748 - batch_Time: 0.39626159705221653s
Epoch[13/20 623/700] - Loss: 191.3998718262 - MSE: 191.02005 - batch_Time: 0.399347344879061s
Epoch[13/20 624/700] - Loss: 223.4255371094 - MSE: 223.03029 - batch_Time: 0.3968670691829175s
Epoch[13/20 625/700] - Loss: 232.4583435059 - MSE: 232.07257 - batch_Time: 0.39621620904654264s
Epoch[13/20 626/700] - Loss: 181.4848937988 - MSE: 181.10393 - batch_Time: 0.3963801059871912s
Epoch[13/20 627/700] - Loss: 126.9613113403 - MSE: 126.76184 - batch_Time: 0.39828412095084786s
Epoch[13/20 628/700] - Loss: 305.7498474121 - MSE: 305.36823 - batch_Time: 0.3967406819574535s
Epoch[13/20 629/700] - Loss: 124.4801330566 - MSE: 124.19166 - batch_Time: 0.39749618084169924s
Epoch[13/20 630/700] - Loss: 198.1807556152 - MSE: 197.78662 - batch_Time: 0.39679101202636957s
Epoch[13/20 631/700] - Loss: 158.4255218506 - MSE: 158.13368 - batch_Time: 0.3974015729036182s
Epoch[13/20 632/700] - Loss: 163.5156097412 - MSE: 163.12968 - batch_Time: 0.4039793428964913s
Epoch[13/20 633/700] - Loss: 174.6192321777 - MSE: 174.36107 - batch_Time: 0.40241755614988506s
Epoch[13/20 634/700] - Loss: 230.0350341797 - MSE: 229.55417 - batch_Time: 0.4025318550411612s
Epoch[13/20 635/700] - Loss: 148.9820556641 - MSE: 148.66217 - batch_Time: 0.39868373796343803s
Epoch[13/20 636/700] - Loss: 143.9440002441 - MSE: 143.66904 - batch_Time: 0.3995193468872458s
Epoch[13/20 637/700] - Loss: 201.5506439209 - MSE: 200.97368 - batch_Time: 0.4038995469454676s
Epoch[13/20 638/700] - Loss: 184.9379577637 - MSE: 184.63634 - batch_Time: 0.3997710340190679s
Epoch[13/20 639/700] - Loss: 213.9211425781 - MSE: 213.50499 - batch_Time: 0.4029022720642388s
Epoch[13/20 640/700] - Loss: 140.2909393311 - MSE: 139.95132 - batch_Time: 0.40074352198280394s
Epoch[13/20 641/700] - Loss: 270.9236450195 - MSE: 270.48877 - batch_Time: 0.4002444089855999s
Epoch[13/20 642/700] - Loss: 223.6905517578 - MSE: 223.28044 - batch_Time: 0.39978099591098726s
Epoch[13/20 643/700] - Loss: 190.6772766113 - MSE: 190.41000 - batch_Time: 0.4000032830517739s
Epoch[13/20 644/700] - Loss: 206.3767395020 - MSE: 206.02634 - batch_Time: 0.4007374739740044s
Epoch[13/20 645/700] - Loss: 94.8014831543 - MSE: 94.57515 - batch_Time: 0.406318865949288s
Epoch[13/20 646/700] - Loss: 125.0209350586 - MSE: 124.78291 - batch_Time: 0.3998183370567858s
Epoch[13/20 647/700] - Loss: 119.7152709961 - MSE: 119.43047 - batch_Time: 0.39725331286899745s
Epoch[13/20 648/700] - Loss: 114.5319519043 - MSE: 114.24536 - batch_Time: 0.3983056980650872s
Epoch[13/20 649/700] - Loss: 160.9413299561 - MSE: 160.73190 - batch_Time: 0.39728326303884387s
Epoch[13/20 650/700] - Loss: 231.5376892090 - MSE: 231.19174 - batch_Time: 0.4015059149824083s
Epoch[13/20 651/700] - Loss: 166.7464904785 - MSE: 166.31480 - batch_Time: 0.3996936709154397s
Epoch[13/20 652/700] - Loss: 260.4722290039 - MSE: 260.04672 - batch_Time: 0.39707340695895255s
Epoch[13/20 653/700] - Loss: 251.6123504639 - MSE: 251.28795 - batch_Time: 0.40037669194862247s
Epoch[13/20 654/700] - Loss: 116.3269348145 - MSE: 116.10770 - batch_Time: 0.395562298130244s
Epoch[13/20 655/700] - Loss: 163.4107360840 - MSE: 163.09299 - batch_Time: 0.3971932060085237s
Epoch[13/20 656/700] - Loss: 176.7550048828 - MSE: 176.24898 - batch_Time: 0.4005113299936056s
Epoch[13/20 657/700] - Loss: 252.0930938721 - MSE: 251.78391 - batch_Time: 0.40147653804160655s
Epoch[13/20 658/700] - Loss: 188.6686706543 - MSE: 188.24042 - batch_Time: 0.4021128509193659s
Epoch[13/20 659/700] - Loss: 229.2000122070 - MSE: 228.99004 - batch_Time: 0.3967028050683439s
Epoch[13/20 660/700] - Loss: 203.3332824707 - MSE: 203.02692 - batch_Time: 0.40134339104406536s
Epoch[13/20 661/700] - Loss: 277.7460327148 - MSE: 277.08597 - batch_Time: 0.4028413509950042s
Epoch[13/20 662/700] - Loss: 105.3212890625 - MSE: 105.06173 - batch_Time: 0.40226234891451895s
Epoch[13/20 663/700] - Loss: 197.0550231934 - MSE: 196.71190 - batch_Time: 0.40105209592729807s
Epoch[13/20 664/700] - Loss: 174.8075256348 - MSE: 174.52502 - batch_Time: 0.4001241000369191s
Epoch[13/20 665/700] - Loss: 177.2112274170 - MSE: 176.62881 - batch_Time: 0.39822388580068946s
Epoch[13/20 666/700] - Loss: 152.7663269043 - MSE: 152.46356 - batch_Time: 0.4001570399850607s
Epoch[13/20 667/700] - Loss: 134.5531158447 - MSE: 134.30931 - batch_Time: 0.39699654397554696s
Epoch[13/20 668/700] - Loss: 162.6117706299 - MSE: 162.37445 - batch_Time: 0.4040837159845978s
Epoch[13/20 669/700] - Loss: 141.9229431152 - MSE: 141.59132 - batch_Time: 0.40172095014713705s
Epoch[13/20 670/700] - Loss: 240.2708740234 - MSE: 239.99026 - batch_Time: 0.3967047000769526s
Epoch[13/20 671/700] - Loss: 99.1642608643 - MSE: 98.89713 - batch_Time: 0.39701237506233156s
Epoch[13/20 672/700] - Loss: 146.2274780273 - MSE: 145.88979 - batch_Time: 0.395784362917766s
Epoch[13/20 673/700] - Loss: 175.5507507324 - MSE: 175.32376 - batch_Time: 0.4039626398589462s
Epoch[13/20 674/700] - Loss: 254.9421691895 - MSE: 254.53896 - batch_Time: 0.3967887288890779s
Epoch[13/20 675/700] - Loss: 111.5723571777 - MSE: 111.38676 - batch_Time: 0.3965575930196792s
Epoch[13/20 676/700] - Loss: 103.6494369507 - MSE: 103.52225 - batch_Time: 0.3957809938583523s
Epoch[13/20 677/700] - Loss: 208.2695922852 - MSE: 207.93091 - batch_Time: 0.3945352111477405s
Epoch[13/20 678/700] - Loss: 183.0309143066 - MSE: 182.61873 - batch_Time: 0.39455084200017154s
Epoch[13/20 679/700] - Loss: 215.1582641602 - MSE: 214.69429 - batch_Time: 0.39625365915708244s
Epoch[13/20 680/700] - Loss: 350.8537902832 - MSE: 350.37854 - batch_Time: 0.3968646312132478s
Epoch[13/20 681/700] - Loss: 119.1359786987 - MSE: 119.00494 - batch_Time: 0.4022658970206976s
Epoch[13/20 682/700] - Loss: 100.1961975098 - MSE: 99.78106 - batch_Time: 0.399681753013283s
Epoch[13/20 683/700] - Loss: 114.2975234985 - MSE: 114.07156 - batch_Time: 0.3999977889470756s
Epoch[13/20 684/700] - Loss: 162.4190063477 - MSE: 162.14128 - batch_Time: 0.39887824514880776s
Epoch[13/20 685/700] - Loss: 125.9808883667 - MSE: 125.66460 - batch_Time: 0.399785113055259s
Epoch[13/20 686/700] - Loss: 184.3762512207 - MSE: 184.14236 - batch_Time: 0.39897073386237025s
Epoch[13/20 687/700] - Loss: 176.6067657471 - MSE: 176.34229 - batch_Time: 0.394346407847479s
Epoch[13/20 688/700] - Loss: 103.0715789795 - MSE: 102.74542 - batch_Time: 0.4012991930358112s
Epoch[13/20 689/700] - Loss: 131.9783020020 - MSE: 131.57993 - batch_Time: 0.39986904291436076s
Epoch[13/20 690/700] - Loss: 209.4122924805 - MSE: 209.05070 - batch_Time: 0.39846513303928077s
Epoch[13/20 691/700] - Loss: 120.3621673584 - MSE: 120.08870 - batch_Time: 0.40073839179240167s
Epoch[13/20 692/700] - Loss: 77.5975570679 - MSE: 77.42266 - batch_Time: 0.39973997604101896s
Epoch[13/20 693/700] - Loss: 336.8950195312 - MSE: 336.50711 - batch_Time: 0.4006626831833273s
Epoch[13/20 694/700] - Loss: 209.4958801270 - MSE: 209.08627 - batch_Time: 0.4001937110442668s
Epoch[13/20 695/700] - Loss: 206.2013549805 - MSE: 205.85483 - batch_Time: 0.39943829108960927s
Epoch[13/20 696/700] - Loss: 217.0811462402 - MSE: 216.61316 - batch_Time: 0.39834136608988047s
Epoch[13/20 697/700] - Loss: 130.0359954834 - MSE: 129.80623 - batch_Time: 0.4016901010181755s
Epoch[13/20 698/700] - Loss: 196.0309753418 - MSE: 195.57050 - batch_Time: 0.40043359785340726s
Epoch[13/20 699/700] - Loss: 125.9801101685 - MSE: 125.59034 - batch_Time: 0.40166215086355805s
Epoch[13] - 2021-08-06 22:25:47.271746
/hy-tmp/OURS/ttsr_dx/experiment.py:171: UserWarning: torch.nn.utils.clip_grad_norm is now deprecated in favor of torch.nn.utils.clip_grad_norm_.
  nn.utils.clip_grad_norm(self.model.parameters(), 1, norm_type=2)
Epoch[13- train_loss: 189.4505701338 - train_error: 189.0840050071 - val_loss: 59.9409508610 - val_error: 59.7929067230 - val_psnr: 30.6379181511 - val_ssim: 0.8211531516 - epoch_Time: 360.829509785166s
Current learning rate: 0.0001
Epoch[14/20] - 2021-08-06 22:27:00.464610
Epoch[14/20 0/700] - Loss: 395.3463745117 - MSE: 394.58395 - batch_Time: 0.40238074492663145s
Epoch[14/20 1/700] - Loss: 128.4992523193 - MSE: 128.29242 - batch_Time: 0.39696755912154913s
Epoch[14/20 2/700] - Loss: 190.2429351807 - MSE: 190.07596 - batch_Time: 0.3913596859201789s
Epoch[14/20 3/700] - Loss: 203.9879455566 - MSE: 203.72989 - batch_Time: 0.3956333079840988s
Epoch[14/20 4/700] - Loss: 184.8208312988 - MSE: 184.54578 - batch_Time: 0.3982489330228418s
Epoch[14/20 5/700] - Loss: 329.7041625977 - MSE: 329.19519 - batch_Time: 0.3910154120530933s
Epoch[14/20 6/700] - Loss: 263.1719360352 - MSE: 262.91608 - batch_Time: 0.3974642341490835s
Epoch[14/20 7/700] - Loss: 227.6826171875 - MSE: 227.41939 - batch_Time: 0.39056712691672146s
Epoch[14/20 8/700] - Loss: 79.5526580811 - MSE: 79.30841 - batch_Time: 0.3984896298497915s
Epoch[14/20 9/700] - Loss: 149.6707458496 - MSE: 149.12915 - batch_Time: 0.39775814092718065s
Epoch[14/20 10/700] - Loss: 201.7662658691 - MSE: 201.48209 - batch_Time: 0.4009315480943769s
Epoch[14/20 11/700] - Loss: 196.2003631592 - MSE: 195.85284 - batch_Time: 0.39797380892559886s
Epoch[14/20 12/700] - Loss: 136.1194152832 - MSE: 135.75317 - batch_Time: 0.39771862188354135s
Epoch[14/20 13/700] - Loss: 262.9566955566 - MSE: 262.54602 - batch_Time: 0.3957774289883673s
Epoch[14/20 14/700] - Loss: 153.0256042480 - MSE: 152.74629 - batch_Time: 0.39594491687603295s
Epoch[14/20 15/700] - Loss: 366.3336181641 - MSE: 365.86337 - batch_Time: 0.39758943510241807s
Epoch[14/20 16/700] - Loss: 194.5070648193 - MSE: 194.19247 - batch_Time: 0.39933947194367647s
Epoch[14/20 17/700] - Loss: 105.4022293091 - MSE: 105.21718 - batch_Time: 0.3974121280480176s
Epoch[14/20 18/700] - Loss: 191.8607482910 - MSE: 191.54401 - batch_Time: 0.39840062498115003s
Epoch[14/20 19/700] - Loss: 171.7268676758 - MSE: 171.37546 - batch_Time: 0.39834487601183355s
Epoch[14/20 20/700] - Loss: 158.8903350830 - MSE: 158.50343 - batch_Time: 0.3978901421651244s
Epoch[14/20 21/700] - Loss: 256.3804626465 - MSE: 255.83958 - batch_Time: 0.39744072896428406s
Epoch[14/20 22/700] - Loss: 153.0990447998 - MSE: 152.88821 - batch_Time: 0.398674001917243s
Epoch[14/20 23/700] - Loss: 272.7449340820 - MSE: 272.28058 - batch_Time: 0.39098598691634834s
Epoch[14/20 24/700] - Loss: 232.4630432129 - MSE: 232.01680 - batch_Time: 0.3961907369084656s
Epoch[14/20 25/700] - Loss: 198.7422790527 - MSE: 198.24637 - batch_Time: 0.3957537431269884s
Epoch[14/20 26/700] - Loss: 167.7848815918 - MSE: 167.51202 - batch_Time: 0.39692053687758744s
Epoch[14/20 27/700] - Loss: 170.5218505859 - MSE: 170.18604 - batch_Time: 0.39457143913023174s
Epoch[14/20 28/700] - Loss: 183.0474853516 - MSE: 182.58766 - batch_Time: 0.40007681609131396s
Epoch[14/20 29/700] - Loss: 140.5783691406 - MSE: 140.31039 - batch_Time: 0.39941245480440557s
Epoch[14/20 30/700] - Loss: 164.7665100098 - MSE: 164.41701 - batch_Time: 0.39765270915813744s
Epoch[14/20 31/700] - Loss: 236.5187683105 - MSE: 236.01614 - batch_Time: 0.39741477207280695s
Epoch[14/20 32/700] - Loss: 253.8856048584 - MSE: 253.50430 - batch_Time: 0.3984352278057486s
Epoch[14/20 33/700] - Loss: 200.8005371094 - MSE: 200.53571 - batch_Time: 0.3997962709981948s
Epoch[14/20 34/700] - Loss: 230.7420501709 - MSE: 230.42032 - batch_Time: 0.3979261559434235s
Epoch[14/20 35/700] - Loss: 237.0567932129 - MSE: 236.74355 - batch_Time: 0.4002294649835676s
Epoch[14/20 36/700] - Loss: 175.0719909668 - MSE: 174.73764 - batch_Time: 0.399714183062315s
Epoch[14/20 37/700] - Loss: 127.1227416992 - MSE: 126.92950 - batch_Time: 0.39874913496896625s
Epoch[14/20 38/700] - Loss: 150.4176788330 - MSE: 150.10971 - batch_Time: 0.3978268289938569s
Epoch[14/20 39/700] - Loss: 190.5140533447 - MSE: 189.94666 - batch_Time: 0.39949457603506744s
Epoch[14/20 40/700] - Loss: 191.4326934814 - MSE: 191.22136 - batch_Time: 0.3974488249514252s
Epoch[14/20 41/700] - Loss: 146.2257385254 - MSE: 145.86929 - batch_Time: 0.39719539787620306s
Epoch[14/20 42/700] - Loss: 213.3421630859 - MSE: 212.97215 - batch_Time: 0.3952566650696099s
Epoch[14/20 43/700] - Loss: 212.4345397949 - MSE: 212.08353 - batch_Time: 0.39873690786771476s
Epoch[14/20 44/700] - Loss: 155.0349426270 - MSE: 154.61844 - batch_Time: 0.39987463294528425s
Epoch[14/20 45/700] - Loss: 222.7735748291 - MSE: 222.27776 - batch_Time: 0.4008851300459355s
Epoch[14/20 46/700] - Loss: 170.1839904785 - MSE: 169.90308 - batch_Time: 0.39826078596524894s
Epoch[14/20 47/700] - Loss: 175.3502044678 - MSE: 175.06314 - batch_Time: 0.40205690497532487s
Epoch[14/20 48/700] - Loss: 153.7172241211 - MSE: 153.38947 - batch_Time: 0.399713576072827s
Epoch[14/20 49/700] - Loss: 176.6132202148 - MSE: 176.32349 - batch_Time: 0.4005094259046018s
Epoch[14/20 50/700] - Loss: 161.4750671387 - MSE: 161.08220 - batch_Time: 0.39858551206998527s
Epoch[14/20 51/700] - Loss: 122.8168106079 - MSE: 122.50733 - batch_Time: 0.3983298749662936s
Epoch[14/20 52/700] - Loss: 122.7329864502 - MSE: 122.50128 - batch_Time: 0.3986053119879216s
Epoch[14/20 53/700] - Loss: 201.6364135742 - MSE: 201.13562 - batch_Time: 0.3988325910177082s
Epoch[14/20 54/700] - Loss: 230.6468353271 - MSE: 230.15738 - batch_Time: 0.3991525759920478s
Epoch[14/20 55/700] - Loss: 219.1828613281 - MSE: 218.77493 - batch_Time: 0.39933105395175517s
Epoch[14/20 56/700] - Loss: 272.9714355469 - MSE: 272.46796 - batch_Time: 0.39741969015449286s
Epoch[14/20 57/700] - Loss: 216.7574615479 - MSE: 216.07895 - batch_Time: 0.3979668631218374s
Epoch[14/20 58/700] - Loss: 162.0109252930 - MSE: 161.75095 - batch_Time: 0.3969346769154072s
Epoch[14/20 59/700] - Loss: 183.4019470215 - MSE: 183.14420 - batch_Time: 0.39804890286177397s
Epoch[14/20 60/700] - Loss: 204.7330322266 - MSE: 204.36533 - batch_Time: 0.3983213899191469s
Epoch[14/20 61/700] - Loss: 160.9787750244 - MSE: 160.65292 - batch_Time: 0.39897078089416027s
Epoch[14/20 62/700] - Loss: 158.5734558105 - MSE: 158.29613 - batch_Time: 0.3984065589029342s
Epoch[14/20 63/700] - Loss: 282.7513427734 - MSE: 282.21799 - batch_Time: 0.4102485680487007s
Epoch[14/20 64/700] - Loss: 359.4455566406 - MSE: 358.84723 - batch_Time: 0.3939207901712507s
Epoch[14/20 65/700] - Loss: 118.0973510742 - MSE: 117.70573 - batch_Time: 0.39367143413983285s
Epoch[14/20 66/700] - Loss: 156.1520843506 - MSE: 155.84857 - batch_Time: 0.3983246609568596s
Epoch[14/20 67/700] - Loss: 186.8020019531 - MSE: 186.48143 - batch_Time: 0.401381460018456s
Epoch[14/20 68/700] - Loss: 138.8136291504 - MSE: 138.55365 - batch_Time: 0.39657998410984874s
Epoch[14/20 69/700] - Loss: 164.2281951904 - MSE: 163.61069 - batch_Time: 0.3954687910154462s
Epoch[14/20 70/700] - Loss: 124.1673126221 - MSE: 123.92689 - batch_Time: 0.39879959519021213s
Epoch[14/20 71/700] - Loss: 141.7645111084 - MSE: 141.45879 - batch_Time: 0.3985798889771104s
Epoch[14/20 72/700] - Loss: 209.5827026367 - MSE: 209.17213 - batch_Time: 0.3987424769438803s
Epoch[14/20 73/700] - Loss: 259.8692321777 - MSE: 259.32440 - batch_Time: 0.39492468908429146s
Epoch[14/20 74/700] - Loss: 170.0564575195 - MSE: 169.69159 - batch_Time: 0.3944162770640105s
Epoch[14/20 75/700] - Loss: 212.9841308594 - MSE: 212.62775 - batch_Time: 0.3945592639502138s
Epoch[14/20 76/700] - Loss: 288.9722595215 - MSE: 288.70697 - batch_Time: 0.3947488630656153s
Epoch[14/20 77/700] - Loss: 196.7983398438 - MSE: 196.47734 - batch_Time: 0.3963126421440393s
Epoch[14/20 78/700] - Loss: 141.6242675781 - MSE: 141.37167 - batch_Time: 0.3913648489397019s
Epoch[14/20 79/700] - Loss: 144.0388031006 - MSE: 143.74176 - batch_Time: 0.3954147140029818s
Epoch[14/20 80/700] - Loss: 182.5727081299 - MSE: 182.16779 - batch_Time: 0.396533798892051s
Epoch[14/20 81/700] - Loss: 217.1432800293 - MSE: 216.81175 - batch_Time: 0.3933206028304994s
Epoch[14/20 82/700] - Loss: 168.1962280273 - MSE: 167.98630 - batch_Time: 0.39268090203404427s
Epoch[14/20 83/700] - Loss: 126.5766906738 - MSE: 126.36378 - batch_Time: 0.39246208500117064s
Epoch[14/20 84/700] - Loss: 163.4305725098 - MSE: 163.00853 - batch_Time: 0.39403005386702716s
Epoch[14/20 85/700] - Loss: 202.8192901611 - MSE: 202.25885 - batch_Time: 0.39442108990624547s
Epoch[14/20 86/700] - Loss: 185.4348754883 - MSE: 185.18719 - batch_Time: 0.398650832939893s
Epoch[14/20 87/700] - Loss: 133.1374664307 - MSE: 132.82814 - batch_Time: 0.3997760370839387s
Epoch[14/20 88/700] - Loss: 139.7484588623 - MSE: 139.52090 - batch_Time: 0.4019819980021566s
Epoch[14/20 89/700] - Loss: 234.0556335449 - MSE: 233.65439 - batch_Time: 0.39672562899068s
Epoch[14/20 90/700] - Loss: 140.3623657227 - MSE: 140.07642 - batch_Time: 0.3948277849704027s
Epoch[14/20 91/700] - Loss: 172.3763732910 - MSE: 172.02521 - batch_Time: 0.39647738402709365s
Epoch[14/20 92/700] - Loss: 198.3377075195 - MSE: 198.10233 - batch_Time: 0.4011007510125637s
Epoch[14/20 93/700] - Loss: 102.5803298950 - MSE: 102.37500 - batch_Time: 0.4009081639815122s
Epoch[14/20 94/700] - Loss: 91.8747787476 - MSE: 91.63368 - batch_Time: 0.39644448505714536s
Epoch[14/20 95/700] - Loss: 182.3436889648 - MSE: 182.03458 - batch_Time: 0.39940976398065686s
Epoch[14/20 96/700] - Loss: 184.1022644043 - MSE: 183.80780 - batch_Time: 0.3966629731003195s
Epoch[14/20 97/700] - Loss: 117.0968780518 - MSE: 116.85386 - batch_Time: 0.3994402152020484s
Epoch[14/20 98/700] - Loss: 203.0335083008 - MSE: 202.48708 - batch_Time: 0.4000283379573375s
Epoch[14/20 99/700] - Loss: 164.5486145020 - MSE: 164.19472 - batch_Time: 0.40105714416131377s
Epoch[14/20 100/700] - Loss: 164.5875396729 - MSE: 164.31081 - batch_Time: 0.3961749498266727s
Epoch[14/20 101/700] - Loss: 128.9379882812 - MSE: 128.77708 - batch_Time: 0.3970008201431483s
Epoch[14/20 102/700] - Loss: 143.8554077148 - MSE: 143.55229 - batch_Time: 0.4017002861946821s
Epoch[14/20 103/700] - Loss: 122.7961120605 - MSE: 122.55207 - batch_Time: 0.3998111120890826s
Epoch[14/20 104/700] - Loss: 123.6772842407 - MSE: 123.44601 - batch_Time: 0.39665729412809014s
Epoch[14/20 105/700] - Loss: 235.3976745605 - MSE: 235.06078 - batch_Time: 0.398474229965359s
Epoch[14/20 106/700] - Loss: 196.7494354248 - MSE: 196.45961 - batch_Time: 0.40092506795190275s
Epoch[14/20 107/700] - Loss: 136.8845977783 - MSE: 136.49191 - batch_Time: 0.3947677609976381s
Epoch[14/20 108/700] - Loss: 178.7124938965 - MSE: 178.46016 - batch_Time: 0.3962196218781173s
Epoch[14/20 109/700] - Loss: 119.2667694092 - MSE: 118.98874 - batch_Time: 0.3965464581269771s
Epoch[14/20 110/700] - Loss: 146.8641204834 - MSE: 146.58691 - batch_Time: 0.3939784730318934s
Epoch[14/20 111/700] - Loss: 173.5578002930 - MSE: 173.22189 - batch_Time: 0.39307577605359256s
Epoch[14/20 112/700] - Loss: 204.2782745361 - MSE: 203.75128 - batch_Time: 0.39236977486871183s
Epoch[14/20 113/700] - Loss: 61.6342086792 - MSE: 61.44884 - batch_Time: 0.39488002099096775s
Epoch[14/20 114/700] - Loss: 146.0889129639 - MSE: 145.92262 - batch_Time: 0.3945827051065862s
Epoch[14/20 115/700] - Loss: 179.5133514404 - MSE: 179.27267 - batch_Time: 0.40112243802286685s
Epoch[14/20 116/700] - Loss: 142.4559020996 - MSE: 142.11040 - batch_Time: 0.40126150590367615s
Epoch[14/20 117/700] - Loss: 269.7932434082 - MSE: 269.27734 - batch_Time: 0.3987067211419344s
Epoch[14/20 118/700] - Loss: 229.3035278320 - MSE: 229.03993 - batch_Time: 0.40154073294252157s
Epoch[14/20 119/700] - Loss: 201.1849822998 - MSE: 200.78140 - batch_Time: 0.4006378250196576s
Epoch[14/20 120/700] - Loss: 217.5574035645 - MSE: 217.27026 - batch_Time: 0.39869681210257113s
Epoch[14/20 121/700] - Loss: 143.8521881104 - MSE: 143.56435 - batch_Time: 0.3996310387738049s
Epoch[14/20 122/700] - Loss: 154.6489257812 - MSE: 154.34836 - batch_Time: 0.40011430415324867s
Epoch[14/20 123/700] - Loss: 235.8131408691 - MSE: 235.43518 - batch_Time: 0.39860001392662525s
Epoch[14/20 124/700] - Loss: 211.7137298584 - MSE: 211.41138 - batch_Time: 0.3943351621273905s
Epoch[14/20 125/700] - Loss: 248.4164886475 - MSE: 248.13914 - batch_Time: 0.40084934514015913s
Epoch[14/20 126/700] - Loss: 111.6969299316 - MSE: 111.45119 - batch_Time: 0.39875000319443643s
Epoch[14/20 127/700] - Loss: 160.1365966797 - MSE: 159.60995 - batch_Time: 0.40263686096295714s
Epoch[14/20 128/700] - Loss: 93.1891250610 - MSE: 92.97113 - batch_Time: 0.39794676494784653s
Epoch[14/20 129/700] - Loss: 199.3303527832 - MSE: 198.99037 - batch_Time: 0.39848529710434377s
Epoch[14/20 130/700] - Loss: 233.9085998535 - MSE: 233.55713 - batch_Time: 0.3999622678384185s
Epoch[14/20 131/700] - Loss: 327.8641357422 - MSE: 327.32846 - batch_Time: 0.3986862050369382s
Epoch[14/20 132/700] - Loss: 158.4931945801 - MSE: 157.96213 - batch_Time: 0.3974185020197183s
Epoch[14/20 133/700] - Loss: 198.6660461426 - MSE: 198.43219 - batch_Time: 0.39743615314364433s
Epoch[14/20 134/700] - Loss: 212.9828186035 - MSE: 212.40552 - batch_Time: 0.3973108851350844s
Epoch[14/20 135/700] - Loss: 279.4836120605 - MSE: 279.16614 - batch_Time: 0.39719010703265667s
Epoch[14/20 136/700] - Loss: 67.1908264160 - MSE: 67.00800 - batch_Time: 0.39812518400140107s
Epoch[14/20 137/700] - Loss: 133.2328796387 - MSE: 132.81445 - batch_Time: 0.3943058669101447s
Epoch[14/20 138/700] - Loss: 278.9350891113 - MSE: 278.55399 - batch_Time: 0.3991262710187584s
Epoch[14/20 139/700] - Loss: 190.2512359619 - MSE: 190.02444 - batch_Time: 0.39810005598701537s
Epoch[14/20 140/700] - Loss: 109.5761489868 - MSE: 109.29463 - batch_Time: 0.400769550120458s
Epoch[14/20 141/700] - Loss: 138.9062347412 - MSE: 138.28699 - batch_Time: 0.39765171194449067s
Epoch[14/20 142/700] - Loss: 151.9274291992 - MSE: 151.55482 - batch_Time: 0.3991569518111646s
Epoch[14/20 143/700] - Loss: 298.1954345703 - MSE: 297.66275 - batch_Time: 0.40079579991288483s
Epoch[14/20 144/700] - Loss: 158.6914978027 - MSE: 158.53996 - batch_Time: 0.4005613340996206s
Epoch[14/20 145/700] - Loss: 182.1150817871 - MSE: 181.64938 - batch_Time: 0.3998616230674088s
Epoch[14/20 146/700] - Loss: 130.3464813232 - MSE: 130.03951 - batch_Time: 0.3994808190036565s
Epoch[14/20 147/700] - Loss: 118.2644348145 - MSE: 118.04314 - batch_Time: 0.39313559513539076s
Epoch[14/20 148/700] - Loss: 346.0783691406 - MSE: 345.72882 - batch_Time: 0.39970077597536147s
Epoch[14/20 149/700] - Loss: 246.1046752930 - MSE: 245.62485 - batch_Time: 0.3995384690351784s
Epoch[14/20 150/700] - Loss: 124.2911987305 - MSE: 124.04246 - batch_Time: 0.40561232692562044s
Epoch[14/20 151/700] - Loss: 127.8166885376 - MSE: 127.67784 - batch_Time: 0.39770630514249206s
Epoch[14/20 152/700] - Loss: 149.0610961914 - MSE: 148.79866 - batch_Time: 0.4018680490553379s
Epoch[14/20 153/700] - Loss: 184.2899017334 - MSE: 183.93762 - batch_Time: 0.4007524140179157s
Epoch[14/20 154/700] - Loss: 207.6269683838 - MSE: 207.42238 - batch_Time: 0.39902592706494033s
Epoch[14/20 155/700] - Loss: 93.7075042725 - MSE: 93.48422 - batch_Time: 0.39700856478884816s
Epoch[14/20 156/700] - Loss: 374.4141235352 - MSE: 373.87418 - batch_Time: 0.40029948111623526s
Epoch[14/20 157/700] - Loss: 119.3268966675 - MSE: 118.85746 - batch_Time: 0.40225967508740723s
Epoch[14/20 158/700] - Loss: 110.8637008667 - MSE: 110.41840 - batch_Time: 0.40089890407398343s
Epoch[14/20 159/700] - Loss: 208.6622467041 - MSE: 208.32159 - batch_Time: 0.39679521904326975s
Epoch[14/20 160/700] - Loss: 140.9295959473 - MSE: 140.60385 - batch_Time: 0.3994042829144746s
Epoch[14/20 161/700] - Loss: 256.0831909180 - MSE: 255.56972 - batch_Time: 0.3982122400775552s
Epoch[14/20 162/700] - Loss: 257.0174865723 - MSE: 256.53854 - batch_Time: 0.3956630548927933s
Epoch[14/20 163/700] - Loss: 253.0580596924 - MSE: 252.40161 - batch_Time: 0.3975459288340062s
Epoch[14/20 164/700] - Loss: 84.5274276733 - MSE: 84.36118 - batch_Time: 0.39630667702294886s
Epoch[14/20 165/700] - Loss: 180.3673248291 - MSE: 179.97800 - batch_Time: 0.39346236595883965s
Epoch[14/20 166/700] - Loss: 242.9744567871 - MSE: 242.49988 - batch_Time: 0.39529906190000474s
Epoch[14/20 167/700] - Loss: 133.1250000000 - MSE: 132.71124 - batch_Time: 0.3969591190107167s
Epoch[14/20 168/700] - Loss: 197.5385437012 - MSE: 197.25739 - batch_Time: 0.395400479901582s
Epoch[14/20 169/700] - Loss: 176.4170532227 - MSE: 175.94478 - batch_Time: 0.4004379720427096s
Epoch[14/20 170/700] - Loss: 122.9305114746 - MSE: 122.68365 - batch_Time: 0.39579096599482s
Epoch[14/20 171/700] - Loss: 210.7107391357 - MSE: 210.35704 - batch_Time: 0.404531427891925s
Epoch[14/20 172/700] - Loss: 117.3230514526 - MSE: 116.96022 - batch_Time: 0.3987137458752841s
Epoch[14/20 173/700] - Loss: 154.4441070557 - MSE: 153.97849 - batch_Time: 0.3996341049205512s
Epoch[14/20 174/700] - Loss: 211.9537658691 - MSE: 211.71527 - batch_Time: 0.39846296003088355s
Epoch[14/20 175/700] - Loss: 241.4966735840 - MSE: 241.02879 - batch_Time: 0.40005760989151895s
Epoch[14/20 176/700] - Loss: 210.2746887207 - MSE: 209.72253 - batch_Time: 0.39926472096703947s
Epoch[14/20 177/700] - Loss: 127.9078521729 - MSE: 127.74473 - batch_Time: 0.39911174215376377s
Epoch[14/20 178/700] - Loss: 156.3473815918 - MSE: 155.99765 - batch_Time: 0.3942837279755622s
Epoch[14/20 179/700] - Loss: 273.5460205078 - MSE: 272.99680 - batch_Time: 0.3949677790515125s
Epoch[14/20 180/700] - Loss: 131.2949371338 - MSE: 131.00439 - batch_Time: 0.39548802305944264s
Epoch[14/20 181/700] - Loss: 178.5417327881 - MSE: 178.10866 - batch_Time: 0.3939521829597652s
Epoch[14/20 182/700] - Loss: 130.4068756104 - MSE: 130.09967 - batch_Time: 0.40142397303134203s
Epoch[14/20 183/700] - Loss: 99.0164031982 - MSE: 98.69724 - batch_Time: 0.39721419010311365s
Epoch[14/20 184/700] - Loss: 298.0285034180 - MSE: 297.64114 - batch_Time: 0.3984116739593446s
Epoch[14/20 185/700] - Loss: 211.0220031738 - MSE: 210.68196 - batch_Time: 0.39710842189379036s
Epoch[14/20 186/700] - Loss: 134.5372161865 - MSE: 134.21877 - batch_Time: 0.3970342529937625s
Epoch[14/20 187/700] - Loss: 207.7478332520 - MSE: 207.52100 - batch_Time: 0.3962578740902245s
Epoch[14/20 188/700] - Loss: 272.3375854492 - MSE: 271.93704 - batch_Time: 0.39601924712769687s
Epoch[14/20 189/700] - Loss: 261.0882568359 - MSE: 260.63263 - batch_Time: 0.39993132487870753s
Epoch[14/20 190/700] - Loss: 243.4295043945 - MSE: 243.09521 - batch_Time: 0.39577756100334227s
Epoch[14/20 191/700] - Loss: 217.9917602539 - MSE: 217.72604 - batch_Time: 0.39462747680954635s
Epoch[14/20 192/700] - Loss: 173.0126953125 - MSE: 172.61377 - batch_Time: 0.3928050119429827s
Epoch[14/20 193/700] - Loss: 138.4710998535 - MSE: 138.20065 - batch_Time: 0.39525740896351635s
Epoch[14/20 194/700] - Loss: 143.6177062988 - MSE: 143.22612 - batch_Time: 0.39527810900472105s
Epoch[14/20 195/700] - Loss: 190.4108123779 - MSE: 189.79930 - batch_Time: 0.3955093261320144s
Epoch[14/20 196/700] - Loss: 269.6558837891 - MSE: 269.19406 - batch_Time: 0.39364397106692195s
Epoch[14/20 197/700] - Loss: 194.5187225342 - MSE: 194.12509 - batch_Time: 0.39413752616383135s
Epoch[14/20 198/700] - Loss: 170.0532836914 - MSE: 169.66605 - batch_Time: 0.4015441650990397s
Epoch[14/20 199/700] - Loss: 180.0298767090 - MSE: 179.67654 - batch_Time: 0.39619832788594067s
Epoch[14/20 200/700] - Loss: 262.3682861328 - MSE: 261.89780 - batch_Time: 0.40491707087494433s
Epoch[14/20 201/700] - Loss: 179.4432067871 - MSE: 179.22824 - batch_Time: 0.400314083090052s
Epoch[14/20 202/700] - Loss: 224.6944274902 - MSE: 224.09445 - batch_Time: 0.3986546960659325s
Epoch[14/20 203/700] - Loss: 294.4470214844 - MSE: 294.02451 - batch_Time: 0.39994115894660354s
Epoch[14/20 204/700] - Loss: 132.1191253662 - MSE: 131.81909 - batch_Time: 0.40164301614277065s
Epoch[14/20 205/700] - Loss: 443.7898559570 - MSE: 443.08084 - batch_Time: 0.39815558306872845s
Epoch[14/20 206/700] - Loss: 181.6302185059 - MSE: 181.27574 - batch_Time: 0.40200346196070313s
Epoch[14/20 207/700] - Loss: 237.9853057861 - MSE: 237.56836 - batch_Time: 0.40149765997193754s
Epoch[14/20 208/700] - Loss: 140.8675231934 - MSE: 140.62799 - batch_Time: 0.4012635520193726s
Epoch[14/20 209/700] - Loss: 177.5293121338 - MSE: 177.02747 - batch_Time: 0.4021853799931705s
Epoch[14/20 210/700] - Loss: 137.7572784424 - MSE: 137.55710 - batch_Time: 0.39990815217606723s
Epoch[14/20 211/700] - Loss: 207.5549621582 - MSE: 207.32961 - batch_Time: 0.3992310899775475s
Epoch[14/20 212/700] - Loss: 165.3529663086 - MSE: 164.94614 - batch_Time: 0.4061847871635109s
Epoch[14/20 213/700] - Loss: 221.1669921875 - MSE: 220.81122 - batch_Time: 0.3972371269483119s
Epoch[14/20 214/700] - Loss: 146.4498291016 - MSE: 146.18158 - batch_Time: 0.4002989870496094s
Epoch[14/20 215/700] - Loss: 267.3604736328 - MSE: 267.03189 - batch_Time: 0.40086461906321347s
Epoch[14/20 216/700] - Loss: 145.4182281494 - MSE: 145.08850 - batch_Time: 0.40060642384923995s
Epoch[14/20 217/700] - Loss: 264.6566467285 - MSE: 264.15604 - batch_Time: 0.4016144499182701s
Epoch[14/20 218/700] - Loss: 165.8571777344 - MSE: 165.56128 - batch_Time: 0.40082759014330804s
Epoch[14/20 219/700] - Loss: 128.0664520264 - MSE: 127.71504 - batch_Time: 0.3986922400072217s
Epoch[14/20 220/700] - Loss: 153.3566894531 - MSE: 153.08730 - batch_Time: 0.40054575516842306s
Epoch[14/20 221/700] - Loss: 130.5014190674 - MSE: 130.26270 - batch_Time: 0.4012331869453192s
Epoch[14/20 222/700] - Loss: 161.6114959717 - MSE: 161.33521 - batch_Time: 0.4011432968545705s
Epoch[14/20 223/700] - Loss: 265.3847351074 - MSE: 264.88635 - batch_Time: 0.40116980811581016s
Epoch[14/20 224/700] - Loss: 158.6533660889 - MSE: 158.40404 - batch_Time: 0.39889314910396934s
Epoch[14/20 225/700] - Loss: 99.9030456543 - MSE: 99.72819 - batch_Time: 0.399098205845803s
Epoch[14/20 226/700] - Loss: 130.5280303955 - MSE: 130.33090 - batch_Time: 0.4021380548365414s
Epoch[14/20 227/700] - Loss: 184.4284362793 - MSE: 183.99501 - batch_Time: 0.40136496582999825s
Epoch[14/20 228/700] - Loss: 189.0005950928 - MSE: 188.66623 - batch_Time: 0.40094416099600494s
Epoch[14/20 229/700] - Loss: 201.3893890381 - MSE: 200.98300 - batch_Time: 0.40044230897910893s
Epoch[14/20 230/700] - Loss: 258.1349487305 - MSE: 257.91187 - batch_Time: 0.40011798311024904s
Epoch[14/20 231/700] - Loss: 167.0449523926 - MSE: 166.78130 - batch_Time: 0.400798314018175s
Epoch[14/20 232/700] - Loss: 163.1564636230 - MSE: 162.85536 - batch_Time: 0.402046947972849s
Epoch[14/20 233/700] - Loss: 172.1063995361 - MSE: 171.74380 - batch_Time: 0.40234716492705047s
Epoch[14/20 234/700] - Loss: 171.5150604248 - MSE: 171.25009 - batch_Time: 0.39921968802809715s
Epoch[14/20 235/700] - Loss: 115.3125000000 - MSE: 115.07952 - batch_Time: 0.4004476198460907s
Epoch[14/20 236/700] - Loss: 192.5384674072 - MSE: 192.25880 - batch_Time: 0.3963789460249245s
Epoch[14/20 237/700] - Loss: 158.7516479492 - MSE: 158.45821 - batch_Time: 0.39306369004771113s
Epoch[14/20 238/700] - Loss: 146.0423278809 - MSE: 145.81921 - batch_Time: 0.39436743198893964s
Epoch[14/20 239/700] - Loss: 194.0284881592 - MSE: 193.76434 - batch_Time: 0.3948251469992101s
Epoch[14/20 240/700] - Loss: 248.6356964111 - MSE: 248.13469 - batch_Time: 0.4017019660677761s
Epoch[14/20 241/700] - Loss: 162.5185241699 - MSE: 162.06656 - batch_Time: 0.4010492139495909s
Epoch[14/20 242/700] - Loss: 168.3892669678 - MSE: 168.03447 - batch_Time: 0.40103872399777174s
Epoch[14/20 243/700] - Loss: 224.6470031738 - MSE: 224.30736 - batch_Time: 0.39941758709028363s
Epoch[14/20 244/700] - Loss: 195.4047698975 - MSE: 195.03397 - batch_Time: 0.4006821899674833s
Epoch[14/20 245/700] - Loss: 160.2115783691 - MSE: 159.89517 - batch_Time: 0.3992840189021081s
Epoch[14/20 246/700] - Loss: 403.4082946777 - MSE: 402.78537 - batch_Time: 0.40141025092452765s
Epoch[14/20 247/700] - Loss: 148.7720947266 - MSE: 148.25665 - batch_Time: 0.4019164440687746s
Epoch[14/20 248/700] - Loss: 181.1705627441 - MSE: 180.89677 - batch_Time: 0.3975455230101943s
Epoch[14/20 249/700] - Loss: 128.9334106445 - MSE: 128.68829 - batch_Time: 0.4029446500353515s
Epoch[14/20 250/700] - Loss: 197.5567016602 - MSE: 197.16843 - batch_Time: 0.39441279601305723s
Epoch[14/20 251/700] - Loss: 195.6044464111 - MSE: 195.26587 - batch_Time: 0.39874512795358896s
Epoch[14/20 252/700] - Loss: 221.9042968750 - MSE: 221.42157 - batch_Time: 0.39861395908519626s
Epoch[14/20 253/700] - Loss: 104.4138336182 - MSE: 104.19334 - batch_Time: 0.40112630487419665s
Epoch[14/20 254/700] - Loss: 172.6107025146 - MSE: 172.31947 - batch_Time: 0.4066302019637078s
Epoch[14/20 255/700] - Loss: 170.7645416260 - MSE: 170.56058 - batch_Time: 0.4059267530683428s
Epoch[14/20 256/700] - Loss: 206.1046142578 - MSE: 205.80389 - batch_Time: 0.40347618516534567s
Epoch[14/20 257/700] - Loss: 116.4225158691 - MSE: 116.19481 - batch_Time: 0.40154071105644107s
Epoch[14/20 258/700] - Loss: 177.8992614746 - MSE: 177.59415 - batch_Time: 0.39436142798513174s
Epoch[14/20 259/700] - Loss: 123.7984161377 - MSE: 123.51985 - batch_Time: 0.39602797594852746s
Epoch[14/20 260/700] - Loss: 150.2908935547 - MSE: 150.08173 - batch_Time: 0.39385059592314065s
Epoch[14/20 261/700] - Loss: 263.2605895996 - MSE: 262.84366 - batch_Time: 0.40303303208202124s
Epoch[14/20 262/700] - Loss: 172.2140808105 - MSE: 171.63271 - batch_Time: 0.4015584629960358s
Epoch[14/20 263/700] - Loss: 159.6023254395 - MSE: 159.18744 - batch_Time: 0.39983478584326804s
Epoch[14/20 264/700] - Loss: 158.1752014160 - MSE: 157.96671 - batch_Time: 0.3958909891080111s
Epoch[14/20 265/700] - Loss: 124.1615219116 - MSE: 123.72376 - batch_Time: 0.4023629520088434s
Epoch[14/20 266/700] - Loss: 180.1515960693 - MSE: 179.56842 - batch_Time: 0.4008891729172319s
Epoch[14/20 267/700] - Loss: 154.1325683594 - MSE: 153.79904 - batch_Time: 0.39719782304018736s
Epoch[14/20 268/700] - Loss: 143.0705566406 - MSE: 142.60538 - batch_Time: 0.40481993998400867s
Epoch[14/20 269/700] - Loss: 227.4825592041 - MSE: 227.03476 - batch_Time: 0.401137970155105s
Epoch[14/20 270/700] - Loss: 138.4377899170 - MSE: 138.08275 - batch_Time: 0.39621992595493793s
Epoch[14/20 271/700] - Loss: 183.4705200195 - MSE: 182.98904 - batch_Time: 0.39843802712857723s
Epoch[14/20 272/700] - Loss: 166.1072998047 - MSE: 165.82304 - batch_Time: 0.40341093111783266s
Epoch[14/20 273/700] - Loss: 142.3690643311 - MSE: 142.13904 - batch_Time: 0.3969015069305897s
Epoch[14/20 274/700] - Loss: 205.1084289551 - MSE: 204.89502 - batch_Time: 0.3953645888250321s
Epoch[14/20 275/700] - Loss: 205.1906738281 - MSE: 204.82455 - batch_Time: 0.3971020351164043s
Epoch[14/20 276/700] - Loss: 122.7481536865 - MSE: 122.42452 - batch_Time: 0.40000622789375484s
Epoch[14/20 277/700] - Loss: 100.6699676514 - MSE: 100.37726 - batch_Time: 0.3972287450451404s
Epoch[14/20 278/700] - Loss: 190.9506072998 - MSE: 190.67325 - batch_Time: 0.3963771560229361s
Epoch[14/20 279/700] - Loss: 184.1261138916 - MSE: 183.89272 - batch_Time: 0.3960944199934602s
Epoch[14/20 280/700] - Loss: 174.0831298828 - MSE: 173.80505 - batch_Time: 0.4047191650606692s
Epoch[14/20 281/700] - Loss: 186.8329010010 - MSE: 186.57819 - batch_Time: 0.40098947496153414s
Epoch[14/20 282/700] - Loss: 192.7903442383 - MSE: 192.47292 - batch_Time: 0.40107085509225726s
Epoch[14/20 283/700] - Loss: 163.3247528076 - MSE: 163.06451 - batch_Time: 0.3996487329714s
Epoch[14/20 284/700] - Loss: 261.4566955566 - MSE: 261.13235 - batch_Time: 0.4038249789737165s
Epoch[14/20 285/700] - Loss: 134.7255706787 - MSE: 134.50998 - batch_Time: 0.40011185803450644s
Epoch[14/20 286/700] - Loss: 167.5190887451 - MSE: 167.30775 - batch_Time: 0.40515901101753116s
Epoch[14/20 287/700] - Loss: 239.9107360840 - MSE: 239.50694 - batch_Time: 0.4013319320511073s
Epoch[14/20 288/700] - Loss: 176.0418243408 - MSE: 175.70395 - batch_Time: 0.40492730401456356s
Epoch[14/20 289/700] - Loss: 233.8449707031 - MSE: 233.50331 - batch_Time: 0.4015167001634836s
Epoch[14/20 290/700] - Loss: 142.4335174561 - MSE: 142.22615 - batch_Time: 0.3992979701142758s
Epoch[14/20 291/700] - Loss: 115.7145385742 - MSE: 115.52375 - batch_Time: 0.4000882999971509s
Epoch[14/20 292/700] - Loss: 208.0261230469 - MSE: 207.57910 - batch_Time: 0.40370289189741015s
Epoch[14/20 293/700] - Loss: 117.7384033203 - MSE: 117.51585 - batch_Time: 0.4016988589428365s
Epoch[14/20 294/700] - Loss: 113.1974182129 - MSE: 112.85194 - batch_Time: 0.4000095119699836s
Epoch[14/20 295/700] - Loss: 143.2462921143 - MSE: 142.88676 - batch_Time: 0.3978706810157746s
Epoch[14/20 296/700] - Loss: 207.0023803711 - MSE: 206.52711 - batch_Time: 0.4007356930524111s
Epoch[14/20 297/700] - Loss: 136.8502960205 - MSE: 136.62502 - batch_Time: 0.4026123268995434s
Epoch[14/20 298/700] - Loss: 177.0214843750 - MSE: 176.66954 - batch_Time: 0.4005020260810852s
Epoch[14/20 299/700] - Loss: 146.4021453857 - MSE: 145.96100 - batch_Time: 0.3941716810222715s
Epoch[14/20 300/700] - Loss: 92.5656890869 - MSE: 92.36301 - batch_Time: 0.3958200290799141s
Epoch[14/20 301/700] - Loss: 152.8896026611 - MSE: 152.62328 - batch_Time: 0.39700435381382704s
Epoch[14/20 302/700] - Loss: 131.5220642090 - MSE: 131.30632 - batch_Time: 0.4007045349571854s
Epoch[14/20 303/700] - Loss: 220.4455871582 - MSE: 220.02768 - batch_Time: 0.39715444203466177s
Epoch[14/20 304/700] - Loss: 153.2563171387 - MSE: 152.97906 - batch_Time: 0.39882433018647134s
Epoch[14/20 305/700] - Loss: 165.1575927734 - MSE: 164.62209 - batch_Time: 0.3966058399528265s
Epoch[14/20 306/700] - Loss: 115.0668334961 - MSE: 114.81126 - batch_Time: 0.3985389838926494s
Epoch[14/20 307/700] - Loss: 141.8229675293 - MSE: 141.60585 - batch_Time: 0.3990449970588088s
Epoch[14/20 308/700] - Loss: 123.7517623901 - MSE: 123.58429 - batch_Time: 0.40655257808975875s
Epoch[14/20 309/700] - Loss: 144.2575836182 - MSE: 143.86501 - batch_Time: 0.3991921760607511s
Epoch[14/20 310/700] - Loss: 233.6368560791 - MSE: 233.26749 - batch_Time: 0.39944344316609204s
Epoch[14/20 311/700] - Loss: 149.9053344727 - MSE: 149.61757 - batch_Time: 0.4020317590329796s
Epoch[14/20 312/700] - Loss: 125.5339279175 - MSE: 125.28846 - batch_Time: 0.4017413130495697s
Epoch[14/20 313/700] - Loss: 177.4106292725 - MSE: 177.07875 - batch_Time: 0.4003408718854189s
Epoch[14/20 314/700] - Loss: 166.1873168945 - MSE: 165.83192 - batch_Time: 0.4025649130344391s
Epoch[14/20 315/700] - Loss: 248.7654876709 - MSE: 248.40720 - batch_Time: 0.40176798310130835s
Epoch[14/20 316/700] - Loss: 207.6489257812 - MSE: 207.20717 - batch_Time: 0.3999342890456319s
Epoch[14/20 317/700] - Loss: 72.1036300659 - MSE: 71.76685 - batch_Time: 0.3989508009981364s
Epoch[14/20 318/700] - Loss: 172.6126403809 - MSE: 172.21016 - batch_Time: 0.401954032946378s
Epoch[14/20 319/700] - Loss: 153.3805084229 - MSE: 153.16376 - batch_Time: 0.40075456793420017s
Epoch[14/20 320/700] - Loss: 184.8978118896 - MSE: 184.58754 - batch_Time: 0.3975517521612346s
Epoch[14/20 321/700] - Loss: 194.5856323242 - MSE: 194.18802 - batch_Time: 0.4009966750163585s
Epoch[14/20 322/700] - Loss: 167.2982482910 - MSE: 167.02385 - batch_Time: 0.39962715399451554s
Epoch[14/20 323/700] - Loss: 280.8847656250 - MSE: 280.52600 - batch_Time: 0.39660128485411406s
Epoch[14/20 324/700] - Loss: 159.0741882324 - MSE: 158.65742 - batch_Time: 0.39919691998511553s
Epoch[14/20 325/700] - Loss: 172.8401184082 - MSE: 172.44156 - batch_Time: 0.395209324080497s
Epoch[14/20 326/700] - Loss: 161.3137817383 - MSE: 160.94826 - batch_Time: 0.40073661995120347s
Epoch[14/20 327/700] - Loss: 146.3789978027 - MSE: 146.15457 - batch_Time: 0.39499937696382403s
Epoch[14/20 328/700] - Loss: 282.9009704590 - MSE: 282.39676 - batch_Time: 0.4031432489864528s
Epoch[14/20 329/700] - Loss: 209.5834350586 - MSE: 209.22943 - batch_Time: 0.3945640940219164s
Epoch[14/20 330/700] - Loss: 256.2494812012 - MSE: 255.69046 - batch_Time: 0.4025512470398098s
Epoch[14/20 331/700] - Loss: 144.7181549072 - MSE: 144.46143 - batch_Time: 0.3994462490081787s
Epoch[14/20 332/700] - Loss: 108.7575759888 - MSE: 108.54836 - batch_Time: 0.40310482890345156s
Epoch[14/20 333/700] - Loss: 188.1889648438 - MSE: 187.63678 - batch_Time: 0.39512216695584357s
Epoch[14/20 334/700] - Loss: 144.6614532471 - MSE: 144.21130 - batch_Time: 0.39817520696669817s
Epoch[14/20 335/700] - Loss: 170.6715087891 - MSE: 170.42543 - batch_Time: 0.4017301588319242s
Epoch[14/20 336/700] - Loss: 243.9313354492 - MSE: 243.65689 - batch_Time: 0.40070970286615193s
Epoch[14/20 337/700] - Loss: 150.9613800049 - MSE: 150.56697 - batch_Time: 0.40091499988920987s
Epoch[14/20 338/700] - Loss: 158.9049987793 - MSE: 158.59421 - batch_Time: 0.4013850640039891s
Epoch[14/20 339/700] - Loss: 216.9963836670 - MSE: 216.73645 - batch_Time: 0.40085349208675325s
Epoch[14/20 340/700] - Loss: 156.8557434082 - MSE: 156.61020 - batch_Time: 0.39377238717861474s
Epoch[14/20 341/700] - Loss: 284.9645385742 - MSE: 284.60028 - batch_Time: 0.39980657608248293s
Epoch[14/20 342/700] - Loss: 333.5472412109 - MSE: 332.83331 - batch_Time: 0.3980989099945873s
Epoch[14/20 343/700] - Loss: 270.7398986816 - MSE: 270.31778 - batch_Time: 0.40167002216912806s
Epoch[14/20 344/700] - Loss: 163.2166442871 - MSE: 162.92273 - batch_Time: 0.3992710451129824s
Epoch[14/20 345/700] - Loss: 115.9381713867 - MSE: 115.57805 - batch_Time: 0.4008223838172853s
Epoch[14/20 346/700] - Loss: 181.4773712158 - MSE: 181.06940 - batch_Time: 0.39535358687862754s
Epoch[14/20 347/700] - Loss: 185.0208435059 - MSE: 184.47916 - batch_Time: 0.3999892850406468s
Epoch[14/20 348/700] - Loss: 211.2965087891 - MSE: 210.84985 - batch_Time: 0.39756844798102975s
Epoch[14/20 349/700] - Loss: 284.6491394043 - MSE: 284.28241 - batch_Time: 0.398543095914647s
Epoch[14/20 350/700] - Loss: 88.0891113281 - MSE: 87.86973 - batch_Time: 0.4008356239646673s
Epoch[14/20 351/700] - Loss: 241.7177886963 - MSE: 241.33260 - batch_Time: 0.4006811468861997s
Epoch[14/20 352/700] - Loss: 183.0975189209 - MSE: 182.71840 - batch_Time: 0.4008927238173783s
Epoch[14/20 353/700] - Loss: 153.3176422119 - MSE: 153.01672 - batch_Time: 0.4003160730935633s
Epoch[14/20 354/700] - Loss: 159.3560028076 - MSE: 158.96674 - batch_Time: 0.3981325819622725s
Epoch[14/20 355/700] - Loss: 137.2767791748 - MSE: 137.04596 - batch_Time: 0.40003685699775815s
Epoch[14/20 356/700] - Loss: 140.1978454590 - MSE: 139.92184 - batch_Time: 0.4001740850508213s
Epoch[14/20 357/700] - Loss: 170.7451477051 - MSE: 170.38298 - batch_Time: 0.39655492384918034s
Epoch[14/20 358/700] - Loss: 175.3137817383 - MSE: 175.11484 - batch_Time: 0.3978338469751179s
Epoch[14/20 359/700] - Loss: 132.5592041016 - MSE: 132.32648 - batch_Time: 0.39529193099588156s
Epoch[14/20 360/700] - Loss: 210.5519256592 - MSE: 210.13144 - batch_Time: 0.39608137984760106s
Epoch[14/20 361/700] - Loss: 261.0686645508 - MSE: 260.66467 - batch_Time: 0.3960428519640118s
Epoch[14/20 362/700] - Loss: 212.0626831055 - MSE: 211.69099 - batch_Time: 0.4040522240102291s
Epoch[14/20 363/700] - Loss: 230.0336456299 - MSE: 229.77014 - batch_Time: 0.3972006670664996s
Epoch[14/20 364/700] - Loss: 193.2136230469 - MSE: 192.78276 - batch_Time: 0.3948312890715897s
Epoch[14/20 365/700] - Loss: 195.9235687256 - MSE: 195.61734 - batch_Time: 0.3949751970358193s
Epoch[14/20 366/700] - Loss: 187.3768463135 - MSE: 187.17705 - batch_Time: 0.3950484360102564s
Epoch[14/20 367/700] - Loss: 193.9446105957 - MSE: 193.63492 - batch_Time: 0.3954228910151869s
Epoch[14/20 368/700] - Loss: 145.6246948242 - MSE: 145.22603 - batch_Time: 0.3991409819573164s
Epoch[14/20 369/700] - Loss: 167.7655181885 - MSE: 167.56049 - batch_Time: 0.39751037512905896s
Epoch[14/20 370/700] - Loss: 192.8327331543 - MSE: 192.58693 - batch_Time: 0.4081381210125983s
Epoch[14/20 371/700] - Loss: 151.4813537598 - MSE: 151.29527 - batch_Time: 0.40633718599565327s
Epoch[14/20 372/700] - Loss: 251.6774597168 - MSE: 251.30324 - batch_Time: 0.3991805820260197s
Epoch[14/20 373/700] - Loss: 142.9143981934 - MSE: 142.73265 - batch_Time: 0.3981559360399842s
Epoch[14/20 374/700] - Loss: 176.1496887207 - MSE: 175.85835 - batch_Time: 0.39758055401034653s
Epoch[14/20 375/700] - Loss: 206.0139312744 - MSE: 205.56757 - batch_Time: 0.39797269902192056s
Epoch[14/20 376/700] - Loss: 219.5980834961 - MSE: 219.10678 - batch_Time: 0.3986243598628789s
Epoch[14/20 377/700] - Loss: 156.4154357910 - MSE: 156.17798 - batch_Time: 0.4016457200050354s
Epoch[14/20 378/700] - Loss: 169.0065307617 - MSE: 168.52811 - batch_Time: 0.39806875796057284s
Epoch[14/20 379/700] - Loss: 182.9300384521 - MSE: 182.52206 - batch_Time: 0.40274999593384564s
Epoch[14/20 380/700] - Loss: 141.0801696777 - MSE: 140.73514 - batch_Time: 0.4020777950063348s
Epoch[14/20 381/700] - Loss: 278.7301940918 - MSE: 278.26169 - batch_Time: 0.40549608995206654s
Epoch[14/20 382/700] - Loss: 234.4193420410 - MSE: 234.01376 - batch_Time: 0.39870482101105154s
Epoch[14/20 383/700] - Loss: 146.5463409424 - MSE: 146.27109 - batch_Time: 0.39964588917791843s
Epoch[14/20 384/700] - Loss: 204.4650878906 - MSE: 204.06331 - batch_Time: 0.39714125194586813s
Epoch[14/20 385/700] - Loss: 103.3041458130 - MSE: 103.00244 - batch_Time: 0.3990308470092714s
Epoch[14/20 386/700] - Loss: 180.8898010254 - MSE: 180.51912 - batch_Time: 0.3983734550420195s
Epoch[14/20 387/700] - Loss: 143.8189239502 - MSE: 143.54422 - batch_Time: 0.397876612842083s
Epoch[14/20 388/700] - Loss: 157.6206817627 - MSE: 157.29993 - batch_Time: 0.3986184129025787s
Epoch[14/20 389/700] - Loss: 236.4123535156 - MSE: 236.09595 - batch_Time: 0.39826918789185584s
Epoch[14/20 390/700] - Loss: 149.2499237061 - MSE: 149.02567 - batch_Time: 0.4053835340309888s
Epoch[14/20 391/700] - Loss: 177.4237060547 - MSE: 177.07803 - batch_Time: 0.40681315399706364s
Epoch[14/20 392/700] - Loss: 180.4085235596 - MSE: 179.93608 - batch_Time: 0.4046021739486605s
Epoch[14/20 393/700] - Loss: 121.2795562744 - MSE: 121.05420 - batch_Time: 0.397033795947209s
Epoch[14/20 394/700] - Loss: 178.2764434814 - MSE: 177.97397 - batch_Time: 0.39671968994662166s
Epoch[14/20 395/700] - Loss: 186.0044403076 - MSE: 185.52991 - batch_Time: 0.39728537295013666s
Epoch[14/20 396/700] - Loss: 206.4507751465 - MSE: 206.09650 - batch_Time: 0.39695135690271854s
Epoch[14/20 397/700] - Loss: 131.6310424805 - MSE: 131.29330 - batch_Time: 0.39757244009524584s
Epoch[14/20 398/700] - Loss: 133.5913543701 - MSE: 133.18942 - batch_Time: 0.4025002939160913s
Epoch[14/20 399/700] - Loss: 166.5856170654 - MSE: 166.28424 - batch_Time: 0.401918362127617s
Epoch[14/20 400/700] - Loss: 184.0019989014 - MSE: 183.44247 - batch_Time: 0.40027463412843645s
Epoch[14/20 401/700] - Loss: 218.4426879883 - MSE: 218.14204 - batch_Time: 0.40057908999733627s
Epoch[14/20 402/700] - Loss: 121.0752105713 - MSE: 120.73717 - batch_Time: 0.4022750770673156s
Epoch[14/20 403/700] - Loss: 240.1235504150 - MSE: 239.79417 - batch_Time: 0.40149229881353676s
Epoch[14/20 404/700] - Loss: 288.0942382812 - MSE: 287.51837 - batch_Time: 0.4031492960639298s
Epoch[14/20 405/700] - Loss: 140.9929199219 - MSE: 140.79988 - batch_Time: 0.4029428190551698s
Epoch[14/20 406/700] - Loss: 148.7480163574 - MSE: 148.35191 - batch_Time: 0.39604107197374105s
Epoch[14/20 407/700] - Loss: 223.1101684570 - MSE: 222.83965 - batch_Time: 0.39683536207303405s
Epoch[14/20 408/700] - Loss: 119.5992584229 - MSE: 119.36997 - batch_Time: 0.397836287971586s
Epoch[14/20 409/700] - Loss: 158.7276153564 - MSE: 158.39134 - batch_Time: 0.39737771498039365s
Epoch[14/20 410/700] - Loss: 134.9018249512 - MSE: 134.69879 - batch_Time: 0.3955639291089028s
Epoch[14/20 411/700] - Loss: 182.7797698975 - MSE: 182.55750 - batch_Time: 0.39575378713198006s
Epoch[14/20 412/700] - Loss: 149.8607635498 - MSE: 149.49771 - batch_Time: 0.3976926519535482s
Epoch[14/20 413/700] - Loss: 164.2874908447 - MSE: 164.05927 - batch_Time: 0.3953402529004961s
Epoch[14/20 414/700] - Loss: 172.7587585449 - MSE: 172.26671 - batch_Time: 0.39664714597165585s
Epoch[14/20 415/700] - Loss: 214.8284301758 - MSE: 214.28036 - batch_Time: 0.3953340130392462s
Epoch[14/20 416/700] - Loss: 141.4418182373 - MSE: 141.20445 - batch_Time: 0.39465598203241825s
Epoch[14/20 417/700] - Loss: 270.7690429688 - MSE: 270.28778 - batch_Time: 0.40113398618996143s
Epoch[14/20 418/700] - Loss: 218.4950561523 - MSE: 218.14334 - batch_Time: 0.39303144509904087s
Epoch[14/20 419/700] - Loss: 163.3383331299 - MSE: 162.93320 - batch_Time: 0.39545545307919383s
Epoch[14/20 420/700] - Loss: 138.1759185791 - MSE: 137.78854 - batch_Time: 0.39574756892398s
Epoch[14/20 421/700] - Loss: 246.3412475586 - MSE: 245.93805 - batch_Time: 0.39571414003148675s
Epoch[14/20 422/700] - Loss: 157.5262145996 - MSE: 157.16954 - batch_Time: 0.39545128401368856s
Epoch[14/20 423/700] - Loss: 147.5557861328 - MSE: 147.28268 - batch_Time: 0.3932787221856415s
Epoch[14/20 424/700] - Loss: 77.9005279541 - MSE: 77.63309 - batch_Time: 0.3951850780285895s
Epoch[14/20 425/700] - Loss: 159.3013610840 - MSE: 158.83873 - batch_Time: 0.3965811200905591s
Epoch[14/20 426/700] - Loss: 145.6953887939 - MSE: 145.43832 - batch_Time: 0.39639504300430417s
Epoch[14/20 427/700] - Loss: 124.2710113525 - MSE: 124.03084 - batch_Time: 0.3988576789852232s
Epoch[14/20 428/700] - Loss: 146.4515991211 - MSE: 146.20514 - batch_Time: 0.3955505231861025s
Epoch[14/20 429/700] - Loss: 192.1543273926 - MSE: 191.90799 - batch_Time: 0.3975095779169351s
Epoch[14/20 430/700] - Loss: 125.3469238281 - MSE: 125.04169 - batch_Time: 0.40280058700591326s
Epoch[14/20 431/700] - Loss: 212.9831848145 - MSE: 212.58965 - batch_Time: 0.3980277420487255s
Epoch[14/20 432/700] - Loss: 287.4325866699 - MSE: 286.96771 - batch_Time: 0.400575548177585s
Epoch[14/20 433/700] - Loss: 163.9815673828 - MSE: 163.67604 - batch_Time: 0.4044435960240662s
Epoch[14/20 434/700] - Loss: 239.3862609863 - MSE: 239.10675 - batch_Time: 0.4033748011570424s
Epoch[14/20 435/700] - Loss: 350.1230468750 - MSE: 349.82562 - batch_Time: 0.3993477651383728s
Epoch[14/20 436/700] - Loss: 160.7142333984 - MSE: 160.42769 - batch_Time: 0.4009321939665824s
Epoch[14/20 437/700] - Loss: 231.9732513428 - MSE: 231.67937 - batch_Time: 0.3969887460116297s
Epoch[14/20 438/700] - Loss: 185.8315429688 - MSE: 185.57944 - batch_Time: 0.4019089019857347s
Epoch[14/20 439/700] - Loss: 221.5566864014 - MSE: 221.20239 - batch_Time: 0.3982313598971814s
Epoch[14/20 440/700] - Loss: 154.8152465820 - MSE: 154.45799 - batch_Time: 0.4030783660709858s
Epoch[14/20 441/700] - Loss: 110.9192810059 - MSE: 110.52214 - batch_Time: 0.4068110059015453s
Epoch[14/20 442/700] - Loss: 188.0031433105 - MSE: 187.73488 - batch_Time: 0.402371556032449s
Epoch[14/20 443/700] - Loss: 171.6092987061 - MSE: 171.27585 - batch_Time: 0.3979375660419464s
Epoch[14/20 444/700] - Loss: 227.3630371094 - MSE: 227.12813 - batch_Time: 0.39682102017104626s
Epoch[14/20 445/700] - Loss: 247.0728149414 - MSE: 246.83031 - batch_Time: 0.39779801690019667s
Epoch[14/20 446/700] - Loss: 144.4655151367 - MSE: 144.19685 - batch_Time: 0.39765165001153946s
Epoch[14/20 447/700] - Loss: 365.3285827637 - MSE: 364.92618 - batch_Time: 0.3981496822088957s
Epoch[14/20 448/700] - Loss: 187.8798370361 - MSE: 187.47807 - batch_Time: 0.3987253562081605s
Epoch[14/20 449/700] - Loss: 182.9573822021 - MSE: 182.73540 - batch_Time: 0.3982048621401191s
Epoch[14/20 450/700] - Loss: 200.1055297852 - MSE: 199.81726 - batch_Time: 0.397497592959553s
Epoch[14/20 451/700] - Loss: 260.8268432617 - MSE: 260.47879 - batch_Time: 0.3975169421173632s
Epoch[14/20 452/700] - Loss: 281.5237426758 - MSE: 280.90973 - batch_Time: 0.39786545815877616s
Epoch[14/20 453/700] - Loss: 154.9196929932 - MSE: 154.53229 - batch_Time: 0.4054856870789081s
Epoch[14/20 454/700] - Loss: 90.7884750366 - MSE: 90.48172 - batch_Time: 0.3986852371599525s
Epoch[14/20 455/700] - Loss: 152.5764465332 - MSE: 152.25864 - batch_Time: 0.39923039986751974s
Epoch[14/20 456/700] - Loss: 179.7270507812 - MSE: 179.39948 - batch_Time: 0.400390924885869s
Epoch[14/20 457/700] - Loss: 249.6332550049 - MSE: 249.13547 - batch_Time: 0.3970240610651672s
Epoch[14/20 458/700] - Loss: 230.7145996094 - MSE: 230.29977 - batch_Time: 0.3995658380445093s
Epoch[14/20 459/700] - Loss: 182.1340942383 - MSE: 181.61981 - batch_Time: 0.4010129380039871s
Epoch[14/20 460/700] - Loss: 209.7857208252 - MSE: 209.37212 - batch_Time: 0.3983788329642266s
Epoch[14/20 461/700] - Loss: 235.4933166504 - MSE: 235.11102 - batch_Time: 0.3951513459905982s
Epoch[14/20 462/700] - Loss: 229.1732788086 - MSE: 228.64459 - batch_Time: 0.39704680209979415s
Epoch[14/20 463/700] - Loss: 174.0719604492 - MSE: 173.73550 - batch_Time: 0.3983635939657688s
Epoch[14/20 464/700] - Loss: 314.7611694336 - MSE: 314.07434 - batch_Time: 0.3973593080881983s
Epoch[14/20 465/700] - Loss: 133.5301818848 - MSE: 133.35245 - batch_Time: 0.4020013459958136s
Epoch[14/20 466/700] - Loss: 105.8873367310 - MSE: 105.57411 - batch_Time: 0.39994200388900936s
Epoch[14/20 467/700] - Loss: 218.0862426758 - MSE: 217.59726 - batch_Time: 0.40011409181170166s
Epoch[14/20 468/700] - Loss: 208.3907775879 - MSE: 207.99100 - batch_Time: 0.39721241989172995s
Epoch[14/20 469/700] - Loss: 164.7121429443 - MSE: 163.97234 - batch_Time: 0.3973498889245093s
Epoch[14/20 470/700] - Loss: 147.6678619385 - MSE: 147.22911 - batch_Time: 0.39700007415376604s
Epoch[14/20 471/700] - Loss: 239.5503845215 - MSE: 239.12640 - batch_Time: 0.3968279459513724s
Epoch[14/20 472/700] - Loss: 249.2194519043 - MSE: 248.82437 - batch_Time: 0.4030491739977151s
Epoch[14/20 473/700] - Loss: 149.0310668945 - MSE: 148.85530 - batch_Time: 0.39590560900978744s
Epoch[14/20 474/700] - Loss: 324.6322021484 - MSE: 324.21951 - batch_Time: 0.3974286587908864s
Epoch[14/20 475/700] - Loss: 198.7158355713 - MSE: 198.27568 - batch_Time: 0.3969724958296865s
Epoch[14/20 476/700] - Loss: 180.8886718750 - MSE: 180.44183 - batch_Time: 0.39769493602216244s
Epoch[14/20 477/700] - Loss: 165.0609893799 - MSE: 164.79443 - batch_Time: 0.40296089579351246s
Epoch[14/20 478/700] - Loss: 247.0854187012 - MSE: 246.65582 - batch_Time: 0.397805605083704s
Epoch[14/20 479/700] - Loss: 148.2598724365 - MSE: 147.86874 - batch_Time: 0.3990063590463251s
Epoch[14/20 480/700] - Loss: 213.7573394775 - MSE: 213.28914 - batch_Time: 0.3982890190090984s
Epoch[14/20 481/700] - Loss: 129.4701080322 - MSE: 129.17014 - batch_Time: 0.4000462950207293s
Epoch[14/20 482/700] - Loss: 286.9935302734 - MSE: 286.48700 - batch_Time: 0.3968343890737742s
Epoch[14/20 483/700] - Loss: 156.7982177734 - MSE: 156.50749 - batch_Time: 0.4023237549699843s
Epoch[14/20 484/700] - Loss: 105.0952758789 - MSE: 104.64145 - batch_Time: 0.4002610130701214s
Epoch[14/20 485/700] - Loss: 201.0753326416 - MSE: 200.63892 - batch_Time: 0.39965971116907895s
Epoch[14/20 486/700] - Loss: 256.2113647461 - MSE: 255.71353 - batch_Time: 0.4026289121247828s
Epoch[14/20 487/700] - Loss: 108.4782028198 - MSE: 108.22041 - batch_Time: 0.4029910578392446s
Epoch[14/20 488/700] - Loss: 160.7372589111 - MSE: 160.39613 - batch_Time: 0.40167312510311604s
Epoch[14/20 489/700] - Loss: 96.1461029053 - MSE: 95.91391 - batch_Time: 0.40009155706502497s
Epoch[14/20 490/700] - Loss: 224.3237915039 - MSE: 223.77708 - batch_Time: 0.40360181988216937s
Epoch[14/20 491/700] - Loss: 99.0116195679 - MSE: 98.80760 - batch_Time: 0.40225887787528336s
Epoch[14/20 492/700] - Loss: 160.2640533447 - MSE: 159.95697 - batch_Time: 0.4011985920369625s
Epoch[14/20 493/700] - Loss: 155.6547393799 - MSE: 155.37932 - batch_Time: 0.3989785520825535s
Epoch[14/20 494/700] - Loss: 240.2491760254 - MSE: 239.87401 - batch_Time: 0.40224308893084526s
Epoch[14/20 495/700] - Loss: 122.4556503296 - MSE: 122.17860 - batch_Time: 0.4020166320260614s
Epoch[14/20 496/700] - Loss: 122.1670303345 - MSE: 121.94765 - batch_Time: 0.3989063538610935s
Epoch[14/20 497/700] - Loss: 143.5099182129 - MSE: 143.17761 - batch_Time: 0.4024852670263499s
Epoch[14/20 498/700] - Loss: 171.4031829834 - MSE: 170.92899 - batch_Time: 0.400902618188411s
Epoch[14/20 499/700] - Loss: 246.0249633789 - MSE: 245.42947 - batch_Time: 0.402590376092121s
Epoch[14/20 500/700] - Loss: 168.0080413818 - MSE: 167.75919 - batch_Time: 0.4003054059576243s
Epoch[14/20 501/700] - Loss: 148.4506530762 - MSE: 148.01257 - batch_Time: 0.40706959599629045s
Epoch[14/20 502/700] - Loss: 151.4122467041 - MSE: 151.16011 - batch_Time: 0.40008454001508653s
Epoch[14/20 503/700] - Loss: 169.9553222656 - MSE: 169.71071 - batch_Time: 0.399350370047614s
Epoch[14/20 504/700] - Loss: 94.0503768921 - MSE: 93.91295 - batch_Time: 0.4050382140558213s
Epoch[14/20 505/700] - Loss: 216.2288818359 - MSE: 215.91849 - batch_Time: 0.40316927898675203s
Epoch[14/20 506/700] - Loss: 354.1790466309 - MSE: 353.26468 - batch_Time: 0.3996688451152295s
Epoch[14/20 507/700] - Loss: 126.1297836304 - MSE: 125.82056 - batch_Time: 0.4009026801213622s
Epoch[14/20 508/700] - Loss: 154.7817535400 - MSE: 154.50458 - batch_Time: 0.4006658128928393s
Epoch[14/20 509/700] - Loss: 367.6822509766 - MSE: 367.21585 - batch_Time: 0.40027445810846984s
Epoch[14/20 510/700] - Loss: 132.9115295410 - MSE: 132.65907 - batch_Time: 0.3999710329808295s
Epoch[14/20 511/700] - Loss: 318.9930725098 - MSE: 318.46429 - batch_Time: 0.40030724881216884s
Epoch[14/20 512/700] - Loss: 139.3401031494 - MSE: 139.03052 - batch_Time: 0.40001835278235376s
Epoch[14/20 513/700] - Loss: 193.6299133301 - MSE: 193.27542 - batch_Time: 0.402275662869215s
Epoch[14/20 514/700] - Loss: 340.4176330566 - MSE: 339.80426 - batch_Time: 0.3984478439670056s
Epoch[14/20 515/700] - Loss: 145.0980224609 - MSE: 144.70157 - batch_Time: 0.3930290970019996s
Epoch[14/20 516/700] - Loss: 127.1529312134 - MSE: 126.71414 - batch_Time: 0.40132045606151223s
Epoch[14/20 517/700] - Loss: 218.8826599121 - MSE: 218.55215 - batch_Time: 0.392934757983312s
Epoch[14/20 518/700] - Loss: 145.7744140625 - MSE: 145.57913 - batch_Time: 0.3957762699574232s
Epoch[14/20 519/700] - Loss: 206.4879150391 - MSE: 206.06171 - batch_Time: 0.39706333400681615s
Epoch[14/20 520/700] - Loss: 165.2157287598 - MSE: 164.91467 - batch_Time: 0.40078034391626716s
Epoch[14/20 521/700] - Loss: 196.7572937012 - MSE: 196.28586 - batch_Time: 0.3973088311031461s
Epoch[14/20 522/700] - Loss: 277.9205322266 - MSE: 277.57162 - batch_Time: 0.4044697149656713s
Epoch[14/20 523/700] - Loss: 235.5684204102 - MSE: 235.00757 - batch_Time: 0.39651645184494555s
Epoch[14/20 524/700] - Loss: 77.9351806641 - MSE: 77.67243 - batch_Time: 0.3981987489387393s
Epoch[14/20 525/700] - Loss: 202.7000885010 - MSE: 202.36771 - batch_Time: 0.3998193789739162s
Epoch[14/20 526/700] - Loss: 240.3333740234 - MSE: 240.02644 - batch_Time: 0.40229136496782303s
Epoch[14/20 527/700] - Loss: 220.4002380371 - MSE: 220.08800 - batch_Time: 0.4011825700290501s
Epoch[14/20 528/700] - Loss: 227.9504699707 - MSE: 227.41945 - batch_Time: 0.3990651990752667s
Epoch[14/20 529/700] - Loss: 161.2315063477 - MSE: 160.89127 - batch_Time: 0.39850247581489384s
Epoch[14/20 530/700] - Loss: 177.7223205566 - MSE: 177.42914 - batch_Time: 0.40168720413930714s
Epoch[14/20 531/700] - Loss: 116.8748168945 - MSE: 116.61351 - batch_Time: 0.4010632031131536s
Epoch[14/20 532/700] - Loss: 167.4296112061 - MSE: 167.18372 - batch_Time: 0.4033169341273606s
Epoch[14/20 533/700] - Loss: 200.0373840332 - MSE: 199.73038 - batch_Time: 0.4003184740431607s
Epoch[14/20 534/700] - Loss: 104.5797042847 - MSE: 104.28203 - batch_Time: 0.3967248310800642s
Epoch[14/20 535/700] - Loss: 212.5882568359 - MSE: 211.88135 - batch_Time: 0.4019182720221579s
Epoch[14/20 536/700] - Loss: 198.3140258789 - MSE: 197.94937 - batch_Time: 0.4026107620447874s
Epoch[14/20 537/700] - Loss: 242.7024536133 - MSE: 242.05090 - batch_Time: 0.392712774919346s
Epoch[14/20 538/700] - Loss: 201.1734466553 - MSE: 200.80322 - batch_Time: 0.4015918970108032s
Epoch[14/20 539/700] - Loss: 191.2929840088 - MSE: 190.90826 - batch_Time: 0.39467021985910833s
Epoch[14/20 540/700] - Loss: 198.6962280273 - MSE: 198.35480 - batch_Time: 0.39715006691403687s
Epoch[14/20 541/700] - Loss: 191.7219543457 - MSE: 191.40164 - batch_Time: 0.40123782283626497s
Epoch[14/20 542/700] - Loss: 231.9029998779 - MSE: 231.45711 - batch_Time: 0.3969175098463893s
Epoch[14/20 543/700] - Loss: 154.8717651367 - MSE: 154.60754 - batch_Time: 0.4016133181285113s
Epoch[14/20 544/700] - Loss: 138.5969848633 - MSE: 138.29094 - batch_Time: 0.40018665697425604s
Epoch[14/20 545/700] - Loss: 148.3460693359 - MSE: 148.04930 - batch_Time: 0.39984941203147173s
Epoch[14/20 546/700] - Loss: 280.2043762207 - MSE: 279.84961 - batch_Time: 0.400812498992309s
Epoch[14/20 547/700] - Loss: 240.3682556152 - MSE: 240.14099 - batch_Time: 0.3978559491224587s
Epoch[14/20 548/700] - Loss: 179.5778198242 - MSE: 179.13800 - batch_Time: 0.3997354139573872s
Epoch[14/20 549/700] - Loss: 138.4443206787 - MSE: 138.28043 - batch_Time: 0.40093224914744496s
Epoch[14/20 550/700] - Loss: 203.8577728271 - MSE: 203.35474 - batch_Time: 0.40103463595733047s
Epoch[14/20 551/700] - Loss: 112.5673522949 - MSE: 112.14240 - batch_Time: 0.39651439781300724s
Epoch[14/20 552/700] - Loss: 183.5636749268 - MSE: 183.29021 - batch_Time: 0.39468513196334243s
Epoch[14/20 553/700] - Loss: 205.7841949463 - MSE: 205.35081 - batch_Time: 0.39631056995131075s
Epoch[14/20 554/700] - Loss: 163.3778381348 - MSE: 163.02957 - batch_Time: 0.39883895800448954s
Epoch[14/20 555/700] - Loss: 139.1806335449 - MSE: 138.95465 - batch_Time: 0.3987778581213206s
Epoch[14/20 556/700] - Loss: 208.6868133545 - MSE: 208.35522 - batch_Time: 0.3995487291831523s
Epoch[14/20 557/700] - Loss: 91.9540100098 - MSE: 91.78413 - batch_Time: 0.400218638824299s
Epoch[14/20 558/700] - Loss: 166.3732299805 - MSE: 165.99529 - batch_Time: 0.3989312071353197s
Epoch[14/20 559/700] - Loss: 212.8906860352 - MSE: 212.48827 - batch_Time: 0.40040478692390025s
Epoch[14/20 560/700] - Loss: 128.2679290771 - MSE: 128.05821 - batch_Time: 0.4004651759751141s
Epoch[14/20 561/700] - Loss: 181.7436523438 - MSE: 181.51190 - batch_Time: 0.39936735201627016s
Epoch[14/20 562/700] - Loss: 207.5455932617 - MSE: 207.17896 - batch_Time: 0.3977279430255294s
Epoch[14/20 563/700] - Loss: 116.9405899048 - MSE: 116.74802 - batch_Time: 0.3972526700235903s
Epoch[14/20 564/700] - Loss: 89.6542587280 - MSE: 89.46785 - batch_Time: 0.39746894710697234s
Epoch[14/20 565/700] - Loss: 304.3170166016 - MSE: 303.91125 - batch_Time: 0.3977884219493717s
Epoch[14/20 566/700] - Loss: 193.2588500977 - MSE: 192.91537 - batch_Time: 0.40118757891468704s
Epoch[14/20 567/700] - Loss: 220.6696166992 - MSE: 220.27057 - batch_Time: 0.3990573170594871s
Epoch[14/20 568/700] - Loss: 225.7956390381 - MSE: 225.34254 - batch_Time: 0.39920022594742477s
Epoch[14/20 569/700] - Loss: 207.4447937012 - MSE: 207.00546 - batch_Time: 0.4003491699695587s
Epoch[14/20 570/700] - Loss: 344.9998474121 - MSE: 344.52521 - batch_Time: 0.4068130939267576s
Epoch[14/20 571/700] - Loss: 146.6276397705 - MSE: 146.33629 - batch_Time: 0.4004000900313258s
Epoch[14/20 572/700] - Loss: 203.3277740479 - MSE: 202.98297 - batch_Time: 0.4044776661321521s
Epoch[14/20 573/700] - Loss: 173.9874114990 - MSE: 173.64062 - batch_Time: 0.40334403119049966s
Epoch[14/20 574/700] - Loss: 172.3679962158 - MSE: 172.07150 - batch_Time: 0.40336689190007746s
Epoch[14/20 575/700] - Loss: 315.1767578125 - MSE: 314.86151 - batch_Time: 0.4014683060813695s
Epoch[14/20 576/700] - Loss: 152.2260284424 - MSE: 152.08073 - batch_Time: 0.40688452520407736s
Epoch[14/20 577/700] - Loss: 121.7788391113 - MSE: 121.46406 - batch_Time: 0.4025108020287007s
Epoch[14/20 578/700] - Loss: 113.9273605347 - MSE: 113.56703 - batch_Time: 0.399058919865638s
Epoch[14/20 579/700] - Loss: 241.6192321777 - MSE: 241.16475 - batch_Time: 0.39595944015309215s
Epoch[14/20 580/700] - Loss: 236.2348022461 - MSE: 235.91707 - batch_Time: 0.39550004806369543s
Epoch[14/20 581/700] - Loss: 282.7730712891 - MSE: 282.36993 - batch_Time: 0.3986418058630079s
Epoch[14/20 582/700] - Loss: 239.1422424316 - MSE: 238.76773 - batch_Time: 0.3966606119647622s
Epoch[14/20 583/700] - Loss: 209.1494903564 - MSE: 208.75160 - batch_Time: 0.39539588894695044s
Epoch[14/20 584/700] - Loss: 198.5754547119 - MSE: 198.02498 - batch_Time: 0.3951280431356281s
Epoch[14/20 585/700] - Loss: 161.0367584229 - MSE: 160.81702 - batch_Time: 0.3934860238805413s
Epoch[14/20 586/700] - Loss: 130.0258178711 - MSE: 129.71838 - batch_Time: 0.4028775398619473s
Epoch[14/20 587/700] - Loss: 163.9572296143 - MSE: 163.63553 - batch_Time: 0.40096157509833574s
Epoch[14/20 588/700] - Loss: 206.4560699463 - MSE: 206.16956 - batch_Time: 0.401006564963609s
Epoch[14/20 589/700] - Loss: 135.0008850098 - MSE: 134.61255 - batch_Time: 0.4050829210318625s
Epoch[14/20 590/700] - Loss: 113.8780822754 - MSE: 113.73396 - batch_Time: 0.3996115738991648s
Epoch[14/20 591/700] - Loss: 157.9022827148 - MSE: 157.36334 - batch_Time: 0.39891089289449155s
Epoch[14/20 592/700] - Loss: 197.9098663330 - MSE: 197.42247 - batch_Time: 0.3986245880369097s
Epoch[14/20 593/700] - Loss: 177.9196777344 - MSE: 177.59717 - batch_Time: 0.3955103191547096s
Epoch[14/20 594/700] - Loss: 116.8817443848 - MSE: 116.61035 - batch_Time: 0.4004818839021027s
Epoch[14/20 595/700] - Loss: 189.7826538086 - MSE: 189.42126 - batch_Time: 0.3953233021311462s
Epoch[14/20 596/700] - Loss: 160.1083984375 - MSE: 159.85109 - batch_Time: 0.40305303991772234s
Epoch[14/20 597/700] - Loss: 207.9886474609 - MSE: 207.70834 - batch_Time: 0.39875610708259046s
Epoch[14/20 598/700] - Loss: 162.0693054199 - MSE: 161.58669 - batch_Time: 0.40294035198166966s
Epoch[14/20 599/700] - Loss: 192.8259429932 - MSE: 192.28160 - batch_Time: 0.40094501804560423s
Epoch[14/20 600/700] - Loss: 136.8179626465 - MSE: 136.26317 - batch_Time: 0.4006218530703336s
Epoch[14/20 601/700] - Loss: 174.5640563965 - MSE: 174.22243 - batch_Time: 0.39677352411672473s
Epoch[14/20 602/700] - Loss: 176.3036956787 - MSE: 175.96970 - batch_Time: 0.4011240068357438s
Epoch[14/20 603/700] - Loss: 183.4860534668 - MSE: 183.19444 - batch_Time: 0.4008459800388664s
Epoch[14/20 604/700] - Loss: 143.8076782227 - MSE: 143.32886 - batch_Time: 0.401942826109007s
Epoch[14/20 605/700] - Loss: 148.8627319336 - MSE: 148.46162 - batch_Time: 0.3997947149910033s
Epoch[14/20 606/700] - Loss: 177.7570495605 - MSE: 177.49774 - batch_Time: 0.39856224111281335s
Epoch[14/20 607/700] - Loss: 147.9984283447 - MSE: 147.64316 - batch_Time: 0.3994541889987886s
Epoch[14/20 608/700] - Loss: 192.7555999756 - MSE: 192.36499 - batch_Time: 0.40010641096159816s
Epoch[14/20 609/700] - Loss: 146.8941040039 - MSE: 146.58292 - batch_Time: 0.39824056602083147s
Epoch[14/20 610/700] - Loss: 174.7101440430 - MSE: 174.37897 - batch_Time: 0.399627867853269s
Epoch[14/20 611/700] - Loss: 203.1152038574 - MSE: 202.53738 - batch_Time: 0.40365552506409585s
Epoch[14/20 612/700] - Loss: 186.8576660156 - MSE: 186.63243 - batch_Time: 0.39373329700902104s
Epoch[14/20 613/700] - Loss: 202.5522460938 - MSE: 202.05481 - batch_Time: 0.40067238407209516s
Epoch[14/20 614/700] - Loss: 194.5535888672 - MSE: 194.03740 - batch_Time: 0.40110121993348s
Epoch[14/20 615/700] - Loss: 178.1690979004 - MSE: 177.77539 - batch_Time: 0.40187001996673644s
Epoch[14/20 616/700] - Loss: 152.7886657715 - MSE: 152.34337 - batch_Time: 0.4026932690758258s
Epoch[14/20 617/700] - Loss: 251.2334136963 - MSE: 250.66550 - batch_Time: 0.4020465179346502s
Epoch[14/20 618/700] - Loss: 210.9611511230 - MSE: 210.55672 - batch_Time: 0.40134918689727783s
Epoch[14/20 619/700] - Loss: 127.2796783447 - MSE: 127.13013 - batch_Time: 0.3989731080364436s
Epoch[14/20 620/700] - Loss: 191.5312805176 - MSE: 191.25789 - batch_Time: 0.40015483321622014s
Epoch[14/20 621/700] - Loss: 313.0443725586 - MSE: 312.70477 - batch_Time: 0.40127638820558786s
Epoch[14/20 622/700] - Loss: 96.5364074707 - MSE: 96.22842 - batch_Time: 0.3969945351127535s
Epoch[14/20 623/700] - Loss: 278.1514282227 - MSE: 277.82654 - batch_Time: 0.40101034194231033s
Epoch[14/20 624/700] - Loss: 206.4083099365 - MSE: 206.08357 - batch_Time: 0.4014463471248746s
Epoch[14/20 625/700] - Loss: 166.6734924316 - MSE: 166.43648 - batch_Time: 0.40041149011813104s
Epoch[14/20 626/700] - Loss: 223.1586761475 - MSE: 222.54228 - batch_Time: 0.3957932121120393s
Epoch[14/20 627/700] - Loss: 255.9053649902 - MSE: 255.60974 - batch_Time: 0.3996487520635128s
Epoch[14/20 628/700] - Loss: 505.7345581055 - MSE: 504.61490 - batch_Time: 0.40134296915493906s
Epoch[14/20 629/700] - Loss: 146.0037841797 - MSE: 145.66605 - batch_Time: 0.40187926194630563s
Epoch[14/20 630/700] - Loss: 179.1975708008 - MSE: 178.78944 - batch_Time: 0.40220051794312894s
Epoch[14/20 631/700] - Loss: 248.2387084961 - MSE: 247.89702 - batch_Time: 0.3995741030666977s
Epoch[14/20 632/700] - Loss: 149.4107818604 - MSE: 149.15247 - batch_Time: 0.4018007239792496s
Epoch[14/20 633/700] - Loss: 158.6361083984 - MSE: 158.19629 - batch_Time: 0.4028623290359974s
Epoch[14/20 634/700] - Loss: 232.5454559326 - MSE: 232.08685 - batch_Time: 0.4039448059629649s
Epoch[14/20 635/700] - Loss: 118.2983322144 - MSE: 117.93932 - batch_Time: 0.40106843411922455s
Epoch[14/20 636/700] - Loss: 276.4363403320 - MSE: 276.02808 - batch_Time: 0.40090035693719983s
Epoch[14/20 637/700] - Loss: 79.2363739014 - MSE: 78.94324 - batch_Time: 0.40270695206709206s
Epoch[14/20 638/700] - Loss: 225.4619445801 - MSE: 225.18457 - batch_Time: 0.39804624509997666s
Epoch[14/20 639/700] - Loss: 124.5719451904 - MSE: 124.19731 - batch_Time: 0.40333379502408206s
Epoch[14/20 640/700] - Loss: 185.5147094727 - MSE: 185.16945 - batch_Time: 0.39979943190701306s
Epoch[14/20 641/700] - Loss: 194.8959808350 - MSE: 194.52162 - batch_Time: 0.4009520758409053s
Epoch[14/20 642/700] - Loss: 161.1375427246 - MSE: 160.91582 - batch_Time: 0.400367263937369s
Epoch[14/20 643/700] - Loss: 170.0081939697 - MSE: 169.64215 - batch_Time: 0.40237037814222276s
Epoch[14/20 644/700] - Loss: 379.0786743164 - MSE: 378.64822 - batch_Time: 0.39978337194770575s
Epoch[14/20 645/700] - Loss: 304.3204650879 - MSE: 303.92453 - batch_Time: 0.40911738900467753s
Epoch[14/20 646/700] - Loss: 115.1085281372 - MSE: 114.83646 - batch_Time: 0.39429007517173886s
Epoch[14/20 647/700] - Loss: 276.3092651367 - MSE: 275.97391 - batch_Time: 0.3963914879132062s
Epoch[14/20 648/700] - Loss: 159.8046417236 - MSE: 159.58569 - batch_Time: 0.3948902089614421s
Epoch[14/20 649/700] - Loss: 69.7147293091 - MSE: 69.46069 - batch_Time: 0.3986054400447756s
Epoch[14/20 650/700] - Loss: 120.2083816528 - MSE: 119.86238 - batch_Time: 0.3957203780300915s
Epoch[14/20 651/700] - Loss: 205.5641784668 - MSE: 205.12894 - batch_Time: 0.3968457030132413s
Epoch[14/20 652/700] - Loss: 103.5772399902 - MSE: 103.40253 - batch_Time: 0.3964743781834841s
Epoch[14/20 653/700] - Loss: 262.8583374023 - MSE: 262.42422 - batch_Time: 0.3964319780934602s
Epoch[14/20 654/700] - Loss: 128.7741699219 - MSE: 128.44864 - batch_Time: 0.3948938900139183s
Epoch[14/20 655/700] - Loss: 160.4343566895 - MSE: 160.13980 - batch_Time: 0.39398642093874514s
Epoch[14/20 656/700] - Loss: 175.1255340576 - MSE: 174.72627 - batch_Time: 0.39420401910319924s
Epoch[14/20 657/700] - Loss: 100.3710632324 - MSE: 100.11818 - batch_Time: 0.3961315229535103s
Epoch[14/20 658/700] - Loss: 177.4993438721 - MSE: 177.22562 - batch_Time: 0.40107918810099363s
Epoch[14/20 659/700] - Loss: 138.5778198242 - MSE: 138.26407 - batch_Time: 0.4012285468634218s
Epoch[14/20 660/700] - Loss: 198.5412445068 - MSE: 198.21706 - batch_Time: 0.4025410090107471s
Epoch[14/20 661/700] - Loss: 157.0842285156 - MSE: 156.54849 - batch_Time: 0.40166809083893895s
Epoch[14/20 662/700] - Loss: 107.6646881104 - MSE: 107.37372 - batch_Time: 0.4016282120719552s
Epoch[14/20 663/700] - Loss: 131.5294799805 - MSE: 131.33636 - batch_Time: 0.40132901608012617s
Epoch[14/20 664/700] - Loss: 179.8217468262 - MSE: 179.34779 - batch_Time: 0.4039314610417932s
Epoch[14/20 665/700] - Loss: 154.3069305420 - MSE: 154.06747 - batch_Time: 0.4000752631109208s
Epoch[14/20 666/700] - Loss: 184.0087280273 - MSE: 183.66661 - batch_Time: 0.40277973702177405s
Epoch[14/20 667/700] - Loss: 413.7307128906 - MSE: 413.15411 - batch_Time: 0.3992392551153898s
Epoch[14/20 668/700] - Loss: 215.7994995117 - MSE: 215.33141 - batch_Time: 0.40130037697963417s
Epoch[14/20 669/700] - Loss: 208.8138427734 - MSE: 208.25418 - batch_Time: 0.39843598497100174s
Epoch[14/20 670/700] - Loss: 207.0591735840 - MSE: 206.52090 - batch_Time: 0.39695774484425783s
Epoch[14/20 671/700] - Loss: 191.8963165283 - MSE: 191.63467 - batch_Time: 0.3942533100489527s
Epoch[14/20 672/700] - Loss: 140.2531738281 - MSE: 139.96626 - batch_Time: 0.3962321050930768s
Epoch[14/20 673/700] - Loss: 99.2746810913 - MSE: 99.02210 - batch_Time: 0.3970610839314759s
Epoch[14/20 674/700] - Loss: 223.8681945801 - MSE: 223.50116 - batch_Time: 0.39781809505075216s
Epoch[14/20 675/700] - Loss: 172.6329193115 - MSE: 172.40515 - batch_Time: 0.3972477619536221s
Epoch[14/20 676/700] - Loss: 204.5598754883 - MSE: 204.10426 - batch_Time: 0.39691794593818486s
Epoch[14/20 677/700] - Loss: 134.5194702148 - MSE: 134.14604 - batch_Time: 0.3963772638235241s
Epoch[14/20 678/700] - Loss: 166.9020538330 - MSE: 166.37689 - batch_Time: 0.39630544395186007s
Epoch[14/20 679/700] - Loss: 270.9003906250 - MSE: 270.32486 - batch_Time: 0.40431219013407826s
Epoch[14/20 680/700] - Loss: 313.6606445312 - MSE: 313.17249 - batch_Time: 0.3975778887979686s
Epoch[14/20 681/700] - Loss: 192.4104156494 - MSE: 191.85205 - batch_Time: 0.3978575349319726s
Epoch[14/20 682/700] - Loss: 189.3513336182 - MSE: 188.88837 - batch_Time: 0.39708115602843463s
Epoch[14/20 683/700] - Loss: 129.3195495605 - MSE: 129.10736 - batch_Time: 0.39659502217546105s
Epoch[14/20 684/700] - Loss: 299.2813110352 - MSE: 298.74109 - batch_Time: 0.3963771259877831s
Epoch[14/20 685/700] - Loss: 282.4967346191 - MSE: 282.14392 - batch_Time: 0.39481680607423186s
Epoch[14/20 686/700] - Loss: 210.3212585449 - MSE: 209.89362 - batch_Time: 0.40355576016008854s
Epoch[14/20 687/700] - Loss: 120.8858032227 - MSE: 120.67310 - batch_Time: 0.4016932051163167s
Epoch[14/20 688/700] - Loss: 218.6225738525 - MSE: 218.16608 - batch_Time: 0.40276599186472595s
Epoch[14/20 689/700] - Loss: 227.3838500977 - MSE: 227.13489 - batch_Time: 0.39968140213750303s
Epoch[14/20 690/700] - Loss: 235.6137695312 - MSE: 235.15419 - batch_Time: 0.403879817109555s
Epoch[14/20 691/700] - Loss: 163.1573791504 - MSE: 162.90465 - batch_Time: 0.40019091591238976s
Epoch[14/20 692/700] - Loss: 143.6382293701 - MSE: 143.21762 - batch_Time: 0.40020524500869215s
Epoch[14/20 693/700] - Loss: 221.1449432373 - MSE: 220.90924 - batch_Time: 0.39718557614833117s
Epoch[14/20 694/700] - Loss: 215.7835235596 - MSE: 215.55269 - batch_Time: 0.3949877950362861s
Epoch[14/20 695/700] - Loss: 269.4941406250 - MSE: 269.12997 - batch_Time: 0.4009764159563929s
Epoch[14/20 696/700] - Loss: 256.1022644043 - MSE: 255.67789 - batch_Time: 0.39988640206865966s
Epoch[14/20 697/700] - Loss: 159.0670166016 - MSE: 158.79980 - batch_Time: 0.3993262490257621s
Epoch[14/20 698/700] - Loss: 170.8181610107 - MSE: 170.51736 - batch_Time: 0.39977532299235463s
Epoch[14/20 699/700] - Loss: 148.3650665283 - MSE: 148.05118 - batch_Time: 0.39884904492646456s
Epoch[14] - 2021-08-06 22:31:51.719102
/hy-tmp/OURS/ttsr_dx/experiment.py:171: UserWarning: torch.nn.utils.clip_grad_norm is now deprecated in favor of torch.nn.utils.clip_grad_norm_.
  nn.utils.clip_grad_norm(self.model.parameters(), 1, norm_type=2)
Epoch[14- train_loss: 185.7847228895 - train_error: 185.4312484959 - val_loss: 63.6179672623 - val_error: 63.4807369995 - val_psnr: 30.4174092626 - val_ssim: 0.8156629099 - epoch_Time: 359.9651730870828s
Current learning rate: 1e-05
Epoch[15/20] - 2021-08-06 22:33:04.228573
Epoch[15/20 0/700] - Loss: 185.1695556641 - MSE: 184.84485 - batch_Time: 0.4095227560028434s
Epoch[15/20 1/700] - Loss: 115.1378631592 - MSE: 114.84489 - batch_Time: 0.3923785008955747s
Epoch[15/20 2/700] - Loss: 204.6918792725 - MSE: 204.39134 - batch_Time: 0.3948807080741972s
Epoch[15/20 3/700] - Loss: 179.5246276855 - MSE: 179.19443 - batch_Time: 0.3982728240080178s
Epoch[15/20 4/700] - Loss: 120.9438171387 - MSE: 120.54078 - batch_Time: 0.3926109680905938s
Epoch[15/20 5/700] - Loss: 240.9413146973 - MSE: 240.57709 - batch_Time: 0.3940196200273931s
Epoch[15/20 6/700] - Loss: 179.6223144531 - MSE: 179.29373 - batch_Time: 0.3936588040087372s
Epoch[15/20 7/700] - Loss: 168.8923339844 - MSE: 168.69955 - batch_Time: 0.39638346899300814s
Epoch[15/20 8/700] - Loss: 169.8089904785 - MSE: 169.50510 - batch_Time: 0.39164631091989577s
Epoch[15/20 9/700] - Loss: 153.2858734131 - MSE: 152.93907 - batch_Time: 0.39014215185306966s
Epoch[15/20 10/700] - Loss: 167.0681610107 - MSE: 166.82019 - batch_Time: 0.40097913006320596s
Epoch[15/20 11/700] - Loss: 247.4624481201 - MSE: 247.01823 - batch_Time: 0.3960471439640969s
Epoch[15/20 12/700] - Loss: 157.8240509033 - MSE: 157.64273 - batch_Time: 0.3912937669083476s
Epoch[15/20 13/700] - Loss: 230.2034606934 - MSE: 229.65408 - batch_Time: 0.39572862815111876s
Epoch[15/20 14/700] - Loss: 288.0654296875 - MSE: 287.62012 - batch_Time: 0.39312678296118975s
Epoch[15/20 15/700] - Loss: 150.6838684082 - MSE: 150.24841 - batch_Time: 0.39536270312964916s
Epoch[15/20 16/700] - Loss: 245.7667236328 - MSE: 245.41302 - batch_Time: 0.39060636586509645s
Epoch[15/20 17/700] - Loss: 226.2957458496 - MSE: 225.98967 - batch_Time: 0.3972779188770801s
Epoch[15/20 18/700] - Loss: 178.3463134766 - MSE: 178.10091 - batch_Time: 0.3933668499812484s
Epoch[15/20 19/700] - Loss: 171.1359558105 - MSE: 170.81813 - batch_Time: 0.39799888082779944s
Epoch[15/20 20/700] - Loss: 186.1334686279 - MSE: 185.86229 - batch_Time: 0.39368119603022933s
Epoch[15/20 21/700] - Loss: 239.3847351074 - MSE: 238.93471 - batch_Time: 0.3965990690048784s
Epoch[15/20 22/700] - Loss: 160.0960998535 - MSE: 159.72534 - batch_Time: 0.3993846618104726s
Epoch[15/20 23/700] - Loss: 266.8497009277 - MSE: 266.55103 - batch_Time: 0.39706035191193223s
Epoch[15/20 24/700] - Loss: 138.5125427246 - MSE: 138.30756 - batch_Time: 0.3983132860157639s
Epoch[15/20 25/700] - Loss: 128.4348449707 - MSE: 128.14546 - batch_Time: 0.397130292840302s
Epoch[15/20 26/700] - Loss: 147.7703399658 - MSE: 147.38467 - batch_Time: 0.3956753029488027s
Epoch[15/20 27/700] - Loss: 204.0214080811 - MSE: 203.73209 - batch_Time: 0.39800937101244926s
Epoch[15/20 28/700] - Loss: 166.3129119873 - MSE: 166.01646 - batch_Time: 0.39659378002397716s
Epoch[15/20 29/700] - Loss: 198.1648864746 - MSE: 197.72966 - batch_Time: 0.39080299506895244s
Epoch[15/20 30/700] - Loss: 86.9228820801 - MSE: 86.74041 - batch_Time: 0.39461912494152784s
Epoch[15/20 31/700] - Loss: 247.1981201172 - MSE: 246.74936 - batch_Time: 0.3949437311384827s
Epoch[15/20 32/700] - Loss: 152.6430053711 - MSE: 152.21851 - batch_Time: 0.40081618493422866s
Epoch[15/20 33/700] - Loss: 187.8459777832 - MSE: 187.49522 - batch_Time: 0.39404884399846196s
Epoch[15/20 34/700] - Loss: 209.4412536621 - MSE: 209.01236 - batch_Time: 0.39564492204226553s
Epoch[15/20 35/700] - Loss: 383.9088745117 - MSE: 383.07385 - batch_Time: 0.3942485121078789s
Epoch[15/20 36/700] - Loss: 198.2928314209 - MSE: 197.96602 - batch_Time: 0.4033155229408294s
Epoch[15/20 37/700] - Loss: 266.1407775879 - MSE: 265.71646 - batch_Time: 0.39654361200518906s
Epoch[15/20 38/700] - Loss: 170.7046966553 - MSE: 169.97714 - batch_Time: 0.39576999098062515s
Epoch[15/20 39/700] - Loss: 97.3850173950 - MSE: 97.20735 - batch_Time: 0.3998316389042884s
Epoch[15/20 40/700] - Loss: 118.1086273193 - MSE: 117.90594 - batch_Time: 0.40115276211872697s
Epoch[15/20 41/700] - Loss: 133.7134552002 - MSE: 133.31940 - batch_Time: 0.3956164049450308s
Epoch[15/20 42/700] - Loss: 208.9347991943 - MSE: 208.34596 - batch_Time: 0.3939309869892895s
Epoch[15/20 43/700] - Loss: 113.5915222168 - MSE: 113.31619 - batch_Time: 0.39856532705016434s
Epoch[15/20 44/700] - Loss: 94.0300750732 - MSE: 93.58362 - batch_Time: 0.39397958712652326s
Epoch[15/20 45/700] - Loss: 147.4695892334 - MSE: 147.18831 - batch_Time: 0.40102165401913226s
Epoch[15/20 46/700] - Loss: 239.5576629639 - MSE: 239.22517 - batch_Time: 0.4050609008409083s
Epoch[15/20 47/700] - Loss: 103.1517486572 - MSE: 102.93938 - batch_Time: 0.4023115769959986s
Epoch[15/20 48/700] - Loss: 220.6089935303 - MSE: 220.16502 - batch_Time: 0.40015646582469344s
Epoch[15/20 49/700] - Loss: 139.6653289795 - MSE: 139.26180 - batch_Time: 0.39431660203263164s
Epoch[15/20 50/700] - Loss: 192.5983886719 - MSE: 192.14177 - batch_Time: 0.40006963815540075s
Epoch[15/20 51/700] - Loss: 233.4525909424 - MSE: 232.98494 - batch_Time: 0.40611733798868954s
Epoch[15/20 52/700] - Loss: 108.3358612061 - MSE: 107.97816 - batch_Time: 0.40270177205093205s
Epoch[15/20 53/700] - Loss: 155.4888916016 - MSE: 155.10745 - batch_Time: 0.4039294479880482s
Epoch[15/20 54/700] - Loss: 186.3767395020 - MSE: 185.95360 - batch_Time: 0.4049659138545394s
Epoch[15/20 55/700] - Loss: 235.8620452881 - MSE: 235.47749 - batch_Time: 0.40598956984467804s
Epoch[15/20 56/700] - Loss: 168.4314575195 - MSE: 168.06906 - batch_Time: 0.4004455541726202s
Epoch[15/20 57/700] - Loss: 147.8704681396 - MSE: 147.61238 - batch_Time: 0.40120937302708626s
Epoch[15/20 58/700] - Loss: 136.2549896240 - MSE: 135.95941 - batch_Time: 0.4039239180274308s
Epoch[15/20 59/700] - Loss: 156.1273956299 - MSE: 155.83926 - batch_Time: 0.4062925570178777s
Epoch[15/20 60/700] - Loss: 337.5423278809 - MSE: 336.98407 - batch_Time: 0.40075229993090034s
Epoch[15/20 61/700] - Loss: 235.9895324707 - MSE: 235.69864 - batch_Time: 0.40260601486079395s
Epoch[15/20 62/700] - Loss: 196.9440307617 - MSE: 196.48596 - batch_Time: 0.40097449789755046s
Epoch[15/20 63/700] - Loss: 162.3821258545 - MSE: 162.06236 - batch_Time: 0.3994125390890986s
Epoch[15/20 64/700] - Loss: 165.3649139404 - MSE: 164.98163 - batch_Time: 0.39920887094922364s
Epoch[15/20 65/700] - Loss: 187.0038452148 - MSE: 186.74091 - batch_Time: 0.3947637400124222s
Epoch[15/20 66/700] - Loss: 217.4604339600 - MSE: 217.10281 - batch_Time: 0.3964110871311277s
Epoch[15/20 67/700] - Loss: 197.5661621094 - MSE: 197.23145 - batch_Time: 0.40185064682736993s
Epoch[15/20 68/700] - Loss: 139.6187286377 - MSE: 139.39120 - batch_Time: 0.3981368050444871s
Epoch[15/20 69/700] - Loss: 205.5585021973 - MSE: 205.28008 - batch_Time: 0.398136786185205s
Epoch[15/20 70/700] - Loss: 211.2110595703 - MSE: 210.79944 - batch_Time: 0.39953638799488544s
Epoch[15/20 71/700] - Loss: 201.6245422363 - MSE: 201.35957 - batch_Time: 0.396270380821079s
Epoch[15/20 72/700] - Loss: 256.3892211914 - MSE: 256.03787 - batch_Time: 0.4010530279483646s
Epoch[15/20 73/700] - Loss: 183.1706848145 - MSE: 182.93224 - batch_Time: 0.39642300899140537s
Epoch[15/20 74/700] - Loss: 215.1981811523 - MSE: 214.79593 - batch_Time: 0.40085104084573686s
Epoch[15/20 75/700] - Loss: 262.6362304688 - MSE: 262.00052 - batch_Time: 0.39633011003024876s
Epoch[15/20 76/700] - Loss: 147.5622253418 - MSE: 147.25508 - batch_Time: 0.39893265604041517s
Epoch[15/20 77/700] - Loss: 181.7394561768 - MSE: 181.41338 - batch_Time: 0.40186890796758235s
Epoch[15/20 78/700] - Loss: 127.4223556519 - MSE: 127.24162 - batch_Time: 0.39713478996418417s
Epoch[15/20 79/700] - Loss: 124.5059814453 - MSE: 124.29189 - batch_Time: 0.4011307780165225s
Epoch[15/20 80/700] - Loss: 117.2289276123 - MSE: 116.91891 - batch_Time: 0.39926799200475216s
Epoch[15/20 81/700] - Loss: 195.5437316895 - MSE: 195.24672 - batch_Time: 0.3977019430603832s
Epoch[15/20 82/700] - Loss: 184.8237152100 - MSE: 184.53467 - batch_Time: 0.4006914240308106s
Epoch[15/20 83/700] - Loss: 213.2052612305 - MSE: 212.72832 - batch_Time: 0.3960063860286027s
Epoch[15/20 84/700] - Loss: 88.3269805908 - MSE: 87.85418 - batch_Time: 0.4030294439289719s
Epoch[15/20 85/700] - Loss: 161.9581298828 - MSE: 161.57602 - batch_Time: 0.39634142094291747s
Epoch[15/20 86/700] - Loss: 160.5311279297 - MSE: 160.25671 - batch_Time: 0.394594504032284s
Epoch[15/20 87/700] - Loss: 127.3070983887 - MSE: 127.05483 - batch_Time: 0.39400460198521614s
Epoch[15/20 88/700] - Loss: 200.9616699219 - MSE: 200.64584 - batch_Time: 0.4008426428772509s
Epoch[15/20 89/700] - Loss: 178.4983825684 - MSE: 178.25833 - batch_Time: 0.39963916898705065s
Epoch[15/20 90/700] - Loss: 194.2227020264 - MSE: 193.80241 - batch_Time: 0.39510215795598924s
Epoch[15/20 91/700] - Loss: 188.1228179932 - MSE: 187.82120 - batch_Time: 0.3963473120238632s
Epoch[15/20 92/700] - Loss: 93.9673004150 - MSE: 93.77847 - batch_Time: 0.3953922758810222s
Epoch[15/20 93/700] - Loss: 127.2892150879 - MSE: 127.05303 - batch_Time: 0.4011956690810621s
Epoch[15/20 94/700] - Loss: 194.0384216309 - MSE: 193.69179 - batch_Time: 0.4015314350835979s
Epoch[15/20 95/700] - Loss: 92.5509567261 - MSE: 92.31064 - batch_Time: 0.39581801905296743s
Epoch[15/20 96/700] - Loss: 201.6310729980 - MSE: 201.26413 - batch_Time: 0.3949765111319721s
Epoch[15/20 97/700] - Loss: 176.0128326416 - MSE: 175.71306 - batch_Time: 0.3971758719999343s
Epoch[15/20 98/700] - Loss: 185.5706329346 - MSE: 185.23706 - batch_Time: 0.3946915550623089s
Epoch[15/20 99/700] - Loss: 180.0402526855 - MSE: 179.66846 - batch_Time: 0.3959417080041021s
Epoch[15/20 100/700] - Loss: 135.9435729980 - MSE: 135.66512 - batch_Time: 0.3940640229266137s
Epoch[15/20 101/700] - Loss: 136.6858673096 - MSE: 136.39590 - batch_Time: 0.3984431370627135s
Epoch[15/20 102/700] - Loss: 131.9953460693 - MSE: 131.64532 - batch_Time: 0.39530701795592904s
Epoch[15/20 103/700] - Loss: 178.5589904785 - MSE: 178.28918 - batch_Time: 0.39515368011780083s
Epoch[15/20 104/700] - Loss: 189.7603912354 - MSE: 189.51697 - batch_Time: 0.3996457699686289s
Epoch[15/20 105/700] - Loss: 210.9437103271 - MSE: 210.69342 - batch_Time: 0.3960080980323255s
Epoch[15/20 106/700] - Loss: 226.4120788574 - MSE: 226.03844 - batch_Time: 0.40096550388261676s
Epoch[15/20 107/700] - Loss: 152.3835906982 - MSE: 151.98511 - batch_Time: 0.39564458397217095s
Epoch[15/20 108/700] - Loss: 81.2980270386 - MSE: 80.99823 - batch_Time: 0.3945424980483949s
Epoch[15/20 109/700] - Loss: 247.4590759277 - MSE: 247.09763 - batch_Time: 0.40063585806638s
Epoch[15/20 110/700] - Loss: 245.2002105713 - MSE: 244.76718 - batch_Time: 0.39336238405667245s
Epoch[15/20 111/700] - Loss: 222.1346435547 - MSE: 221.82425 - batch_Time: 0.3990086109843105s
Epoch[15/20 112/700] - Loss: 68.8243103027 - MSE: 68.54214 - batch_Time: 0.3945404498372227s
Epoch[15/20 113/700] - Loss: 137.4992675781 - MSE: 137.25087 - batch_Time: 0.3989905109629035s
Epoch[15/20 114/700] - Loss: 127.3435668945 - MSE: 126.75037 - batch_Time: 0.3998673399910331s
Epoch[15/20 115/700] - Loss: 134.1101074219 - MSE: 133.87747 - batch_Time: 0.39584674313664436s
Epoch[15/20 116/700] - Loss: 176.4198608398 - MSE: 176.19928 - batch_Time: 0.3960526301525533s
Epoch[15/20 117/700] - Loss: 274.4705810547 - MSE: 274.09363 - batch_Time: 0.3962966972030699s
Epoch[15/20 118/700] - Loss: 146.0643615723 - MSE: 145.90381 - batch_Time: 0.404812446096912s
Epoch[15/20 119/700] - Loss: 92.4631042480 - MSE: 92.32242 - batch_Time: 0.39889108296483755s
Epoch[15/20 120/700] - Loss: 213.8273315430 - MSE: 213.37459 - batch_Time: 0.3999329099897295s
Epoch[15/20 121/700] - Loss: 222.0476684570 - MSE: 221.75011 - batch_Time: 0.3994134159293026s
Epoch[15/20 122/700] - Loss: 100.7306671143 - MSE: 100.42356 - batch_Time: 0.3949884541798383s
Epoch[15/20 123/700] - Loss: 166.1997070312 - MSE: 165.77715 - batch_Time: 0.3993867482058704s
Epoch[15/20 124/700] - Loss: 116.0843658447 - MSE: 115.91853 - batch_Time: 0.3955738670192659s
Epoch[15/20 125/700] - Loss: 331.4757690430 - MSE: 331.10782 - batch_Time: 0.3960894509218633s
Epoch[15/20 126/700] - Loss: 188.9544677734 - MSE: 188.61987 - batch_Time: 0.39570717606693506s
Epoch[15/20 127/700] - Loss: 239.7934875488 - MSE: 239.47336 - batch_Time: 0.39408052689395845s
Epoch[15/20 128/700] - Loss: 152.2641448975 - MSE: 151.96956 - batch_Time: 0.3944593018386513s
Epoch[15/20 129/700] - Loss: 197.9582824707 - MSE: 197.51654 - batch_Time: 0.3962357088457793s
Epoch[15/20 130/700] - Loss: 206.5447082520 - MSE: 206.18884 - batch_Time: 0.4000459189992398s
Epoch[15/20 131/700] - Loss: 170.8452301025 - MSE: 170.53654 - batch_Time: 0.39678104291670024s
Epoch[15/20 132/700] - Loss: 175.9303131104 - MSE: 175.61163 - batch_Time: 0.3969673700630665s
Epoch[15/20 133/700] - Loss: 63.2641181946 - MSE: 63.11818 - batch_Time: 0.3956567069981247s
Epoch[15/20 134/700] - Loss: 176.2895202637 - MSE: 175.82114 - batch_Time: 0.40129911387339234s
Epoch[15/20 135/700] - Loss: 116.0164031982 - MSE: 115.81154 - batch_Time: 0.40081103099510074s
Epoch[15/20 136/700] - Loss: 171.6105346680 - MSE: 171.41629 - batch_Time: 0.40321909892372787s
Epoch[15/20 137/700] - Loss: 164.7061004639 - MSE: 164.45607 - batch_Time: 0.4018467969726771s
Epoch[15/20 138/700] - Loss: 77.7865753174 - MSE: 77.58005 - batch_Time: 0.40072148106992245s
Epoch[15/20 139/700] - Loss: 123.0618362427 - MSE: 122.84047 - batch_Time: 0.39844680204987526s
Epoch[15/20 140/700] - Loss: 302.1646728516 - MSE: 301.74088 - batch_Time: 0.4019984861370176s
Epoch[15/20 141/700] - Loss: 200.9412841797 - MSE: 200.55322 - batch_Time: 0.40150477294810116s
Epoch[15/20 142/700] - Loss: 254.0930480957 - MSE: 253.68556 - batch_Time: 0.40155061101540923s
Epoch[15/20 143/700] - Loss: 175.1767883301 - MSE: 174.57953 - batch_Time: 0.40046831499785185s
Epoch[15/20 144/700] - Loss: 137.7864074707 - MSE: 137.55464 - batch_Time: 0.402542358962819s
Epoch[15/20 145/700] - Loss: 188.7408142090 - MSE: 188.44185 - batch_Time: 0.40187983703799546s
Epoch[15/20 146/700] - Loss: 103.6222991943 - MSE: 103.44182 - batch_Time: 0.39979307516478s
Epoch[15/20 147/700] - Loss: 205.1999206543 - MSE: 204.96388 - batch_Time: 0.398816087981686s
Epoch[15/20 148/700] - Loss: 214.2028503418 - MSE: 213.78069 - batch_Time: 0.4066073070280254s
Epoch[15/20 149/700] - Loss: 145.4181365967 - MSE: 145.15572 - batch_Time: 0.4011858969461173s
Epoch[15/20 150/700] - Loss: 301.3903198242 - MSE: 300.75323 - batch_Time: 0.4024342908523977s
Epoch[15/20 151/700] - Loss: 88.8560104370 - MSE: 88.41584 - batch_Time: 0.40274086710996926s
Epoch[15/20 152/700] - Loss: 262.6154479980 - MSE: 262.26337 - batch_Time: 0.4131607608869672s
Epoch[15/20 153/700] - Loss: 247.4096832275 - MSE: 246.92389 - batch_Time: 0.40293580386787653s
Epoch[15/20 154/700] - Loss: 201.8832550049 - MSE: 201.44707 - batch_Time: 0.40509044704958797s
Epoch[15/20 155/700] - Loss: 208.0549926758 - MSE: 207.77492 - batch_Time: 0.40260836901143193s
Epoch[15/20 156/700] - Loss: 253.3432617188 - MSE: 253.04137 - batch_Time: 0.40294161601923406s
Epoch[15/20 157/700] - Loss: 167.2716827393 - MSE: 166.83167 - batch_Time: 0.4024169920012355s
Epoch[15/20 158/700] - Loss: 142.6262817383 - MSE: 142.42401 - batch_Time: 0.4010250009596348s
Epoch[15/20 159/700] - Loss: 112.6941070557 - MSE: 112.36389 - batch_Time: 0.3987838609609753s
Epoch[15/20 160/700] - Loss: 174.4922027588 - MSE: 174.26591 - batch_Time: 0.3968615459743887s
Epoch[15/20 161/700] - Loss: 171.8729553223 - MSE: 171.59703 - batch_Time: 0.3976152860559523s
Epoch[15/20 162/700] - Loss: 236.2489929199 - MSE: 235.79211 - batch_Time: 0.40120751899667084s
Epoch[15/20 163/700] - Loss: 148.8536987305 - MSE: 148.64801 - batch_Time: 0.40023368201218545s
Epoch[15/20 164/700] - Loss: 158.9983215332 - MSE: 158.76183 - batch_Time: 0.4020217889919877s
Epoch[15/20 165/700] - Loss: 196.6791839600 - MSE: 196.37256 - batch_Time: 0.3940384129527956s
Epoch[15/20 166/700] - Loss: 177.4189147949 - MSE: 176.99278 - batch_Time: 0.4002181221731007s
Epoch[15/20 167/700] - Loss: 130.3040008545 - MSE: 130.04686 - batch_Time: 0.401842650026083s
Epoch[15/20 168/700] - Loss: 68.9615402222 - MSE: 68.80587 - batch_Time: 0.39432905009016395s
Epoch[15/20 169/700] - Loss: 68.4106521606 - MSE: 68.29519 - batch_Time: 0.3950512500014156s
Epoch[15/20 170/700] - Loss: 297.4961547852 - MSE: 296.89130 - batch_Time: 0.3952667969278991s
Epoch[15/20 171/700] - Loss: 160.6117858887 - MSE: 160.34674 - batch_Time: 0.3969813759904355s
Epoch[15/20 172/700] - Loss: 184.1724853516 - MSE: 183.83089 - batch_Time: 0.3962838451843709s
Epoch[15/20 173/700] - Loss: 137.0976867676 - MSE: 136.83969 - batch_Time: 0.40222536702640355s
Epoch[15/20 174/700] - Loss: 125.4422988892 - MSE: 125.25090 - batch_Time: 0.3958947800565511s
Epoch[15/20 175/700] - Loss: 219.5244903564 - MSE: 219.03275 - batch_Time: 0.4009775430895388s
Epoch[15/20 176/700] - Loss: 134.4359588623 - MSE: 134.22046 - batch_Time: 0.39850108604878187s
Epoch[15/20 177/700] - Loss: 114.5529785156 - MSE: 114.35271 - batch_Time: 0.3961191768757999s
Epoch[15/20 178/700] - Loss: 210.4107055664 - MSE: 209.80528 - batch_Time: 0.40212675905786455s
Epoch[15/20 179/700] - Loss: 141.3379821777 - MSE: 141.13326 - batch_Time: 0.3979260039050132s
Epoch[15/20 180/700] - Loss: 158.8037719727 - MSE: 158.43881 - batch_Time: 0.39653675304725766s
Epoch[15/20 181/700] - Loss: 184.2318725586 - MSE: 183.79156 - batch_Time: 0.39780214708298445s
Epoch[15/20 182/700] - Loss: 224.7975006104 - MSE: 224.38336 - batch_Time: 0.3969246770720929s
Epoch[15/20 183/700] - Loss: 173.0761108398 - MSE: 172.71234 - batch_Time: 0.3998352810740471s
Epoch[15/20 184/700] - Loss: 144.8731079102 - MSE: 144.43283 - batch_Time: 0.3952567698433995s
Epoch[15/20 185/700] - Loss: 157.4586029053 - MSE: 157.17700 - batch_Time: 0.39709824603050947s
Epoch[15/20 186/700] - Loss: 116.1738891602 - MSE: 115.94270 - batch_Time: 0.3927208229433745s
Epoch[15/20 187/700] - Loss: 163.8784484863 - MSE: 163.44702 - batch_Time: 0.3972782341297716s
Epoch[15/20 188/700] - Loss: 214.2086944580 - MSE: 213.89581 - batch_Time: 0.3999913390725851s
Epoch[15/20 189/700] - Loss: 164.0046691895 - MSE: 163.72458 - batch_Time: 0.4045909089036286s
Epoch[15/20 190/700] - Loss: 178.5039825439 - MSE: 178.18091 - batch_Time: 0.4033766840584576s
Epoch[15/20 191/700] - Loss: 105.3434982300 - MSE: 105.17236 - batch_Time: 0.4024953758344054s
Epoch[15/20 192/700] - Loss: 145.0748443604 - MSE: 144.88544 - batch_Time: 0.4026330148335546s
Epoch[15/20 193/700] - Loss: 142.1981964111 - MSE: 141.91354 - batch_Time: 0.39979839185252786s
Epoch[15/20 194/700] - Loss: 243.4011383057 - MSE: 243.06999 - batch_Time: 0.3983639399521053s
Epoch[15/20 195/700] - Loss: 157.5907592773 - MSE: 157.27740 - batch_Time: 0.399195889942348s
Epoch[15/20 196/700] - Loss: 132.3781433105 - MSE: 132.08899 - batch_Time: 0.4004780419636518s
Epoch[15/20 197/700] - Loss: 123.2416839600 - MSE: 122.98976 - batch_Time: 0.3988695340231061s
Epoch[15/20 198/700] - Loss: 145.4927215576 - MSE: 145.24937 - batch_Time: 0.3973494239617139s
Epoch[15/20 199/700] - Loss: 221.5931701660 - MSE: 221.25951 - batch_Time: 0.3991871210746467s
Epoch[15/20 200/700] - Loss: 171.9781341553 - MSE: 171.66634 - batch_Time: 0.3993994081392884s
Epoch[15/20 201/700] - Loss: 169.2353973389 - MSE: 168.87213 - batch_Time: 0.39252485800534487s
Epoch[15/20 202/700] - Loss: 116.5762176514 - MSE: 116.39511 - batch_Time: 0.3958524139598012s
Epoch[15/20 203/700] - Loss: 176.9818420410 - MSE: 176.65744 - batch_Time: 0.40308483899571s
Epoch[15/20 204/700] - Loss: 121.5034484863 - MSE: 121.33292 - batch_Time: 0.3980568959377706s
Epoch[15/20 205/700] - Loss: 231.1542358398 - MSE: 230.84247 - batch_Time: 0.399283180013299s
Epoch[15/20 206/700] - Loss: 212.3584136963 - MSE: 211.83360 - batch_Time: 0.3998302130494267s
Epoch[15/20 207/700] - Loss: 170.6420440674 - MSE: 170.30582 - batch_Time: 0.39874987700022757s
Epoch[15/20 208/700] - Loss: 134.3638458252 - MSE: 134.07582 - batch_Time: 0.3986880590673536s
Epoch[15/20 209/700] - Loss: 123.4819107056 - MSE: 123.15727 - batch_Time: 0.40095632802695036s
Epoch[15/20 210/700] - Loss: 262.5029907227 - MSE: 261.88831 - batch_Time: 0.4024226588662714s
Epoch[15/20 211/700] - Loss: 145.7259368896 - MSE: 145.12488 - batch_Time: 0.39351448602974415s
Epoch[15/20 212/700] - Loss: 148.8255920410 - MSE: 148.65375 - batch_Time: 0.39443855406716466s
Epoch[15/20 213/700] - Loss: 137.9033050537 - MSE: 137.65588 - batch_Time: 0.39562025805935264s
Epoch[15/20 214/700] - Loss: 203.5715942383 - MSE: 203.35596 - batch_Time: 0.39805804705247283s
Epoch[15/20 215/700] - Loss: 116.8376007080 - MSE: 116.61092 - batch_Time: 0.399826523847878s
Epoch[15/20 216/700] - Loss: 208.4898071289 - MSE: 208.23778 - batch_Time: 0.3980454180855304s
Epoch[15/20 217/700] - Loss: 93.6749420166 - MSE: 93.41681 - batch_Time: 0.39577565691433847s
Epoch[15/20 218/700] - Loss: 146.3429565430 - MSE: 146.08803 - batch_Time: 0.3967006551101804s
Epoch[15/20 219/700] - Loss: 199.0568847656 - MSE: 198.80278 - batch_Time: 0.3968066228553653s
Epoch[15/20 220/700] - Loss: 130.3062896729 - MSE: 130.10625 - batch_Time: 0.4017893688287586s
Epoch[15/20 221/700] - Loss: 140.5397338867 - MSE: 140.24121 - batch_Time: 0.39893281599506736s
Epoch[15/20 222/700] - Loss: 137.6565246582 - MSE: 137.40651 - batch_Time: 0.3967055061366409s
Epoch[15/20 223/700] - Loss: 134.0368652344 - MSE: 133.72066 - batch_Time: 0.40071499394252896s
Epoch[15/20 224/700] - Loss: 181.9786987305 - MSE: 181.73093 - batch_Time: 0.3973152388352901s
Epoch[15/20 225/700] - Loss: 100.2306823730 - MSE: 100.07073 - batch_Time: 0.4013960550073534s
Epoch[15/20 226/700] - Loss: 145.9273376465 - MSE: 145.58015 - batch_Time: 0.397585934959352s
Epoch[15/20 227/700] - Loss: 135.7764282227 - MSE: 135.59918 - batch_Time: 0.3998731360770762s
Epoch[15/20 228/700] - Loss: 133.9082336426 - MSE: 133.70029 - batch_Time: 0.4017341211438179s
Epoch[15/20 229/700] - Loss: 130.8489074707 - MSE: 130.57468 - batch_Time: 0.39608663506805897s
Epoch[15/20 230/700] - Loss: 169.5379638672 - MSE: 169.24181 - batch_Time: 0.39864784199744463s
Epoch[15/20 231/700] - Loss: 141.8906097412 - MSE: 141.68469 - batch_Time: 0.3967041480354965s
Epoch[15/20 232/700] - Loss: 125.1810989380 - MSE: 124.94354 - batch_Time: 0.39747714600525796s
Epoch[15/20 233/700] - Loss: 126.9906616211 - MSE: 126.69563 - batch_Time: 0.40174616198055446s
Epoch[15/20 234/700] - Loss: 114.2850646973 - MSE: 114.06084 - batch_Time: 0.39959661895409226s
Epoch[15/20 235/700] - Loss: 169.7270812988 - MSE: 169.37228 - batch_Time: 0.39781989296898246s
Epoch[15/20 236/700] - Loss: 167.3089141846 - MSE: 167.00020 - batch_Time: 0.40031307097524405s
Epoch[15/20 237/700] - Loss: 122.3079681396 - MSE: 122.06686 - batch_Time: 0.40024904115125537s
Epoch[15/20 238/700] - Loss: 283.0835571289 - MSE: 282.71680 - batch_Time: 0.4016745330300182s
Epoch[15/20 239/700] - Loss: 152.5341339111 - MSE: 152.19099 - batch_Time: 0.3980877490248531s
Epoch[15/20 240/700] - Loss: 148.5154418945 - MSE: 148.19183 - batch_Time: 0.40211940789595246s
Epoch[15/20 241/700] - Loss: 167.5428466797 - MSE: 167.25027 - batch_Time: 0.40183551190420985s
Epoch[15/20 242/700] - Loss: 114.4267120361 - MSE: 114.23999 - batch_Time: 0.4095499999821186s
Epoch[15/20 243/700] - Loss: 128.9141387939 - MSE: 128.71074 - batch_Time: 0.4012910691089928s
Epoch[15/20 244/700] - Loss: 145.9217529297 - MSE: 145.63170 - batch_Time: 0.4017375730909407s
Epoch[15/20 245/700] - Loss: 189.3615570068 - MSE: 188.89844 - batch_Time: 0.39636526303365827s
Epoch[15/20 246/700] - Loss: 214.2020874023 - MSE: 213.94461 - batch_Time: 0.403190934099257s
Epoch[15/20 247/700] - Loss: 113.4939498901 - MSE: 113.20118 - batch_Time: 0.396807978162542s
Epoch[15/20 248/700] - Loss: 186.8765716553 - MSE: 186.52847 - batch_Time: 0.3955522640608251s
Epoch[15/20 249/700] - Loss: 153.6419525146 - MSE: 153.21892 - batch_Time: 0.39425702183507383s
Epoch[15/20 250/700] - Loss: 101.5531692505 - MSE: 101.41982 - batch_Time: 0.39418059308081865s
Epoch[15/20 251/700] - Loss: 175.1761474609 - MSE: 174.80783 - batch_Time: 0.39696530695073307s
Epoch[15/20 252/700] - Loss: 156.2574310303 - MSE: 156.01474 - batch_Time: 0.3955400639679283s
Epoch[15/20 253/700] - Loss: 155.3355712891 - MSE: 155.00146 - batch_Time: 0.3972844120580703s
Epoch[15/20 254/700] - Loss: 333.8504943848 - MSE: 333.41895 - batch_Time: 0.39950955379754305s
Epoch[15/20 255/700] - Loss: 134.2455596924 - MSE: 134.01558 - batch_Time: 0.39805483305826783s
Epoch[15/20 256/700] - Loss: 109.8968887329 - MSE: 109.63694 - batch_Time: 0.39652553293854s
Epoch[15/20 257/700] - Loss: 138.4073181152 - MSE: 138.23357 - batch_Time: 0.3974080120678991s
Epoch[15/20 258/700] - Loss: 166.9080810547 - MSE: 166.67133 - batch_Time: 0.39564797398634255s
Epoch[15/20 259/700] - Loss: 179.7131042480 - MSE: 179.34811 - batch_Time: 0.39703896595165133s
Epoch[15/20 260/700] - Loss: 182.5548858643 - MSE: 182.27487 - batch_Time: 0.39695331710390747s
Epoch[15/20 261/700] - Loss: 278.1351013184 - MSE: 277.81982 - batch_Time: 0.3990776601713151s
Epoch[15/20 262/700] - Loss: 108.0019073486 - MSE: 107.84069 - batch_Time: 0.395784952910617s
Epoch[15/20 263/700] - Loss: 227.1607360840 - MSE: 226.77557 - batch_Time: 0.3987410948611796s
Epoch[15/20 264/700] - Loss: 288.9579467773 - MSE: 288.62238 - batch_Time: 0.40143650909885764s
Epoch[15/20 265/700] - Loss: 152.0179443359 - MSE: 151.77887 - batch_Time: 0.39799253502860665s
Epoch[15/20 266/700] - Loss: 166.5122680664 - MSE: 166.31204 - batch_Time: 0.3996496028266847s
Epoch[15/20 267/700] - Loss: 145.7484741211 - MSE: 145.42105 - batch_Time: 0.40258077601902187s
Epoch[15/20 268/700] - Loss: 222.9442901611 - MSE: 222.47910 - batch_Time: 0.4015422281809151s
Epoch[15/20 269/700] - Loss: 208.0113220215 - MSE: 207.73328 - batch_Time: 0.40199643303640187s
Epoch[15/20 270/700] - Loss: 290.1716613770 - MSE: 289.81293 - batch_Time: 0.3993075080215931s
Epoch[15/20 271/700] - Loss: 126.2026977539 - MSE: 126.03577 - batch_Time: 0.40005821897648275s
Epoch[15/20 272/700] - Loss: 87.2753753662 - MSE: 87.13660 - batch_Time: 0.4002926959656179s
Epoch[15/20 273/700] - Loss: 74.8163681030 - MSE: 74.66653 - batch_Time: 0.39858951792120934s
Epoch[15/20 274/700] - Loss: 230.3376464844 - MSE: 230.07854 - batch_Time: 0.40023170690983534s
Epoch[15/20 275/700] - Loss: 180.5940551758 - MSE: 180.29797 - batch_Time: 0.3950274439994246s
Epoch[15/20 276/700] - Loss: 173.0525817871 - MSE: 172.54047 - batch_Time: 0.39516621292568743s
Epoch[15/20 277/700] - Loss: 176.7763366699 - MSE: 176.39734 - batch_Time: 0.39524126215837896s
Epoch[15/20 278/700] - Loss: 120.8813705444 - MSE: 120.50041 - batch_Time: 0.3953893110156059s
Epoch[15/20 279/700] - Loss: 169.8802947998 - MSE: 169.65416 - batch_Time: 0.4017936468590051s
Epoch[15/20 280/700] - Loss: 111.6871871948 - MSE: 111.45266 - batch_Time: 0.4016723879612982s
Epoch[15/20 281/700] - Loss: 215.5144042969 - MSE: 215.26923 - batch_Time: 0.4011903051286936s
Epoch[15/20 282/700] - Loss: 198.9395141602 - MSE: 198.41391 - batch_Time: 0.40133666316978633s
Epoch[15/20 283/700] - Loss: 173.6538238525 - MSE: 173.48734 - batch_Time: 0.4012769141700119s
Epoch[15/20 284/700] - Loss: 141.4974060059 - MSE: 141.25682 - batch_Time: 0.4010258470661938s
Epoch[15/20 285/700] - Loss: 370.7119140625 - MSE: 370.07608 - batch_Time: 0.40370119200088084s
Epoch[15/20 286/700] - Loss: 132.9952087402 - MSE: 132.62711 - batch_Time: 0.40081977914087474s
Epoch[15/20 287/700] - Loss: 168.8488464355 - MSE: 168.48338 - batch_Time: 0.40262188692577183s
Epoch[15/20 288/700] - Loss: 166.9633483887 - MSE: 166.57358 - batch_Time: 0.3967281738296151s
Epoch[15/20 289/700] - Loss: 115.2877807617 - MSE: 115.03712 - batch_Time: 0.40064778295345604s
Epoch[15/20 290/700] - Loss: 151.3949279785 - MSE: 151.00032 - batch_Time: 0.3953699821140617s
Epoch[15/20 291/700] - Loss: 276.3715820312 - MSE: 276.02686 - batch_Time: 0.4002865981310606s
Epoch[15/20 292/700] - Loss: 122.5471801758 - MSE: 122.23066 - batch_Time: 0.39667325490154326s
Epoch[15/20 293/700] - Loss: 162.8270416260 - MSE: 162.65060 - batch_Time: 0.4024880500510335s
Epoch[15/20 294/700] - Loss: 149.0960693359 - MSE: 148.76360 - batch_Time: 0.3974054059945047s
Epoch[15/20 295/700] - Loss: 169.7898712158 - MSE: 169.57466 - batch_Time: 0.4015272019896656s
Epoch[15/20 296/700] - Loss: 141.3753051758 - MSE: 141.04312 - batch_Time: 0.3957416280172765s
Epoch[15/20 297/700] - Loss: 119.4228744507 - MSE: 119.05351 - batch_Time: 0.4001765309367329s
Epoch[15/20 298/700] - Loss: 142.0133514404 - MSE: 141.47200 - batch_Time: 0.3967154361307621s
Epoch[15/20 299/700] - Loss: 116.2180938721 - MSE: 116.04756 - batch_Time: 0.40241347113624215s
Epoch[15/20 300/700] - Loss: 129.2179412842 - MSE: 128.88721 - batch_Time: 0.39785829093307257s
Epoch[15/20 301/700] - Loss: 106.4675674438 - MSE: 106.17016 - batch_Time: 0.400595166021958s
Epoch[15/20 302/700] - Loss: 214.7460632324 - MSE: 214.32149 - batch_Time: 0.4007329929154366s
Epoch[15/20 303/700] - Loss: 178.4221801758 - MSE: 177.84790 - batch_Time: 0.3986241410020739s
Epoch[15/20 304/700] - Loss: 119.7844924927 - MSE: 119.37466 - batch_Time: 0.39586439705453813s
Epoch[15/20 305/700] - Loss: 174.7403564453 - MSE: 174.39413 - batch_Time: 0.3962146118283272s
Epoch[15/20 306/700] - Loss: 131.7773437500 - MSE: 131.61983 - batch_Time: 0.3995576798915863s
Epoch[15/20 307/700] - Loss: 175.3028869629 - MSE: 174.98373 - batch_Time: 0.3995126399677247s
Epoch[15/20 308/700] - Loss: 178.1895751953 - MSE: 177.79291 - batch_Time: 0.39743793685920537s
Epoch[15/20 309/700] - Loss: 178.8670654297 - MSE: 178.43680 - batch_Time: 0.39979112590663135s
Epoch[15/20 310/700] - Loss: 162.7097167969 - MSE: 162.42886 - batch_Time: 0.39753775601275265s
Epoch[15/20 311/700] - Loss: 170.4892883301 - MSE: 169.95480 - batch_Time: 0.4016101029701531s
Epoch[15/20 312/700] - Loss: 120.5925521851 - MSE: 120.39488 - batch_Time: 0.39658512896858156s
Epoch[15/20 313/700] - Loss: 210.3530273438 - MSE: 210.14267 - batch_Time: 0.40380806499160826s
Epoch[15/20 314/700] - Loss: 196.6202545166 - MSE: 195.96825 - batch_Time: 0.3989954178687185s
Epoch[15/20 315/700] - Loss: 138.5132751465 - MSE: 138.31407 - batch_Time: 0.40044633904471993s
Epoch[15/20 316/700] - Loss: 143.8208770752 - MSE: 143.51300 - batch_Time: 0.40060500684194267s
Epoch[15/20 317/700] - Loss: 185.1235809326 - MSE: 184.77289 - batch_Time: 0.3991036268416792s
Epoch[15/20 318/700] - Loss: 83.1538467407 - MSE: 83.00687 - batch_Time: 0.3971498319879174s
Epoch[15/20 319/700] - Loss: 116.9286575317 - MSE: 116.71745 - batch_Time: 0.39602092700079083s
Epoch[15/20 320/700] - Loss: 173.0951232910 - MSE: 172.76901 - batch_Time: 0.4007781259715557s
Epoch[15/20 321/700] - Loss: 179.3143920898 - MSE: 179.02197 - batch_Time: 0.3942933001089841s
Epoch[15/20 322/700] - Loss: 203.4633789062 - MSE: 203.15244 - batch_Time: 0.39536107587628067s
Epoch[15/20 323/700] - Loss: 128.3828277588 - MSE: 128.18561 - batch_Time: 0.40052689891308546s
Epoch[15/20 324/700] - Loss: 97.3272857666 - MSE: 96.79777 - batch_Time: 0.396560899913311s
Epoch[15/20 325/700] - Loss: 167.4530639648 - MSE: 167.21529 - batch_Time: 0.40155806485563517s
Epoch[15/20 326/700] - Loss: 131.4882202148 - MSE: 131.21472 - batch_Time: 0.3944159389939159s
Epoch[15/20 327/700] - Loss: 211.0048675537 - MSE: 210.63388 - batch_Time: 0.39820682001300156s
Epoch[15/20 328/700] - Loss: 169.9622344971 - MSE: 169.68256 - batch_Time: 0.39570277207531035s
Epoch[15/20 329/700] - Loss: 206.4189910889 - MSE: 205.91916 - batch_Time: 0.39687970699742436s
Epoch[15/20 330/700] - Loss: 157.7194671631 - MSE: 157.48006 - batch_Time: 0.4008007161319256s
Epoch[15/20 331/700] - Loss: 201.4220428467 - MSE: 201.21619 - batch_Time: 0.403447980992496s
Epoch[15/20 332/700] - Loss: 168.8027038574 - MSE: 168.45618 - batch_Time: 0.39499397086910903s
Epoch[15/20 333/700] - Loss: 252.2296752930 - MSE: 251.79599 - batch_Time: 0.3944653389044106s
Epoch[15/20 334/700] - Loss: 214.2577667236 - MSE: 213.71939 - batch_Time: 0.3966857399791479s
Epoch[15/20 335/700] - Loss: 204.0677642822 - MSE: 203.58221 - batch_Time: 0.4022899470292032s
Epoch[15/20 336/700] - Loss: 263.2282409668 - MSE: 262.93652 - batch_Time: 0.3956733241211623s
Epoch[15/20 337/700] - Loss: 123.6733932495 - MSE: 123.32116 - batch_Time: 0.3983484790660441s
Epoch[15/20 338/700] - Loss: 156.6270751953 - MSE: 156.39555 - batch_Time: 0.3966976599767804s
Epoch[15/20 339/700] - Loss: 167.0676879883 - MSE: 166.88391 - batch_Time: 0.39761512889526784s
Epoch[15/20 340/700] - Loss: 128.9529266357 - MSE: 128.65512 - batch_Time: 0.3965518029872328s
Epoch[15/20 341/700] - Loss: 81.6225051880 - MSE: 81.45611 - batch_Time: 0.39545870712026954s
Epoch[15/20 342/700] - Loss: 150.4329986572 - MSE: 150.14542 - batch_Time: 0.39553210604935884s
Epoch[15/20 343/700] - Loss: 92.1691589355 - MSE: 91.94843 - batch_Time: 0.3928127810359001s
Epoch[15/20 344/700] - Loss: 168.2401123047 - MSE: 167.89668 - batch_Time: 0.39851513714529574s
Epoch[15/20 345/700] - Loss: 227.4742431641 - MSE: 227.06433 - batch_Time: 0.39675919990986586s
Epoch[15/20 346/700] - Loss: 113.1644058228 - MSE: 112.82074 - batch_Time: 0.3960614299867302s
Epoch[15/20 347/700] - Loss: 99.6275177002 - MSE: 99.37457 - batch_Time: 0.40192864392884076s
Epoch[15/20 348/700] - Loss: 94.9198913574 - MSE: 94.68326 - batch_Time: 0.39545765798538923s
Epoch[15/20 349/700] - Loss: 136.9198303223 - MSE: 136.65421 - batch_Time: 0.40288720186799765s
Epoch[15/20 350/700] - Loss: 88.8890533447 - MSE: 88.75282 - batch_Time: 0.40205636201426387s
Epoch[15/20 351/700] - Loss: 231.7156219482 - MSE: 231.44174 - batch_Time: 0.400252205086872s
Epoch[15/20 352/700] - Loss: 181.3075561523 - MSE: 180.94400 - batch_Time: 0.39892626320943236s
Epoch[15/20 353/700] - Loss: 130.9072113037 - MSE: 130.50676 - batch_Time: 0.3984279700089246s
Epoch[15/20 354/700] - Loss: 250.4373626709 - MSE: 250.10486 - batch_Time: 0.39689587987959385s
Epoch[15/20 355/700] - Loss: 169.2530670166 - MSE: 168.81366 - batch_Time: 0.3954903178382665s
Epoch[15/20 356/700] - Loss: 166.4589233398 - MSE: 166.23499 - batch_Time: 0.3992527190130204s
Epoch[15/20 357/700] - Loss: 148.1729125977 - MSE: 147.94936 - batch_Time: 0.39407811709679663s
Epoch[15/20 358/700] - Loss: 136.5960388184 - MSE: 136.40422 - batch_Time: 0.39479988696984947s
Epoch[15/20 359/700] - Loss: 153.4945983887 - MSE: 153.17635 - batch_Time: 0.3966250738594681s
Epoch[15/20 360/700] - Loss: 111.1986694336 - MSE: 110.78413 - batch_Time: 0.3990961811505258s
Epoch[15/20 361/700] - Loss: 135.3419952393 - MSE: 135.06105 - batch_Time: 0.39621403999626637s
Epoch[15/20 362/700] - Loss: 246.1701965332 - MSE: 245.88744 - batch_Time: 0.39723665709607303s
Epoch[15/20 363/700] - Loss: 175.0377960205 - MSE: 174.63480 - batch_Time: 0.39851410896517336s
Epoch[15/20 364/700] - Loss: 162.2367401123 - MSE: 161.97086 - batch_Time: 0.39746060292236507s
Epoch[15/20 365/700] - Loss: 150.8499908447 - MSE: 150.68146 - batch_Time: 0.39789007790386677s
Epoch[15/20 366/700] - Loss: 235.3273620605 - MSE: 234.94258 - batch_Time: 0.39749052398838103s
Epoch[15/20 367/700] - Loss: 111.9486694336 - MSE: 111.71792 - batch_Time: 0.3976021120324731s
Epoch[15/20 368/700] - Loss: 119.0740661621 - MSE: 118.86215 - batch_Time: 0.39784215902909636s
Epoch[15/20 369/700] - Loss: 249.0240173340 - MSE: 248.65271 - batch_Time: 0.3975948328152299s
Epoch[15/20 370/700] - Loss: 143.4722900391 - MSE: 143.09537 - batch_Time: 0.40103843715041876s
Epoch[15/20 371/700] - Loss: 85.5569305420 - MSE: 85.23084 - batch_Time: 0.40222563315182924s
Epoch[15/20 372/700] - Loss: 136.2700805664 - MSE: 136.02853 - batch_Time: 0.40309895179234445s
Epoch[15/20 373/700] - Loss: 197.4488372803 - MSE: 196.93712 - batch_Time: 0.3949580369517207s
Epoch[15/20 374/700] - Loss: 132.8875274658 - MSE: 132.53891 - batch_Time: 0.395225923974067s
Epoch[15/20 375/700] - Loss: 165.5412292480 - MSE: 165.24632 - batch_Time: 0.3963025398552418s
Epoch[15/20 376/700] - Loss: 152.2121734619 - MSE: 151.98065 - batch_Time: 0.3979926889296621s
Epoch[15/20 377/700] - Loss: 142.6743164062 - MSE: 142.40491 - batch_Time: 0.4011010378599167s
Epoch[15/20 378/700] - Loss: 302.9779357910 - MSE: 302.62488 - batch_Time: 0.4008559910580516s
Epoch[15/20 379/700] - Loss: 175.4550628662 - MSE: 175.12131 - batch_Time: 0.39496347797103226s
Epoch[15/20 380/700] - Loss: 178.2878723145 - MSE: 178.03925 - batch_Time: 0.3953148038126528s
Epoch[15/20 381/700] - Loss: 153.8790283203 - MSE: 153.60193 - batch_Time: 0.39636032888665795s
Epoch[15/20 382/700] - Loss: 142.5343627930 - MSE: 142.38370 - batch_Time: 0.4014190339948982s
Epoch[15/20 383/700] - Loss: 118.0726013184 - MSE: 117.82314 - batch_Time: 0.40063006500713527s
Epoch[15/20 384/700] - Loss: 202.4002838135 - MSE: 202.09587 - batch_Time: 0.3991687230300158s
Epoch[15/20 385/700] - Loss: 180.8654479980 - MSE: 180.58531 - batch_Time: 0.3996805469505489s
Epoch[15/20 386/700] - Loss: 158.2549896240 - MSE: 158.07004 - batch_Time: 0.39918651385232806s
Epoch[15/20 387/700] - Loss: 249.2873840332 - MSE: 248.79996 - batch_Time: 0.39952800003811717s
Epoch[15/20 388/700] - Loss: 149.7475891113 - MSE: 149.54895 - batch_Time: 0.4015615328680724s
Epoch[15/20 389/700] - Loss: 97.8520965576 - MSE: 97.58328 - batch_Time: 0.3989330967888236s
Epoch[15/20 390/700] - Loss: 181.6755218506 - MSE: 181.41891 - batch_Time: 0.4001422110013664s
Epoch[15/20 391/700] - Loss: 129.6003112793 - MSE: 129.21605 - batch_Time: 0.39385723299346864s
Epoch[15/20 392/700] - Loss: 299.9970703125 - MSE: 299.55936 - batch_Time: 0.39869930990971625s
Epoch[15/20 393/700] - Loss: 154.6869659424 - MSE: 154.28789 - batch_Time: 0.4004289791919291s
Epoch[15/20 394/700] - Loss: 97.6681518555 - MSE: 97.45544 - batch_Time: 0.3964025811292231s
Epoch[15/20 395/700] - Loss: 181.3774566650 - MSE: 181.08224 - batch_Time: 0.3985197339206934s
Epoch[15/20 396/700] - Loss: 214.6181030273 - MSE: 214.22337 - batch_Time: 0.4003436809871346s
Epoch[15/20 397/700] - Loss: 186.5662841797 - MSE: 186.25952 - batch_Time: 0.4006845860276371s
Epoch[15/20 398/700] - Loss: 138.8369903564 - MSE: 138.66467 - batch_Time: 0.40009415289387107s
Epoch[15/20 399/700] - Loss: 234.7527618408 - MSE: 234.47601 - batch_Time: 0.3999898850452155s
Epoch[15/20 400/700] - Loss: 198.8778076172 - MSE: 198.58183 - batch_Time: 0.3997591780498624s
Epoch[15/20 401/700] - Loss: 84.8572082520 - MSE: 84.67308 - batch_Time: 0.3946780739352107s
Epoch[15/20 402/700] - Loss: 105.5899353027 - MSE: 105.23096 - batch_Time: 0.3992386960890144s
Epoch[15/20 403/700] - Loss: 210.9611206055 - MSE: 210.45357 - batch_Time: 0.40038891904987395s
Epoch[15/20 404/700] - Loss: 300.8506469727 - MSE: 300.36118 - batch_Time: 0.394856781931594s
Epoch[15/20 405/700] - Loss: 174.8779907227 - MSE: 174.50165 - batch_Time: 0.3965341500006616s
Epoch[15/20 406/700] - Loss: 134.9325103760 - MSE: 134.64908 - batch_Time: 0.39953741105273366s
Epoch[15/20 407/700] - Loss: 162.8335876465 - MSE: 162.64310 - batch_Time: 0.39603173709474504s
Epoch[15/20 408/700] - Loss: 205.8157653809 - MSE: 205.44481 - batch_Time: 0.40092783421278s
Epoch[15/20 409/700] - Loss: 112.8268737793 - MSE: 112.67012 - batch_Time: 0.39738809992559254s
Epoch[15/20 410/700] - Loss: 110.6145553589 - MSE: 110.46175 - batch_Time: 0.40104339295066893s
Epoch[15/20 411/700] - Loss: 157.9149780273 - MSE: 157.73470 - batch_Time: 0.39650806109420955s
Epoch[15/20 412/700] - Loss: 192.0813293457 - MSE: 191.89841 - batch_Time: 0.39939389401115477s
Epoch[15/20 413/700] - Loss: 214.6279449463 - MSE: 214.41069 - batch_Time: 0.4003563311416656s
Epoch[15/20 414/700] - Loss: 183.6614379883 - MSE: 183.39075 - batch_Time: 0.39558317395858467s
Epoch[15/20 415/700] - Loss: 101.6102218628 - MSE: 101.34898 - batch_Time: 0.40087788505479693s
Epoch[15/20 416/700] - Loss: 103.1006088257 - MSE: 102.79119 - batch_Time: 0.3950238008983433s
Epoch[15/20 417/700] - Loss: 153.1914062500 - MSE: 152.84250 - batch_Time: 0.39706216496415436s
Epoch[15/20 418/700] - Loss: 110.3061904907 - MSE: 110.03590 - batch_Time: 0.4025492728687823s
Epoch[15/20 419/700] - Loss: 203.0335540771 - MSE: 202.69331 - batch_Time: 0.396778698079288s
Epoch[15/20 420/700] - Loss: 175.7662200928 - MSE: 175.40546 - batch_Time: 0.40130825084634125s
Epoch[15/20 421/700] - Loss: 215.6522979736 - MSE: 215.31642 - batch_Time: 0.40156408678740263s
Epoch[15/20 422/700] - Loss: 142.5869140625 - MSE: 142.32404 - batch_Time: 0.4084474379196763s
Epoch[15/20 423/700] - Loss: 143.8239135742 - MSE: 143.50006 - batch_Time: 0.40043049212545156s
Epoch[15/20 424/700] - Loss: 156.5273284912 - MSE: 156.09749 - batch_Time: 0.3971798641141504s
Epoch[15/20 425/700] - Loss: 170.2626495361 - MSE: 169.87906 - batch_Time: 0.3980838521383703s
Epoch[15/20 426/700] - Loss: 129.2385101318 - MSE: 128.96292 - batch_Time: 0.4036180910188705s
Epoch[15/20 427/700] - Loss: 182.1898498535 - MSE: 181.86891 - batch_Time: 0.39426887198351324s
Epoch[15/20 428/700] - Loss: 146.9568328857 - MSE: 146.59854 - batch_Time: 0.3946996070444584s
Epoch[15/20 429/700] - Loss: 133.1508178711 - MSE: 132.89337 - batch_Time: 0.3951417109929025s
Epoch[15/20 430/700] - Loss: 183.4096832275 - MSE: 183.03067 - batch_Time: 0.397392672020942s
Epoch[15/20 431/700] - Loss: 236.5709838867 - MSE: 236.30231 - batch_Time: 0.3961542178876698s
Epoch[15/20 432/700] - Loss: 96.2255477905 - MSE: 96.00659 - batch_Time: 0.4018917428329587s
Epoch[15/20 433/700] - Loss: 162.7277069092 - MSE: 162.47559 - batch_Time: 0.39512578188441694s
Epoch[15/20 434/700] - Loss: 200.1373138428 - MSE: 199.80006 - batch_Time: 0.39546926808543503s
Epoch[15/20 435/700] - Loss: 243.6795654297 - MSE: 243.28777 - batch_Time: 0.3934301540721208s
Epoch[15/20 436/700] - Loss: 285.2629394531 - MSE: 284.80548 - batch_Time: 0.393183158012107s
Epoch[15/20 437/700] - Loss: 256.6289672852 - MSE: 256.33951 - batch_Time: 0.3959152118768543s
Epoch[15/20 438/700] - Loss: 184.7653503418 - MSE: 184.29054 - batch_Time: 0.39520726120099425s
Epoch[15/20 439/700] - Loss: 144.9694824219 - MSE: 144.62292 - batch_Time: 0.39887279411777854s
Epoch[15/20 440/700] - Loss: 167.7609558105 - MSE: 167.50362 - batch_Time: 0.39530048007145524s
Epoch[15/20 441/700] - Loss: 172.0539855957 - MSE: 171.68810 - batch_Time: 0.39385301899164915s
Epoch[15/20 442/700] - Loss: 183.2012329102 - MSE: 182.57660 - batch_Time: 0.3958171939011663s
Epoch[15/20 443/700] - Loss: 198.7123565674 - MSE: 198.34915 - batch_Time: 0.3972076349891722s
Epoch[15/20 444/700] - Loss: 149.7401428223 - MSE: 149.24043 - batch_Time: 0.4008440289180726s
Epoch[15/20 445/700] - Loss: 88.8555145264 - MSE: 88.65660 - batch_Time: 0.3958687938284129s
Epoch[15/20 446/700] - Loss: 82.8794784546 - MSE: 82.53214 - batch_Time: 0.39597229193896055s
Epoch[15/20 447/700] - Loss: 137.5736694336 - MSE: 137.30942 - batch_Time: 0.40292402217164636s
Epoch[15/20 448/700] - Loss: 117.1148910522 - MSE: 116.85995 - batch_Time: 0.39624503906816244s
Epoch[15/20 449/700] - Loss: 248.2377624512 - MSE: 247.67970 - batch_Time: 0.3965586449485272s
Epoch[15/20 450/700] - Loss: 162.9490661621 - MSE: 162.63165 - batch_Time: 0.3963765068911016s
Epoch[15/20 451/700] - Loss: 155.0973815918 - MSE: 154.88443 - batch_Time: 0.395162794040516s
Epoch[15/20 452/700] - Loss: 133.9624786377 - MSE: 133.70969 - batch_Time: 0.3941156060900539s
Epoch[15/20 453/700] - Loss: 117.7800750732 - MSE: 117.56278 - batch_Time: 0.39493518602102995s
Epoch[15/20 454/700] - Loss: 127.1216888428 - MSE: 126.89511 - batch_Time: 0.3972833170555532s
Epoch[15/20 455/700] - Loss: 134.4984741211 - MSE: 134.20506 - batch_Time: 0.39755857293494046s
Epoch[15/20 456/700] - Loss: 137.3162841797 - MSE: 137.09982 - batch_Time: 0.4017675679642707s
Epoch[15/20 457/700] - Loss: 120.6841583252 - MSE: 120.33237 - batch_Time: 0.41321876901201904s
Epoch[15/20 458/700] - Loss: 125.7583999634 - MSE: 125.45232 - batch_Time: 0.39624014985747635s
Epoch[15/20 459/700] - Loss: 139.9529266357 - MSE: 139.53989 - batch_Time: 0.4041196280159056s
Epoch[15/20 460/700] - Loss: 185.4519348145 - MSE: 184.93068 - batch_Time: 0.3987420171033591s
Epoch[15/20 461/700] - Loss: 283.1146545410 - MSE: 282.80481 - batch_Time: 0.3984759021550417s
Epoch[15/20 462/700] - Loss: 82.6592102051 - MSE: 82.40823 - batch_Time: 0.3962544098030776s
Epoch[15/20 463/700] - Loss: 270.1279907227 - MSE: 269.61612 - batch_Time: 0.39959811815060675s
Epoch[15/20 464/700] - Loss: 71.8239593506 - MSE: 71.67613 - batch_Time: 0.39680097298696637s
Epoch[15/20 465/700] - Loss: 186.7711334229 - MSE: 186.55299 - batch_Time: 0.40528814401477575s
Epoch[15/20 466/700] - Loss: 203.0653228760 - MSE: 202.65488 - batch_Time: 0.3959457240998745s
Epoch[15/20 467/700] - Loss: 160.2353363037 - MSE: 160.02525 - batch_Time: 0.4005945639219135s
Epoch[15/20 468/700] - Loss: 144.0094299316 - MSE: 143.72539 - batch_Time: 0.40159098198637366s
Epoch[15/20 469/700] - Loss: 119.2390365601 - MSE: 119.01743 - batch_Time: 0.3965740769635886s
Epoch[15/20 470/700] - Loss: 285.9158935547 - MSE: 285.37692 - batch_Time: 0.39946261001750827s
Epoch[15/20 471/700] - Loss: 105.8629074097 - MSE: 105.54820 - batch_Time: 0.39442655607126653s
Epoch[15/20 472/700] - Loss: 190.0969238281 - MSE: 189.84679 - batch_Time: 0.3939667618833482s
Epoch[15/20 473/700] - Loss: 191.6372680664 - MSE: 191.03075 - batch_Time: 0.39531871397048235s
Epoch[15/20 474/700] - Loss: 159.6821746826 - MSE: 159.18382 - batch_Time: 0.39526735385879874s
Epoch[15/20 475/700] - Loss: 111.4430770874 - MSE: 111.18855 - batch_Time: 0.39591700583696365s
Epoch[15/20 476/700] - Loss: 175.9746093750 - MSE: 175.59686 - batch_Time: 0.40706653194501996s
Epoch[15/20 477/700] - Loss: 461.5329589844 - MSE: 460.75104 - batch_Time: 0.3971394710242748s
Epoch[15/20 478/700] - Loss: 135.6723022461 - MSE: 135.27840 - batch_Time: 0.39955140999518335s
Epoch[15/20 479/700] - Loss: 185.3490600586 - MSE: 185.10266 - batch_Time: 0.3963978800456971s
Epoch[15/20 480/700] - Loss: 59.3360443115 - MSE: 59.12983 - batch_Time: 0.39903982705436647s
Epoch[15/20 481/700] - Loss: 131.1683807373 - MSE: 130.96585 - batch_Time: 0.39726648898795247s
Epoch[15/20 482/700] - Loss: 160.3831481934 - MSE: 160.09991 - batch_Time: 0.3966347679961473s
Epoch[15/20 483/700] - Loss: 179.8821716309 - MSE: 179.63416 - batch_Time: 0.3971805910114199s
Epoch[15/20 484/700] - Loss: 78.8403778076 - MSE: 78.69370 - batch_Time: 0.39616663311608136s
Epoch[15/20 485/700] - Loss: 212.1192932129 - MSE: 211.84944 - batch_Time: 0.39724407996982336s
Epoch[15/20 486/700] - Loss: 289.3305664062 - MSE: 289.00269 - batch_Time: 0.3928377670235932s
Epoch[15/20 487/700] - Loss: 58.6981124878 - MSE: 58.57648 - batch_Time: 0.40183289092965424s
Epoch[15/20 488/700] - Loss: 161.3268432617 - MSE: 161.00589 - batch_Time: 0.3988722888752818s
Epoch[15/20 489/700] - Loss: 153.1131896973 - MSE: 152.75642 - batch_Time: 0.394194999942556s
Epoch[15/20 490/700] - Loss: 132.1584320068 - MSE: 131.83966 - batch_Time: 0.3946021751035005s
Epoch[15/20 491/700] - Loss: 136.4506683350 - MSE: 136.03647 - batch_Time: 0.3968331250362098s
Epoch[15/20 492/700] - Loss: 165.8713989258 - MSE: 165.66319 - batch_Time: 0.39662394812330604s
Epoch[15/20 493/700] - Loss: 252.9071807861 - MSE: 252.50281 - batch_Time: 0.3979867808520794s
Epoch[15/20 494/700] - Loss: 170.2470855713 - MSE: 169.90353 - batch_Time: 0.4018018529750407s
Epoch[15/20 495/700] - Loss: 204.8912353516 - MSE: 204.48312 - batch_Time: 0.40141615690663457s
Epoch[15/20 496/700] - Loss: 165.3948211670 - MSE: 165.10989 - batch_Time: 0.40419480111449957s
Epoch[15/20 497/700] - Loss: 97.8294601440 - MSE: 97.59357 - batch_Time: 0.40355259901843965s
Epoch[15/20 498/700] - Loss: 147.5547027588 - MSE: 147.26035 - batch_Time: 0.39732602098956704s
Epoch[15/20 499/700] - Loss: 231.7642364502 - MSE: 231.51367 - batch_Time: 0.39525796798989177s
Epoch[15/20 500/700] - Loss: 275.8511352539 - MSE: 275.30530 - batch_Time: 0.40051581896841526s
Epoch[15/20 501/700] - Loss: 176.2464752197 - MSE: 175.93945 - batch_Time: 0.3993218238465488s
Epoch[15/20 502/700] - Loss: 139.1828765869 - MSE: 138.93797 - batch_Time: 0.39647328201681376s
Epoch[15/20 503/700] - Loss: 192.2246246338 - MSE: 191.84975 - batch_Time: 0.4015042269602418s
Epoch[15/20 504/700] - Loss: 133.7033691406 - MSE: 133.52304 - batch_Time: 0.39884879207238555s
Epoch[15/20 505/700] - Loss: 192.3009948730 - MSE: 191.95676 - batch_Time: 0.3996142710093409s
Epoch[15/20 506/700] - Loss: 131.0560607910 - MSE: 130.85193 - batch_Time: 0.39464466483332217s
Epoch[15/20 507/700] - Loss: 156.1193695068 - MSE: 155.88510 - batch_Time: 0.3958505999762565s
Epoch[15/20 508/700] - Loss: 136.3259429932 - MSE: 136.01169 - batch_Time: 0.3983800469432026s
Epoch[15/20 509/700] - Loss: 103.4478225708 - MSE: 103.26417 - batch_Time: 0.398342567961663s
Epoch[15/20 510/700] - Loss: 163.4807281494 - MSE: 163.27933 - batch_Time: 0.39788436400704086s
Epoch[15/20 511/700] - Loss: 209.6224975586 - MSE: 209.37973 - batch_Time: 0.4019406018778682s
Epoch[15/20 512/700] - Loss: 96.5446319580 - MSE: 96.29749 - batch_Time: 0.3977933758869767s
Epoch[15/20 513/700] - Loss: 128.0144958496 - MSE: 127.73933 - batch_Time: 0.3986345040611923s
Epoch[15/20 514/700] - Loss: 151.3054504395 - MSE: 151.05548 - batch_Time: 0.4017027651425451s
Epoch[15/20 515/700] - Loss: 169.8636627197 - MSE: 169.59625 - batch_Time: 0.3963609638158232s
Epoch[15/20 516/700] - Loss: 90.0138778687 - MSE: 89.76633 - batch_Time: 0.39898584107868373s
Epoch[15/20 517/700] - Loss: 135.5363006592 - MSE: 135.26534 - batch_Time: 0.3985334869939834s
Epoch[15/20 518/700] - Loss: 164.0585632324 - MSE: 163.70149 - batch_Time: 0.4006024501286447s
Epoch[15/20 519/700] - Loss: 116.4661483765 - MSE: 116.27122 - batch_Time: 0.39688679901883006s
Epoch[15/20 520/700] - Loss: 179.7568664551 - MSE: 179.43190 - batch_Time: 0.3977847071364522s
Epoch[15/20 521/700] - Loss: 228.2148437500 - MSE: 227.76723 - batch_Time: 0.39869099599309266s
Epoch[15/20 522/700] - Loss: 110.8114166260 - MSE: 110.55344 - batch_Time: 0.4011654839850962s
Epoch[15/20 523/700] - Loss: 169.0066833496 - MSE: 168.79956 - batch_Time: 0.39893926214426756s
Epoch[15/20 524/700] - Loss: 169.4404602051 - MSE: 169.17830 - batch_Time: 0.3998594000004232s
Epoch[15/20 525/700] - Loss: 236.6602783203 - MSE: 236.39670 - batch_Time: 0.39717332483269274s
Epoch[15/20 526/700] - Loss: 189.9188842773 - MSE: 189.60786 - batch_Time: 0.39674480096437037s
Epoch[15/20 527/700] - Loss: 125.0670852661 - MSE: 124.49982 - batch_Time: 0.39851332805119455s
Epoch[15/20 528/700] - Loss: 241.9581451416 - MSE: 241.40985 - batch_Time: 0.39663436193950474s
Epoch[15/20 529/700] - Loss: 160.9068298340 - MSE: 160.49031 - batch_Time: 0.40184648404829204s
Epoch[15/20 530/700] - Loss: 185.5432586670 - MSE: 185.12549 - batch_Time: 0.4017791161313653s
Epoch[15/20 531/700] - Loss: 111.2861938477 - MSE: 110.98852 - batch_Time: 0.3978165970183909s
Epoch[15/20 532/700] - Loss: 121.8425292969 - MSE: 121.30767 - batch_Time: 0.3969319690950215s
Epoch[15/20 533/700] - Loss: 187.8197784424 - MSE: 187.56979 - batch_Time: 0.399683483177796s
Epoch[15/20 534/700] - Loss: 168.3108825684 - MSE: 167.69334 - batch_Time: 0.40026846597902477s
Epoch[15/20 535/700] - Loss: 175.0047912598 - MSE: 174.67628 - batch_Time: 0.3971186871640384s
Epoch[15/20 536/700] - Loss: 203.7884979248 - MSE: 203.52676 - batch_Time: 0.39818914281204343s
Epoch[15/20 537/700] - Loss: 210.4630737305 - MSE: 210.13547 - batch_Time: 0.396720752120018s
Epoch[15/20 538/700] - Loss: 108.0267791748 - MSE: 107.77226 - batch_Time: 0.3991042620036751s
Epoch[15/20 539/700] - Loss: 213.2983398438 - MSE: 212.90831 - batch_Time: 0.39463791996240616s
Epoch[15/20 540/700] - Loss: 212.1454772949 - MSE: 211.73604 - batch_Time: 0.39706508815288544s
Epoch[15/20 541/700] - Loss: 160.0550994873 - MSE: 159.80559 - batch_Time: 0.3998685320839286s
Epoch[15/20 542/700] - Loss: 174.7930297852 - MSE: 174.51123 - batch_Time: 0.399312088964507s
Epoch[15/20 543/700] - Loss: 173.2669982910 - MSE: 172.85776 - batch_Time: 0.3928301930427551s
Epoch[15/20 544/700] - Loss: 122.5604705811 - MSE: 122.34302 - batch_Time: 0.39722699695266783s
Epoch[15/20 545/700] - Loss: 215.9880371094 - MSE: 215.73114 - batch_Time: 0.3965878449380398s
Epoch[15/20 546/700] - Loss: 163.1181793213 - MSE: 162.86018 - batch_Time: 0.39921852108091116s
Epoch[15/20 547/700] - Loss: 166.6222839355 - MSE: 166.34224 - batch_Time: 0.39505547494627535s
Epoch[15/20 548/700] - Loss: 205.2785797119 - MSE: 205.05713 - batch_Time: 0.40197573602199554s
Epoch[15/20 549/700] - Loss: 151.1149902344 - MSE: 150.89845 - batch_Time: 0.39513383293524384s
Epoch[15/20 550/700] - Loss: 111.1890640259 - MSE: 110.78827 - batch_Time: 0.4023559708148241s
Epoch[15/20 551/700] - Loss: 146.1937561035 - MSE: 145.88161 - batch_Time: 0.3942588160280138s
Epoch[15/20 552/700] - Loss: 172.3840637207 - MSE: 172.19980 - batch_Time: 0.3977375407703221s
Epoch[15/20 553/700] - Loss: 95.6834411621 - MSE: 95.42194 - batch_Time: 0.39710824890062213s
Epoch[15/20 554/700] - Loss: 166.5404357910 - MSE: 166.35759 - batch_Time: 0.39760411297902465s
Epoch[15/20 555/700] - Loss: 308.0099487305 - MSE: 307.40399 - batch_Time: 0.3982486838940531s
Epoch[15/20 556/700] - Loss: 164.8880310059 - MSE: 164.46629 - batch_Time: 0.3940071191173047s
Epoch[15/20 557/700] - Loss: 149.2428588867 - MSE: 149.03642 - batch_Time: 0.400702582905069s
Epoch[15/20 558/700] - Loss: 193.9848022461 - MSE: 193.69646 - batch_Time: 0.39517135405912995s
Epoch[15/20 559/700] - Loss: 220.0708923340 - MSE: 219.71326 - batch_Time: 0.4015218219719827s
Epoch[15/20 560/700] - Loss: 147.7762145996 - MSE: 147.53821 - batch_Time: 0.39494838705286384s
Epoch[15/20 561/700] - Loss: 141.6009368896 - MSE: 141.44722 - batch_Time: 0.4015929519664496s
Epoch[15/20 562/700] - Loss: 103.9753570557 - MSE: 103.77206 - batch_Time: 0.39487572899088264s
Epoch[15/20 563/700] - Loss: 144.7180328369 - MSE: 144.40753 - batch_Time: 0.39799035899341106s
Epoch[15/20 564/700] - Loss: 195.9008026123 - MSE: 195.34549 - batch_Time: 0.3929373240098357s
Epoch[15/20 565/700] - Loss: 214.2009582520 - MSE: 213.83243 - batch_Time: 0.39918840280734s
Epoch[15/20 566/700] - Loss: 166.0404510498 - MSE: 165.71846 - batch_Time: 0.4007955421693623s
Epoch[15/20 567/700] - Loss: 160.4880981445 - MSE: 160.16843 - batch_Time: 0.40021781995892525s
Epoch[15/20 568/700] - Loss: 198.4249420166 - MSE: 198.03317 - batch_Time: 0.40150047303177416s
Epoch[15/20 569/700] - Loss: 181.2526550293 - MSE: 180.97168 - batch_Time: 0.40247495099902153s
Epoch[15/20 570/700] - Loss: 179.0813751221 - MSE: 178.67690 - batch_Time: 0.40284855593927205s
Epoch[15/20 571/700] - Loss: 124.6774749756 - MSE: 124.25309 - batch_Time: 0.40101198107004166s
Epoch[15/20 572/700] - Loss: 190.0807800293 - MSE: 189.47789 - batch_Time: 0.39664366701617837s
Epoch[15/20 573/700] - Loss: 169.0599365234 - MSE: 168.75656 - batch_Time: 0.40114970901049674s
Epoch[15/20 574/700] - Loss: 154.9804992676 - MSE: 154.60732 - batch_Time: 0.3970820310059935s
Epoch[15/20 575/700] - Loss: 211.0582733154 - MSE: 210.57558 - batch_Time: 0.39952496998012066s
Epoch[15/20 576/700] - Loss: 218.5839843750 - MSE: 218.26582 - batch_Time: 0.4019702482037246s
Epoch[15/20 577/700] - Loss: 137.2410888672 - MSE: 137.02025 - batch_Time: 0.3978499420918524s
Epoch[15/20 578/700] - Loss: 246.9496612549 - MSE: 246.76797 - batch_Time: 0.39710685098543763s
Epoch[15/20 579/700] - Loss: 130.7714538574 - MSE: 130.50342 - batch_Time: 0.3971113308798522s
Epoch[15/20 580/700] - Loss: 103.7376327515 - MSE: 103.49167 - batch_Time: 0.39800841896794736s
Epoch[15/20 581/700] - Loss: 208.6526947021 - MSE: 208.34294 - batch_Time: 0.39795282995328307s
Epoch[15/20 582/700] - Loss: 171.4753723145 - MSE: 171.22687 - batch_Time: 0.3982880259864032s
Epoch[15/20 583/700] - Loss: 127.6305084229 - MSE: 127.41270 - batch_Time: 0.4011346900369972s
Epoch[15/20 584/700] - Loss: 129.0720825195 - MSE: 128.82643 - batch_Time: 0.39747656718827784s
Epoch[15/20 585/700] - Loss: 156.9829406738 - MSE: 156.72931 - batch_Time: 0.40329641196876764s
Epoch[15/20 586/700] - Loss: 81.0411529541 - MSE: 80.79058 - batch_Time: 0.4000423348043114s
Epoch[15/20 587/700] - Loss: 203.7516784668 - MSE: 203.06302 - batch_Time: 0.4005842579063028s
Epoch[15/20 588/700] - Loss: 203.9259033203 - MSE: 203.56424 - batch_Time: 0.40124795911833644s
Epoch[15/20 589/700] - Loss: 185.8772888184 - MSE: 185.62476 - batch_Time: 0.40377681609243155s
Epoch[15/20 590/700] - Loss: 186.1174011230 - MSE: 185.75504 - batch_Time: 0.40682693594135344s
Epoch[15/20 591/700] - Loss: 117.6226730347 - MSE: 117.21043 - batch_Time: 0.3983221771195531s
Epoch[15/20 592/700] - Loss: 226.4151763916 - MSE: 226.07874 - batch_Time: 0.40144623699598014s
Epoch[15/20 593/700] - Loss: 215.8467407227 - MSE: 215.29831 - batch_Time: 0.40190653083845973s
Epoch[15/20 594/700] - Loss: 156.4742279053 - MSE: 156.20114 - batch_Time: 0.3974492768757045s
Epoch[15/20 595/700] - Loss: 160.6404418945 - MSE: 160.39984 - batch_Time: 0.3978078740183264s
Epoch[15/20 596/700] - Loss: 176.5307617188 - MSE: 176.25966 - batch_Time: 0.39795037312433124s
Epoch[15/20 597/700] - Loss: 192.0823364258 - MSE: 191.58093 - batch_Time: 0.3978992640040815s
Epoch[15/20 598/700] - Loss: 253.1588439941 - MSE: 252.74164 - batch_Time: 0.39755266695283353s
Epoch[15/20 599/700] - Loss: 159.0575103760 - MSE: 158.69263 - batch_Time: 0.39804942184127867s
Epoch[15/20 600/700] - Loss: 130.1114807129 - MSE: 129.84961 - batch_Time: 0.3988921889103949s
Epoch[15/20 601/700] - Loss: 74.2129745483 - MSE: 73.83605 - batch_Time: 0.4050210709683597s
Epoch[15/20 602/700] - Loss: 178.9542236328 - MSE: 178.51413 - batch_Time: 0.39820893900468946s
Epoch[15/20 603/700] - Loss: 143.7324371338 - MSE: 143.35474 - batch_Time: 0.39811980188824236s
Epoch[15/20 604/700] - Loss: 143.7660675049 - MSE: 143.59444 - batch_Time: 0.3983170078136027s
Epoch[15/20 605/700] - Loss: 143.8301696777 - MSE: 143.50925 - batch_Time: 0.39708861499093473s
Epoch[15/20 606/700] - Loss: 144.9013214111 - MSE: 144.39803 - batch_Time: 0.3976179067976773s
Epoch[15/20 607/700] - Loss: 135.7473907471 - MSE: 135.43892 - batch_Time: 0.39766170689836144s
Epoch[15/20 608/700] - Loss: 211.6653289795 - MSE: 211.25763 - batch_Time: 0.39866608404554427s
Epoch[15/20 609/700] - Loss: 220.2483062744 - MSE: 219.92072 - batch_Time: 0.3980465109925717s
Epoch[15/20 610/700] - Loss: 207.8070373535 - MSE: 207.56564 - batch_Time: 0.3971649028826505s
Epoch[15/20 611/700] - Loss: 195.8902893066 - MSE: 195.50729 - batch_Time: 0.396676919888705s
Epoch[15/20 612/700] - Loss: 182.2573242188 - MSE: 181.85583 - batch_Time: 0.395413625985384s
Epoch[15/20 613/700] - Loss: 116.2028961182 - MSE: 115.74287 - batch_Time: 0.40224860794842243s
Epoch[15/20 614/700] - Loss: 168.8844757080 - MSE: 168.54736 - batch_Time: 0.3955324350390583s
Epoch[15/20 615/700] - Loss: 177.0746154785 - MSE: 176.55098 - batch_Time: 0.39913394884206355s
Epoch[15/20 616/700] - Loss: 168.4065551758 - MSE: 168.11145 - batch_Time: 0.3954393770545721s
Epoch[15/20 617/700] - Loss: 223.6595611572 - MSE: 223.06464 - batch_Time: 0.39534066803753376s
Epoch[15/20 618/700] - Loss: 222.8220672607 - MSE: 222.40060 - batch_Time: 0.39637377485632896s
Epoch[15/20 619/700] - Loss: 226.3605499268 - MSE: 225.80939 - batch_Time: 0.40136731998063624s
Epoch[15/20 620/700] - Loss: 141.3409729004 - MSE: 140.97385 - batch_Time: 0.40065374015830457s
Epoch[15/20 621/700] - Loss: 221.8019409180 - MSE: 221.51105 - batch_Time: 0.400795416906476s
Epoch[15/20 622/700] - Loss: 124.1774902344 - MSE: 123.64861 - batch_Time: 0.3949872930534184s
Epoch[15/20 623/700] - Loss: 142.0444488525 - MSE: 141.81203 - batch_Time: 0.3956706249155104s
Epoch[15/20 624/700] - Loss: 95.4512634277 - MSE: 95.08803 - batch_Time: 0.3982096810359508s
Epoch[15/20 625/700] - Loss: 154.2247924805 - MSE: 153.95395 - batch_Time: 0.39858019701205194s
Epoch[15/20 626/700] - Loss: 136.0023803711 - MSE: 135.45232 - batch_Time: 0.39760842989198864s
Epoch[15/20 627/700] - Loss: 151.1492767334 - MSE: 150.74873 - batch_Time: 0.40195154398679733s
Epoch[15/20 628/700] - Loss: 106.8676452637 - MSE: 106.52472 - batch_Time: 0.40168798598460853s
Epoch[15/20 629/700] - Loss: 209.3728637695 - MSE: 208.79028 - batch_Time: 0.39733107294887304s
Epoch[15/20 630/700] - Loss: 255.3769989014 - MSE: 255.09332 - batch_Time: 0.40094456705264747s
Epoch[15/20 631/700] - Loss: 148.0866088867 - MSE: 147.87408 - batch_Time: 0.4020770031493157s
Epoch[15/20 632/700] - Loss: 118.5255661011 - MSE: 118.36799 - batch_Time: 0.4015873479656875s
Epoch[15/20 633/700] - Loss: 171.2000122070 - MSE: 170.95998 - batch_Time: 0.4041028160136193s
Epoch[15/20 634/700] - Loss: 138.2576751709 - MSE: 138.03140 - batch_Time: 0.40199547400698066s
Epoch[15/20 635/700] - Loss: 80.6537170410 - MSE: 80.49235 - batch_Time: 0.40216199099086225s
Epoch[15/20 636/700] - Loss: 113.3027648926 - MSE: 113.08882 - batch_Time: 0.4024126080330461s
Epoch[15/20 637/700] - Loss: 233.3756256104 - MSE: 233.13605 - batch_Time: 0.39885240397416055s
Epoch[15/20 638/700] - Loss: 131.3290710449 - MSE: 131.08447 - batch_Time: 0.4086283079814166s
Epoch[15/20 639/700] - Loss: 110.2232971191 - MSE: 110.05563 - batch_Time: 0.40017378795892s
Epoch[15/20 640/700] - Loss: 201.8700103760 - MSE: 201.45218 - batch_Time: 0.4003277460578829s
Epoch[15/20 641/700] - Loss: 175.0812683105 - MSE: 174.71625 - batch_Time: 0.3997125730384141s
Epoch[15/20 642/700] - Loss: 275.2331237793 - MSE: 274.83942 - batch_Time: 0.40064866095781326s
Epoch[15/20 643/700] - Loss: 97.5232543945 - MSE: 97.25982 - batch_Time: 0.40154523006640375s
Epoch[15/20 644/700] - Loss: 100.8530883789 - MSE: 100.67609 - batch_Time: 0.4055228892248124s
Epoch[15/20 645/700] - Loss: 153.2310333252 - MSE: 152.92012 - batch_Time: 0.3976640410255641s
Epoch[15/20 646/700] - Loss: 172.0129089355 - MSE: 171.70874 - batch_Time: 0.4028703039512038s
Epoch[15/20 647/700] - Loss: 176.7706298828 - MSE: 176.51788 - batch_Time: 0.39831271301954985s
Epoch[15/20 648/700] - Loss: 202.3411712646 - MSE: 201.67409 - batch_Time: 0.40117814601399004s
Epoch[15/20 649/700] - Loss: 224.4852905273 - MSE: 223.91064 - batch_Time: 0.39610040094703436s
Epoch[15/20 650/700] - Loss: 134.7973480225 - MSE: 134.46371 - batch_Time: 0.3961176900193095s
Epoch[15/20 651/700] - Loss: 134.5730590820 - MSE: 134.31824 - batch_Time: 0.3962080501951277s
Epoch[15/20 652/700] - Loss: 219.4366607666 - MSE: 219.19667 - batch_Time: 0.395794915035367s
Epoch[15/20 653/700] - Loss: 134.1250457764 - MSE: 133.73105 - batch_Time: 0.39671510295011103s
Epoch[15/20 654/700] - Loss: 168.7184906006 - MSE: 168.30745 - batch_Time: 0.3938249310012907s
Epoch[15/20 655/700] - Loss: 244.3639221191 - MSE: 244.12517 - batch_Time: 0.3938506010454148s
Epoch[15/20 656/700] - Loss: 234.5284423828 - MSE: 234.18767 - batch_Time: 0.3966149359475821s
Epoch[15/20 657/700] - Loss: 208.7715911865 - MSE: 208.28278 - batch_Time: 0.3969464108813554s
Epoch[15/20 658/700] - Loss: 129.9021453857 - MSE: 129.71016 - batch_Time: 0.3960362239740789s
Epoch[15/20 659/700] - Loss: 157.0353546143 - MSE: 156.68044 - batch_Time: 0.3963544291909784s
Epoch[15/20 660/700] - Loss: 137.5242004395 - MSE: 137.14816 - batch_Time: 0.39561166800558567s
Epoch[15/20 661/700] - Loss: 262.5208435059 - MSE: 262.23630 - batch_Time: 0.39389609009958804s
Epoch[15/20 662/700] - Loss: 149.8949737549 - MSE: 149.62286 - batch_Time: 0.39524907316081226s
Epoch[15/20 663/700] - Loss: 157.6042327881 - MSE: 157.24747 - batch_Time: 0.3959939437918365s
Epoch[15/20 664/700] - Loss: 157.8679962158 - MSE: 157.65385 - batch_Time: 0.39548162021674216s
Epoch[15/20 665/700] - Loss: 118.6146850586 - MSE: 118.38716 - batch_Time: 0.39649713784456253s
Epoch[15/20 666/700] - Loss: 113.0507659912 - MSE: 112.82537 - batch_Time: 0.3944479438941926s
Epoch[15/20 667/700] - Loss: 201.0092010498 - MSE: 200.58688 - batch_Time: 0.392879944993183s
Epoch[15/20 668/700] - Loss: 182.3430480957 - MSE: 182.14853 - batch_Time: 0.3956409490201622s
Epoch[15/20 669/700] - Loss: 186.6507110596 - MSE: 186.30945 - batch_Time: 0.3957640479784459s
Epoch[15/20 670/700] - Loss: 169.1504058838 - MSE: 168.89568 - batch_Time: 0.3952538340818137s
Epoch[15/20 671/700] - Loss: 172.3919219971 - MSE: 172.03149 - batch_Time: 0.3960669129155576s
Epoch[15/20 672/700] - Loss: 152.0768890381 - MSE: 151.89330 - batch_Time: 0.3938341320026666s
Epoch[15/20 673/700] - Loss: 207.6228942871 - MSE: 207.27827 - batch_Time: 0.39347480703145266s
Epoch[15/20 674/700] - Loss: 117.8160324097 - MSE: 117.68167 - batch_Time: 0.3961460820864886s
Epoch[15/20 675/700] - Loss: 192.0944671631 - MSE: 191.66254 - batch_Time: 0.39566313894465566s
Epoch[15/20 676/700] - Loss: 97.7349243164 - MSE: 97.44671 - batch_Time: 0.39563116896897554s
Epoch[15/20 677/700] - Loss: 211.6281738281 - MSE: 211.31993 - batch_Time: 0.39574979804456234s
Epoch[15/20 678/700] - Loss: 326.1182861328 - MSE: 325.74326 - batch_Time: 0.39419355895370245s
Epoch[15/20 679/700] - Loss: 137.7922973633 - MSE: 137.59808 - batch_Time: 0.39397797104902565s
Epoch[15/20 680/700] - Loss: 138.9353027344 - MSE: 138.64630 - batch_Time: 0.3952672139275819s
Epoch[15/20 681/700] - Loss: 166.7371520996 - MSE: 166.52055 - batch_Time: 0.3955283819232136s
Epoch[15/20 682/700] - Loss: 204.8638763428 - MSE: 204.59984 - batch_Time: 0.3961588628590107s
Epoch[15/20 683/700] - Loss: 130.5207061768 - MSE: 130.20830 - batch_Time: 0.3953121940139681s
Epoch[15/20 684/700] - Loss: 234.6268768311 - MSE: 234.15782 - batch_Time: 0.39303511404432356s
Epoch[15/20 685/700] - Loss: 148.1739807129 - MSE: 147.92989 - batch_Time: 0.39462819299660623s
Epoch[15/20 686/700] - Loss: 125.6519622803 - MSE: 125.37383 - batch_Time: 0.39645552006550133s
Epoch[15/20 687/700] - Loss: 127.3061981201 - MSE: 127.14655 - batch_Time: 0.3977972420398146s
Epoch[15/20 688/700] - Loss: 121.3124542236 - MSE: 121.01503 - batch_Time: 0.39653214905411005s
Epoch[15/20 689/700] - Loss: 141.4807434082 - MSE: 141.10880 - batch_Time: 0.3958460381254554s
Epoch[15/20 690/700] - Loss: 145.9579162598 - MSE: 145.66818 - batch_Time: 0.3953485849779099s
Epoch[15/20 691/700] - Loss: 131.0355377197 - MSE: 130.74113 - batch_Time: 0.40496025094762444s
Epoch[15/20 692/700] - Loss: 294.0564270020 - MSE: 293.49979 - batch_Time: 0.3976680049672723s
Epoch[15/20 693/700] - Loss: 171.2983093262 - MSE: 171.03014 - batch_Time: 0.4030958339571953s
Epoch[15/20 694/700] - Loss: 119.2349777222 - MSE: 119.03986 - batch_Time: 0.40005767391994596s
Epoch[15/20 695/700] - Loss: 162.9948730469 - MSE: 162.77380 - batch_Time: 0.41223948705010116s
Epoch[15/20 696/700] - Loss: 129.4340057373 - MSE: 129.23943 - batch_Time: 0.39750147704035044s
Epoch[15/20 697/700] - Loss: 92.9653854370 - MSE: 92.76968 - batch_Time: 0.4017858528532088s
Epoch[15/20 698/700] - Loss: 133.2805480957 - MSE: 133.09106 - batch_Time: 0.40396350412629545s
Epoch[15/20 699/700] - Loss: 201.6798706055 - MSE: 201.42471 - batch_Time: 0.3993248441256583s
Epoch[15] - 2021-08-06 22:37:55.203445
/hy-tmp/OURS/ttsr_dx/experiment.py:171: UserWarning: torch.nn.utils.clip_grad_norm is now deprecated in favor of torch.nn.utils.clip_grad_norm_.
  nn.utils.clip_grad_norm(self.model.parameters(), 1, norm_type=2)
Epoch[15- train_loss: 168.6595696422 - train_error: 168.3391879327 - val_loss: 62.1313475800 - val_error: 62.0005307674 - val_psnr: 30.4882211640 - val_ssim: 0.8209750888 - epoch_Time: 360.2323347139172s
Current learning rate: 1e-05
Epoch[16/20] - 2021-08-06 22:39:08.474553
Epoch[16/20 0/700] - Loss: 206.4244384766 - MSE: 206.00320 - batch_Time: 0.4090759828686714s
Epoch[16/20 1/700] - Loss: 129.3287048340 - MSE: 129.18378 - batch_Time: 0.39596772217191756s
Epoch[16/20 2/700] - Loss: 168.3895416260 - MSE: 167.99960 - batch_Time: 0.3971598669886589s
Epoch[16/20 3/700] - Loss: 170.6142730713 - MSE: 170.10390 - batch_Time: 0.3962533790618181s
Epoch[16/20 4/700] - Loss: 113.7007293701 - MSE: 113.47688 - batch_Time: 0.3989680639933795s
Epoch[16/20 5/700] - Loss: 109.6884536743 - MSE: 109.43166 - batch_Time: 0.3954711090773344s
Epoch[16/20 6/700] - Loss: 150.8440551758 - MSE: 150.47372 - batch_Time: 0.3973791250027716s
Epoch[16/20 7/700] - Loss: 165.5738525391 - MSE: 165.36032 - batch_Time: 0.3984215010423213s
Epoch[16/20 8/700] - Loss: 181.8366088867 - MSE: 181.65140 - batch_Time: 0.3978993990458548s
Epoch[16/20 9/700] - Loss: 249.3830261230 - MSE: 248.97165 - batch_Time: 0.3983632121235132s
Epoch[16/20 10/700] - Loss: 189.9570465088 - MSE: 189.65759 - batch_Time: 0.3972376869060099s
Epoch[16/20 11/700] - Loss: 61.2156600952 - MSE: 61.05627 - batch_Time: 0.39820010401308537s
Epoch[16/20 12/700] - Loss: 195.2452239990 - MSE: 194.80698 - batch_Time: 0.3958627840038389s
Epoch[16/20 13/700] - Loss: 167.7028503418 - MSE: 167.41531 - batch_Time: 0.39011043799109757s
Epoch[16/20 14/700] - Loss: 173.4339141846 - MSE: 172.96936 - batch_Time: 0.3964345681015402s
Epoch[16/20 15/700] - Loss: 170.4621276855 - MSE: 170.16510 - batch_Time: 0.3946462001185864s
Epoch[16/20 16/700] - Loss: 130.5372619629 - MSE: 130.31488 - batch_Time: 0.3973067270126194s
Epoch[16/20 17/700] - Loss: 134.7359466553 - MSE: 134.45215 - batch_Time: 0.39891128591261804s
Epoch[16/20 18/700] - Loss: 149.4104614258 - MSE: 149.16708 - batch_Time: 0.3986172089353204s
Epoch[16/20 19/700] - Loss: 130.9072723389 - MSE: 130.68285 - batch_Time: 0.3909013879019767s
Epoch[16/20 20/700] - Loss: 188.8541564941 - MSE: 188.52841 - batch_Time: 0.3914236018899828s
Epoch[16/20 21/700] - Loss: 189.9613952637 - MSE: 189.52588 - batch_Time: 0.3924256090540439s
Epoch[16/20 22/700] - Loss: 114.1943130493 - MSE: 113.88618 - batch_Time: 0.39087222004309297s
Epoch[16/20 23/700] - Loss: 107.6603393555 - MSE: 107.51421 - batch_Time: 0.3980140869971365s
Epoch[16/20 24/700] - Loss: 121.9861831665 - MSE: 121.46423 - batch_Time: 0.3922667221631855s
Epoch[16/20 25/700] - Loss: 230.2160339355 - MSE: 229.60629 - batch_Time: 0.39164899894967675s
Epoch[16/20 26/700] - Loss: 177.0699462891 - MSE: 176.80441 - batch_Time: 0.3891600219067186s
Epoch[16/20 27/700] - Loss: 152.0763397217 - MSE: 151.87018 - batch_Time: 0.39118683617562056s
Epoch[16/20 28/700] - Loss: 170.6869506836 - MSE: 170.37688 - batch_Time: 0.3897445749025792s
Epoch[16/20 29/700] - Loss: 117.7901382446 - MSE: 117.38500 - batch_Time: 0.391682431101799s
Epoch[16/20 30/700] - Loss: 161.8470458984 - MSE: 161.35072 - batch_Time: 0.39156051096506417s
Epoch[16/20 31/700] - Loss: 85.2407073975 - MSE: 84.88414 - batch_Time: 0.39009074098430574s
Epoch[16/20 32/700] - Loss: 121.6298675537 - MSE: 121.33922 - batch_Time: 0.3922054630238563s
Epoch[16/20 33/700] - Loss: 164.9340209961 - MSE: 164.67392 - batch_Time: 0.39065066422335804s
Epoch[16/20 34/700] - Loss: 170.4924316406 - MSE: 170.22496 - batch_Time: 0.39447347493842244s
Epoch[16/20 35/700] - Loss: 104.4935760498 - MSE: 104.29042 - batch_Time: 0.39179169898852706s
Epoch[16/20 36/700] - Loss: 146.2598571777 - MSE: 145.85841 - batch_Time: 0.3916323010344058s
Epoch[16/20 37/700] - Loss: 183.3324279785 - MSE: 182.98999 - batch_Time: 0.3912080267909914s
Epoch[16/20 38/700] - Loss: 108.0109939575 - MSE: 107.72223 - batch_Time: 0.39277944597415626s
Epoch[16/20 39/700] - Loss: 230.8115081787 - MSE: 230.59344 - batch_Time: 0.39759546401910484s
Epoch[16/20 40/700] - Loss: 191.9726562500 - MSE: 191.79877 - batch_Time: 0.39670523605309427s
Epoch[16/20 41/700] - Loss: 205.9394531250 - MSE: 205.57654 - batch_Time: 0.3952663450036198s
Epoch[16/20 42/700] - Loss: 207.8270568848 - MSE: 207.50464 - batch_Time: 0.3948202501051128s
Epoch[16/20 43/700] - Loss: 163.5684051514 - MSE: 163.33095 - batch_Time: 0.39692111290059984s
Epoch[16/20 44/700] - Loss: 137.0408172607 - MSE: 136.81882 - batch_Time: 0.39628856210038066s
Epoch[16/20 45/700] - Loss: 194.0901031494 - MSE: 193.83817 - batch_Time: 0.39798165997490287s
Epoch[16/20 46/700] - Loss: 151.7725982666 - MSE: 151.52180 - batch_Time: 0.3906735428608954s
Epoch[16/20 47/700] - Loss: 165.2850952148 - MSE: 165.01324 - batch_Time: 0.4049503200221807s
Epoch[16/20 48/700] - Loss: 158.8632202148 - MSE: 158.53453 - batch_Time: 0.40139987599104643s
Epoch[16/20 49/700] - Loss: 180.4364318848 - MSE: 180.08501 - batch_Time: 0.3970579910092056s
Epoch[16/20 50/700] - Loss: 188.8545989990 - MSE: 188.49539 - batch_Time: 0.39743105694651604s
Epoch[16/20 51/700] - Loss: 231.2729949951 - MSE: 230.97754 - batch_Time: 0.3999094960745424s
Epoch[16/20 52/700] - Loss: 99.9392318726 - MSE: 99.80949 - batch_Time: 0.4022430661134422s
Epoch[16/20 53/700] - Loss: 107.6348114014 - MSE: 107.41090 - batch_Time: 0.4014084371738136s
Epoch[16/20 54/700] - Loss: 171.7155303955 - MSE: 171.38889 - batch_Time: 0.39812187920324504s
Epoch[16/20 55/700] - Loss: 164.0418090820 - MSE: 163.77063 - batch_Time: 0.39274749788455665s
Epoch[16/20 56/700] - Loss: 116.6924209595 - MSE: 116.38214 - batch_Time: 0.39288271591067314s
Epoch[16/20 57/700] - Loss: 129.0913085938 - MSE: 128.84390 - batch_Time: 0.3900393240619451s
Epoch[16/20 58/700] - Loss: 167.1857910156 - MSE: 167.00827 - batch_Time: 0.39397223200649023s
Epoch[16/20 59/700] - Loss: 164.0838317871 - MSE: 163.69231 - batch_Time: 0.39791998104192317s
Epoch[16/20 60/700] - Loss: 224.4443969727 - MSE: 224.06583 - batch_Time: 0.39428338780999184s
Epoch[16/20 61/700] - Loss: 122.5005493164 - MSE: 122.22137 - batch_Time: 0.3960666060447693s
Epoch[16/20 62/700] - Loss: 145.8580169678 - MSE: 145.66237 - batch_Time: 0.39878151984885335s
Epoch[16/20 63/700] - Loss: 168.8779296875 - MSE: 168.72444 - batch_Time: 0.4007458849810064s
Epoch[16/20 64/700] - Loss: 147.1504058838 - MSE: 146.93170 - batch_Time: 0.399406602839008s
Epoch[16/20 65/700] - Loss: 185.3242797852 - MSE: 185.13409 - batch_Time: 0.39771789498627186s
Epoch[16/20 66/700] - Loss: 96.1874771118 - MSE: 95.54628 - batch_Time: 0.3975721860770136s
Epoch[16/20 67/700] - Loss: 136.0660095215 - MSE: 135.86571 - batch_Time: 0.3987640109844506s
Epoch[16/20 68/700] - Loss: 122.8228836060 - MSE: 122.58110 - batch_Time: 0.39896367909386754s
Epoch[16/20 69/700] - Loss: 175.0648498535 - MSE: 174.73059 - batch_Time: 0.39949829201214015s
Epoch[16/20 70/700] - Loss: 167.8348388672 - MSE: 167.42639 - batch_Time: 0.40080323605798185s
Epoch[16/20 71/700] - Loss: 257.8971557617 - MSE: 257.52777 - batch_Time: 0.3993117439094931s
Epoch[16/20 72/700] - Loss: 175.3247985840 - MSE: 175.08250 - batch_Time: 0.40040181088261306s
Epoch[16/20 73/700] - Loss: 114.4976959229 - MSE: 114.27605 - batch_Time: 0.3953348761424422s
Epoch[16/20 74/700] - Loss: 159.1159210205 - MSE: 158.89911 - batch_Time: 0.39461817499250174s
Epoch[16/20 75/700] - Loss: 226.3462066650 - MSE: 225.91675 - batch_Time: 0.39288711710833013s
Epoch[16/20 76/700] - Loss: 169.3178863525 - MSE: 168.98273 - batch_Time: 0.3999885858502239s
Epoch[16/20 77/700] - Loss: 234.8330688477 - MSE: 234.48196 - batch_Time: 0.39413478202186525s
Epoch[16/20 78/700] - Loss: 208.6153869629 - MSE: 208.23834 - batch_Time: 0.3958165699150413s
Epoch[16/20 79/700] - Loss: 198.3847656250 - MSE: 197.85101 - batch_Time: 0.3997120801359415s
Epoch[16/20 80/700] - Loss: 164.5622100830 - MSE: 164.18387 - batch_Time: 0.40643500396981835s
Epoch[16/20 81/700] - Loss: 162.4972381592 - MSE: 162.20355 - batch_Time: 0.39426167984493077s
Epoch[16/20 82/700] - Loss: 120.6461410522 - MSE: 120.39168 - batch_Time: 0.4105218509212136s
Epoch[16/20 83/700] - Loss: 171.4433441162 - MSE: 171.08865 - batch_Time: 0.39363085897639394s
Epoch[16/20 84/700] - Loss: 149.0557403564 - MSE: 148.87712 - batch_Time: 0.41168638598173857s
Epoch[16/20 85/700] - Loss: 167.2537994385 - MSE: 166.79250 - batch_Time: 0.4072512339334935s
Epoch[16/20 86/700] - Loss: 94.7314682007 - MSE: 94.52785 - batch_Time: 0.400403592037037s
Epoch[16/20 87/700] - Loss: 156.9675292969 - MSE: 156.67599 - batch_Time: 0.3945443870034069s
Epoch[16/20 88/700] - Loss: 317.1485290527 - MSE: 316.78546 - batch_Time: 0.39727638103067875s
Epoch[16/20 89/700] - Loss: 157.3323059082 - MSE: 157.09734 - batch_Time: 0.3979048340115696s
Epoch[16/20 90/700] - Loss: 181.2442932129 - MSE: 180.90895 - batch_Time: 0.4019064928870648s
Epoch[16/20 91/700] - Loss: 191.3985748291 - MSE: 191.07140 - batch_Time: 0.40366990002803504s
Epoch[16/20 92/700] - Loss: 138.7150115967 - MSE: 138.44832 - batch_Time: 0.4001769449096173s
Epoch[16/20 93/700] - Loss: 156.1938934326 - MSE: 155.90176 - batch_Time: 0.39893627096898854s
Epoch[16/20 94/700] - Loss: 122.7866973877 - MSE: 122.52040 - batch_Time: 0.39327968400903046s
Epoch[16/20 95/700] - Loss: 177.1106262207 - MSE: 176.65634 - batch_Time: 0.3959814489353448s
Epoch[16/20 96/700] - Loss: 201.7892456055 - MSE: 201.46033 - batch_Time: 0.40017176582477987s
Epoch[16/20 97/700] - Loss: 180.6278533936 - MSE: 180.15628 - batch_Time: 0.39439575909636915s
Epoch[16/20 98/700] - Loss: 146.1367492676 - MSE: 145.87384 - batch_Time: 0.3960525488946587s
Epoch[16/20 99/700] - Loss: 189.5961303711 - MSE: 189.28798 - batch_Time: 0.4009007760323584s
Epoch[16/20 100/700] - Loss: 116.9118041992 - MSE: 116.68763 - batch_Time: 0.39731046301312745s
Epoch[16/20 101/700] - Loss: 230.4205169678 - MSE: 230.10577 - batch_Time: 0.3965692319907248s
Epoch[16/20 102/700] - Loss: 176.3729095459 - MSE: 175.95721 - batch_Time: 0.3952447888441384s
Epoch[16/20 103/700] - Loss: 168.2571716309 - MSE: 168.05194 - batch_Time: 0.39582280186004937s
Epoch[16/20 104/700] - Loss: 96.2748107910 - MSE: 96.11610 - batch_Time: 0.39341272320598364s
Epoch[16/20 105/700] - Loss: 165.8008117676 - MSE: 165.51259 - batch_Time: 0.39305583690293133s
Epoch[16/20 106/700] - Loss: 113.1606903076 - MSE: 112.94212 - batch_Time: 0.3954295578878373s
Epoch[16/20 107/700] - Loss: 180.0717468262 - MSE: 179.70538 - batch_Time: 0.3952094300184399s
Epoch[16/20 108/700] - Loss: 156.4686279297 - MSE: 156.22235 - batch_Time: 0.4031002891715616s
Epoch[16/20 109/700] - Loss: 95.6725006104 - MSE: 95.48419 - batch_Time: 0.39978279103524983s
Epoch[16/20 110/700] - Loss: 148.4063415527 - MSE: 148.10497 - batch_Time: 0.3984041791409254s
Epoch[16/20 111/700] - Loss: 210.4659271240 - MSE: 210.07162 - batch_Time: 0.40050994185730815s
Epoch[16/20 112/700] - Loss: 138.6356353760 - MSE: 138.35822 - batch_Time: 0.397802917053923s
Epoch[16/20 113/700] - Loss: 171.2745971680 - MSE: 171.07603 - batch_Time: 0.39989879983477294s
Epoch[16/20 114/700] - Loss: 116.1199340820 - MSE: 115.92703 - batch_Time: 0.40027621504850686s
Epoch[16/20 115/700] - Loss: 179.3598327637 - MSE: 178.99820 - batch_Time: 0.401282852049917s
Epoch[16/20 116/700] - Loss: 98.7051239014 - MSE: 98.53267 - batch_Time: 0.39990603900514543s
Epoch[16/20 117/700] - Loss: 167.0012664795 - MSE: 166.76405 - batch_Time: 0.40077661909163s
Epoch[16/20 118/700] - Loss: 183.3551177979 - MSE: 182.83348 - batch_Time: 0.39790143608115613s
Epoch[16/20 119/700] - Loss: 137.3768005371 - MSE: 136.92671 - batch_Time: 0.40007419791072607s
Epoch[16/20 120/700] - Loss: 125.7502365112 - MSE: 125.56989 - batch_Time: 0.3962170190643519s
Epoch[16/20 121/700] - Loss: 206.3285522461 - MSE: 205.72717 - batch_Time: 0.3990518720820546s
Epoch[16/20 122/700] - Loss: 273.5667724609 - MSE: 273.16544 - batch_Time: 0.3988302140496671s
Epoch[16/20 123/700] - Loss: 121.9375457764 - MSE: 121.69032 - batch_Time: 0.40068490081466734s
Epoch[16/20 124/700] - Loss: 173.4593505859 - MSE: 173.15775 - batch_Time: 0.39792494592256844s
Epoch[16/20 125/700] - Loss: 171.8515014648 - MSE: 171.50247 - batch_Time: 0.3998012519441545s
Epoch[16/20 126/700] - Loss: 153.0287780762 - MSE: 152.81241 - batch_Time: 0.4031148999929428s
Epoch[16/20 127/700] - Loss: 139.9697570801 - MSE: 139.72000 - batch_Time: 0.39245491684414446s
Epoch[16/20 128/700] - Loss: 155.1567382812 - MSE: 154.96283 - batch_Time: 0.4032551092095673s
Epoch[16/20 129/700] - Loss: 129.8029785156 - MSE: 129.51285 - batch_Time: 0.39922160003334284s
Epoch[16/20 130/700] - Loss: 117.9700546265 - MSE: 117.76961 - batch_Time: 0.39332927600480616s
Epoch[16/20 131/700] - Loss: 269.7615661621 - MSE: 269.49591 - batch_Time: 0.3942541249562055s
Epoch[16/20 132/700] - Loss: 88.9027023315 - MSE: 88.60041 - batch_Time: 0.39908917201682925s
Epoch[16/20 133/700] - Loss: 219.6639099121 - MSE: 219.15317 - batch_Time: 0.40364400390535593s
Epoch[16/20 134/700] - Loss: 149.6242980957 - MSE: 149.26768 - batch_Time: 0.3927660440094769s
Epoch[16/20 135/700] - Loss: 140.0386657715 - MSE: 139.78018 - batch_Time: 0.3958881429862231s
Epoch[16/20 136/700] - Loss: 108.8703765869 - MSE: 108.65711 - batch_Time: 0.400440604891628s
Epoch[16/20 137/700] - Loss: 248.5923309326 - MSE: 248.15527 - batch_Time: 0.3974988230038434s
Epoch[16/20 138/700] - Loss: 218.0844421387 - MSE: 217.72110 - batch_Time: 0.3963067082222551s
Epoch[16/20 139/700] - Loss: 140.5985565186 - MSE: 140.35359 - batch_Time: 0.3945110810454935s
Epoch[16/20 140/700] - Loss: 128.1579132080 - MSE: 127.91327 - batch_Time: 0.3948634569533169s
Epoch[16/20 141/700] - Loss: 106.9299392700 - MSE: 106.75666 - batch_Time: 0.39160210895352066s
Epoch[16/20 142/700] - Loss: 116.9819564819 - MSE: 116.76340 - batch_Time: 0.39371208101511s
Epoch[16/20 143/700] - Loss: 189.6209564209 - MSE: 189.11984 - batch_Time: 0.39470951911062s
Epoch[16/20 144/700] - Loss: 142.5875396729 - MSE: 142.39066 - batch_Time: 0.39262382593005896s
Epoch[16/20 145/700] - Loss: 418.1470336914 - MSE: 417.49109 - batch_Time: 0.3930764792021364s
Epoch[16/20 146/700] - Loss: 159.6214447021 - MSE: 159.40884 - batch_Time: 0.39374667103402317s
Epoch[16/20 147/700] - Loss: 188.7857971191 - MSE: 188.39803 - batch_Time: 0.3941173870116472s
Epoch[16/20 148/700] - Loss: 144.1261749268 - MSE: 143.87866 - batch_Time: 0.39185685594566166s
Epoch[16/20 149/700] - Loss: 132.4603881836 - MSE: 132.17722 - batch_Time: 0.39933677995577455s
Epoch[16/20 150/700] - Loss: 126.6945114136 - MSE: 126.32497 - batch_Time: 0.3953734510578215s
Epoch[16/20 151/700] - Loss: 125.8774795532 - MSE: 125.53436 - batch_Time: 0.3975225330796093s
Epoch[16/20 152/700] - Loss: 205.6243896484 - MSE: 205.19630 - batch_Time: 0.3932680489961058s
Epoch[16/20 153/700] - Loss: 171.1403808594 - MSE: 170.70169 - batch_Time: 0.40076822112314403s
Epoch[16/20 154/700] - Loss: 225.2699737549 - MSE: 224.97005 - batch_Time: 0.4003977570682764s
Epoch[16/20 155/700] - Loss: 199.1444091797 - MSE: 198.90784 - batch_Time: 0.3995453978423029s
Epoch[16/20 156/700] - Loss: 170.5659179688 - MSE: 170.06967 - batch_Time: 0.393799080979079s
Epoch[16/20 157/700] - Loss: 182.6259765625 - MSE: 182.33249 - batch_Time: 0.39189382595941424s
Epoch[16/20 158/700] - Loss: 146.8624877930 - MSE: 146.64238 - batch_Time: 0.3936049637850374s
Epoch[16/20 159/700] - Loss: 132.2283020020 - MSE: 132.00908 - batch_Time: 0.39506051503121853s
Epoch[16/20 160/700] - Loss: 149.0144653320 - MSE: 148.67538 - batch_Time: 0.393596283858642s
Epoch[16/20 161/700] - Loss: 192.9876556396 - MSE: 192.80093 - batch_Time: 0.3921122730243951s
Epoch[16/20 162/700] - Loss: 291.4681091309 - MSE: 291.19662 - batch_Time: 0.3933332671876997s
Epoch[16/20 163/700] - Loss: 182.9819030762 - MSE: 182.65938 - batch_Time: 0.39344607712700963s
Epoch[16/20 164/700] - Loss: 82.7013320923 - MSE: 82.56490 - batch_Time: 0.39286055392585695s
Epoch[16/20 165/700] - Loss: 124.9159240723 - MSE: 124.74751 - batch_Time: 0.3914739419706166s
Epoch[16/20 166/700] - Loss: 147.8691711426 - MSE: 147.48906 - batch_Time: 0.3931683299597353s
Epoch[16/20 167/700] - Loss: 197.7471923828 - MSE: 197.41891 - batch_Time: 0.39651057682931423s
Epoch[16/20 168/700] - Loss: 254.8125305176 - MSE: 254.34613 - batch_Time: 0.39308250206522644s
Epoch[16/20 169/700] - Loss: 173.9875488281 - MSE: 173.59171 - batch_Time: 0.39359674602746964s
Epoch[16/20 170/700] - Loss: 133.7332763672 - MSE: 133.47232 - batch_Time: 0.3969996911473572s
Epoch[16/20 171/700] - Loss: 223.9329071045 - MSE: 223.70227 - batch_Time: 0.39386733109131455s
Epoch[16/20 172/700] - Loss: 105.7162170410 - MSE: 105.50604 - batch_Time: 0.39368072408251464s
Epoch[16/20 173/700] - Loss: 165.8279571533 - MSE: 165.39613 - batch_Time: 0.39143914310261607s
Epoch[16/20 174/700] - Loss: 135.1010742188 - MSE: 134.86319 - batch_Time: 0.3938872809521854s
Epoch[16/20 175/700] - Loss: 295.4541015625 - MSE: 294.99124 - batch_Time: 0.39478535996749997s
Epoch[16/20 176/700] - Loss: 192.9449920654 - MSE: 192.68851 - batch_Time: 0.39159094099886715s
Epoch[16/20 177/700] - Loss: 136.7561798096 - MSE: 136.46883 - batch_Time: 0.39962632791139185s
Epoch[16/20 178/700] - Loss: 163.5395965576 - MSE: 163.22589 - batch_Time: 0.39604388386942446s
Epoch[16/20 179/700] - Loss: 174.9248352051 - MSE: 174.68336 - batch_Time: 0.3934993059374392s
Epoch[16/20 180/700] - Loss: 174.7229919434 - MSE: 174.30473 - batch_Time: 0.40137813496403396s
Epoch[16/20 181/700] - Loss: 181.9481811523 - MSE: 181.45374 - batch_Time: 0.3991576940752566s
Epoch[16/20 182/700] - Loss: 131.8462371826 - MSE: 131.68883 - batch_Time: 0.3982801949605346s
Epoch[16/20 183/700] - Loss: 153.5900268555 - MSE: 153.34750 - batch_Time: 0.3998978650197387s
Epoch[16/20 184/700] - Loss: 129.4184265137 - MSE: 129.11197 - batch_Time: 0.40037436014972627s
Epoch[16/20 185/700] - Loss: 157.7568969727 - MSE: 157.55161 - batch_Time: 0.39408738003112376s
Epoch[16/20 186/700] - Loss: 177.1985473633 - MSE: 176.86980 - batch_Time: 0.3982653960119933s
Epoch[16/20 187/700] - Loss: 298.7845458984 - MSE: 298.20898 - batch_Time: 0.3925341588910669s
Epoch[16/20 188/700] - Loss: 195.2411651611 - MSE: 194.79578 - batch_Time: 0.3963783800136298s
Epoch[16/20 189/700] - Loss: 212.7353057861 - MSE: 212.31076 - batch_Time: 0.39406968001276255s
Epoch[16/20 190/700] - Loss: 146.3697509766 - MSE: 146.18240 - batch_Time: 0.40069825388491154s
Epoch[16/20 191/700] - Loss: 124.4053573608 - MSE: 124.19916 - batch_Time: 0.3993501830846071s
Epoch[16/20 192/700] - Loss: 201.0387573242 - MSE: 200.57620 - batch_Time: 0.40181818092241883s
Epoch[16/20 193/700] - Loss: 108.6038208008 - MSE: 108.35443 - batch_Time: 0.39920072513632476s
Epoch[16/20 194/700] - Loss: 100.3695068359 - MSE: 100.17151 - batch_Time: 0.3987627800088376s
Epoch[16/20 195/700] - Loss: 146.4971466064 - MSE: 146.10884 - batch_Time: 0.40136824594810605s
Epoch[16/20 196/700] - Loss: 135.5261993408 - MSE: 135.24055 - batch_Time: 0.3958362580742687s
Epoch[16/20 197/700] - Loss: 226.2346801758 - MSE: 225.99809 - batch_Time: 0.39408669993281364s
Epoch[16/20 198/700] - Loss: 107.5157623291 - MSE: 107.26822 - batch_Time: 0.40027240104973316s
Epoch[16/20 199/700] - Loss: 172.6487426758 - MSE: 172.34647 - batch_Time: 0.3960100661497563s
Epoch[16/20 200/700] - Loss: 219.3704986572 - MSE: 219.17139 - batch_Time: 0.3946528029628098s
Epoch[16/20 201/700] - Loss: 161.9404449463 - MSE: 161.61032 - batch_Time: 0.3941678898409009s
Epoch[16/20 202/700] - Loss: 136.1350860596 - MSE: 135.93890 - batch_Time: 0.39172133104875684s
Epoch[16/20 203/700] - Loss: 142.0713195801 - MSE: 141.67917 - batch_Time: 0.39436703780665994s
Epoch[16/20 204/700] - Loss: 119.9996337891 - MSE: 119.71409 - batch_Time: 0.39467460406012833s
Epoch[16/20 205/700] - Loss: 134.7921905518 - MSE: 134.45642 - batch_Time: 0.3955772719345987s
Epoch[16/20 206/700] - Loss: 244.0072326660 - MSE: 243.40454 - batch_Time: 0.39321621297858655s
Epoch[16/20 207/700] - Loss: 195.6305847168 - MSE: 195.20709 - batch_Time: 0.3924927618354559s
Epoch[16/20 208/700] - Loss: 170.0021667480 - MSE: 169.79210 - batch_Time: 0.39353405800648034s
Epoch[16/20 209/700] - Loss: 136.5049438477 - MSE: 136.27977 - batch_Time: 0.39400114212185144s
Epoch[16/20 210/700] - Loss: 84.4696197510 - MSE: 84.20718 - batch_Time: 0.39157371409237385s
Epoch[16/20 211/700] - Loss: 102.8683776855 - MSE: 102.65771 - batch_Time: 0.39340909104794264s
Epoch[16/20 212/700] - Loss: 74.0876846313 - MSE: 73.92625 - batch_Time: 0.3939970131032169s
Epoch[16/20 213/700] - Loss: 107.9217224121 - MSE: 107.55844 - batch_Time: 0.3931195139884949s
Epoch[16/20 214/700] - Loss: 173.7169952393 - MSE: 173.09390 - batch_Time: 0.3910442600026727s
Epoch[16/20 215/700] - Loss: 75.9991455078 - MSE: 75.81066 - batch_Time: 0.3933881709817797s
Epoch[16/20 216/700] - Loss: 151.1635437012 - MSE: 150.87540 - batch_Time: 0.39423458906821907s
Epoch[16/20 217/700] - Loss: 196.1346435547 - MSE: 195.64111 - batch_Time: 0.39255206217058003s
Epoch[16/20 218/700] - Loss: 220.9669799805 - MSE: 220.54616 - batch_Time: 0.39337582094594836s
Epoch[16/20 219/700] - Loss: 196.7703094482 - MSE: 196.39613 - batch_Time: 0.39424519008025527s
Epoch[16/20 220/700] - Loss: 168.2554473877 - MSE: 167.97215 - batch_Time: 0.39612208609469235s
Epoch[16/20 221/700] - Loss: 103.6277999878 - MSE: 103.47781 - batch_Time: 0.3943148700054735s
Epoch[16/20 222/700] - Loss: 136.4659271240 - MSE: 136.07056 - batch_Time: 0.3939389039296657s
Epoch[16/20 223/700] - Loss: 142.1223602295 - MSE: 141.77048 - batch_Time: 0.3930745350662619s
Epoch[16/20 224/700] - Loss: 206.5682220459 - MSE: 206.01601 - batch_Time: 0.3963442340027541s
Epoch[16/20 225/700] - Loss: 99.1777496338 - MSE: 98.81188 - batch_Time: 0.39461070601828396s
Epoch[16/20 226/700] - Loss: 203.9856109619 - MSE: 203.67354 - batch_Time: 0.4073662511073053s
Epoch[16/20 227/700] - Loss: 155.5592346191 - MSE: 155.24991 - batch_Time: 0.40466255601495504s
Epoch[16/20 228/700] - Loss: 184.9611053467 - MSE: 184.74995 - batch_Time: 0.3996199709363282s
Epoch[16/20 229/700] - Loss: 200.4677581787 - MSE: 200.28461 - batch_Time: 0.3936857080552727s
Epoch[16/20 230/700] - Loss: 130.9018554688 - MSE: 130.68140 - batch_Time: 0.39959806203842163s
Epoch[16/20 231/700] - Loss: 122.8022079468 - MSE: 122.65793 - batch_Time: 0.3962233050260693s
Epoch[16/20 232/700] - Loss: 163.6607971191 - MSE: 163.38472 - batch_Time: 0.39653714094311s
Epoch[16/20 233/700] - Loss: 147.0087585449 - MSE: 146.73157 - batch_Time: 0.3956958521157503s
Epoch[16/20 234/700] - Loss: 99.1782608032 - MSE: 98.87994 - batch_Time: 0.3958638801705092s
Epoch[16/20 235/700] - Loss: 233.9678344727 - MSE: 233.59514 - batch_Time: 0.40049831103533506s
Epoch[16/20 236/700] - Loss: 92.8606719971 - MSE: 92.62247 - batch_Time: 0.39678647788241506s
Epoch[16/20 237/700] - Loss: 233.0299072266 - MSE: 232.58745 - batch_Time: 0.39483120385557413s
Epoch[16/20 238/700] - Loss: 161.1160736084 - MSE: 160.46649 - batch_Time: 0.3933450330514461s
Epoch[16/20 239/700] - Loss: 168.4626464844 - MSE: 168.07214 - batch_Time: 0.396052957046777s
Epoch[16/20 240/700] - Loss: 239.3394012451 - MSE: 239.00027 - batch_Time: 0.39621433592401445s
Epoch[16/20 241/700] - Loss: 190.1575927734 - MSE: 189.72118 - batch_Time: 0.3966418800409883s
Epoch[16/20 242/700] - Loss: 124.6166076660 - MSE: 124.30894 - batch_Time: 0.40234792814590037s
Epoch[16/20 243/700] - Loss: 159.6598052979 - MSE: 159.22951 - batch_Time: 0.40171039500273764s
Epoch[16/20 244/700] - Loss: 321.2361755371 - MSE: 320.78607 - batch_Time: 0.3997613009996712s
Epoch[16/20 245/700] - Loss: 182.2618255615 - MSE: 182.07494 - batch_Time: 0.39977585105225444s
Epoch[16/20 246/700] - Loss: 180.3937377930 - MSE: 180.05843 - batch_Time: 0.4035405630711466s
Epoch[16/20 247/700] - Loss: 124.0728073120 - MSE: 123.76962 - batch_Time: 0.4017969351261854s
Epoch[16/20 248/700] - Loss: 140.7386016846 - MSE: 140.51419 - batch_Time: 0.4002333548851311s
Epoch[16/20 249/700] - Loss: 190.6882324219 - MSE: 190.20219 - batch_Time: 0.39931226684711874s
Epoch[16/20 250/700] - Loss: 135.2990264893 - MSE: 134.99193 - batch_Time: 0.40179967507719994s
Epoch[16/20 251/700] - Loss: 185.5019683838 - MSE: 185.06207 - batch_Time: 0.39961619302630424s
Epoch[16/20 252/700] - Loss: 328.7627258301 - MSE: 328.22415 - batch_Time: 0.3991920279804617s
Epoch[16/20 253/700] - Loss: 124.5798492432 - MSE: 124.33906 - batch_Time: 0.39454294787719846s
Epoch[16/20 254/700] - Loss: 154.2281799316 - MSE: 153.98438 - batch_Time: 0.3970704961102456s
Epoch[16/20 255/700] - Loss: 280.3692321777 - MSE: 279.94638 - batch_Time: 0.4011699541006237s
Epoch[16/20 256/700] - Loss: 85.4054641724 - MSE: 85.27763 - batch_Time: 0.4008534769527614s
Epoch[16/20 257/700] - Loss: 140.5000762939 - MSE: 140.24161 - batch_Time: 0.39798537408933043s
Epoch[16/20 258/700] - Loss: 168.8550567627 - MSE: 168.58502 - batch_Time: 0.39921460882760584s
Epoch[16/20 259/700] - Loss: 192.7147674561 - MSE: 192.39174 - batch_Time: 0.39429334201849997s
Epoch[16/20 260/700] - Loss: 171.7232208252 - MSE: 171.28639 - batch_Time: 0.39959944412112236s
Epoch[16/20 261/700] - Loss: 239.2385101318 - MSE: 238.94830 - batch_Time: 0.3919891018886119s
Epoch[16/20 262/700] - Loss: 199.5261535645 - MSE: 199.05853 - batch_Time: 0.3996922429651022s
Epoch[16/20 263/700] - Loss: 147.9803314209 - MSE: 147.75356 - batch_Time: 0.39221162791363895s
Epoch[16/20 264/700] - Loss: 158.7330627441 - MSE: 158.28476 - batch_Time: 0.40050968201830983s
Epoch[16/20 265/700] - Loss: 363.4675903320 - MSE: 363.16144 - batch_Time: 0.3944705189205706s
Epoch[16/20 266/700] - Loss: 230.9219512939 - MSE: 230.52892 - batch_Time: 0.40111516509205103s
Epoch[16/20 267/700] - Loss: 320.9299926758 - MSE: 320.51364 - batch_Time: 0.3962629970628768s
Epoch[16/20 268/700] - Loss: 138.5664367676 - MSE: 138.37418 - batch_Time: 0.4026449148077518s
Epoch[16/20 269/700] - Loss: 128.8984680176 - MSE: 128.72319 - batch_Time: 0.4014692900236696s
Epoch[16/20 270/700] - Loss: 141.5013732910 - MSE: 141.11957 - batch_Time: 0.4027362938504666s
Epoch[16/20 271/700] - Loss: 128.0495300293 - MSE: 127.81512 - batch_Time: 0.40118492394685745s
Epoch[16/20 272/700] - Loss: 156.6343841553 - MSE: 156.38492 - batch_Time: 0.40113879390992224s
Epoch[16/20 273/700] - Loss: 202.6178283691 - MSE: 202.27719 - batch_Time: 0.39708571694791317s
Epoch[16/20 274/700] - Loss: 296.7911987305 - MSE: 296.25815 - batch_Time: 0.41411503800190985s
Epoch[16/20 275/700] - Loss: 176.7356414795 - MSE: 176.39825 - batch_Time: 0.3932834060396999s
Epoch[16/20 276/700] - Loss: 250.1147766113 - MSE: 249.54401 - batch_Time: 0.4089472449850291s
Epoch[16/20 277/700] - Loss: 138.1635894775 - MSE: 137.87715 - batch_Time: 0.4036308939103037s
Epoch[16/20 278/700] - Loss: 197.5593719482 - MSE: 197.24393 - batch_Time: 0.4075458429288119s
Epoch[16/20 279/700] - Loss: 274.0215454102 - MSE: 273.75467 - batch_Time: 0.4058777338359505s
Epoch[16/20 280/700] - Loss: 110.4044113159 - MSE: 110.09935 - batch_Time: 0.4068733921740204s
Epoch[16/20 281/700] - Loss: 130.1329650879 - MSE: 129.83408 - batch_Time: 0.4011297249235213s
Epoch[16/20 282/700] - Loss: 151.5769500732 - MSE: 151.39182 - batch_Time: 0.40126191498711705s
Epoch[16/20 283/700] - Loss: 210.8615112305 - MSE: 210.49875 - batch_Time: 0.40544096985831857s
Epoch[16/20 284/700] - Loss: 175.4610748291 - MSE: 175.06461 - batch_Time: 0.4119030667934567s
Epoch[16/20 285/700] - Loss: 83.6527252197 - MSE: 83.38132 - batch_Time: 0.40113715501502156s
Epoch[16/20 286/700] - Loss: 127.9896621704 - MSE: 127.82592 - batch_Time: 0.40502641489729285s
Epoch[16/20 287/700] - Loss: 182.5430755615 - MSE: 182.14133 - batch_Time: 0.40017121797427535s
Epoch[16/20 288/700] - Loss: 154.1787414551 - MSE: 153.93298 - batch_Time: 0.4012020749505609s
Epoch[16/20 289/700] - Loss: 94.4349060059 - MSE: 94.25755 - batch_Time: 0.4047699188813567s
Epoch[16/20 290/700] - Loss: 144.9669342041 - MSE: 144.74504 - batch_Time: 0.40868947887793183s
Epoch[16/20 291/700] - Loss: 180.2153778076 - MSE: 179.95317 - batch_Time: 0.39866432803682983s
Epoch[16/20 292/700] - Loss: 122.6156616211 - MSE: 122.37547 - batch_Time: 0.3989340940024704s
Epoch[16/20 293/700] - Loss: 110.0597229004 - MSE: 109.87001 - batch_Time: 0.4012556839734316s
Epoch[16/20 294/700] - Loss: 247.3886566162 - MSE: 247.09927 - batch_Time: 0.39859036915004253s
Epoch[16/20 295/700] - Loss: 169.8007354736 - MSE: 169.35753 - batch_Time: 0.39947861712425947s
Epoch[16/20 296/700] - Loss: 146.3533630371 - MSE: 145.95285 - batch_Time: 0.3980959050823003s
Epoch[16/20 297/700] - Loss: 207.6828002930 - MSE: 207.39484 - batch_Time: 0.39976056409068406s
Epoch[16/20 298/700] - Loss: 168.8234252930 - MSE: 168.56125 - batch_Time: 0.39993407181464136s
Epoch[16/20 299/700] - Loss: 121.2979583740 - MSE: 121.07677 - batch_Time: 0.39736178517341614s
Epoch[16/20 300/700] - Loss: 131.5201416016 - MSE: 130.99203 - batch_Time: 0.39567124703899026s
Epoch[16/20 301/700] - Loss: 194.5110473633 - MSE: 194.25439 - batch_Time: 0.39668966503813863s
Epoch[16/20 302/700] - Loss: 188.3954772949 - MSE: 188.07880 - batch_Time: 0.3975195630919188s
Epoch[16/20 303/700] - Loss: 229.7789306641 - MSE: 229.50061 - batch_Time: 0.4031391809694469s
Epoch[16/20 304/700] - Loss: 133.2076721191 - MSE: 132.91660 - batch_Time: 0.39557799813337624s
Epoch[16/20 305/700] - Loss: 132.8871459961 - MSE: 132.57253 - batch_Time: 0.39617791096679866s
Epoch[16/20 306/700] - Loss: 88.9100646973 - MSE: 88.67470 - batch_Time: 0.4028544051107019s
Epoch[16/20 307/700] - Loss: 175.8470764160 - MSE: 175.48187 - batch_Time: 0.3967874220106751s
Epoch[16/20 308/700] - Loss: 175.1208648682 - MSE: 174.82956 - batch_Time: 0.3960268630180508s
Epoch[16/20 309/700] - Loss: 160.9544525146 - MSE: 160.75348 - batch_Time: 0.3972592770587653s
Epoch[16/20 310/700] - Loss: 99.4040069580 - MSE: 99.25679 - batch_Time: 0.4027474760077894s
Epoch[16/20 311/700] - Loss: 91.6042175293 - MSE: 91.21572 - batch_Time: 0.40124073601327837s
Epoch[16/20 312/700] - Loss: 130.5661163330 - MSE: 130.34415 - batch_Time: 0.4008594898041338s
Epoch[16/20 313/700] - Loss: 182.1881408691 - MSE: 181.83099 - batch_Time: 0.39828715403564274s
Epoch[16/20 314/700] - Loss: 193.3988189697 - MSE: 193.11452 - batch_Time: 0.3958407749887556s
Epoch[16/20 315/700] - Loss: 179.8669128418 - MSE: 179.56485 - batch_Time: 0.39440580387599766s
Epoch[16/20 316/700] - Loss: 102.3594360352 - MSE: 102.13504 - batch_Time: 0.3951455340720713s
Epoch[16/20 317/700] - Loss: 221.1924285889 - MSE: 220.81264 - batch_Time: 0.3999791129026562s
Epoch[16/20 318/700] - Loss: 194.6978759766 - MSE: 194.45598 - batch_Time: 0.3973587159998715s
Epoch[16/20 319/700] - Loss: 231.9650421143 - MSE: 231.54019 - batch_Time: 0.39989246404729784s
Epoch[16/20 320/700] - Loss: 150.0363769531 - MSE: 149.64865 - batch_Time: 0.3969692818354815s
Epoch[16/20 321/700] - Loss: 224.4210815430 - MSE: 224.04665 - batch_Time: 0.39845575182698667s
Epoch[16/20 322/700] - Loss: 87.1584854126 - MSE: 86.94090 - batch_Time: 0.40540513303130865s
Epoch[16/20 323/700] - Loss: 148.8589172363 - MSE: 148.30852 - batch_Time: 0.40684485505335033s
Epoch[16/20 324/700] - Loss: 162.3134765625 - MSE: 161.82758 - batch_Time: 0.39714372903108597s
Epoch[16/20 325/700] - Loss: 195.0518341064 - MSE: 194.77621 - batch_Time: 0.3974948739632964s
Epoch[16/20 326/700] - Loss: 176.8866577148 - MSE: 176.49066 - batch_Time: 0.3993084509856999s
Epoch[16/20 327/700] - Loss: 119.5845336914 - MSE: 119.31374 - batch_Time: 0.3971682491246611s
Epoch[16/20 328/700] - Loss: 195.7712707520 - MSE: 195.31946 - batch_Time: 0.3945517330430448s
Epoch[16/20 329/700] - Loss: 145.2102661133 - MSE: 144.95631 - batch_Time: 0.3934123869985342s
Epoch[16/20 330/700] - Loss: 147.7743835449 - MSE: 147.56195 - batch_Time: 0.39473782083950937s
Epoch[16/20 331/700] - Loss: 191.7437438965 - MSE: 191.50917 - batch_Time: 0.3992199820932001s
Epoch[16/20 332/700] - Loss: 226.9755096436 - MSE: 226.72501 - batch_Time: 0.3971535589080304s
Epoch[16/20 333/700] - Loss: 238.4867553711 - MSE: 238.07692 - batch_Time: 0.3954642708413303s
Epoch[16/20 334/700] - Loss: 88.1215209961 - MSE: 87.87096 - batch_Time: 0.3934956160373986s
Epoch[16/20 335/700] - Loss: 108.9556884766 - MSE: 108.79507 - batch_Time: 0.3937621528748423s
Epoch[16/20 336/700] - Loss: 169.1099395752 - MSE: 168.78987 - batch_Time: 0.3967447450850159s
Epoch[16/20 337/700] - Loss: 260.7427673340 - MSE: 260.37280 - batch_Time: 0.3963567400351167s
Epoch[16/20 338/700] - Loss: 51.8909568787 - MSE: 51.72286 - batch_Time: 0.4035466678906232s
Epoch[16/20 339/700] - Loss: 172.7797088623 - MSE: 172.55739 - batch_Time: 0.394680452067405s
Epoch[16/20 340/700] - Loss: 266.0119934082 - MSE: 265.74307 - batch_Time: 0.4008439329918474s
Epoch[16/20 341/700] - Loss: 179.8248291016 - MSE: 179.44026 - batch_Time: 0.4010151808615774s
Epoch[16/20 342/700] - Loss: 130.9361877441 - MSE: 130.79071 - batch_Time: 0.3975485749542713s
Epoch[16/20 343/700] - Loss: 150.5506134033 - MSE: 150.17577 - batch_Time: 0.395394453080371s
Epoch[16/20 344/700] - Loss: 204.7352447510 - MSE: 204.48648 - batch_Time: 0.4019385389983654s
Epoch[16/20 345/700] - Loss: 115.0884246826 - MSE: 114.83929 - batch_Time: 0.4022871048655361s
Epoch[16/20 346/700] - Loss: 284.5581665039 - MSE: 284.25668 - batch_Time: 0.39616619306616485s
Epoch[16/20 347/700] - Loss: 149.9193420410 - MSE: 149.59348 - batch_Time: 0.40158461313694715s
Epoch[16/20 348/700] - Loss: 99.9983749390 - MSE: 99.80006 - batch_Time: 0.39533978304825723s
Epoch[16/20 349/700] - Loss: 150.2871398926 - MSE: 149.95860 - batch_Time: 0.39569161902181804s
Epoch[16/20 350/700] - Loss: 186.2052459717 - MSE: 185.88777 - batch_Time: 0.40281122806482017s
Epoch[16/20 351/700] - Loss: 249.0856323242 - MSE: 248.66084 - batch_Time: 0.3948779199272394s
Epoch[16/20 352/700] - Loss: 146.7952117920 - MSE: 146.35611 - batch_Time: 0.397864491911605s
Epoch[16/20 353/700] - Loss: 132.0673522949 - MSE: 131.73091 - batch_Time: 0.3954216940328479s
Epoch[16/20 354/700] - Loss: 196.3011169434 - MSE: 195.99464 - batch_Time: 0.3952704151161015s
Epoch[16/20 355/700] - Loss: 179.6327667236 - MSE: 179.41158 - batch_Time: 0.3931306819431484s
Epoch[16/20 356/700] - Loss: 132.7893981934 - MSE: 132.54079 - batch_Time: 0.3970096029806882s
Epoch[16/20 357/700] - Loss: 159.4421081543 - MSE: 159.15092 - batch_Time: 0.3963811208959669s
Epoch[16/20 358/700] - Loss: 258.1555175781 - MSE: 257.81857 - batch_Time: 0.4027200802229345s
Epoch[16/20 359/700] - Loss: 127.4066467285 - MSE: 126.99776 - batch_Time: 0.3988892489578575s
Epoch[16/20 360/700] - Loss: 145.5855102539 - MSE: 145.41916 - batch_Time: 0.4011145511176437s
Epoch[16/20 361/700] - Loss: 160.8167419434 - MSE: 160.52019 - batch_Time: 0.40049676899798214s
Epoch[16/20 362/700] - Loss: 87.7281036377 - MSE: 87.43857 - batch_Time: 0.40410524187609553s
Epoch[16/20 363/700] - Loss: 155.2946166992 - MSE: 154.98151 - batch_Time: 0.4019354300107807s
Epoch[16/20 364/700] - Loss: 158.3733367920 - MSE: 157.92213 - batch_Time: 0.4005374680273235s
Epoch[16/20 365/700] - Loss: 173.5845794678 - MSE: 173.35913 - batch_Time: 0.4030588159803301s
Epoch[16/20 366/700] - Loss: 178.5592193604 - MSE: 178.09137 - batch_Time: 0.4028987782076001s
Epoch[16/20 367/700] - Loss: 109.3537597656 - MSE: 109.01417 - batch_Time: 0.4012015089392662s
Epoch[16/20 368/700] - Loss: 144.2781677246 - MSE: 144.03377 - batch_Time: 0.3979170119855553s
Epoch[16/20 369/700] - Loss: 100.1993103027 - MSE: 100.00580 - batch_Time: 0.39785061310976744s
Epoch[16/20 370/700] - Loss: 103.0173339844 - MSE: 102.80569 - batch_Time: 0.3982037480454892s
Epoch[16/20 371/700] - Loss: 199.9378356934 - MSE: 199.68394 - batch_Time: 0.39865115308202803s
Epoch[16/20 372/700] - Loss: 165.3392791748 - MSE: 165.14233 - batch_Time: 0.3964578409213573s
Epoch[16/20 373/700] - Loss: 297.0017089844 - MSE: 296.57623 - batch_Time: 0.40147625585086644s
Epoch[16/20 374/700] - Loss: 142.1534118652 - MSE: 141.94656 - batch_Time: 0.40024235285818577s
Epoch[16/20 375/700] - Loss: 106.7470626831 - MSE: 106.56108 - batch_Time: 0.4010168928653002s
Epoch[16/20 376/700] - Loss: 123.3251342773 - MSE: 122.87478 - batch_Time: 0.4005549889989197s
Epoch[16/20 377/700] - Loss: 155.4854736328 - MSE: 155.02168 - batch_Time: 0.4009906330611557s
Epoch[16/20 378/700] - Loss: 134.5002136230 - MSE: 134.27646 - batch_Time: 0.39929664484225214s
Epoch[16/20 379/700] - Loss: 117.2031555176 - MSE: 116.97930 - batch_Time: 0.3991514870431274s
Epoch[16/20 380/700] - Loss: 150.3360443115 - MSE: 150.14478 - batch_Time: 0.3983081369660795s
Epoch[16/20 381/700] - Loss: 171.0461883545 - MSE: 170.73157 - batch_Time: 0.3982063289731741s
Epoch[16/20 382/700] - Loss: 181.3166809082 - MSE: 181.00647 - batch_Time: 0.4017009739764035s
Epoch[16/20 383/700] - Loss: 163.6995544434 - MSE: 163.43547 - batch_Time: 0.4035506199579686s
Epoch[16/20 384/700] - Loss: 229.7926788330 - MSE: 229.30859 - batch_Time: 0.40095192403532565s
Epoch[16/20 385/700] - Loss: 199.1207885742 - MSE: 198.67705 - batch_Time: 0.4025290140416473s
Epoch[16/20 386/700] - Loss: 201.4978179932 - MSE: 201.29900 - batch_Time: 0.39922741590999067s
Epoch[16/20 387/700] - Loss: 134.3585205078 - MSE: 134.12437 - batch_Time: 0.4011786109767854s
Epoch[16/20 388/700] - Loss: 149.5712890625 - MSE: 149.16428 - batch_Time: 0.39954651216976345s
Epoch[16/20 389/700] - Loss: 201.5451354980 - MSE: 201.10529 - batch_Time: 0.40222769789397717s
Epoch[16/20 390/700] - Loss: 196.2198333740 - MSE: 195.96820 - batch_Time: 0.4010050029028207s
Epoch[16/20 391/700] - Loss: 189.6461639404 - MSE: 189.29413 - batch_Time: 0.4035139521583915s
Epoch[16/20 392/700] - Loss: 142.9430847168 - MSE: 142.65675 - batch_Time: 0.3944142779801041s
Epoch[16/20 393/700] - Loss: 187.7065124512 - MSE: 187.49841 - batch_Time: 0.40051515912637115s
Epoch[16/20 394/700] - Loss: 156.9003906250 - MSE: 156.62778 - batch_Time: 0.3979563331231475s
Epoch[16/20 395/700] - Loss: 174.1564941406 - MSE: 173.88844 - batch_Time: 0.3983602370135486s
Epoch[16/20 396/700] - Loss: 250.6810150146 - MSE: 250.03979 - batch_Time: 0.40136123006232083s
Epoch[16/20 397/700] - Loss: 137.3919982910 - MSE: 136.83029 - batch_Time: 0.3953901659697294s
Epoch[16/20 398/700] - Loss: 105.9962158203 - MSE: 105.77496 - batch_Time: 0.40172519511543214s
Epoch[16/20 399/700] - Loss: 160.4062042236 - MSE: 160.11069 - batch_Time: 0.40239744493737817s
Epoch[16/20 400/700] - Loss: 177.0679016113 - MSE: 176.75146 - batch_Time: 0.3999724369496107s
Epoch[16/20 401/700] - Loss: 187.4793395996 - MSE: 187.25681 - batch_Time: 0.4002373539842665s
Epoch[16/20 402/700] - Loss: 165.2367248535 - MSE: 165.02467 - batch_Time: 0.39835400809533894s
Epoch[16/20 403/700] - Loss: 154.6455230713 - MSE: 154.36026 - batch_Time: 0.40114232199266553s
Epoch[16/20 404/700] - Loss: 116.7184753418 - MSE: 116.55278 - batch_Time: 0.40170625504106283s
Epoch[16/20 405/700] - Loss: 220.6778259277 - MSE: 220.34898 - batch_Time: 0.3952956278808415s
Epoch[16/20 406/700] - Loss: 136.7157287598 - MSE: 136.50812 - batch_Time: 0.39988046884536743s
Epoch[16/20 407/700] - Loss: 178.1430969238 - MSE: 177.75577 - batch_Time: 0.40396723593585193s
Epoch[16/20 408/700] - Loss: 147.3120574951 - MSE: 146.93642 - batch_Time: 0.39990729885175824s
Epoch[16/20 409/700] - Loss: 370.7576599121 - MSE: 369.82965 - batch_Time: 0.4001788250170648s
Epoch[16/20 410/700] - Loss: 151.9126434326 - MSE: 151.65646 - batch_Time: 0.39825385995209217s
Epoch[16/20 411/700] - Loss: 161.2319793701 - MSE: 160.86807 - batch_Time: 0.3965117931365967s
Epoch[16/20 412/700] - Loss: 107.8151779175 - MSE: 107.57799 - batch_Time: 0.3946048868820071s
Epoch[16/20 413/700] - Loss: 157.1909942627 - MSE: 156.95493 - batch_Time: 0.3976575068663806s
Epoch[16/20 414/700] - Loss: 197.2120208740 - MSE: 196.94443 - batch_Time: 0.39597527915611863s
Epoch[16/20 415/700] - Loss: 187.1691589355 - MSE: 186.91071 - batch_Time: 0.3979773330502212s
Epoch[16/20 416/700] - Loss: 148.2691650391 - MSE: 147.98103 - batch_Time: 0.3968733979854733s
Epoch[16/20 417/700] - Loss: 187.7287445068 - MSE: 187.39041 - batch_Time: 0.39608814800158143s
Epoch[16/20 418/700] - Loss: 238.8191986084 - MSE: 238.39752 - batch_Time: 0.39588356111198664s
Epoch[16/20 419/700] - Loss: 117.0410614014 - MSE: 116.54281 - batch_Time: 0.39683715789578855s
Epoch[16/20 420/700] - Loss: 106.5855560303 - MSE: 106.15862 - batch_Time: 0.3927456608507782s
Epoch[16/20 421/700] - Loss: 180.5101776123 - MSE: 180.24596 - batch_Time: 0.3944263600278646s
Epoch[16/20 422/700] - Loss: 87.5325012207 - MSE: 87.37362 - batch_Time: 0.3970058769918978s
Epoch[16/20 423/700] - Loss: 78.0682373047 - MSE: 77.87650 - batch_Time: 0.3994672349654138s
Epoch[16/20 424/700] - Loss: 179.0714263916 - MSE: 178.84628 - batch_Time: 0.39763696887530386s
Epoch[16/20 425/700] - Loss: 173.5042114258 - MSE: 173.16193 - batch_Time: 0.39536546799354255s
Epoch[16/20 426/700] - Loss: 116.5369262695 - MSE: 116.21346 - batch_Time: 0.39602521900087595s
Epoch[16/20 427/700] - Loss: 201.8107604980 - MSE: 201.40176 - batch_Time: 0.39293270907364786s
Epoch[16/20 428/700] - Loss: 135.7040252686 - MSE: 135.36137 - batch_Time: 0.39437382109463215s
Epoch[16/20 429/700] - Loss: 137.5487670898 - MSE: 137.31747 - batch_Time: 0.39512544102035463s
Epoch[16/20 430/700] - Loss: 151.0826263428 - MSE: 150.77228 - batch_Time: 0.39635616610758007s
Epoch[16/20 431/700] - Loss: 157.8506317139 - MSE: 157.63557 - batch_Time: 0.39568474306724966s
Epoch[16/20 432/700] - Loss: 161.4065093994 - MSE: 161.09558 - batch_Time: 0.3936008708551526s
Epoch[16/20 433/700] - Loss: 138.8696441650 - MSE: 138.66220 - batch_Time: 0.3948448351584375s
Epoch[16/20 434/700] - Loss: 166.5459747314 - MSE: 166.26355 - batch_Time: 0.3943907499779016s
Epoch[16/20 435/700] - Loss: 121.6910018921 - MSE: 121.43976 - batch_Time: 0.3967871298082173s
Epoch[16/20 436/700] - Loss: 92.3912353516 - MSE: 92.25258 - batch_Time: 0.3962142770178616s
Epoch[16/20 437/700] - Loss: 146.5174713135 - MSE: 146.35492 - batch_Time: 0.39748737099580467s
Epoch[16/20 438/700] - Loss: 159.8809661865 - MSE: 159.66801 - batch_Time: 0.4016215580049902s
Epoch[16/20 439/700] - Loss: 208.8785705566 - MSE: 208.52097 - batch_Time: 0.40055270213633776s
Epoch[16/20 440/700] - Loss: 106.2599792480 - MSE: 106.01587 - batch_Time: 0.4007767990697175s
Epoch[16/20 441/700] - Loss: 173.1351318359 - MSE: 172.79959 - batch_Time: 0.4000338988844305s
Epoch[16/20 442/700] - Loss: 112.7257003784 - MSE: 112.30003 - batch_Time: 0.3989542331546545s
Epoch[16/20 443/700] - Loss: 100.4289169312 - MSE: 100.16202 - batch_Time: 0.39842839003540576s
Epoch[16/20 444/700] - Loss: 126.9398345947 - MSE: 126.55440 - batch_Time: 0.40122085390612483s
Epoch[16/20 445/700] - Loss: 111.7182693481 - MSE: 111.46779 - batch_Time: 0.3980814041569829s
Epoch[16/20 446/700] - Loss: 133.0004730225 - MSE: 132.81192 - batch_Time: 0.3980136050377041s
Epoch[16/20 447/700] - Loss: 208.0849151611 - MSE: 207.73747 - batch_Time: 0.39958445518277586s
Epoch[16/20 448/700] - Loss: 208.7604217529 - MSE: 208.16339 - batch_Time: 0.40011419798247516s
Epoch[16/20 449/700] - Loss: 177.6966857910 - MSE: 177.44147 - batch_Time: 0.39856097800657153s
Epoch[16/20 450/700] - Loss: 179.0881042480 - MSE: 178.84096 - batch_Time: 0.40057602198794484s
Epoch[16/20 451/700] - Loss: 265.8469543457 - MSE: 265.46985 - batch_Time: 0.3993650369811803s
Epoch[16/20 452/700] - Loss: 100.9836425781 - MSE: 100.77174 - batch_Time: 0.40098952781409025s
Epoch[16/20 453/700] - Loss: 141.7044982910 - MSE: 141.39111 - batch_Time: 0.4009150580968708s
Epoch[16/20 454/700] - Loss: 111.2800521851 - MSE: 111.05529 - batch_Time: 0.4044237129855901s
Epoch[16/20 455/700] - Loss: 219.3689727783 - MSE: 219.06075 - batch_Time: 0.3994134769309312s
Epoch[16/20 456/700] - Loss: 155.9365234375 - MSE: 155.51178 - batch_Time: 0.4004041950684041s
Epoch[16/20 457/700] - Loss: 151.0375976562 - MSE: 150.79378 - batch_Time: 0.40169399813748896s
Epoch[16/20 458/700] - Loss: 173.5095520020 - MSE: 173.21880 - batch_Time: 0.4008477891329676s
Epoch[16/20 459/700] - Loss: 112.8614654541 - MSE: 112.41173 - batch_Time: 0.40067398198880255s
Epoch[16/20 460/700] - Loss: 122.2894287109 - MSE: 121.97909 - batch_Time: 0.4021415018942207s
Epoch[16/20 461/700] - Loss: 146.8519744873 - MSE: 146.66722 - batch_Time: 0.40128520387224853s
Epoch[16/20 462/700] - Loss: 202.0135345459 - MSE: 201.79036 - batch_Time: 0.3991152010858059s
Epoch[16/20 463/700] - Loss: 228.7269134521 - MSE: 228.32388 - batch_Time: 0.39822388300672174s
Epoch[16/20 464/700] - Loss: 196.1592559814 - MSE: 195.82375 - batch_Time: 0.39698930899612606s
Epoch[16/20 465/700] - Loss: 128.6328125000 - MSE: 128.41479 - batch_Time: 0.4008530890569091s
Epoch[16/20 466/700] - Loss: 177.3393096924 - MSE: 177.03384 - batch_Time: 0.39869920699857175s
Epoch[16/20 467/700] - Loss: 203.3279571533 - MSE: 203.12219 - batch_Time: 0.3994930870831013s
Epoch[16/20 468/700] - Loss: 124.6317062378 - MSE: 124.47301 - batch_Time: 0.4010026571340859s
Epoch[16/20 469/700] - Loss: 140.3591613770 - MSE: 139.93587 - batch_Time: 0.4000649410299957s
Epoch[16/20 470/700] - Loss: 107.4747619629 - MSE: 107.22159 - batch_Time: 0.40001098020002246s
Epoch[16/20 471/700] - Loss: 202.5768432617 - MSE: 202.17555 - batch_Time: 0.4012744249776006s
Epoch[16/20 472/700] - Loss: 97.8635025024 - MSE: 97.68521 - batch_Time: 0.3985655780415982s
Epoch[16/20 473/700] - Loss: 129.7196197510 - MSE: 129.49934 - batch_Time: 0.39869319810532033s
Epoch[16/20 474/700] - Loss: 53.5437965393 - MSE: 53.40652 - batch_Time: 0.3993728889618069s
Epoch[16/20 475/700] - Loss: 132.7050476074 - MSE: 132.49644 - batch_Time: 0.40098411799408495s
Epoch[16/20 476/700] - Loss: 131.1988525391 - MSE: 131.06493 - batch_Time: 0.3991826318670064s
Epoch[16/20 477/700] - Loss: 208.4099121094 - MSE: 208.08752 - batch_Time: 0.4000051519833505s
Epoch[16/20 478/700] - Loss: 246.9244232178 - MSE: 246.60440 - batch_Time: 0.400305018061772s
Epoch[16/20 479/700] - Loss: 224.4663696289 - MSE: 224.13197 - batch_Time: 0.4013469738420099s
Epoch[16/20 480/700] - Loss: 202.2327270508 - MSE: 201.99390 - batch_Time: 0.3986334491055459s
Epoch[16/20 481/700] - Loss: 206.0029144287 - MSE: 205.73277 - batch_Time: 0.3996210170444101s
Epoch[16/20 482/700] - Loss: 149.8341522217 - MSE: 149.65422 - batch_Time: 0.4017213599290699s
Epoch[16/20 483/700] - Loss: 199.4633178711 - MSE: 198.83981 - batch_Time: 0.39941398915834725s
Epoch[16/20 484/700] - Loss: 89.2159957886 - MSE: 89.03362 - batch_Time: 0.3968416419811547s
Epoch[16/20 485/700] - Loss: 147.1427307129 - MSE: 147.01897 - batch_Time: 0.4007913621608168s
Epoch[16/20 486/700] - Loss: 140.4026031494 - MSE: 140.00290 - batch_Time: 0.40243018115870655s
Epoch[16/20 487/700] - Loss: 122.8268127441 - MSE: 122.51875 - batch_Time: 0.40289397491142154s
Epoch[16/20 488/700] - Loss: 180.8759307861 - MSE: 180.59842 - batch_Time: 0.4018806379754096s
Epoch[16/20 489/700] - Loss: 101.5660018921 - MSE: 101.39072 - batch_Time: 0.40152328298427165s
Epoch[16/20 490/700] - Loss: 135.1164245605 - MSE: 134.86823 - batch_Time: 0.4023127630352974s
Epoch[16/20 491/700] - Loss: 174.0090026855 - MSE: 173.83327 - batch_Time: 0.3980251969769597s
Epoch[16/20 492/700] - Loss: 163.8323974609 - MSE: 163.54121 - batch_Time: 0.3970769098959863s
Epoch[16/20 493/700] - Loss: 164.6218414307 - MSE: 164.32632 - batch_Time: 0.4012966859154403s
Epoch[16/20 494/700] - Loss: 118.7930450439 - MSE: 118.54739 - batch_Time: 0.4018238289281726s
Epoch[16/20 495/700] - Loss: 81.2256698608 - MSE: 80.98229 - batch_Time: 0.3992580808699131s
Epoch[16/20 496/700] - Loss: 265.1427001953 - MSE: 264.61420 - batch_Time: 0.39816653612069786s
Epoch[16/20 497/700] - Loss: 102.8897552490 - MSE: 102.68799 - batch_Time: 0.3981014369055629s
Epoch[16/20 498/700] - Loss: 107.5284576416 - MSE: 107.34506 - batch_Time: 0.3928479650057852s
Epoch[16/20 499/700] - Loss: 249.4748535156 - MSE: 249.10550 - batch_Time: 0.3922297419048846s
Epoch[16/20 500/700] - Loss: 225.4993896484 - MSE: 225.17776 - batch_Time: 0.3945779320783913s
Epoch[16/20 501/700] - Loss: 201.4036865234 - MSE: 201.08704 - batch_Time: 0.3938756510615349s
Epoch[16/20 502/700] - Loss: 126.7549819946 - MSE: 126.36666 - batch_Time: 0.3927754550240934s
Epoch[16/20 503/700] - Loss: 189.2722930908 - MSE: 189.04265 - batch_Time: 0.3917203189339489s
Epoch[16/20 504/700] - Loss: 190.4811859131 - MSE: 190.18581 - batch_Time: 0.39493685704655945s
Epoch[16/20 505/700] - Loss: 238.5050506592 - MSE: 238.06310 - batch_Time: 0.4027712978422642s
Epoch[16/20 506/700] - Loss: 109.7014770508 - MSE: 109.37338 - batch_Time: 0.40363123593851924s
Epoch[16/20 507/700] - Loss: 186.0972900391 - MSE: 185.73373 - batch_Time: 0.39697137218900025s
Epoch[16/20 508/700] - Loss: 173.1237487793 - MSE: 172.65048 - batch_Time: 0.396395439049229s
Epoch[16/20 509/700] - Loss: 130.0924987793 - MSE: 129.87926 - batch_Time: 0.4035027881618589s
Epoch[16/20 510/700] - Loss: 218.6197509766 - MSE: 218.39059 - batch_Time: 0.3977428909856826s
Epoch[16/20 511/700] - Loss: 183.9477539062 - MSE: 183.42026 - batch_Time: 0.3963204310275614s
Epoch[16/20 512/700] - Loss: 138.3144378662 - MSE: 137.89966 - batch_Time: 0.395429661963135s
Epoch[16/20 513/700] - Loss: 156.8904113770 - MSE: 156.59714 - batch_Time: 0.39749693498015404s
Epoch[16/20 514/700] - Loss: 197.6594238281 - MSE: 197.27885 - batch_Time: 0.3967948940116912s
Epoch[16/20 515/700] - Loss: 176.6006469727 - MSE: 176.38672 - batch_Time: 0.399844465078786s
Epoch[16/20 516/700] - Loss: 155.3261260986 - MSE: 154.67676 - batch_Time: 0.39772939193062484s
Epoch[16/20 517/700] - Loss: 158.9900970459 - MSE: 158.68871 - batch_Time: 0.397537664975971s
Epoch[16/20 518/700] - Loss: 249.9721527100 - MSE: 249.41177 - batch_Time: 0.39894186705350876s
Epoch[16/20 519/700] - Loss: 213.3815765381 - MSE: 213.01691 - batch_Time: 0.4006798539776355s
Epoch[16/20 520/700] - Loss: 101.7927169800 - MSE: 101.55360 - batch_Time: 0.3945355440955609s
Epoch[16/20 521/700] - Loss: 82.8733978271 - MSE: 82.59865 - batch_Time: 0.4007590140681714s
Epoch[16/20 522/700] - Loss: 188.9461212158 - MSE: 188.61940 - batch_Time: 0.3984888829290867s
Epoch[16/20 523/700] - Loss: 176.4482269287 - MSE: 176.17668 - batch_Time: 0.39969591703265905s
Epoch[16/20 524/700] - Loss: 95.6878509521 - MSE: 95.37876 - batch_Time: 0.4004527679644525s
Epoch[16/20 525/700] - Loss: 245.1201324463 - MSE: 244.65656 - batch_Time: 0.4028959770221263s
Epoch[16/20 526/700] - Loss: 109.4603271484 - MSE: 109.23878 - batch_Time: 0.3950312479864806s
Epoch[16/20 527/700] - Loss: 84.6120071411 - MSE: 84.35888 - batch_Time: 0.3956643589772284s
Epoch[16/20 528/700] - Loss: 196.6799926758 - MSE: 196.42445 - batch_Time: 0.4009257908910513s
Epoch[16/20 529/700] - Loss: 221.7406463623 - MSE: 221.42078 - batch_Time: 0.39609609404578805s
Epoch[16/20 530/700] - Loss: 145.3966064453 - MSE: 145.13287 - batch_Time: 0.40242352290079s
Epoch[16/20 531/700] - Loss: 174.6421356201 - MSE: 174.30093 - batch_Time: 0.4039146541617811s
Epoch[16/20 532/700] - Loss: 218.5999603271 - MSE: 218.32410 - batch_Time: 0.40430607995949686s
Epoch[16/20 533/700] - Loss: 136.2670593262 - MSE: 136.02409 - batch_Time: 0.40303880511783063s
Epoch[16/20 534/700] - Loss: 200.8957519531 - MSE: 200.59268 - batch_Time: 0.3976476448588073s
Epoch[16/20 535/700] - Loss: 165.1554565430 - MSE: 164.90305 - batch_Time: 0.3986309820320457s
Epoch[16/20 536/700] - Loss: 78.7548599243 - MSE: 78.63751 - batch_Time: 0.3985215029679239s
Epoch[16/20 537/700] - Loss: 131.5295104980 - MSE: 131.31999 - batch_Time: 0.40674640890210867s
Epoch[16/20 538/700] - Loss: 97.4799270630 - MSE: 97.16478 - batch_Time: 0.3965821289457381s
Epoch[16/20 539/700] - Loss: 172.9189453125 - MSE: 172.61635 - batch_Time: 0.396920113125816s
Epoch[16/20 540/700] - Loss: 172.6007232666 - MSE: 172.33589 - batch_Time: 0.3965817380230874s
Epoch[16/20 541/700] - Loss: 295.2850341797 - MSE: 294.93048 - batch_Time: 0.4047554340213537s
Epoch[16/20 542/700] - Loss: 151.9243011475 - MSE: 151.62862 - batch_Time: 0.39967974880710244s
Epoch[16/20 543/700] - Loss: 206.6203460693 - MSE: 206.08606 - batch_Time: 0.4037209269590676s
Epoch[16/20 544/700] - Loss: 125.3443145752 - MSE: 125.09001 - batch_Time: 0.3960793251171708s
Epoch[16/20 545/700] - Loss: 168.5907135010 - MSE: 168.35240 - batch_Time: 0.3946616230532527s
Epoch[16/20 546/700] - Loss: 166.3631439209 - MSE: 166.05336 - batch_Time: 0.39611722505651414s
Epoch[16/20 547/700] - Loss: 192.8464508057 - MSE: 192.47484 - batch_Time: 0.39576221909374s
Epoch[16/20 548/700] - Loss: 208.9762573242 - MSE: 208.52122 - batch_Time: 0.39720740099437535s
Epoch[16/20 549/700] - Loss: 77.4316711426 - MSE: 77.24828 - batch_Time: 0.3985691429115832s
Epoch[16/20 550/700] - Loss: 166.3389282227 - MSE: 166.05933 - batch_Time: 0.396163335070014s
Epoch[16/20 551/700] - Loss: 131.9972991943 - MSE: 131.66101 - batch_Time: 0.3978203320875764s
Epoch[16/20 552/700] - Loss: 103.8437118530 - MSE: 103.62373 - batch_Time: 0.39992570597678423s
Epoch[16/20 553/700] - Loss: 123.8153076172 - MSE: 123.57201 - batch_Time: 0.39743798808194697s
Epoch[16/20 554/700] - Loss: 192.5434875488 - MSE: 192.18152 - batch_Time: 0.3966375079471618s
Epoch[16/20 555/700] - Loss: 273.9431152344 - MSE: 273.54510 - batch_Time: 0.40053720818832517s
Epoch[16/20 556/700] - Loss: 93.1007232666 - MSE: 92.90841 - batch_Time: 0.40511120995506644s
Epoch[16/20 557/700] - Loss: 158.2274780273 - MSE: 157.93582 - batch_Time: 0.40028337202966213s
Epoch[16/20 558/700] - Loss: 133.2206115723 - MSE: 132.84262 - batch_Time: 0.4005222781561315s
Epoch[16/20 559/700] - Loss: 212.8451538086 - MSE: 212.56036 - batch_Time: 0.3979414210189134s
Epoch[16/20 560/700] - Loss: 221.2745361328 - MSE: 221.00900 - batch_Time: 0.40313148498535156s
Epoch[16/20 561/700] - Loss: 106.2140655518 - MSE: 105.96332 - batch_Time: 0.3933708509430289s
Epoch[16/20 562/700] - Loss: 109.6342010498 - MSE: 109.42817 - batch_Time: 0.3953681350685656s
Epoch[16/20 563/700] - Loss: 224.9494323730 - MSE: 224.49173 - batch_Time: 0.3983037469442934s
Epoch[16/20 564/700] - Loss: 257.3753051758 - MSE: 256.81738 - batch_Time: 0.394933849805966s
Epoch[16/20 565/700] - Loss: 189.6141052246 - MSE: 189.27936 - batch_Time: 0.39223386510275304s
Epoch[16/20 566/700] - Loss: 151.5610504150 - MSE: 151.30838 - batch_Time: 0.39471574290655553s
Epoch[16/20 567/700] - Loss: 94.1580047607 - MSE: 93.87411 - batch_Time: 0.3943106890656054s
Epoch[16/20 568/700] - Loss: 143.7487335205 - MSE: 143.60773 - batch_Time: 0.39348723902367055s
Epoch[16/20 569/700] - Loss: 81.6240386963 - MSE: 81.38520 - batch_Time: 0.39166183304041624s
Epoch[16/20 570/700] - Loss: 182.1050109863 - MSE: 181.70477 - batch_Time: 0.39512646780349314s
Epoch[16/20 571/700] - Loss: 95.6972885132 - MSE: 95.53377 - batch_Time: 0.3960459160152823s
Epoch[16/20 572/700] - Loss: 200.0564422607 - MSE: 199.68723 - batch_Time: 0.39456354500725865s
Epoch[16/20 573/700] - Loss: 151.5205993652 - MSE: 151.17142 - batch_Time: 0.39579906896688044s
Epoch[16/20 574/700] - Loss: 191.7710266113 - MSE: 191.50871 - batch_Time: 0.4001697641797364s
Epoch[16/20 575/700] - Loss: 280.1156921387 - MSE: 279.78165 - batch_Time: 0.39244706300087273s
Epoch[16/20 576/700] - Loss: 142.1933898926 - MSE: 141.85242 - batch_Time: 0.3965477109886706s
Epoch[16/20 577/700] - Loss: 93.2819061279 - MSE: 93.08531 - batch_Time: 0.40171235403977334s
Epoch[16/20 578/700] - Loss: 153.0105133057 - MSE: 152.82314 - batch_Time: 0.39380889502353966s
Epoch[16/20 579/700] - Loss: 152.5964813232 - MSE: 152.36586 - batch_Time: 0.39893407886847854s
Epoch[16/20 580/700] - Loss: 218.5417938232 - MSE: 218.05704 - batch_Time: 0.3940298028755933s
Epoch[16/20 581/700] - Loss: 122.8940887451 - MSE: 122.60364 - batch_Time: 0.40191118186339736s
Epoch[16/20 582/700] - Loss: 175.2932434082 - MSE: 174.96605 - batch_Time: 0.39271184895187616s
Epoch[16/20 583/700] - Loss: 156.6745452881 - MSE: 156.37222 - batch_Time: 0.3988187909126282s
Epoch[16/20 584/700] - Loss: 151.0586242676 - MSE: 150.79663 - batch_Time: 0.39407988195307553s
Epoch[16/20 585/700] - Loss: 171.4048767090 - MSE: 171.06903 - batch_Time: 0.4001481949817389s
Epoch[16/20 586/700] - Loss: 155.0404968262 - MSE: 154.63631 - batch_Time: 0.39560674293898046s
Epoch[16/20 587/700] - Loss: 189.9418487549 - MSE: 189.57423 - batch_Time: 0.4100504079833627s
Epoch[16/20 588/700] - Loss: 120.1920700073 - MSE: 120.04916 - batch_Time: 0.40333816409111023s
Epoch[16/20 589/700] - Loss: 150.3874511719 - MSE: 150.05115 - batch_Time: 0.40293178893625736s
Epoch[16/20 590/700] - Loss: 141.7142028809 - MSE: 141.42471 - batch_Time: 0.40124424104578793s
Epoch[16/20 591/700] - Loss: 259.0775756836 - MSE: 258.81384 - batch_Time: 0.4088815429713577s
Epoch[16/20 592/700] - Loss: 184.9454650879 - MSE: 184.66783 - batch_Time: 0.4036957889329642s
Epoch[16/20 593/700] - Loss: 223.6683654785 - MSE: 223.25674 - batch_Time: 0.4050947220530361s
Epoch[16/20 594/700] - Loss: 234.9779052734 - MSE: 234.60130 - batch_Time: 0.4041241849772632s
Epoch[16/20 595/700] - Loss: 165.4567565918 - MSE: 165.21121 - batch_Time: 0.40219871886074543s
Epoch[16/20 596/700] - Loss: 146.3403167725 - MSE: 146.01913 - batch_Time: 0.40034564305096865s
Epoch[16/20 597/700] - Loss: 169.4661865234 - MSE: 169.15990 - batch_Time: 0.4005066098179668s
Epoch[16/20 598/700] - Loss: 208.4122161865 - MSE: 208.14587 - batch_Time: 0.4016423060093075s
Epoch[16/20 599/700] - Loss: 188.3484497070 - MSE: 187.97659 - batch_Time: 0.41098409704864025s
Epoch[16/20 600/700] - Loss: 176.4170074463 - MSE: 176.05299 - batch_Time: 0.40031726309098303s
Epoch[16/20 601/700] - Loss: 206.8021850586 - MSE: 206.37881 - batch_Time: 0.400876377010718s
Epoch[16/20 602/700] - Loss: 228.0152435303 - MSE: 227.61497 - batch_Time: 0.40714953606948256s
Epoch[16/20 603/700] - Loss: 168.4977416992 - MSE: 168.14755 - batch_Time: 0.39973415108397603s
Epoch[16/20 604/700] - Loss: 163.5208435059 - MSE: 163.20973 - batch_Time: 0.4034882339183241s
Epoch[16/20 605/700] - Loss: 112.5277709961 - MSE: 112.26981 - batch_Time: 0.40116295288316905s
Epoch[16/20 606/700] - Loss: 268.0805358887 - MSE: 267.52640 - batch_Time: 0.40329857589676976s
Epoch[16/20 607/700] - Loss: 156.4430694580 - MSE: 156.19568 - batch_Time: 0.3982396700885147s
Epoch[16/20 608/700] - Loss: 158.1911926270 - MSE: 157.89772 - batch_Time: 0.39754288899712265s
Epoch[16/20 609/700] - Loss: 117.3960571289 - MSE: 117.06614 - batch_Time: 0.3981027118861675s
Epoch[16/20 610/700] - Loss: 96.5071258545 - MSE: 96.33961 - batch_Time: 0.4012601221911609s
Epoch[16/20 611/700] - Loss: 141.9350738525 - MSE: 141.65048 - batch_Time: 0.399043409852311s
Epoch[16/20 612/700] - Loss: 140.5143585205 - MSE: 140.26566 - batch_Time: 0.4005412207916379s
Epoch[16/20 613/700] - Loss: 184.4174194336 - MSE: 184.16716 - batch_Time: 0.39710722491145134s
Epoch[16/20 614/700] - Loss: 224.0515594482 - MSE: 223.71631 - batch_Time: 0.3975595801603049s
Epoch[16/20 615/700] - Loss: 162.0072326660 - MSE: 161.70557 - batch_Time: 0.39887247304432094s
Epoch[16/20 616/700] - Loss: 170.1817932129 - MSE: 169.89766 - batch_Time: 0.39783631614409387s
Epoch[16/20 617/700] - Loss: 115.6981201172 - MSE: 115.50201 - batch_Time: 0.400202504824847s
Epoch[16/20 618/700] - Loss: 186.7018432617 - MSE: 186.39738 - batch_Time: 0.3983245100826025s
Epoch[16/20 619/700] - Loss: 135.2052764893 - MSE: 134.64168 - batch_Time: 0.39750555995851755s
Epoch[16/20 620/700] - Loss: 128.9230194092 - MSE: 128.50266 - batch_Time: 0.3990942200180143s
Epoch[16/20 621/700] - Loss: 158.0565338135 - MSE: 157.76451 - batch_Time: 0.40249843685887754s
Epoch[16/20 622/700] - Loss: 143.8618621826 - MSE: 143.48572 - batch_Time: 0.3957343529909849s
Epoch[16/20 623/700] - Loss: 200.7156524658 - MSE: 200.40671 - batch_Time: 0.3963983941357583s
Epoch[16/20 624/700] - Loss: 219.3567199707 - MSE: 219.13487 - batch_Time: 0.39707076479680836s
Epoch[16/20 625/700] - Loss: 165.3891754150 - MSE: 164.90352 - batch_Time: 0.3985735571477562s
Epoch[16/20 626/700] - Loss: 120.7378921509 - MSE: 120.54422 - batch_Time: 0.3977444681804627s
Epoch[16/20 627/700] - Loss: 166.8485565186 - MSE: 166.60980 - batch_Time: 0.3978946760762483s
Epoch[16/20 628/700] - Loss: 144.2017211914 - MSE: 143.96477 - batch_Time: 0.40757048199884593s
Epoch[16/20 629/700] - Loss: 241.0419616699 - MSE: 240.78740 - batch_Time: 0.39970379206351936s
Epoch[16/20 630/700] - Loss: 182.5367584229 - MSE: 182.26608 - batch_Time: 0.40170639706775546s
Epoch[16/20 631/700] - Loss: 202.7210998535 - MSE: 202.43367 - batch_Time: 0.39988745003938675s
Epoch[16/20 632/700] - Loss: 194.4810485840 - MSE: 194.05914 - batch_Time: 0.40153019898571074s
Epoch[16/20 633/700] - Loss: 96.1848144531 - MSE: 96.05025 - batch_Time: 0.40117685310542583s
Epoch[16/20 634/700] - Loss: 252.5066223145 - MSE: 251.83679 - batch_Time: 0.39693675795570016s
Epoch[16/20 635/700] - Loss: 171.5488891602 - MSE: 171.17683 - batch_Time: 0.3975861999206245s
Epoch[16/20 636/700] - Loss: 128.9256134033 - MSE: 128.68327 - batch_Time: 0.39752606116235256s
Epoch[16/20 637/700] - Loss: 169.7421417236 - MSE: 169.52939 - batch_Time: 0.40009701787494123s
Epoch[16/20 638/700] - Loss: 134.4242858887 - MSE: 134.09650 - batch_Time: 0.39863201696425676s
Epoch[16/20 639/700] - Loss: 153.0994110107 - MSE: 152.71051 - batch_Time: 0.40180899598635733s
Epoch[16/20 640/700] - Loss: 123.7674789429 - MSE: 123.51938 - batch_Time: 0.406132911099121s
Epoch[16/20 641/700] - Loss: 147.0632324219 - MSE: 146.76093 - batch_Time: 0.39527234993875027s
Epoch[16/20 642/700] - Loss: 119.2378692627 - MSE: 118.86853 - batch_Time: 0.39762631990015507s
Epoch[16/20 643/700] - Loss: 165.2140960693 - MSE: 164.85080 - batch_Time: 0.39602313097566366s
Epoch[16/20 644/700] - Loss: 138.7218780518 - MSE: 138.48428 - batch_Time: 0.39703255821950734s
Epoch[16/20 645/700] - Loss: 313.9897460938 - MSE: 313.55579 - batch_Time: 0.3974621631205082s
Epoch[16/20 646/700] - Loss: 177.8145751953 - MSE: 177.44617 - batch_Time: 0.3960567300673574s
Epoch[16/20 647/700] - Loss: 108.6117935181 - MSE: 108.19083 - batch_Time: 0.397174715064466s
Epoch[16/20 648/700] - Loss: 161.1012878418 - MSE: 160.80983 - batch_Time: 0.39688001899048686s
Epoch[16/20 649/700] - Loss: 216.9586639404 - MSE: 216.51762 - batch_Time: 0.3951983710285276s
Epoch[16/20 650/700] - Loss: 123.5794830322 - MSE: 123.21375 - batch_Time: 0.4000660290475935s
Epoch[16/20 651/700] - Loss: 114.0287628174 - MSE: 113.86509 - batch_Time: 0.3962621570099145s
Epoch[16/20 652/700] - Loss: 129.7628326416 - MSE: 129.50328 - batch_Time: 0.3990033429581672s
Epoch[16/20 653/700] - Loss: 185.5694732666 - MSE: 185.36859 - batch_Time: 0.3976308598648757s
Epoch[16/20 654/700] - Loss: 173.6640930176 - MSE: 173.33836 - batch_Time: 0.39773705904372036s
Epoch[16/20 655/700] - Loss: 171.5691833496 - MSE: 171.25037 - batch_Time: 0.39520584093406796s
Epoch[16/20 656/700] - Loss: 105.3514862061 - MSE: 105.11794 - batch_Time: 0.3947693968657404s
Epoch[16/20 657/700] - Loss: 117.6727676392 - MSE: 117.27659 - batch_Time: 0.3960011010058224s
Epoch[16/20 658/700] - Loss: 178.2332305908 - MSE: 177.98407 - batch_Time: 0.3962760369759053s
Epoch[16/20 659/700] - Loss: 107.9930343628 - MSE: 107.77287 - batch_Time: 0.3979313171003014s
Epoch[16/20 660/700] - Loss: 243.5293731689 - MSE: 243.24263 - batch_Time: 0.3962229678872973s
Epoch[16/20 661/700] - Loss: 194.8461151123 - MSE: 194.57286 - batch_Time: 0.4044218237977475s
Epoch[16/20 662/700] - Loss: 157.2628021240 - MSE: 156.99133 - batch_Time: 0.4010826360899955s
Epoch[16/20 663/700] - Loss: 134.0427551270 - MSE: 133.84987 - batch_Time: 0.4013180329930037s
Epoch[16/20 664/700] - Loss: 144.4269714355 - MSE: 144.27660 - batch_Time: 0.4041038278955966s
Epoch[16/20 665/700] - Loss: 230.8405303955 - MSE: 230.44623 - batch_Time: 0.3972212958615273s
Epoch[16/20 666/700] - Loss: 169.9697570801 - MSE: 169.63028 - batch_Time: 0.39646575483493507s
Epoch[16/20 667/700] - Loss: 138.0767822266 - MSE: 137.88223 - batch_Time: 0.3972250160295516s
Epoch[16/20 668/700] - Loss: 167.2478637695 - MSE: 167.02208 - batch_Time: 0.39633688796311617s
Epoch[16/20 669/700] - Loss: 192.2108154297 - MSE: 191.87621 - batch_Time: 0.40149941109120846s
Epoch[16/20 670/700] - Loss: 181.4078369141 - MSE: 180.97264 - batch_Time: 0.3966541539411992s
Epoch[16/20 671/700] - Loss: 154.5163116455 - MSE: 154.19524 - batch_Time: 0.39629702689126134s
Epoch[16/20 672/700] - Loss: 156.7972717285 - MSE: 156.54550 - batch_Time: 0.39857224910520017s
Epoch[16/20 673/700] - Loss: 174.2702636719 - MSE: 173.93729 - batch_Time: 0.39806822617538273s
Epoch[16/20 674/700] - Loss: 95.4275665283 - MSE: 95.16057 - batch_Time: 0.39541152003221214s
Epoch[16/20 675/700] - Loss: 234.3463134766 - MSE: 234.09923 - batch_Time: 0.39471586886793375s
Epoch[16/20 676/700] - Loss: 167.0601348877 - MSE: 166.81009 - batch_Time: 0.40120174596086144s
Epoch[16/20 677/700] - Loss: 187.6757659912 - MSE: 187.21190 - batch_Time: 0.4019003459252417s
Epoch[16/20 678/700] - Loss: 119.3739242554 - MSE: 119.14252 - batch_Time: 0.39389923913404346s
Epoch[16/20 679/700] - Loss: 185.3911285400 - MSE: 185.15759 - batch_Time: 0.4011795958504081s
Epoch[16/20 680/700] - Loss: 141.9748687744 - MSE: 141.56277 - batch_Time: 0.3930548301432282s
Epoch[16/20 681/700] - Loss: 168.3504333496 - MSE: 168.00761 - batch_Time: 0.39710030797868967s
Epoch[16/20 682/700] - Loss: 172.1629943848 - MSE: 171.76367 - batch_Time: 0.3966843141242862s
Epoch[16/20 683/700] - Loss: 136.1638031006 - MSE: 135.94846 - batch_Time: 0.3997883240226656s
Epoch[16/20 684/700] - Loss: 197.3150482178 - MSE: 196.97078 - batch_Time: 0.39712017797864974s
Epoch[16/20 685/700] - Loss: 204.0375061035 - MSE: 203.58121 - batch_Time: 0.39664023416116834s
Epoch[16/20 686/700] - Loss: 158.7613067627 - MSE: 158.54482 - batch_Time: 0.3958669740241021s
Epoch[16/20 687/700] - Loss: 151.9601440430 - MSE: 151.71976 - batch_Time: 0.39173579681664705s
Epoch[16/20 688/700] - Loss: 210.4506225586 - MSE: 210.13106 - batch_Time: 0.3953665099106729s
Epoch[16/20 689/700] - Loss: 132.3081359863 - MSE: 132.01740 - batch_Time: 0.3986070090904832s
Epoch[16/20 690/700] - Loss: 155.4848937988 - MSE: 155.18501 - batch_Time: 0.3952516720164567s
Epoch[16/20 691/700] - Loss: 225.6174163818 - MSE: 225.25252 - batch_Time: 0.39599212212488055s
Epoch[16/20 692/700] - Loss: 107.0627746582 - MSE: 106.72422 - batch_Time: 0.39218774205073714s
Epoch[16/20 693/700] - Loss: 159.1595458984 - MSE: 158.89783 - batch_Time: 0.39433175418525934s
Epoch[16/20 694/700] - Loss: 161.7785034180 - MSE: 161.44095 - batch_Time: 0.40088101010769606s
Epoch[16/20 695/700] - Loss: 241.7691345215 - MSE: 241.37643 - batch_Time: 0.3975290139205754s
Epoch[16/20 696/700] - Loss: 168.1717224121 - MSE: 167.68155 - batch_Time: 0.4037427438888699s
Epoch[16/20 697/700] - Loss: 172.7727050781 - MSE: 172.43246 - batch_Time: 0.4032382608857006s
Epoch[16/20 698/700] - Loss: 173.6599426270 - MSE: 173.23300 - batch_Time: 0.40357082593254745s
Epoch[16/20 699/700] - Loss: 151.1295013428 - MSE: 150.68167 - batch_Time: 0.3987284079194069s
Epoch[16] - 2021-08-06 22:43:59.162683
/hy-tmp/OURS/ttsr_dx/experiment.py:171: UserWarning: torch.nn.utils.clip_grad_norm is now deprecated in favor of torch.nn.utils.clip_grad_norm_.
  nn.utils.clip_grad_norm(self.model.parameters(), 1, norm_type=2)
Epoch[16- train_loss: 164.9011526162 - train_error: 164.5913838686 - val_loss: 62.9007911491 - val_error: 62.7676474476 - val_psnr: 30.4147116101 - val_ssim: 0.8199047526 - epoch_Time: 360.13994549494237s
Current learning rate: 1e-05
Epoch[17/20] - 2021-08-06 22:45:12.990889
Epoch[17/20 0/700] - Loss: 180.0333251953 - MSE: 179.52148 - batch_Time: 0.4106933129951358s
Epoch[17/20 1/700] - Loss: 153.0895690918 - MSE: 152.76370 - batch_Time: 0.3971944560762495s
Epoch[17/20 2/700] - Loss: 324.1934814453 - MSE: 323.87769 - batch_Time: 0.39228670694865286s
Epoch[17/20 3/700] - Loss: 124.0677490234 - MSE: 123.83466 - batch_Time: 0.38990084920078516s
Epoch[17/20 4/700] - Loss: 174.8121643066 - MSE: 174.60594 - batch_Time: 0.3929624289739877s
Epoch[17/20 5/700] - Loss: 414.4037475586 - MSE: 413.96857 - batch_Time: 0.3928890808019787s
Epoch[17/20 6/700] - Loss: 82.7405014038 - MSE: 82.51125 - batch_Time: 0.3893389960285276s
Epoch[17/20 7/700] - Loss: 85.5549774170 - MSE: 85.38520 - batch_Time: 0.39874332514591515s
Epoch[17/20 8/700] - Loss: 184.5036621094 - MSE: 184.14821 - batch_Time: 0.3930612290278077s
Epoch[17/20 9/700] - Loss: 97.0509796143 - MSE: 96.86256 - batch_Time: 0.39224460907280445s
Epoch[17/20 10/700] - Loss: 216.8714141846 - MSE: 216.59955 - batch_Time: 0.39502906310372055s
Epoch[17/20 11/700] - Loss: 99.7245254517 - MSE: 99.37357 - batch_Time: 0.3923505782149732s
Epoch[17/20 12/700] - Loss: 204.9339141846 - MSE: 204.47247 - batch_Time: 0.39823098201304674s
Epoch[17/20 13/700] - Loss: 144.2134704590 - MSE: 143.96790 - batch_Time: 0.39772879891097546s
Epoch[17/20 14/700] - Loss: 97.2979965210 - MSE: 97.15409 - batch_Time: 0.39788051694631577s
Epoch[17/20 15/700] - Loss: 169.3899993896 - MSE: 169.02197 - batch_Time: 0.3922057100571692s
Epoch[17/20 16/700] - Loss: 161.2571716309 - MSE: 160.98781 - batch_Time: 0.3948111061472446s
Epoch[17/20 17/700] - Loss: 133.8428955078 - MSE: 133.27725 - batch_Time: 0.39893080410547554s
Epoch[17/20 18/700] - Loss: 140.9050292969 - MSE: 140.53256 - batch_Time: 0.400055669946596s
Epoch[17/20 19/700] - Loss: 164.4274749756 - MSE: 164.12979 - batch_Time: 0.40018991800025105s
Epoch[17/20 20/700] - Loss: 149.4267272949 - MSE: 149.14719 - batch_Time: 0.39197801309637725s
Epoch[17/20 21/700] - Loss: 70.9549255371 - MSE: 70.72575 - batch_Time: 0.39403603598475456s
Epoch[17/20 22/700] - Loss: 182.8552856445 - MSE: 182.51186 - batch_Time: 0.397835138021037s
Epoch[17/20 23/700] - Loss: 144.0927581787 - MSE: 143.74124 - batch_Time: 0.3993510489817709s
Epoch[17/20 24/700] - Loss: 230.8698120117 - MSE: 230.20346 - batch_Time: 0.3957225240301341s
Epoch[17/20 25/700] - Loss: 141.4975128174 - MSE: 141.12598 - batch_Time: 0.3983208420686424s
Epoch[17/20 26/700] - Loss: 186.5972900391 - MSE: 186.29231 - batch_Time: 0.39846479007974267s
Epoch[17/20 27/700] - Loss: 188.2683105469 - MSE: 188.02740 - batch_Time: 0.3999028620310128s
Epoch[17/20 28/700] - Loss: 136.4759216309 - MSE: 136.08023 - batch_Time: 0.39271355397067964s
Epoch[17/20 29/700] - Loss: 88.3611602783 - MSE: 88.10363 - batch_Time: 0.3965916340239346s
Epoch[17/20 30/700] - Loss: 196.3662414551 - MSE: 196.12457 - batch_Time: 0.3981858941260725s
Epoch[17/20 31/700] - Loss: 116.9409637451 - MSE: 116.51063 - batch_Time: 0.39680961100384593s
Epoch[17/20 32/700] - Loss: 155.5475158691 - MSE: 155.28203 - batch_Time: 0.3903108541853726s
Epoch[17/20 33/700] - Loss: 155.2223510742 - MSE: 154.98834 - batch_Time: 0.3972275659907609s
Epoch[17/20 34/700] - Loss: 153.9205627441 - MSE: 153.59323 - batch_Time: 0.39088399708271027s
Epoch[17/20 35/700] - Loss: 196.3409118652 - MSE: 195.98036 - batch_Time: 0.395571367116645s
Epoch[17/20 36/700] - Loss: 148.5260467529 - MSE: 148.32951 - batch_Time: 0.39282584213651717s
Epoch[17/20 37/700] - Loss: 140.8663177490 - MSE: 140.58150 - batch_Time: 0.3956529260613024s
Epoch[17/20 38/700] - Loss: 173.7254333496 - MSE: 173.20335 - batch_Time: 0.3952216019388288s
Epoch[17/20 39/700] - Loss: 116.1256256104 - MSE: 115.72665 - batch_Time: 0.3995806761085987s
Epoch[17/20 40/700] - Loss: 191.9364624023 - MSE: 191.70197 - batch_Time: 0.39935155981220305s
Epoch[17/20 41/700] - Loss: 211.3618011475 - MSE: 211.13449 - batch_Time: 0.3946012288797647s
Epoch[17/20 42/700] - Loss: 172.9279022217 - MSE: 172.72505 - batch_Time: 0.39324662694707513s
Epoch[17/20 43/700] - Loss: 147.5728454590 - MSE: 147.31160 - batch_Time: 0.3981539548840374s
Epoch[17/20 44/700] - Loss: 208.0540313721 - MSE: 207.44949 - batch_Time: 0.3970768181607127s
Epoch[17/20 45/700] - Loss: 81.7336807251 - MSE: 81.58461 - batch_Time: 0.3940550768747926s
Epoch[17/20 46/700] - Loss: 102.6381988525 - MSE: 102.43513 - batch_Time: 0.3958958531729877s
Epoch[17/20 47/700] - Loss: 136.4773864746 - MSE: 136.12263 - batch_Time: 0.3942985241301358s
Epoch[17/20 48/700] - Loss: 189.1777801514 - MSE: 188.72490 - batch_Time: 0.40109589812345803s
Epoch[17/20 49/700] - Loss: 134.4070434570 - MSE: 134.11676 - batch_Time: 0.39772577094845474s
Epoch[17/20 50/700] - Loss: 193.6661071777 - MSE: 193.45853 - batch_Time: 0.39521486195735633s
Epoch[17/20 51/700] - Loss: 157.9146575928 - MSE: 157.50609 - batch_Time: 0.39595570298843086s
Epoch[17/20 52/700] - Loss: 173.4405670166 - MSE: 173.05681 - batch_Time: 0.39134989213198423s
Epoch[17/20 53/700] - Loss: 140.8782348633 - MSE: 140.59528 - batch_Time: 0.3974966530222446s
Epoch[17/20 54/700] - Loss: 216.0748596191 - MSE: 215.80051 - batch_Time: 0.3940747568849474s
Epoch[17/20 55/700] - Loss: 273.3187561035 - MSE: 272.97064 - batch_Time: 0.3981957051437348s
Epoch[17/20 56/700] - Loss: 210.0720520020 - MSE: 209.66959 - batch_Time: 0.40217909310013056s
Epoch[17/20 57/700] - Loss: 101.9590377808 - MSE: 101.78909 - batch_Time: 0.4011665580328554s
Epoch[17/20 58/700] - Loss: 194.9898834229 - MSE: 194.48737 - batch_Time: 0.39611731097102165s
Epoch[17/20 59/700] - Loss: 246.7628631592 - MSE: 246.42160 - batch_Time: 0.40240410109981894s
Epoch[17/20 60/700] - Loss: 186.5404205322 - MSE: 186.17259 - batch_Time: 0.3986330791376531s
Epoch[17/20 61/700] - Loss: 190.2040405273 - MSE: 189.92097 - batch_Time: 0.4066576270852238s
Epoch[17/20 62/700] - Loss: 109.6444244385 - MSE: 109.47131 - batch_Time: 0.4007710909936577s
Epoch[17/20 63/700] - Loss: 164.7225341797 - MSE: 164.44827 - batch_Time: 0.40104356897063553s
Epoch[17/20 64/700] - Loss: 159.3855895996 - MSE: 159.22836 - batch_Time: 0.4019605270586908s
Epoch[17/20 65/700] - Loss: 177.8712463379 - MSE: 177.59300 - batch_Time: 0.39934385009109974s
Epoch[17/20 66/700] - Loss: 144.6596527100 - MSE: 144.35156 - batch_Time: 0.4011974970344454s
Epoch[17/20 67/700] - Loss: 273.4327697754 - MSE: 272.79333 - batch_Time: 0.40229703299701214s
Epoch[17/20 68/700] - Loss: 152.3774871826 - MSE: 152.05452 - batch_Time: 0.40186463901773095s
Epoch[17/20 69/700] - Loss: 212.4076843262 - MSE: 212.16460 - batch_Time: 0.4014857430011034s
Epoch[17/20 70/700] - Loss: 215.2090148926 - MSE: 214.97365 - batch_Time: 0.4001314400229603s
Epoch[17/20 71/700] - Loss: 206.8665161133 - MSE: 206.48209 - batch_Time: 0.4001442699227482s
Epoch[17/20 72/700] - Loss: 170.5730285645 - MSE: 170.33362 - batch_Time: 0.40712201106362045s
Epoch[17/20 73/700] - Loss: 131.6867675781 - MSE: 131.44072 - batch_Time: 0.4087780511472374s
Epoch[17/20 74/700] - Loss: 242.6862487793 - MSE: 242.25456 - batch_Time: 0.4001422110013664s
Epoch[17/20 75/700] - Loss: 180.6095886230 - MSE: 180.32011 - batch_Time: 0.39361783396452665s
Epoch[17/20 76/700] - Loss: 167.5895080566 - MSE: 167.32083 - batch_Time: 0.39611233212053776s
Epoch[17/20 77/700] - Loss: 105.3853302002 - MSE: 105.20066 - batch_Time: 0.3999199529644102s
Epoch[17/20 78/700] - Loss: 85.6518554688 - MSE: 85.40459 - batch_Time: 0.39588172384537756s
Epoch[17/20 79/700] - Loss: 177.5472717285 - MSE: 177.25925 - batch_Time: 0.3953956118784845s
Epoch[17/20 80/700] - Loss: 177.3494415283 - MSE: 177.03145 - batch_Time: 0.3980982869397849s
Epoch[17/20 81/700] - Loss: 127.1629791260 - MSE: 126.91042 - batch_Time: 0.39613054203800857s
Epoch[17/20 82/700] - Loss: 71.7685470581 - MSE: 71.58502 - batch_Time: 0.3959061847999692s
Epoch[17/20 83/700] - Loss: 111.6811294556 - MSE: 111.49017 - batch_Time: 0.3945811609737575s
Epoch[17/20 84/700] - Loss: 122.4086608887 - MSE: 122.20505 - batch_Time: 0.393040391150862s
Epoch[17/20 85/700] - Loss: 265.5848083496 - MSE: 265.34198 - batch_Time: 0.39746571402065456s
Epoch[17/20 86/700] - Loss: 96.3762054443 - MSE: 96.08337 - batch_Time: 0.3945354921743274s
Epoch[17/20 87/700] - Loss: 235.5071258545 - MSE: 234.97043 - batch_Time: 0.3949145379010588s
Epoch[17/20 88/700] - Loss: 187.8973083496 - MSE: 187.71169 - batch_Time: 0.39963264809921384s
Epoch[17/20 89/700] - Loss: 250.3200683594 - MSE: 250.05124 - batch_Time: 0.3963853979948908s
Epoch[17/20 90/700] - Loss: 256.4666137695 - MSE: 255.98926 - batch_Time: 0.3931554399896413s
Epoch[17/20 91/700] - Loss: 155.3522338867 - MSE: 155.11966 - batch_Time: 0.3929854119196534s
Epoch[17/20 92/700] - Loss: 144.1779937744 - MSE: 143.82309 - batch_Time: 0.39395499881356955s
Epoch[17/20 93/700] - Loss: 174.1698913574 - MSE: 173.93051 - batch_Time: 0.3951084748841822s
Epoch[17/20 94/700] - Loss: 131.9330749512 - MSE: 131.68130 - batch_Time: 0.3932744590565562s
Epoch[17/20 95/700] - Loss: 196.8110504150 - MSE: 196.48424 - batch_Time: 0.3921011430211365s
Epoch[17/20 96/700] - Loss: 199.5178985596 - MSE: 199.18428 - batch_Time: 0.39529025205411017s
Epoch[17/20 97/700] - Loss: 160.9453125000 - MSE: 160.72311 - batch_Time: 0.39794000913389027s
Epoch[17/20 98/700] - Loss: 252.9056091309 - MSE: 252.60722 - batch_Time: 0.40180945093743503s
Epoch[17/20 99/700] - Loss: 92.0850601196 - MSE: 91.72904 - batch_Time: 0.40112626808695495s
Epoch[17/20 100/700] - Loss: 218.7484283447 - MSE: 218.47852 - batch_Time: 0.40025030891411006s
Epoch[17/20 101/700] - Loss: 158.7827453613 - MSE: 158.45392 - batch_Time: 0.4007890031207353s
Epoch[17/20 102/700] - Loss: 227.6547393799 - MSE: 227.37766 - batch_Time: 0.40124265803024173s
Epoch[17/20 103/700] - Loss: 206.0355682373 - MSE: 205.83914 - batch_Time: 0.40597423701547086s
Epoch[17/20 104/700] - Loss: 196.0111236572 - MSE: 195.73685 - batch_Time: 0.40134702692739666s
Epoch[17/20 105/700] - Loss: 124.9651641846 - MSE: 124.66966 - batch_Time: 0.400653364835307s
Epoch[17/20 106/700] - Loss: 149.3305206299 - MSE: 149.07191 - batch_Time: 0.39814447704702616s
Epoch[17/20 107/700] - Loss: 131.3046569824 - MSE: 130.93256 - batch_Time: 0.4028116869740188s
Epoch[17/20 108/700] - Loss: 124.0887756348 - MSE: 123.90837 - batch_Time: 0.4005632260814309s
Epoch[17/20 109/700] - Loss: 101.4123229980 - MSE: 101.25740 - batch_Time: 0.4018821099307388s
Epoch[17/20 110/700] - Loss: 148.9190979004 - MSE: 148.55989 - batch_Time: 0.40181822003796697s
Epoch[17/20 111/700] - Loss: 107.2381057739 - MSE: 106.82191 - batch_Time: 0.4069332447834313s
Epoch[17/20 112/700] - Loss: 165.8625946045 - MSE: 165.60591 - batch_Time: 0.40663714916445315s
Epoch[17/20 113/700] - Loss: 176.2790374756 - MSE: 175.87460 - batch_Time: 0.39837558404542506s
Epoch[17/20 114/700] - Loss: 86.0813369751 - MSE: 85.88976 - batch_Time: 0.39896993711590767s
Epoch[17/20 115/700] - Loss: 164.2725524902 - MSE: 163.95686 - batch_Time: 0.4062382138799876s
Epoch[17/20 116/700] - Loss: 168.6692199707 - MSE: 168.42810 - batch_Time: 0.39819192700088024s
Epoch[17/20 117/700] - Loss: 151.7000427246 - MSE: 151.50940 - batch_Time: 0.4037502561695874s
Epoch[17/20 118/700] - Loss: 187.9039306641 - MSE: 187.56900 - batch_Time: 0.40110029000788927s
Epoch[17/20 119/700] - Loss: 179.6196746826 - MSE: 179.43393 - batch_Time: 0.39637733018025756s
Epoch[17/20 120/700] - Loss: 166.3779144287 - MSE: 165.85910 - batch_Time: 0.39610313391312957s
Epoch[17/20 121/700] - Loss: 156.5469970703 - MSE: 156.13977 - batch_Time: 0.4031198739539832s
Epoch[17/20 122/700] - Loss: 231.1853637695 - MSE: 230.85910 - batch_Time: 0.4005416170693934s
Epoch[17/20 123/700] - Loss: 102.1683502197 - MSE: 101.87214 - batch_Time: 0.3966504370328039s
Epoch[17/20 124/700] - Loss: 88.6740112305 - MSE: 88.47913 - batch_Time: 0.39525371394120157s
Epoch[17/20 125/700] - Loss: 116.8366699219 - MSE: 116.54475 - batch_Time: 0.39668315602466464s
Epoch[17/20 126/700] - Loss: 162.6871185303 - MSE: 162.39301 - batch_Time: 0.3957555079832673s
Epoch[17/20 127/700] - Loss: 251.0064392090 - MSE: 250.69836 - batch_Time: 0.39481480908580124s
Epoch[17/20 128/700] - Loss: 158.8501892090 - MSE: 158.55913 - batch_Time: 0.39427418704144657s
Epoch[17/20 129/700] - Loss: 129.7634277344 - MSE: 129.46370 - batch_Time: 0.39804721903055906s
Epoch[17/20 130/700] - Loss: 109.6262588501 - MSE: 109.48103 - batch_Time: 0.39522480498999357s
Epoch[17/20 131/700] - Loss: 110.2947311401 - MSE: 110.16140 - batch_Time: 0.3959537660703063s
Epoch[17/20 132/700] - Loss: 278.5691528320 - MSE: 278.11151 - batch_Time: 0.39560059108771384s
Epoch[17/20 133/700] - Loss: 96.4755172729 - MSE: 96.14210 - batch_Time: 0.3949958879966289s
Epoch[17/20 134/700] - Loss: 78.2453155518 - MSE: 78.03755 - batch_Time: 0.3950146979186684s
Epoch[17/20 135/700] - Loss: 253.1592407227 - MSE: 252.68329 - batch_Time: 0.3958177571184933s
Epoch[17/20 136/700] - Loss: 203.4750671387 - MSE: 203.13332 - batch_Time: 0.3957034288905561s
Epoch[17/20 137/700] - Loss: 116.6679534912 - MSE: 116.42579 - batch_Time: 0.3948241111356765s
Epoch[17/20 138/700] - Loss: 142.1812744141 - MSE: 141.95123 - batch_Time: 0.3981398881878704s
Epoch[17/20 139/700] - Loss: 183.0255126953 - MSE: 182.51132 - batch_Time: 0.39590481691993773s
Epoch[17/20 140/700] - Loss: 130.2762756348 - MSE: 129.97896 - batch_Time: 0.3981113980989903s
Epoch[17/20 141/700] - Loss: 131.1349487305 - MSE: 130.97900 - batch_Time: 0.39558854000642896s
Epoch[17/20 142/700] - Loss: 165.2963714600 - MSE: 165.01157 - batch_Time: 0.3978738118894398s
Epoch[17/20 143/700] - Loss: 123.5387954712 - MSE: 123.29461 - batch_Time: 0.4005616980139166s
Epoch[17/20 144/700] - Loss: 201.3102264404 - MSE: 201.07034 - batch_Time: 0.39927819394506514s
Epoch[17/20 145/700] - Loss: 74.0060348511 - MSE: 73.85844 - batch_Time: 0.39758851495571434s
Epoch[17/20 146/700] - Loss: 203.2644958496 - MSE: 202.97870 - batch_Time: 0.3991566749755293s
Epoch[17/20 147/700] - Loss: 74.2815322876 - MSE: 74.07451 - batch_Time: 0.4011733599472791s
Epoch[17/20 148/700] - Loss: 129.0627136230 - MSE: 128.79207 - batch_Time: 0.40085338382050395s
Epoch[17/20 149/700] - Loss: 241.1854553223 - MSE: 240.92706 - batch_Time: 0.40060458704829216s
Epoch[17/20 150/700] - Loss: 131.4893341064 - MSE: 131.25085 - batch_Time: 0.39948539109900594s
Epoch[17/20 151/700] - Loss: 142.0979919434 - MSE: 141.74191 - batch_Time: 0.3997561279684305s
Epoch[17/20 152/700] - Loss: 140.4210510254 - MSE: 140.16843 - batch_Time: 0.39876259095035493s
Epoch[17/20 153/700] - Loss: 194.0537109375 - MSE: 193.67471 - batch_Time: 0.39884509914554656s
Epoch[17/20 154/700] - Loss: 115.3389129639 - MSE: 115.13410 - batch_Time: 0.40030805114656687s
Epoch[17/20 155/700] - Loss: 142.4811706543 - MSE: 142.24968 - batch_Time: 0.3980668599251658s
Epoch[17/20 156/700] - Loss: 139.5328063965 - MSE: 139.31387 - batch_Time: 0.39965867903083563s
Epoch[17/20 157/700] - Loss: 241.2960815430 - MSE: 240.85405 - batch_Time: 0.3942136988043785s
Epoch[17/20 158/700] - Loss: 209.4361114502 - MSE: 209.14743 - batch_Time: 0.4009716520085931s
Epoch[17/20 159/700] - Loss: 190.2350006104 - MSE: 189.98688 - batch_Time: 0.39572156011126935s
Epoch[17/20 160/700] - Loss: 88.7737579346 - MSE: 88.39647 - batch_Time: 0.4005671669729054s
Epoch[17/20 161/700] - Loss: 232.7182617188 - MSE: 232.43661 - batch_Time: 0.3941584201529622s
Epoch[17/20 162/700] - Loss: 179.7276916504 - MSE: 179.39317 - batch_Time: 0.4022132980171591s
Epoch[17/20 163/700] - Loss: 125.7388229370 - MSE: 125.53017 - batch_Time: 0.39518641703762114s
Epoch[17/20 164/700] - Loss: 193.5028686523 - MSE: 193.15143 - batch_Time: 0.4014167869463563s
Epoch[17/20 165/700] - Loss: 180.6877899170 - MSE: 180.34482 - batch_Time: 0.3953039951156825s
Epoch[17/20 166/700] - Loss: 181.4754180908 - MSE: 181.13689 - batch_Time: 0.4002967909909785s
Epoch[17/20 167/700] - Loss: 154.3793792725 - MSE: 154.09483 - batch_Time: 0.3935634670779109s
Epoch[17/20 168/700] - Loss: 95.0238800049 - MSE: 94.83662 - batch_Time: 0.3999654159415513s
Epoch[17/20 169/700] - Loss: 97.0633697510 - MSE: 96.86996 - batch_Time: 0.3965168499853462s
Epoch[17/20 170/700] - Loss: 180.5363464355 - MSE: 180.11096 - batch_Time: 0.39317886298522353s
Epoch[17/20 171/700] - Loss: 156.2433776855 - MSE: 155.97983 - batch_Time: 0.39877455099485815s
Epoch[17/20 172/700] - Loss: 214.9246368408 - MSE: 214.69389 - batch_Time: 0.3954640729352832s
Epoch[17/20 173/700] - Loss: 132.1434326172 - MSE: 131.92564 - batch_Time: 0.3943401069846004s
Epoch[17/20 174/700] - Loss: 76.3160247803 - MSE: 76.18416 - batch_Time: 0.3925571700092405s
Epoch[17/20 175/700] - Loss: 149.8462829590 - MSE: 149.48306 - batch_Time: 0.3971640111412853s
Epoch[17/20 176/700] - Loss: 129.3898773193 - MSE: 129.17853 - batch_Time: 0.3976671751588583s
Epoch[17/20 177/700] - Loss: 179.3966522217 - MSE: 179.01846 - batch_Time: 0.39394477289170027s
Epoch[17/20 178/700] - Loss: 157.4138641357 - MSE: 157.11343 - batch_Time: 0.39458789490163326s
Epoch[17/20 179/700] - Loss: 106.8336334229 - MSE: 106.56573 - batch_Time: 0.3930021550040692s
Epoch[17/20 180/700] - Loss: 200.2101593018 - MSE: 199.85519 - batch_Time: 0.394186558900401s
Epoch[17/20 181/700] - Loss: 206.8166046143 - MSE: 206.57033 - batch_Time: 0.39508421905338764s
Epoch[17/20 182/700] - Loss: 141.9554901123 - MSE: 141.66393 - batch_Time: 0.4022410870529711s
Epoch[17/20 183/700] - Loss: 190.5670928955 - MSE: 190.25380 - batch_Time: 0.3969320149626583s
Epoch[17/20 184/700] - Loss: 157.4063720703 - MSE: 156.96449 - batch_Time: 0.39564462192356586s
Epoch[17/20 185/700] - Loss: 150.4915924072 - MSE: 150.25572 - batch_Time: 0.40121005079708993s
Epoch[17/20 186/700] - Loss: 132.3818664551 - MSE: 132.03748 - batch_Time: 0.39884731103666127s
Epoch[17/20 187/700] - Loss: 140.0602416992 - MSE: 139.73686 - batch_Time: 0.4009644240140915s
Epoch[17/20 188/700] - Loss: 110.3726959229 - MSE: 110.25897 - batch_Time: 0.4012406310066581s
Epoch[17/20 189/700] - Loss: 236.7005310059 - MSE: 236.25916 - batch_Time: 0.39907081704586744s
Epoch[17/20 190/700] - Loss: 170.1406250000 - MSE: 169.90527 - batch_Time: 0.3952252061571926s
Epoch[17/20 191/700] - Loss: 148.0901031494 - MSE: 147.77005 - batch_Time: 0.39955003117211163s
Epoch[17/20 192/700] - Loss: 168.4753723145 - MSE: 168.05392 - batch_Time: 0.39598590694367886s
Epoch[17/20 193/700] - Loss: 138.6675567627 - MSE: 138.28751 - batch_Time: 0.40522503992542624s
Epoch[17/20 194/700] - Loss: 160.4813232422 - MSE: 160.09514 - batch_Time: 0.41146512096747756s
Epoch[17/20 195/700] - Loss: 229.2145996094 - MSE: 228.86414 - batch_Time: 0.39855727506801486s
Epoch[17/20 196/700] - Loss: 202.1221008301 - MSE: 201.81360 - batch_Time: 0.3933249111287296s
Epoch[17/20 197/700] - Loss: 199.6497192383 - MSE: 199.23694 - batch_Time: 0.3941785900387913s
Epoch[17/20 198/700] - Loss: 149.9965209961 - MSE: 149.62621 - batch_Time: 0.3980209310539067s
Epoch[17/20 199/700] - Loss: 115.8110656738 - MSE: 115.47787 - batch_Time: 0.40126345097087324s
Epoch[17/20 200/700] - Loss: 135.1487579346 - MSE: 134.92188 - batch_Time: 0.3957752399146557s
Epoch[17/20 201/700] - Loss: 109.1395416260 - MSE: 108.92425 - batch_Time: 0.3952868471387774s
Epoch[17/20 202/700] - Loss: 191.1362762451 - MSE: 190.81340 - batch_Time: 0.4073540319222957s
Epoch[17/20 203/700] - Loss: 214.3448486328 - MSE: 214.03683 - batch_Time: 0.40750552085228264s
Epoch[17/20 204/700] - Loss: 113.0936889648 - MSE: 112.85800 - batch_Time: 0.4020967490505427s
Epoch[17/20 205/700] - Loss: 183.2336578369 - MSE: 182.95303 - batch_Time: 0.4062558060977608s
Epoch[17/20 206/700] - Loss: 138.2490539551 - MSE: 138.08160 - batch_Time: 0.4049810830038041s
Epoch[17/20 207/700] - Loss: 108.9325027466 - MSE: 108.67757 - batch_Time: 0.4039049260318279s
Epoch[17/20 208/700] - Loss: 192.8848266602 - MSE: 192.61218 - batch_Time: 0.3985389450099319s
Epoch[17/20 209/700] - Loss: 144.2963256836 - MSE: 144.04016 - batch_Time: 0.4050182527862489s
Epoch[17/20 210/700] - Loss: 193.2318420410 - MSE: 193.00903 - batch_Time: 0.39899613009765744s
Epoch[17/20 211/700] - Loss: 187.9261627197 - MSE: 187.40669 - batch_Time: 0.4055003069806844s
Epoch[17/20 212/700] - Loss: 166.0745391846 - MSE: 165.88979 - batch_Time: 0.40335741406306624s
Epoch[17/20 213/700] - Loss: 241.9458312988 - MSE: 241.55588 - batch_Time: 0.4002845229115337s
Epoch[17/20 214/700] - Loss: 147.1002502441 - MSE: 146.91315 - batch_Time: 0.3992356669623405s
Epoch[17/20 215/700] - Loss: 105.6128311157 - MSE: 105.42628 - batch_Time: 0.39774078596383333s
Epoch[17/20 216/700] - Loss: 103.9663314819 - MSE: 103.71882 - batch_Time: 0.3987833329010755s
Epoch[17/20 217/700] - Loss: 183.3844909668 - MSE: 183.08743 - batch_Time: 0.39942411496303976s
Epoch[17/20 218/700] - Loss: 191.4789123535 - MSE: 191.23033 - batch_Time: 0.4019503118470311s
Epoch[17/20 219/700] - Loss: 110.8666915894 - MSE: 110.60646 - batch_Time: 0.40222957893274724s
Epoch[17/20 220/700] - Loss: 178.9539031982 - MSE: 178.64853 - batch_Time: 0.3986685739364475s
Epoch[17/20 221/700] - Loss: 251.0611114502 - MSE: 250.80127 - batch_Time: 0.39783631497994065s
Epoch[17/20 222/700] - Loss: 226.9871063232 - MSE: 226.57823 - batch_Time: 0.3982098500709981s
Epoch[17/20 223/700] - Loss: 226.1781005859 - MSE: 225.84937 - batch_Time: 0.40060414909385145s
Epoch[17/20 224/700] - Loss: 207.6518554688 - MSE: 207.25150 - batch_Time: 0.39963162201456726s
Epoch[17/20 225/700] - Loss: 157.7555847168 - MSE: 157.40115 - batch_Time: 0.3982429599855095s
Epoch[17/20 226/700] - Loss: 159.6525573730 - MSE: 159.42818 - batch_Time: 0.40243783593177795s
Epoch[17/20 227/700] - Loss: 157.7056884766 - MSE: 157.33844 - batch_Time: 0.3988826808054s
Epoch[17/20 228/700] - Loss: 205.1385955811 - MSE: 204.85693 - batch_Time: 0.4012753409333527s
Epoch[17/20 229/700] - Loss: 139.2116546631 - MSE: 138.88815 - batch_Time: 0.3934950199909508s
Epoch[17/20 230/700] - Loss: 213.3788452148 - MSE: 213.01846 - batch_Time: 0.401585407089442s
Epoch[17/20 231/700] - Loss: 212.8596191406 - MSE: 212.61061 - batch_Time: 0.39157398394308984s
Epoch[17/20 232/700] - Loss: 119.8532638550 - MSE: 119.68704 - batch_Time: 0.39431215007789433s
Epoch[17/20 233/700] - Loss: 179.1545562744 - MSE: 178.93129 - batch_Time: 0.3941133019980043s
Epoch[17/20 234/700] - Loss: 160.4634552002 - MSE: 160.06099 - batch_Time: 0.3937623370438814s
Epoch[17/20 235/700] - Loss: 128.5673217773 - MSE: 128.34322 - batch_Time: 0.39198552910238504s
Epoch[17/20 236/700] - Loss: 171.3362579346 - MSE: 171.08105 - batch_Time: 0.3940001328010112s
Epoch[17/20 237/700] - Loss: 228.8463897705 - MSE: 228.36998 - batch_Time: 0.3951810880098492s
Epoch[17/20 238/700] - Loss: 93.7850646973 - MSE: 93.66055 - batch_Time: 0.3945933768991381s
Epoch[17/20 239/700] - Loss: 316.5461730957 - MSE: 316.16760 - batch_Time: 0.3924212239217013s
Epoch[17/20 240/700] - Loss: 206.9448242188 - MSE: 206.72325 - batch_Time: 0.3934203318785876s
Epoch[17/20 241/700] - Loss: 143.9639892578 - MSE: 143.72937 - batch_Time: 0.39501978084445s
Epoch[17/20 242/700] - Loss: 219.5710144043 - MSE: 219.21649 - batch_Time: 0.40222423896193504s
Epoch[17/20 243/700] - Loss: 99.2280120850 - MSE: 99.12065 - batch_Time: 0.39349570986814797s
Epoch[17/20 244/700] - Loss: 242.0003662109 - MSE: 241.64621 - batch_Time: 0.39381666691042483s
Epoch[17/20 245/700] - Loss: 105.6496276855 - MSE: 105.42271 - batch_Time: 0.39356232015416026s
Epoch[17/20 246/700] - Loss: 130.7455444336 - MSE: 130.49510 - batch_Time: 0.39423108100891113s
Epoch[17/20 247/700] - Loss: 198.7684173584 - MSE: 198.50711 - batch_Time: 0.4015474980697036s
Epoch[17/20 248/700] - Loss: 106.4956665039 - MSE: 106.29420 - batch_Time: 0.39728814200498164s
Epoch[17/20 249/700] - Loss: 178.1343078613 - MSE: 177.88962 - batch_Time: 0.3964506739284843s
Epoch[17/20 250/700] - Loss: 208.0271911621 - MSE: 207.46750 - batch_Time: 0.3970574859995395s
Epoch[17/20 251/700] - Loss: 150.4091949463 - MSE: 150.18320 - batch_Time: 0.4038430489599705s
Epoch[17/20 252/700] - Loss: 96.4943389893 - MSE: 96.09915 - batch_Time: 0.4015859381761402s
Epoch[17/20 253/700] - Loss: 180.2886657715 - MSE: 179.76247 - batch_Time: 0.3962383270263672s
Epoch[17/20 254/700] - Loss: 162.4710693359 - MSE: 162.26062 - batch_Time: 0.40429219393990934s
Epoch[17/20 255/700] - Loss: 182.4100799561 - MSE: 182.05809 - batch_Time: 0.3949566320516169s
Epoch[17/20 256/700] - Loss: 215.5462951660 - MSE: 215.07950 - batch_Time: 0.3923018358182162s
Epoch[17/20 257/700] - Loss: 230.2746429443 - MSE: 229.73027 - batch_Time: 0.39548893505707383s
Epoch[17/20 258/700] - Loss: 123.3907470703 - MSE: 123.18241 - batch_Time: 0.40033234492875636s
Epoch[17/20 259/700] - Loss: 138.0563354492 - MSE: 137.76729 - batch_Time: 0.4005059520713985s
Epoch[17/20 260/700] - Loss: 131.1102294922 - MSE: 130.94356 - batch_Time: 0.40061923093162477s
Epoch[17/20 261/700] - Loss: 235.9505920410 - MSE: 235.68240 - batch_Time: 0.39716686494648457s
Epoch[17/20 262/700] - Loss: 250.0289459229 - MSE: 249.70842 - batch_Time: 0.39985491009429097s
Epoch[17/20 263/700] - Loss: 124.8932266235 - MSE: 124.46671 - batch_Time: 0.39590276102535427s
Epoch[17/20 264/700] - Loss: 128.8448028564 - MSE: 128.59474 - batch_Time: 0.40140521083958447s
Epoch[17/20 265/700] - Loss: 148.1991882324 - MSE: 148.01175 - batch_Time: 0.40084909787401557s
Epoch[17/20 266/700] - Loss: 115.2649459839 - MSE: 115.07992 - batch_Time: 0.39536058786325157s
Epoch[17/20 267/700] - Loss: 167.0243225098 - MSE: 166.65575 - batch_Time: 0.4044750118628144s
Epoch[17/20 268/700] - Loss: 127.0459747314 - MSE: 126.80173 - batch_Time: 0.3952088600490242s
Epoch[17/20 269/700] - Loss: 156.0659484863 - MSE: 155.76511 - batch_Time: 0.3941524629481137s
Epoch[17/20 270/700] - Loss: 163.7645874023 - MSE: 163.46695 - batch_Time: 0.39628877583891153s
Epoch[17/20 271/700] - Loss: 244.2058410645 - MSE: 243.88989 - batch_Time: 0.39694117684848607s
Epoch[17/20 272/700] - Loss: 235.4022979736 - MSE: 235.07649 - batch_Time: 0.40251646703109145s
Epoch[17/20 273/700] - Loss: 138.5402526855 - MSE: 138.36913 - batch_Time: 0.401067164959386s
Epoch[17/20 274/700] - Loss: 103.8862228394 - MSE: 103.74495 - batch_Time: 0.3949072537943721s
Epoch[17/20 275/700] - Loss: 170.7735900879 - MSE: 170.55658 - batch_Time: 0.3970129359513521s
Epoch[17/20 276/700] - Loss: 178.8932037354 - MSE: 178.53737 - batch_Time: 0.3958892421796918s
Epoch[17/20 277/700] - Loss: 278.9573364258 - MSE: 278.45038 - batch_Time: 0.3972574539948255s
Epoch[17/20 278/700] - Loss: 153.3654632568 - MSE: 153.06485 - batch_Time: 0.3969106590375304s
Epoch[17/20 279/700] - Loss: 100.7612457275 - MSE: 100.51197 - batch_Time: 0.40132453199476004s
Epoch[17/20 280/700] - Loss: 104.5542373657 - MSE: 104.28753 - batch_Time: 0.39660722203552723s
Epoch[17/20 281/700] - Loss: 135.0653686523 - MSE: 134.81685 - batch_Time: 0.39610707806423306s
Epoch[17/20 282/700] - Loss: 169.3665618896 - MSE: 168.99310 - batch_Time: 0.3963014460168779s
Epoch[17/20 283/700] - Loss: 129.1517944336 - MSE: 128.91623 - batch_Time: 0.3957061639521271s
Epoch[17/20 284/700] - Loss: 174.4963378906 - MSE: 174.21861 - batch_Time: 0.4077910799533129s
Epoch[17/20 285/700] - Loss: 174.4951782227 - MSE: 174.15933 - batch_Time: 0.40069707087241113s
Epoch[17/20 286/700] - Loss: 131.6977081299 - MSE: 131.44046 - batch_Time: 0.3997529929038137s
Epoch[17/20 287/700] - Loss: 153.9544677734 - MSE: 153.68860 - batch_Time: 0.39794599497690797s
Epoch[17/20 288/700] - Loss: 166.5256195068 - MSE: 166.20464 - batch_Time: 0.39971470297314227s
Epoch[17/20 289/700] - Loss: 164.4363403320 - MSE: 164.18314 - batch_Time: 0.40065868105739355s
Epoch[17/20 290/700] - Loss: 147.3717193604 - MSE: 146.85568 - batch_Time: 0.3983507410157472s
Epoch[17/20 291/700] - Loss: 208.2388610840 - MSE: 207.98891 - batch_Time: 0.3998158008325845s
Epoch[17/20 292/700] - Loss: 178.6360473633 - MSE: 178.30904 - batch_Time: 0.39511336106806993s
Epoch[17/20 293/700] - Loss: 142.1532287598 - MSE: 141.91864 - batch_Time: 0.402381838997826s
Epoch[17/20 294/700] - Loss: 129.1060791016 - MSE: 128.88158 - batch_Time: 0.393821788020432s
Epoch[17/20 295/700] - Loss: 201.2971801758 - MSE: 200.95276 - batch_Time: 0.39891999308019876s
Epoch[17/20 296/700] - Loss: 126.9291305542 - MSE: 126.70808 - batch_Time: 0.4009860570076853s
Epoch[17/20 297/700] - Loss: 98.9478988647 - MSE: 98.70407 - batch_Time: 0.40159256011247635s
Epoch[17/20 298/700] - Loss: 170.4248199463 - MSE: 170.04468 - batch_Time: 0.39519912120886147s
Epoch[17/20 299/700] - Loss: 178.9681549072 - MSE: 178.58821 - batch_Time: 0.3948804649990052s
Epoch[17/20 300/700] - Loss: 175.9269409180 - MSE: 175.69116 - batch_Time: 0.39232890703715384s
Epoch[17/20 301/700] - Loss: 173.3454437256 - MSE: 173.08963 - batch_Time: 0.3963913950137794s
Epoch[17/20 302/700] - Loss: 184.9565582275 - MSE: 184.69315 - batch_Time: 0.39498235285282135s
Epoch[17/20 303/700] - Loss: 147.4004974365 - MSE: 147.08435 - batch_Time: 0.39648535498417914s
Epoch[17/20 304/700] - Loss: 185.5747680664 - MSE: 185.08450 - batch_Time: 0.3940519050229341s
Epoch[17/20 305/700] - Loss: 115.6834793091 - MSE: 115.25007 - batch_Time: 0.3918531939852983s
Epoch[17/20 306/700] - Loss: 257.7835083008 - MSE: 257.46494 - batch_Time: 0.39410047489218414s
Epoch[17/20 307/700] - Loss: 135.1066894531 - MSE: 134.90952 - batch_Time: 0.40193569590337574s
Epoch[17/20 308/700] - Loss: 266.8882446289 - MSE: 266.55875 - batch_Time: 0.3958807319868356s
Epoch[17/20 309/700] - Loss: 217.6588287354 - MSE: 217.35284 - batch_Time: 0.397427782882005s
Epoch[17/20 310/700] - Loss: 201.6125640869 - MSE: 201.35910 - batch_Time: 0.3995834649540484s
Epoch[17/20 311/700] - Loss: 116.4799652100 - MSE: 116.24674 - batch_Time: 0.3941778130829334s
Epoch[17/20 312/700] - Loss: 84.4971313477 - MSE: 84.29956 - batch_Time: 0.3933580140583217s
Epoch[17/20 313/700] - Loss: 171.6010437012 - MSE: 171.16174 - batch_Time: 0.39292327989824116s
Epoch[17/20 314/700] - Loss: 142.3865509033 - MSE: 142.11743 - batch_Time: 0.39489215495996177s
Epoch[17/20 315/700] - Loss: 201.4550628662 - MSE: 201.13326 - batch_Time: 0.3945888190064579s
Epoch[17/20 316/700] - Loss: 159.4426269531 - MSE: 159.14101 - batch_Time: 0.39348383294418454s
Epoch[17/20 317/700] - Loss: 170.8946533203 - MSE: 170.59314 - batch_Time: 0.40099111711606383s
Epoch[17/20 318/700] - Loss: 178.9846343994 - MSE: 178.47763 - batch_Time: 0.39200393203645945s
Epoch[17/20 319/700] - Loss: 133.6042480469 - MSE: 133.27884 - batch_Time: 0.4031566600315273s
Epoch[17/20 320/700] - Loss: 183.6886901855 - MSE: 183.44708 - batch_Time: 0.3952983608469367s
Epoch[17/20 321/700] - Loss: 134.1473693848 - MSE: 133.93661 - batch_Time: 0.4021865630056709s
Epoch[17/20 322/700] - Loss: 188.4536437988 - MSE: 188.16779 - batch_Time: 0.39136643987149s
Epoch[17/20 323/700] - Loss: 139.8718109131 - MSE: 139.34677 - batch_Time: 0.3980043758638203s
Epoch[17/20 324/700] - Loss: 157.6722717285 - MSE: 157.43710 - batch_Time: 0.3994056780356914s
Epoch[17/20 325/700] - Loss: 158.5743103027 - MSE: 158.27802 - batch_Time: 0.4010612571146339s
Epoch[17/20 326/700] - Loss: 108.7183151245 - MSE: 108.45487 - batch_Time: 0.40351795591413975s
Epoch[17/20 327/700] - Loss: 238.4738769531 - MSE: 238.18201 - batch_Time: 0.3988160958979279s
Epoch[17/20 328/700] - Loss: 152.8112182617 - MSE: 152.56363 - batch_Time: 0.40218270220793784s
Epoch[17/20 329/700] - Loss: 90.7835693359 - MSE: 90.58109 - batch_Time: 0.4015405511017889s
Epoch[17/20 330/700] - Loss: 156.3224029541 - MSE: 155.87035 - batch_Time: 0.40317922993563116s
Epoch[17/20 331/700] - Loss: 135.3046722412 - MSE: 135.00163 - batch_Time: 0.40109769720584154s
Epoch[17/20 332/700] - Loss: 178.0826110840 - MSE: 177.76585 - batch_Time: 0.3993895680177957s
Epoch[17/20 333/700] - Loss: 124.1284408569 - MSE: 123.85718 - batch_Time: 0.3951309728436172s
Epoch[17/20 334/700] - Loss: 148.0509490967 - MSE: 147.74243 - batch_Time: 0.39838586119003594s
Epoch[17/20 335/700] - Loss: 121.5800857544 - MSE: 121.32457 - batch_Time: 0.3969509999733418s
Epoch[17/20 336/700] - Loss: 132.0853881836 - MSE: 131.75481 - batch_Time: 0.3991391519084573s
Epoch[17/20 337/700] - Loss: 96.8160858154 - MSE: 96.54157 - batch_Time: 0.39798806607723236s
Epoch[17/20 338/700] - Loss: 178.3656921387 - MSE: 178.05011 - batch_Time: 0.40304960194043815s
Epoch[17/20 339/700] - Loss: 113.0214385986 - MSE: 112.83102 - batch_Time: 0.39824880310334265s
Epoch[17/20 340/700] - Loss: 115.9869689941 - MSE: 115.78285 - batch_Time: 0.3999652110505849s
Epoch[17/20 341/700] - Loss: 127.6315841675 - MSE: 127.34781 - batch_Time: 0.3954820579383522s
Epoch[17/20 342/700] - Loss: 183.4497680664 - MSE: 183.22037 - batch_Time: 0.40221669315360487s
Epoch[17/20 343/700] - Loss: 183.0656738281 - MSE: 182.64294 - batch_Time: 0.40199643513187766s
Epoch[17/20 344/700] - Loss: 147.6979217529 - MSE: 147.52887 - batch_Time: 0.39696905901655555s
Epoch[17/20 345/700] - Loss: 90.4857482910 - MSE: 90.31802 - batch_Time: 0.3935199130792171s
Epoch[17/20 346/700] - Loss: 138.8937530518 - MSE: 138.58818 - batch_Time: 0.40530534414574504s
Epoch[17/20 347/700] - Loss: 105.3016815186 - MSE: 105.16852 - batch_Time: 0.3952995107974857s
Epoch[17/20 348/700] - Loss: 139.9814758301 - MSE: 139.70297 - batch_Time: 0.40473681106232107s
Epoch[17/20 349/700] - Loss: 129.3944854736 - MSE: 129.17511 - batch_Time: 0.3993439390324056s
Epoch[17/20 350/700] - Loss: 172.3669738770 - MSE: 171.92236 - batch_Time: 0.40029666712507606s
Epoch[17/20 351/700] - Loss: 192.0095062256 - MSE: 191.78690 - batch_Time: 0.4039704909082502s
Epoch[17/20 352/700] - Loss: 226.0396423340 - MSE: 225.69594 - batch_Time: 0.40063793305307627s
Epoch[17/20 353/700] - Loss: 137.5557250977 - MSE: 137.30821 - batch_Time: 0.4008055408485234s
Epoch[17/20 354/700] - Loss: 207.0877380371 - MSE: 206.86899 - batch_Time: 0.3970012089703232s
Epoch[17/20 355/700] - Loss: 114.6978454590 - MSE: 114.48962 - batch_Time: 0.39949367800727487s
Epoch[17/20 356/700] - Loss: 160.7917633057 - MSE: 160.40045 - batch_Time: 0.4006466520950198s
Epoch[17/20 357/700] - Loss: 230.7157592773 - MSE: 230.35579 - batch_Time: 0.4007143520284444s
Epoch[17/20 358/700] - Loss: 160.5750732422 - MSE: 160.20731 - batch_Time: 0.4012840648647398s
Epoch[17/20 359/700] - Loss: 178.9354248047 - MSE: 178.73801 - batch_Time: 0.40065742284059525s
Epoch[17/20 360/700] - Loss: 190.4984893799 - MSE: 190.26517 - batch_Time: 0.40334956906735897s
Epoch[17/20 361/700] - Loss: 194.0346069336 - MSE: 193.77519 - batch_Time: 0.4026036981958896s
Epoch[17/20 362/700] - Loss: 155.2581024170 - MSE: 155.05432 - batch_Time: 0.4000098609831184s
Epoch[17/20 363/700] - Loss: 143.4225616455 - MSE: 143.14906 - batch_Time: 0.4000673810951412s
Epoch[17/20 364/700] - Loss: 240.3078308105 - MSE: 239.69669 - batch_Time: 0.40251742908731103s
Epoch[17/20 365/700] - Loss: 115.6876220703 - MSE: 115.48094 - batch_Time: 0.40052823489531875s
Epoch[17/20 366/700] - Loss: 130.9381561279 - MSE: 130.64192 - batch_Time: 0.39496226515620947s
Epoch[17/20 367/700] - Loss: 156.9325866699 - MSE: 156.71042 - batch_Time: 0.40144066396169364s
Epoch[17/20 368/700] - Loss: 195.6986694336 - MSE: 195.31444 - batch_Time: 0.40084137092344463s
Epoch[17/20 369/700] - Loss: 72.2173919678 - MSE: 72.08287 - batch_Time: 0.3990487039554864s
Epoch[17/20 370/700] - Loss: 110.7276306152 - MSE: 110.53281 - batch_Time: 0.3982420938555151s
Epoch[17/20 371/700] - Loss: 140.9432067871 - MSE: 140.68848 - batch_Time: 0.4004549460951239s
Epoch[17/20 372/700] - Loss: 137.6021881104 - MSE: 137.22342 - batch_Time: 0.395944083109498s
Epoch[17/20 373/700] - Loss: 154.5069885254 - MSE: 154.32875 - batch_Time: 0.4022465229500085s
Epoch[17/20 374/700] - Loss: 187.4884948730 - MSE: 186.98163 - batch_Time: 0.39600149309262633s
Epoch[17/20 375/700] - Loss: 232.5520477295 - MSE: 232.03287 - batch_Time: 0.4012797558680177s
Epoch[17/20 376/700] - Loss: 163.5139465332 - MSE: 163.15807 - batch_Time: 0.3996418158058077s
Epoch[17/20 377/700] - Loss: 155.5356445312 - MSE: 155.37613 - batch_Time: 0.4014429938979447s
Epoch[17/20 378/700] - Loss: 127.6595306396 - MSE: 127.44411 - batch_Time: 0.40199437690898776s
Epoch[17/20 379/700] - Loss: 199.7266540527 - MSE: 199.48154 - batch_Time: 0.3990617939271033s
Epoch[17/20 380/700] - Loss: 159.8195648193 - MSE: 159.36707 - batch_Time: 0.3997995248064399s
Epoch[17/20 381/700] - Loss: 116.4752960205 - MSE: 116.14005 - batch_Time: 0.40203648596070707s
Epoch[17/20 382/700] - Loss: 99.5165863037 - MSE: 99.31888 - batch_Time: 0.3998207440599799s
Epoch[17/20 383/700] - Loss: 135.8144378662 - MSE: 135.60699 - batch_Time: 0.39972307486459613s
Epoch[17/20 384/700] - Loss: 123.6275558472 - MSE: 123.46048 - batch_Time: 0.39738319581374526s
Epoch[17/20 385/700] - Loss: 164.9188232422 - MSE: 164.66544 - batch_Time: 0.40087019093334675s
Epoch[17/20 386/700] - Loss: 118.6985855103 - MSE: 118.48769 - batch_Time: 0.39831224409863353s
Epoch[17/20 387/700] - Loss: 172.9621734619 - MSE: 172.48405 - batch_Time: 0.40102098882198334s
Epoch[17/20 388/700] - Loss: 119.8309860229 - MSE: 119.62074 - batch_Time: 0.4002626589499414s
Epoch[17/20 389/700] - Loss: 167.6667022705 - MSE: 167.34480 - batch_Time: 0.3952878718264401s
Epoch[17/20 390/700] - Loss: 152.0077209473 - MSE: 151.69078 - batch_Time: 0.401106147095561s
Epoch[17/20 391/700] - Loss: 177.3312377930 - MSE: 176.99832 - batch_Time: 0.3955980581231415s
Epoch[17/20 392/700] - Loss: 210.6092529297 - MSE: 210.13177 - batch_Time: 0.3961528909858316s
Epoch[17/20 393/700] - Loss: 211.5747680664 - MSE: 211.21776 - batch_Time: 0.3939663888886571s
Epoch[17/20 394/700] - Loss: 146.5514984131 - MSE: 146.20078 - batch_Time: 0.39596268301829696s
Epoch[17/20 395/700] - Loss: 178.0959472656 - MSE: 177.89792 - batch_Time: 0.3966729750391096s
Epoch[17/20 396/700] - Loss: 323.2334899902 - MSE: 322.48730 - batch_Time: 0.3962645591236651s
Epoch[17/20 397/700] - Loss: 148.3573455811 - MSE: 147.99792 - batch_Time: 0.40103003894910216s
Epoch[17/20 398/700] - Loss: 146.9483947754 - MSE: 146.71873 - batch_Time: 0.3965289779007435s
Epoch[17/20 399/700] - Loss: 142.9978637695 - MSE: 142.74709 - batch_Time: 0.39966573705896735s
Epoch[17/20 400/700] - Loss: 170.6256103516 - MSE: 170.37097 - batch_Time: 0.3984426320530474s
Epoch[17/20 401/700] - Loss: 93.9296264648 - MSE: 93.62494 - batch_Time: 0.4019436379894614s
Epoch[17/20 402/700] - Loss: 70.4950027466 - MSE: 70.35645 - batch_Time: 0.3957297469023615s
Epoch[17/20 403/700] - Loss: 119.4181060791 - MSE: 118.91930 - batch_Time: 0.40257201017811894s
Epoch[17/20 404/700] - Loss: 129.1000518799 - MSE: 128.81396 - batch_Time: 0.39943469990976155s
Epoch[17/20 405/700] - Loss: 53.6207504272 - MSE: 53.50513 - batch_Time: 0.3989526859950274s
Epoch[17/20 406/700] - Loss: 183.6123199463 - MSE: 183.24551 - batch_Time: 0.399900064105168s
Epoch[17/20 407/700] - Loss: 170.0835418701 - MSE: 169.63266 - batch_Time: 0.4006258740555495s
Epoch[17/20 408/700] - Loss: 175.5847473145 - MSE: 175.18071 - batch_Time: 0.40587727702222764s
Epoch[17/20 409/700] - Loss: 168.6098175049 - MSE: 168.42746 - batch_Time: 0.3952894320245832s
Epoch[17/20 410/700] - Loss: 208.1741790771 - MSE: 207.91023 - batch_Time: 0.399777065962553s
Epoch[17/20 411/700] - Loss: 193.6217041016 - MSE: 193.16954 - batch_Time: 0.39769315207377076s
Epoch[17/20 412/700] - Loss: 195.0954895020 - MSE: 194.77940 - batch_Time: 0.3983712929766625s
Epoch[17/20 413/700] - Loss: 130.6474456787 - MSE: 130.50528 - batch_Time: 0.39300821209326386s
Epoch[17/20 414/700] - Loss: 82.5253753662 - MSE: 82.38494 - batch_Time: 0.3970403110142797s
Epoch[17/20 415/700] - Loss: 266.4302978516 - MSE: 265.86108 - batch_Time: 0.40057053486816585s
Epoch[17/20 416/700] - Loss: 206.3802185059 - MSE: 206.08000 - batch_Time: 0.4043247781228274s
Epoch[17/20 417/700] - Loss: 227.2825317383 - MSE: 226.93318 - batch_Time: 0.39800492906942964s
Epoch[17/20 418/700] - Loss: 219.8083953857 - MSE: 219.56299 - batch_Time: 0.40604199608787894s
Epoch[17/20 419/700] - Loss: 189.6415100098 - MSE: 189.30447 - batch_Time: 0.39588521607220173s
Epoch[17/20 420/700] - Loss: 248.6611633301 - MSE: 248.33754 - batch_Time: 0.3993200110271573s
Epoch[17/20 421/700] - Loss: 106.6460418701 - MSE: 106.44561 - batch_Time: 0.3966806149110198s
Epoch[17/20 422/700] - Loss: 139.0570983887 - MSE: 138.84767 - batch_Time: 0.39916264405474067s
Epoch[17/20 423/700] - Loss: 117.2087020874 - MSE: 116.92987 - batch_Time: 0.4027583380229771s
Epoch[17/20 424/700] - Loss: 164.8583221436 - MSE: 164.47754 - batch_Time: 0.4029392348602414s
Epoch[17/20 425/700] - Loss: 171.9344635010 - MSE: 171.69109 - batch_Time: 0.4022976839914918s
Epoch[17/20 426/700] - Loss: 180.8141632080 - MSE: 180.37430 - batch_Time: 0.4016469919588417s
Epoch[17/20 427/700] - Loss: 161.2539367676 - MSE: 161.01556 - batch_Time: 0.40135056688450277s
Epoch[17/20 428/700] - Loss: 189.5806427002 - MSE: 189.19055 - batch_Time: 0.4010035099927336s
Epoch[17/20 429/700] - Loss: 284.5518798828 - MSE: 284.23993 - batch_Time: 0.40282379696145654s
Epoch[17/20 430/700] - Loss: 154.9582366943 - MSE: 154.65250 - batch_Time: 0.4012844569515437s
Epoch[17/20 431/700] - Loss: 191.2260437012 - MSE: 190.87625 - batch_Time: 0.4026686497963965s
Epoch[17/20 432/700] - Loss: 202.5765533447 - MSE: 202.31895 - batch_Time: 0.40089619206264615s
Epoch[17/20 433/700] - Loss: 164.8552093506 - MSE: 164.64142 - batch_Time: 0.4001206618268043s
Epoch[17/20 434/700] - Loss: 213.2971191406 - MSE: 212.65265 - batch_Time: 0.40065184398554265s
Epoch[17/20 435/700] - Loss: 182.5383758545 - MSE: 182.26462 - batch_Time: 0.4008268020115793s
Epoch[17/20 436/700] - Loss: 169.8431243896 - MSE: 169.60121 - batch_Time: 0.4000247430521995s
Epoch[17/20 437/700] - Loss: 112.4635162354 - MSE: 112.26108 - batch_Time: 0.40075789391994476s
Epoch[17/20 438/700] - Loss: 107.9513473511 - MSE: 107.75001 - batch_Time: 0.4048362118192017s
Epoch[17/20 439/700] - Loss: 203.1837921143 - MSE: 202.81645 - batch_Time: 0.40288739604875445s
Epoch[17/20 440/700] - Loss: 143.2423400879 - MSE: 143.02301 - batch_Time: 0.40044405800290406s
Epoch[17/20 441/700] - Loss: 212.3499908447 - MSE: 211.89822 - batch_Time: 0.4000828319694847s
Epoch[17/20 442/700] - Loss: 183.4822998047 - MSE: 182.87315 - batch_Time: 0.4010166709776968s
Epoch[17/20 443/700] - Loss: 82.8564758301 - MSE: 82.62656 - batch_Time: 0.40073341503739357s
Epoch[17/20 444/700] - Loss: 167.8202209473 - MSE: 167.28636 - batch_Time: 0.400221262127161s
Epoch[17/20 445/700] - Loss: 256.2355957031 - MSE: 255.76549 - batch_Time: 0.4031349930446595s
Epoch[17/20 446/700] - Loss: 113.6366958618 - MSE: 113.39697 - batch_Time: 0.40008839196525514s
Epoch[17/20 447/700] - Loss: 233.6547393799 - MSE: 233.23305 - batch_Time: 0.3997213579714298s
Epoch[17/20 448/700] - Loss: 201.4100036621 - MSE: 201.05594 - batch_Time: 0.4007308839354664s
Epoch[17/20 449/700] - Loss: 173.8972778320 - MSE: 173.57986 - batch_Time: 0.40112616890110075s
Epoch[17/20 450/700] - Loss: 134.0398712158 - MSE: 133.82047 - batch_Time: 0.3986368509940803s
Epoch[17/20 451/700] - Loss: 252.0236206055 - MSE: 251.64835 - batch_Time: 0.3993564108386636s
Epoch[17/20 452/700] - Loss: 104.9984283447 - MSE: 104.77709 - batch_Time: 0.4005503368098289s
Epoch[17/20 453/700] - Loss: 228.3807525635 - MSE: 228.13876 - batch_Time: 0.40171612286940217s
Epoch[17/20 454/700] - Loss: 118.4194946289 - MSE: 118.22771 - batch_Time: 0.40050124819390476s
Epoch[17/20 455/700] - Loss: 202.9047241211 - MSE: 202.54506 - batch_Time: 0.39945267094299197s
Epoch[17/20 456/700] - Loss: 121.0997695923 - MSE: 120.77245 - batch_Time: 0.4011429101228714s
Epoch[17/20 457/700] - Loss: 163.2092285156 - MSE: 162.97960 - batch_Time: 0.39783753105439246s
Epoch[17/20 458/700] - Loss: 122.1759643555 - MSE: 121.88628 - batch_Time: 0.406769597902894s
Epoch[17/20 459/700] - Loss: 114.7413177490 - MSE: 114.39078 - batch_Time: 0.39866143092513084s
Epoch[17/20 460/700] - Loss: 163.1400146484 - MSE: 162.85544 - batch_Time: 0.3945659741293639s
Epoch[17/20 461/700] - Loss: 214.7944946289 - MSE: 214.53661 - batch_Time: 0.3987559999804944s
Epoch[17/20 462/700] - Loss: 181.5478668213 - MSE: 181.18277 - batch_Time: 0.39582796790637076s
Epoch[17/20 463/700] - Loss: 199.0361938477 - MSE: 198.59215 - batch_Time: 0.4002180518582463s
Epoch[17/20 464/700] - Loss: 118.6051635742 - MSE: 118.38483 - batch_Time: 0.3960187549237162s
Epoch[17/20 465/700] - Loss: 140.0902099609 - MSE: 139.77484 - batch_Time: 0.3955455310642719s
Epoch[17/20 466/700] - Loss: 92.0690460205 - MSE: 91.75529 - batch_Time: 0.3971847000066191s
Epoch[17/20 467/700] - Loss: 102.7689666748 - MSE: 102.54008 - batch_Time: 0.3964775090571493s
Epoch[17/20 468/700] - Loss: 116.8024597168 - MSE: 116.63917 - batch_Time: 0.40219406713731587s
Epoch[17/20 469/700] - Loss: 124.4376144409 - MSE: 124.14292 - batch_Time: 0.39729830785654485s
Epoch[17/20 470/700] - Loss: 193.1304016113 - MSE: 192.64487 - batch_Time: 0.4032982219941914s
Epoch[17/20 471/700] - Loss: 140.6104736328 - MSE: 140.43010 - batch_Time: 0.4009295830037445s
Epoch[17/20 472/700] - Loss: 181.5845031738 - MSE: 181.31129 - batch_Time: 0.4070361549966037s
Epoch[17/20 473/700] - Loss: 133.6911621094 - MSE: 133.50058 - batch_Time: 0.4012185491155833s
Epoch[17/20 474/700] - Loss: 94.0288696289 - MSE: 93.82556 - batch_Time: 0.400695885065943s
Epoch[17/20 475/700] - Loss: 155.2296752930 - MSE: 154.98390 - batch_Time: 0.40314972517080605s
Epoch[17/20 476/700] - Loss: 116.5737533569 - MSE: 116.38684 - batch_Time: 0.4001395229715854s
Epoch[17/20 477/700] - Loss: 136.1254882812 - MSE: 135.67741 - batch_Time: 0.39991457504220307s
Epoch[17/20 478/700] - Loss: 159.6360015869 - MSE: 159.39439 - batch_Time: 0.3996766689233482s
Epoch[17/20 479/700] - Loss: 63.9612159729 - MSE: 63.88673 - batch_Time: 0.3995274098124355s
Epoch[17/20 480/700] - Loss: 120.6973495483 - MSE: 120.44240 - batch_Time: 0.40353481005877256s
Epoch[17/20 481/700] - Loss: 129.7368011475 - MSE: 129.46483 - batch_Time: 0.40205239900387824s
Epoch[17/20 482/700] - Loss: 141.4980163574 - MSE: 141.26881 - batch_Time: 0.4004858590196818s
Epoch[17/20 483/700] - Loss: 138.4045562744 - MSE: 138.22539 - batch_Time: 0.415387948974967s
Epoch[17/20 484/700] - Loss: 89.1386184692 - MSE: 88.98608 - batch_Time: 0.40026308107189834s
Epoch[17/20 485/700] - Loss: 167.3533782959 - MSE: 166.99348 - batch_Time: 0.40129231894388795s
Epoch[17/20 486/700] - Loss: 383.8055725098 - MSE: 382.93945 - batch_Time: 0.39953847089782357s
Epoch[17/20 487/700] - Loss: 191.7403259277 - MSE: 191.46277 - batch_Time: 0.4010080420412123s
Epoch[17/20 488/700] - Loss: 130.9233093262 - MSE: 130.52217 - batch_Time: 0.40050182887353003s
Epoch[17/20 489/700] - Loss: 206.2608489990 - MSE: 205.93489 - batch_Time: 0.40053145796991885s
Epoch[17/20 490/700] - Loss: 106.6291275024 - MSE: 106.48241 - batch_Time: 0.4008194049820304s
Epoch[17/20 491/700] - Loss: 141.6713562012 - MSE: 141.31459 - batch_Time: 0.4022075170651078s
Epoch[17/20 492/700] - Loss: 213.7595520020 - MSE: 213.40288 - batch_Time: 0.40070503600873053s
Epoch[17/20 493/700] - Loss: 128.8446655273 - MSE: 128.60254 - batch_Time: 0.4032802830915898s
Epoch[17/20 494/700] - Loss: 192.7338562012 - MSE: 192.43135 - batch_Time: 0.4006112169008702s
Epoch[17/20 495/700] - Loss: 171.6424865723 - MSE: 171.32352 - batch_Time: 0.40716540394350886s
Epoch[17/20 496/700] - Loss: 137.5260925293 - MSE: 137.18724 - batch_Time: 0.40065159695222974s
Epoch[17/20 497/700] - Loss: 132.4514007568 - MSE: 131.94800 - batch_Time: 0.4007152661215514s
Epoch[17/20 498/700] - Loss: 156.3713073730 - MSE: 156.07346 - batch_Time: 0.39690987509675324s
Epoch[17/20 499/700] - Loss: 132.1185302734 - MSE: 131.76006 - batch_Time: 0.39603687496855855s
Epoch[17/20 500/700] - Loss: 168.5574035645 - MSE: 168.11658 - batch_Time: 0.3943167570978403s
Epoch[17/20 501/700] - Loss: 154.8670043945 - MSE: 154.59288 - batch_Time: 0.3980626789852977s
Epoch[17/20 502/700] - Loss: 159.0654449463 - MSE: 158.88031 - batch_Time: 0.39506542799063027s
Epoch[17/20 503/700] - Loss: 161.2785339355 - MSE: 160.96507 - batch_Time: 0.40060650813393295s
Epoch[17/20 504/700] - Loss: 145.4310302734 - MSE: 145.16956 - batch_Time: 0.39694404415786266s
Epoch[17/20 505/700] - Loss: 122.1196212769 - MSE: 121.87599 - batch_Time: 0.396898744860664s
Epoch[17/20 506/700] - Loss: 195.1325988770 - MSE: 194.92798 - batch_Time: 0.3972221801523119s
Epoch[17/20 507/700] - Loss: 116.7227096558 - MSE: 116.51968 - batch_Time: 0.4020727991592139s
Epoch[17/20 508/700] - Loss: 121.3326950073 - MSE: 121.18597 - batch_Time: 0.40252166287973523s
Epoch[17/20 509/700] - Loss: 110.6076965332 - MSE: 110.38786 - batch_Time: 0.39969068905338645s
Epoch[17/20 510/700] - Loss: 264.8104553223 - MSE: 264.43167 - batch_Time: 0.40858074580319226s
Epoch[17/20 511/700] - Loss: 149.5333557129 - MSE: 149.28215 - batch_Time: 0.40203889994882047s
Epoch[17/20 512/700] - Loss: 278.2532348633 - MSE: 277.91141 - batch_Time: 0.39813836896792054s
Epoch[17/20 513/700] - Loss: 187.5980682373 - MSE: 187.32220 - batch_Time: 0.40053765778429806s
Epoch[17/20 514/700] - Loss: 123.9828033447 - MSE: 123.74713 - batch_Time: 0.40103063196875155s
Epoch[17/20 515/700] - Loss: 202.9741210938 - MSE: 202.70862 - batch_Time: 0.40029999194666743s
Epoch[17/20 516/700] - Loss: 253.3683929443 - MSE: 252.88242 - batch_Time: 0.40248187398537993s
Epoch[17/20 517/700] - Loss: 137.6229858398 - MSE: 137.36313 - batch_Time: 0.39982559788040817s
Epoch[17/20 518/700] - Loss: 200.9942169189 - MSE: 200.67224 - batch_Time: 0.40327626396901906s
Epoch[17/20 519/700] - Loss: 226.0468444824 - MSE: 225.51117 - batch_Time: 0.4013480378780514s
Epoch[17/20 520/700] - Loss: 214.4820251465 - MSE: 214.14563 - batch_Time: 0.39539294480346143s
Epoch[17/20 521/700] - Loss: 110.3578338623 - MSE: 110.07176 - batch_Time: 0.397768764058128s
Epoch[17/20 522/700] - Loss: 240.9716033936 - MSE: 240.54608 - batch_Time: 0.40032697189599276s
Epoch[17/20 523/700] - Loss: 174.0697021484 - MSE: 173.60297 - batch_Time: 0.4001897731795907s
Epoch[17/20 524/700] - Loss: 137.6499328613 - MSE: 137.24347 - batch_Time: 0.39677067706361413s
Epoch[17/20 525/700] - Loss: 143.3591156006 - MSE: 143.07466 - batch_Time: 0.3996650199405849s
Epoch[17/20 526/700] - Loss: 142.8633422852 - MSE: 142.64731 - batch_Time: 0.40001195599325s
Epoch[17/20 527/700] - Loss: 139.7971954346 - MSE: 139.59293 - batch_Time: 0.40309955598786473s
Epoch[17/20 528/700] - Loss: 218.9207000732 - MSE: 218.65384 - batch_Time: 0.3990686379838735s
Epoch[17/20 529/700] - Loss: 144.1300354004 - MSE: 143.99191 - batch_Time: 0.4036419899202883s
Epoch[17/20 530/700] - Loss: 202.3221435547 - MSE: 202.00906 - batch_Time: 0.40039637009613216s
Epoch[17/20 531/700] - Loss: 162.4516448975 - MSE: 162.24017 - batch_Time: 0.4058753608260304s
Epoch[17/20 532/700] - Loss: 189.5035552979 - MSE: 189.09186 - batch_Time: 0.40490477392449975s
Epoch[17/20 533/700] - Loss: 72.0138702393 - MSE: 71.72887 - batch_Time: 0.402901517925784s
Epoch[17/20 534/700] - Loss: 153.6907348633 - MSE: 153.31888 - batch_Time: 0.40521261910907924s
Epoch[17/20 535/700] - Loss: 115.9119110107 - MSE: 115.72359 - batch_Time: 0.3943686378188431s
Epoch[17/20 536/700] - Loss: 284.7410278320 - MSE: 284.25275 - batch_Time: 0.3968413369730115s
Epoch[17/20 537/700] - Loss: 176.5489959717 - MSE: 176.16537 - batch_Time: 0.3965058298781514s
Epoch[17/20 538/700] - Loss: 177.5609588623 - MSE: 177.33846 - batch_Time: 0.40066921804100275s
Epoch[17/20 539/700] - Loss: 159.8620758057 - MSE: 159.50185 - batch_Time: 0.3966855579055846s
Epoch[17/20 540/700] - Loss: 193.3532714844 - MSE: 193.06252 - batch_Time: 0.39763388596475124s
Epoch[17/20 541/700] - Loss: 143.4497985840 - MSE: 143.15536 - batch_Time: 0.39992644800804555s
Epoch[17/20 542/700] - Loss: 154.3506317139 - MSE: 154.05760 - batch_Time: 0.4010589129757136s
Epoch[17/20 543/700] - Loss: 142.9928588867 - MSE: 142.79472 - batch_Time: 0.4007132269907743s
Epoch[17/20 544/700] - Loss: 197.4773101807 - MSE: 197.18170 - batch_Time: 0.3949585990048945s
Epoch[17/20 545/700] - Loss: 202.1378784180 - MSE: 201.87186 - batch_Time: 0.39339107112027705s
Epoch[17/20 546/700] - Loss: 88.4172821045 - MSE: 88.24173 - batch_Time: 0.3936769859865308s
Epoch[17/20 547/700] - Loss: 188.2010345459 - MSE: 187.65118 - batch_Time: 0.39519134792499244s
Epoch[17/20 548/700] - Loss: 93.1083831787 - MSE: 93.00410 - batch_Time: 0.39412649092264473s
Epoch[17/20 549/700] - Loss: 206.5000762939 - MSE: 206.01285 - batch_Time: 0.3941365999635309s
Epoch[17/20 550/700] - Loss: 199.8101501465 - MSE: 199.48962 - batch_Time: 0.4045283591840416s
Epoch[17/20 551/700] - Loss: 124.0034255981 - MSE: 123.71326 - batch_Time: 0.3999341072048992s
Epoch[17/20 552/700] - Loss: 90.4176330566 - MSE: 90.23438 - batch_Time: 0.3938619438558817s
Epoch[17/20 553/700] - Loss: 80.7076568604 - MSE: 80.46117 - batch_Time: 0.3982214389834553s
Epoch[17/20 554/700] - Loss: 108.3818054199 - MSE: 108.08675 - batch_Time: 0.39444759697653353s
Epoch[17/20 555/700] - Loss: 209.2474365234 - MSE: 208.75021 - batch_Time: 0.4018362038768828s
Epoch[17/20 556/700] - Loss: 134.0489196777 - MSE: 133.86334 - batch_Time: 0.40187662304379046s
Epoch[17/20 557/700] - Loss: 199.4177093506 - MSE: 199.05373 - batch_Time: 0.39334441092796624s
Epoch[17/20 558/700] - Loss: 111.5136413574 - MSE: 111.28899 - batch_Time: 0.39316255296580493s
Epoch[17/20 559/700] - Loss: 196.6857604980 - MSE: 196.39052 - batch_Time: 0.39500528993085027s
Epoch[17/20 560/700] - Loss: 93.9109954834 - MSE: 93.47747 - batch_Time: 0.3960929571185261s
Epoch[17/20 561/700] - Loss: 111.5445404053 - MSE: 111.38522 - batch_Time: 0.39969082083553076s
Epoch[17/20 562/700] - Loss: 264.3547058105 - MSE: 263.91321 - batch_Time: 0.3955724728293717s
Epoch[17/20 563/700] - Loss: 299.5095214844 - MSE: 299.01956 - batch_Time: 0.39458396495319903s
Epoch[17/20 564/700] - Loss: 171.5919494629 - MSE: 171.27267 - batch_Time: 0.3939533540979028s
Epoch[17/20 565/700] - Loss: 261.4044494629 - MSE: 260.84976 - batch_Time: 0.3951196789275855s
Epoch[17/20 566/700] - Loss: 163.7190551758 - MSE: 163.32471 - batch_Time: 0.4016072361264378s
Epoch[17/20 567/700] - Loss: 114.1929016113 - MSE: 113.93341 - batch_Time: 0.4001427050679922s
Epoch[17/20 568/700] - Loss: 123.3531570435 - MSE: 123.18132 - batch_Time: 0.3988509720657021s
Epoch[17/20 569/700] - Loss: 101.7351913452 - MSE: 101.42405 - batch_Time: 0.40058172889985144s
Epoch[17/20 570/700] - Loss: 109.7315826416 - MSE: 109.56945 - batch_Time: 0.3975292881950736s
Epoch[17/20 571/700] - Loss: 173.8092956543 - MSE: 173.50873 - batch_Time: 0.3990259589627385s
Epoch[17/20 572/700] - Loss: 208.1239776611 - MSE: 207.68323 - batch_Time: 0.39471326395869255s
Epoch[17/20 573/700] - Loss: 225.4647369385 - MSE: 225.01985 - batch_Time: 0.39851082605309784s
Epoch[17/20 574/700] - Loss: 123.4911499023 - MSE: 123.29381 - batch_Time: 0.3949785400182009s
Epoch[17/20 575/700] - Loss: 177.6647338867 - MSE: 177.37025 - batch_Time: 0.40185461402870715s
Epoch[17/20 576/700] - Loss: 136.3574676514 - MSE: 136.09721 - batch_Time: 0.39472623402252793s
Epoch[17/20 577/700] - Loss: 144.3376922607 - MSE: 144.05469 - batch_Time: 0.4029974490404129s
Epoch[17/20 578/700] - Loss: 96.4846038818 - MSE: 96.32066 - batch_Time: 0.40116632310673594s
Epoch[17/20 579/700] - Loss: 128.4425048828 - MSE: 128.11238 - batch_Time: 0.3995548828970641s
Epoch[17/20 580/700] - Loss: 116.6085586548 - MSE: 116.43967 - batch_Time: 0.4032489759847522s
Epoch[17/20 581/700] - Loss: 121.9760437012 - MSE: 121.70153 - batch_Time: 0.3993216259405017s
Epoch[17/20 582/700] - Loss: 115.4230117798 - MSE: 115.23270 - batch_Time: 0.4020588011480868s
Epoch[17/20 583/700] - Loss: 138.1002960205 - MSE: 137.90077 - batch_Time: 0.4002623441629112s
Epoch[17/20 584/700] - Loss: 132.0014343262 - MSE: 131.70105 - batch_Time: 0.3991072690114379s
Epoch[17/20 585/700] - Loss: 138.7107849121 - MSE: 138.26051 - batch_Time: 0.39704582490958273s
Epoch[17/20 586/700] - Loss: 140.2219085693 - MSE: 139.92188 - batch_Time: 0.40366160101257265s
Epoch[17/20 587/700] - Loss: 228.5916900635 - MSE: 228.10519 - batch_Time: 0.4015379080083221s
Epoch[17/20 588/700] - Loss: 114.3875122070 - MSE: 114.19566 - batch_Time: 0.40207665087655187s
Epoch[17/20 589/700] - Loss: 254.8585662842 - MSE: 254.44505 - batch_Time: 0.40047064097598195s
Epoch[17/20 590/700] - Loss: 153.2240600586 - MSE: 153.01859 - batch_Time: 0.40359121188521385s
Epoch[17/20 591/700] - Loss: 109.2209777832 - MSE: 108.99030 - batch_Time: 0.4075909110251814s
Epoch[17/20 592/700] - Loss: 202.9483947754 - MSE: 202.60495 - batch_Time: 0.4036618899554014s
Epoch[17/20 593/700] - Loss: 113.4254684448 - MSE: 113.23891 - batch_Time: 0.3960633068345487s
Epoch[17/20 594/700] - Loss: 119.4144897461 - MSE: 119.13694 - batch_Time: 0.4034785439725965s
Epoch[17/20 595/700] - Loss: 113.1259689331 - MSE: 112.90809 - batch_Time: 0.3996187918819487s
Epoch[17/20 596/700] - Loss: 73.9497070312 - MSE: 73.72755 - batch_Time: 0.401203332003206s
Epoch[17/20 597/700] - Loss: 226.0097656250 - MSE: 225.62915 - batch_Time: 0.3991297490429133s
Epoch[17/20 598/700] - Loss: 214.1594390869 - MSE: 213.82532 - batch_Time: 0.3992847471963614s
Epoch[17/20 599/700] - Loss: 150.6379547119 - MSE: 150.45097 - batch_Time: 0.4026694241911173s
Epoch[17/20 600/700] - Loss: 177.1679077148 - MSE: 176.77524 - batch_Time: 0.40702309808693826s
Epoch[17/20 601/700] - Loss: 97.8234558105 - MSE: 97.52630 - batch_Time: 0.3964971408713609s
Epoch[17/20 602/700] - Loss: 101.8955764771 - MSE: 101.76871 - batch_Time: 0.4030401590280235s
Epoch[17/20 603/700] - Loss: 164.4046630859 - MSE: 164.19652 - batch_Time: 0.39745067013427615s
Epoch[17/20 604/700] - Loss: 173.3387756348 - MSE: 173.13895 - batch_Time: 0.40545110893435776s
Epoch[17/20 605/700] - Loss: 143.0523529053 - MSE: 142.73376 - batch_Time: 0.4019061541184783s
Epoch[17/20 606/700] - Loss: 155.7740020752 - MSE: 155.43768 - batch_Time: 0.3975801288615912s
Epoch[17/20 607/700] - Loss: 160.9165039062 - MSE: 160.62392 - batch_Time: 0.40040823188610375s
Epoch[17/20 608/700] - Loss: 143.6435241699 - MSE: 143.36198 - batch_Time: 0.39737393986433744s
Epoch[17/20 609/700] - Loss: 179.7635498047 - MSE: 179.47252 - batch_Time: 0.400487711885944s
Epoch[17/20 610/700] - Loss: 166.0843811035 - MSE: 165.72559 - batch_Time: 0.39797173300758004s
Epoch[17/20 611/700] - Loss: 128.6331939697 - MSE: 128.32562 - batch_Time: 0.39587791985832155s
Epoch[17/20 612/700] - Loss: 147.4350280762 - MSE: 147.02393 - batch_Time: 0.40561550692655146s
Epoch[17/20 613/700] - Loss: 102.1603698730 - MSE: 101.81859 - batch_Time: 0.3985714560840279s
Epoch[17/20 614/700] - Loss: 100.3204498291 - MSE: 100.18098 - batch_Time: 0.3980791321955621s
Epoch[17/20 615/700] - Loss: 140.1684875488 - MSE: 139.79213 - batch_Time: 0.4023382880259305s
Epoch[17/20 616/700] - Loss: 150.5725860596 - MSE: 150.30103 - batch_Time: 0.4043064930010587s
Epoch[17/20 617/700] - Loss: 154.3001403809 - MSE: 153.75009 - batch_Time: 0.4024014580063522s
Epoch[17/20 618/700] - Loss: 168.8320770264 - MSE: 168.61916 - batch_Time: 0.40501239406876266s
Epoch[17/20 619/700] - Loss: 163.4331665039 - MSE: 162.98587 - batch_Time: 0.40035883290693164s
Epoch[17/20 620/700] - Loss: 156.0426330566 - MSE: 155.79430 - batch_Time: 0.3968886281363666s
Epoch[17/20 621/700] - Loss: 142.5028533936 - MSE: 142.25403 - batch_Time: 0.397808755049482s
Epoch[17/20 622/700] - Loss: 272.8512573242 - MSE: 272.38794 - batch_Time: 0.39724408299662173s
Epoch[17/20 623/700] - Loss: 106.7432556152 - MSE: 106.35992 - batch_Time: 0.39715101500041783s
Epoch[17/20 624/700] - Loss: 167.2804718018 - MSE: 166.99489 - batch_Time: 0.3984389069955796s
Epoch[17/20 625/700] - Loss: 139.6898956299 - MSE: 139.44415 - batch_Time: 0.3971497341990471s
Epoch[17/20 626/700] - Loss: 180.4686431885 - MSE: 180.18730 - batch_Time: 0.39977348200045526s
Epoch[17/20 627/700] - Loss: 192.5397949219 - MSE: 192.22960 - batch_Time: 0.40124955284409225s
Epoch[17/20 628/700] - Loss: 175.4448089600 - MSE: 175.06660 - batch_Time: 0.39956946414895356s
Epoch[17/20 629/700] - Loss: 212.8594055176 - MSE: 212.56596 - batch_Time: 0.39549038582481444s
Epoch[17/20 630/700] - Loss: 165.0652923584 - MSE: 164.76465 - batch_Time: 0.39626673609018326s
Epoch[17/20 631/700] - Loss: 164.6685485840 - MSE: 164.40088 - batch_Time: 0.39814765215851367s
Epoch[17/20 632/700] - Loss: 180.8011779785 - MSE: 180.58537 - batch_Time: 0.3950238819234073s
Epoch[17/20 633/700] - Loss: 133.8430023193 - MSE: 133.61623 - batch_Time: 0.39423855184577405s
Epoch[17/20 634/700] - Loss: 156.5301666260 - MSE: 156.18362 - batch_Time: 0.3953059681225568s
Epoch[17/20 635/700] - Loss: 150.9654846191 - MSE: 150.51466 - batch_Time: 0.3963545148726553s
Epoch[17/20 636/700] - Loss: 364.9605712891 - MSE: 364.56021 - batch_Time: 0.40041325404308736s
Epoch[17/20 637/700] - Loss: 163.7376098633 - MSE: 163.36884 - batch_Time: 0.3955555250868201s
Epoch[17/20 638/700] - Loss: 139.1842956543 - MSE: 138.87492 - batch_Time: 0.40061083110049367s
Epoch[17/20 639/700] - Loss: 139.5926818848 - MSE: 139.38448 - batch_Time: 0.3959267900791019s
Epoch[17/20 640/700] - Loss: 163.4801940918 - MSE: 163.04872 - batch_Time: 0.40381861012429s
Epoch[17/20 641/700] - Loss: 133.1230316162 - MSE: 132.87997 - batch_Time: 0.40067696990445256s
Epoch[17/20 642/700] - Loss: 172.3505554199 - MSE: 172.18399 - batch_Time: 0.3997580020222813s
Epoch[17/20 643/700] - Loss: 160.5328369141 - MSE: 160.24776 - batch_Time: 0.40031622420065105s
Epoch[17/20 644/700] - Loss: 93.7330245972 - MSE: 93.50615 - batch_Time: 0.40087238792330027s
Epoch[17/20 645/700] - Loss: 200.5798645020 - MSE: 200.36653 - batch_Time: 0.3995660038199276s
Epoch[17/20 646/700] - Loss: 148.6944580078 - MSE: 148.38083 - batch_Time: 0.3983322000131011s
Epoch[17/20 647/700] - Loss: 149.1127471924 - MSE: 148.87573 - batch_Time: 0.39832488005049527s
Epoch[17/20 648/700] - Loss: 210.1836547852 - MSE: 209.72211 - batch_Time: 0.396596672013402s
Epoch[17/20 649/700] - Loss: 309.8328552246 - MSE: 309.26779 - batch_Time: 0.4006788800470531s
Epoch[17/20 650/700] - Loss: 144.4192047119 - MSE: 143.99011 - batch_Time: 0.3972901531960815s
Epoch[17/20 651/700] - Loss: 165.6238403320 - MSE: 165.37549 - batch_Time: 0.40280379308387637s
Epoch[17/20 652/700] - Loss: 124.5358886719 - MSE: 124.28967 - batch_Time: 0.396022368920967s
Epoch[17/20 653/700] - Loss: 140.6069335938 - MSE: 140.42607 - batch_Time: 0.4012001531664282s
Epoch[17/20 654/700] - Loss: 136.7771911621 - MSE: 136.54973 - batch_Time: 0.39579905197024345s
Epoch[17/20 655/700] - Loss: 290.6751098633 - MSE: 290.24265 - batch_Time: 0.4006401600781828s
Epoch[17/20 656/700] - Loss: 258.3593750000 - MSE: 257.97446 - batch_Time: 0.4008569580037147s
Epoch[17/20 657/700] - Loss: 179.6111450195 - MSE: 179.32135 - batch_Time: 0.401687327073887s
Epoch[17/20 658/700] - Loss: 100.8813247681 - MSE: 100.43199 - batch_Time: 0.39743778109550476s
Epoch[17/20 659/700] - Loss: 101.9335784912 - MSE: 101.76312 - batch_Time: 0.3982160221785307s
Epoch[17/20 660/700] - Loss: 200.0590820312 - MSE: 199.85516 - batch_Time: 0.40050173294730484s
Epoch[17/20 661/700] - Loss: 146.7540740967 - MSE: 146.49417 - batch_Time: 0.39690948789939284s
Epoch[17/20 662/700] - Loss: 133.5922088623 - MSE: 133.26578 - batch_Time: 0.4004190629348159s
Epoch[17/20 663/700] - Loss: 201.5267028809 - MSE: 201.26263 - batch_Time: 0.4038402899168432s
Epoch[17/20 664/700] - Loss: 188.9342956543 - MSE: 188.66670 - batch_Time: 0.40387859009206295s
Epoch[17/20 665/700] - Loss: 251.5184936523 - MSE: 251.16603 - batch_Time: 0.39920290908776224s
Epoch[17/20 666/700] - Loss: 175.3962402344 - MSE: 175.13516 - batch_Time: 0.4011608639266342s
Epoch[17/20 667/700] - Loss: 149.2386016846 - MSE: 148.79977 - batch_Time: 0.40074533014558256s
Epoch[17/20 668/700] - Loss: 236.1373748779 - MSE: 235.67938 - batch_Time: 0.40371163189411163s
Epoch[17/20 669/700] - Loss: 254.6296691895 - MSE: 254.18794 - batch_Time: 0.40255618607625365s
Epoch[17/20 670/700] - Loss: 192.6635284424 - MSE: 192.29253 - batch_Time: 0.40022026700899005s
Epoch[17/20 671/700] - Loss: 234.1063537598 - MSE: 233.53081 - batch_Time: 0.40174033702351153s
Epoch[17/20 672/700] - Loss: 210.7329406738 - MSE: 210.28462 - batch_Time: 0.4020611031446606s
Epoch[17/20 673/700] - Loss: 226.8866729736 - MSE: 226.52832 - batch_Time: 0.4035176851321012s
Epoch[17/20 674/700] - Loss: 127.3369903564 - MSE: 127.14287 - batch_Time: 0.40119748399592936s
Epoch[17/20 675/700] - Loss: 227.4913330078 - MSE: 227.16791 - batch_Time: 0.4010384159628302s
Epoch[17/20 676/700] - Loss: 112.8813781738 - MSE: 112.67886 - batch_Time: 0.4028281338978559s
Epoch[17/20 677/700] - Loss: 193.4942474365 - MSE: 193.07759 - batch_Time: 0.40243811812251806s
Epoch[17/20 678/700] - Loss: 203.0090179443 - MSE: 202.76138 - batch_Time: 0.4014788009226322s
Epoch[17/20 679/700] - Loss: 201.8212890625 - MSE: 201.28784 - batch_Time: 0.4001292181201279s
Epoch[17/20 680/700] - Loss: 202.7246398926 - MSE: 202.31009 - batch_Time: 0.4027229438070208s
Epoch[17/20 681/700] - Loss: 113.8335494995 - MSE: 113.56310 - batch_Time: 0.40147787099704146s
Epoch[17/20 682/700] - Loss: 121.7279510498 - MSE: 121.46941 - batch_Time: 0.4025498970877379s
Epoch[17/20 683/700] - Loss: 117.5009231567 - MSE: 117.29745 - batch_Time: 0.4005564518738538s
Epoch[17/20 684/700] - Loss: 116.1093826294 - MSE: 115.92688 - batch_Time: 0.4018088767770678s
Epoch[17/20 685/700] - Loss: 228.0122070312 - MSE: 227.54041 - batch_Time: 0.40126448310911655s
Epoch[17/20 686/700] - Loss: 367.7498168945 - MSE: 367.17603 - batch_Time: 0.397545661078766s
Epoch[17/20 687/700] - Loss: 123.3048706055 - MSE: 122.84962 - batch_Time: 0.4025476479437202s
Epoch[17/20 688/700] - Loss: 138.9706878662 - MSE: 138.75604 - batch_Time: 0.3995612948201597s
Epoch[17/20 689/700] - Loss: 207.3974914551 - MSE: 206.99768 - batch_Time: 0.41218221513554454s
Epoch[17/20 690/700] - Loss: 92.3067398071 - MSE: 92.20097 - batch_Time: 0.4002004771027714s
Epoch[17/20 691/700] - Loss: 171.6656188965 - MSE: 171.41278 - batch_Time: 0.39823493314906955s
Epoch[17/20 692/700] - Loss: 154.5090332031 - MSE: 154.16357 - batch_Time: 0.40454726200550795s
Epoch[17/20 693/700] - Loss: 161.2557067871 - MSE: 160.77309 - batch_Time: 0.4038790899794549s
Epoch[17/20 694/700] - Loss: 155.8424377441 - MSE: 155.51788 - batch_Time: 0.4006834209430963s
Epoch[17/20 695/700] - Loss: 93.0629730225 - MSE: 92.75923 - batch_Time: 0.3997396619524807s
Epoch[17/20 696/700] - Loss: 140.0697326660 - MSE: 139.78804 - batch_Time: 0.39892822294496s
Epoch[17/20 697/700] - Loss: 244.9018096924 - MSE: 244.47992 - batch_Time: 0.39816367300227284s
Epoch[17/20 698/700] - Loss: 146.7452697754 - MSE: 146.42870 - batch_Time: 0.3993927368428558s
Epoch[17/20 699/700] - Loss: 174.5485382080 - MSE: 174.28769 - batch_Time: 0.3994035779032856s
Epoch[17] - 2021-08-06 22:50:04.257589
/hy-tmp/OURS/ttsr_dx/experiment.py:171: UserWarning: torch.nn.utils.clip_grad_norm is now deprecated in favor of torch.nn.utils.clip_grad_norm_.
  nn.utils.clip_grad_norm(self.model.parameters(), 1, norm_type=2)
Epoch[17- train_loss: 163.2916291646 - train_error: 162.9885229220 - val_loss: 61.2931497765 - val_error: 61.1623568249 - val_psnr: 30.5648307217 - val_ssim: 0.8216948248 - epoch_Time: 360.4530992601067s
Current learning rate: 1e-05
Epoch[18/20] - 2021-08-06 22:51:18.038298
Epoch[18/20 0/700] - Loss: 112.6212997437 - MSE: 112.42487 - batch_Time: 0.41034405189566314s
Epoch[18/20 1/700] - Loss: 202.8982086182 - MSE: 202.54567 - batch_Time: 0.3980329481419176s
Epoch[18/20 2/700] - Loss: 167.0360412598 - MSE: 166.78217 - batch_Time: 0.3923323710914701s
Epoch[18/20 3/700] - Loss: 177.0933837891 - MSE: 176.85638 - batch_Time: 0.39186699711717665s
Epoch[18/20 4/700] - Loss: 203.1769714355 - MSE: 202.86917 - batch_Time: 0.39467266108840704s
Epoch[18/20 5/700] - Loss: 123.4898834229 - MSE: 123.18688 - batch_Time: 0.3996929668355733s
Epoch[18/20 6/700] - Loss: 243.4583129883 - MSE: 243.20422 - batch_Time: 0.3930138919968158s
Epoch[18/20 7/700] - Loss: 132.9469299316 - MSE: 132.57022 - batch_Time: 0.3918076381087303s
Epoch[18/20 8/700] - Loss: 114.1655273438 - MSE: 113.72032 - batch_Time: 0.39754031505435705s
Epoch[18/20 9/700] - Loss: 125.0562515259 - MSE: 124.69431 - batch_Time: 0.3932384999934584s
Epoch[18/20 10/700] - Loss: 346.0727233887 - MSE: 345.65533 - batch_Time: 0.3954628009814769s
Epoch[18/20 11/700] - Loss: 173.6887207031 - MSE: 173.14407 - batch_Time: 0.3947628310415894s
Epoch[18/20 12/700] - Loss: 190.5625152588 - MSE: 190.25618 - batch_Time: 0.3993958020582795s
Epoch[18/20 13/700] - Loss: 178.8661651611 - MSE: 178.60611 - batch_Time: 0.39152600103989244s
Epoch[18/20 14/700] - Loss: 217.3727111816 - MSE: 217.07256 - batch_Time: 0.396312311058864s
Epoch[18/20 15/700] - Loss: 131.0523529053 - MSE: 130.75342 - batch_Time: 0.3936356238555163s
Epoch[18/20 16/700] - Loss: 201.6213226318 - MSE: 201.25667 - batch_Time: 0.39825740619562566s
Epoch[18/20 17/700] - Loss: 207.0067138672 - MSE: 206.73410 - batch_Time: 0.3931257911026478s
Epoch[18/20 18/700] - Loss: 277.9672851562 - MSE: 277.52979 - batch_Time: 0.39757463498972356s
Epoch[18/20 19/700] - Loss: 97.6039962769 - MSE: 97.42192 - batch_Time: 0.39124763500876725s
Epoch[18/20 20/700] - Loss: 286.5826416016 - MSE: 286.29388 - batch_Time: 0.3930358018260449s
Epoch[18/20 21/700] - Loss: 152.6115112305 - MSE: 152.29984 - batch_Time: 0.3929063039831817s
Epoch[18/20 22/700] - Loss: 229.8274078369 - MSE: 229.55472 - batch_Time: 0.3913556740153581s
Epoch[18/20 23/700] - Loss: 123.5472564697 - MSE: 123.33726 - batch_Time: 0.39335020794533193s
Epoch[18/20 24/700] - Loss: 153.5538940430 - MSE: 153.25438 - batch_Time: 0.3955570301041007s
Epoch[18/20 25/700] - Loss: 125.7900009155 - MSE: 125.53042 - batch_Time: 0.4021554170176387s
Epoch[18/20 26/700] - Loss: 160.1257324219 - MSE: 159.89247 - batch_Time: 0.3978979210369289s
Epoch[18/20 27/700] - Loss: 189.4559326172 - MSE: 189.08507 - batch_Time: 0.4020125479437411s
Epoch[18/20 28/700] - Loss: 257.7618408203 - MSE: 257.35815 - batch_Time: 0.4010298098437488s
Epoch[18/20 29/700] - Loss: 177.4922485352 - MSE: 177.11865 - batch_Time: 0.3998744650743902s
Epoch[18/20 30/700] - Loss: 129.3598327637 - MSE: 129.09079 - batch_Time: 0.3950180870015174s
Epoch[18/20 31/700] - Loss: 239.7423095703 - MSE: 239.47714 - batch_Time: 0.39333650888875127s
Epoch[18/20 32/700] - Loss: 179.3333740234 - MSE: 178.91174 - batch_Time: 0.39366042404435575s
Epoch[18/20 33/700] - Loss: 153.8842926025 - MSE: 153.67250 - batch_Time: 0.39427909604273736s
Epoch[18/20 34/700] - Loss: 111.8679351807 - MSE: 111.58228 - batch_Time: 0.39130222517997026s
Epoch[18/20 35/700] - Loss: 173.7988891602 - MSE: 173.54529 - batch_Time: 0.3947250209748745s
Epoch[18/20 36/700] - Loss: 177.9539489746 - MSE: 177.70615 - batch_Time: 0.3938300320878625s
Epoch[18/20 37/700] - Loss: 131.2327270508 - MSE: 130.96284 - batch_Time: 0.3973312168382108s
Epoch[18/20 38/700] - Loss: 187.1599121094 - MSE: 186.88216 - batch_Time: 0.3920581149868667s
Epoch[18/20 39/700] - Loss: 78.7199249268 - MSE: 78.55457 - batch_Time: 0.3949919380247593s
Epoch[18/20 40/700] - Loss: 178.8140563965 - MSE: 178.54280 - batch_Time: 0.3943462169263512s
Epoch[18/20 41/700] - Loss: 172.0009155273 - MSE: 171.56633 - batch_Time: 0.394141178810969s
Epoch[18/20 42/700] - Loss: 181.2513122559 - MSE: 180.93874 - batch_Time: 0.3925327491015196s
Epoch[18/20 43/700] - Loss: 252.6331481934 - MSE: 252.25703 - batch_Time: 0.39253800781443715s
Epoch[18/20 44/700] - Loss: 185.4448852539 - MSE: 185.20651 - batch_Time: 0.3934661569073796s
Epoch[18/20 45/700] - Loss: 167.8466796875 - MSE: 167.48691 - batch_Time: 0.39397825999185443s
Epoch[18/20 46/700] - Loss: 149.3888092041 - MSE: 149.00552 - batch_Time: 0.3982199269812554s
Epoch[18/20 47/700] - Loss: 165.2231903076 - MSE: 164.98541 - batch_Time: 0.39180308813229203s
Epoch[18/20 48/700] - Loss: 162.8593444824 - MSE: 162.56064 - batch_Time: 0.39331331895664334s
Epoch[18/20 49/700] - Loss: 354.9223327637 - MSE: 354.37762 - batch_Time: 0.40266576991416514s
Epoch[18/20 50/700] - Loss: 144.1313476562 - MSE: 143.95741 - batch_Time: 0.39840392395853996s
Epoch[18/20 51/700] - Loss: 98.0264739990 - MSE: 97.86291 - batch_Time: 0.39988419599831104s
Epoch[18/20 52/700] - Loss: 148.0532226562 - MSE: 147.75882 - batch_Time: 0.39733929792419076s
Epoch[18/20 53/700] - Loss: 193.4355773926 - MSE: 193.12946 - batch_Time: 0.3954736120067537s
Epoch[18/20 54/700] - Loss: 255.2129211426 - MSE: 254.71849 - batch_Time: 0.4015505949500948s
Epoch[18/20 55/700] - Loss: 140.7078247070 - MSE: 140.49966 - batch_Time: 0.3988354590255767s
Epoch[18/20 56/700] - Loss: 106.1762237549 - MSE: 105.93277 - batch_Time: 0.3972111898474395s
Epoch[18/20 57/700] - Loss: 250.3593750000 - MSE: 249.97536 - batch_Time: 0.3979171011596918s
Epoch[18/20 58/700] - Loss: 112.1123123169 - MSE: 111.87696 - batch_Time: 0.399301233002916s
Epoch[18/20 59/700] - Loss: 132.4123077393 - MSE: 132.11324 - batch_Time: 0.40022447193041444s
Epoch[18/20 60/700] - Loss: 157.3320770264 - MSE: 156.95905 - batch_Time: 0.3981860768981278s
Epoch[18/20 61/700] - Loss: 70.7776565552 - MSE: 70.60178 - batch_Time: 0.3964413800276816s
Epoch[18/20 62/700] - Loss: 117.9695816040 - MSE: 117.79180 - batch_Time: 0.39391115214675665s
Epoch[18/20 63/700] - Loss: 141.1846160889 - MSE: 140.96112 - batch_Time: 0.3980623090174049s
Epoch[18/20 64/700] - Loss: 206.7104492188 - MSE: 206.19925 - batch_Time: 0.3918648478575051s
Epoch[18/20 65/700] - Loss: 119.8219833374 - MSE: 119.41191 - batch_Time: 0.39424222707748413s
Epoch[18/20 66/700] - Loss: 135.1837615967 - MSE: 134.76552 - batch_Time: 0.39396519190631807s
Epoch[18/20 67/700] - Loss: 127.4819335938 - MSE: 127.22160 - batch_Time: 0.3945436638314277s
Epoch[18/20 68/700] - Loss: 163.3872833252 - MSE: 163.08176 - batch_Time: 0.3985709329135716s
Epoch[18/20 69/700] - Loss: 146.2274322510 - MSE: 145.91353 - batch_Time: 0.39294922398403287s
Epoch[18/20 70/700] - Loss: 152.8462982178 - MSE: 152.48860 - batch_Time: 0.39243738004006445s
Epoch[18/20 71/700] - Loss: 178.8878784180 - MSE: 178.54868 - batch_Time: 0.3977062329649925s
Epoch[18/20 72/700] - Loss: 155.6167602539 - MSE: 155.32669 - batch_Time: 0.39385125203989446s
Epoch[18/20 73/700] - Loss: 121.6273193359 - MSE: 121.47691 - batch_Time: 0.4027050109580159s
Epoch[18/20 74/700] - Loss: 204.3621215820 - MSE: 204.16475 - batch_Time: 0.39901869697496295s
Epoch[18/20 75/700] - Loss: 89.2308654785 - MSE: 88.99154 - batch_Time: 0.39809199911542237s
Epoch[18/20 76/700] - Loss: 138.9588623047 - MSE: 138.71011 - batch_Time: 0.39893091889098287s
Epoch[18/20 77/700] - Loss: 194.2758789062 - MSE: 193.91249 - batch_Time: 0.39488739985972643s
Epoch[18/20 78/700] - Loss: 139.1822662354 - MSE: 138.82954 - batch_Time: 0.39499733806587756s
Epoch[18/20 79/700] - Loss: 129.9486846924 - MSE: 129.54446 - batch_Time: 0.3985226738732308s
Epoch[18/20 80/700] - Loss: 228.1223602295 - MSE: 227.63632 - batch_Time: 0.39961551991291344s
Epoch[18/20 81/700] - Loss: 181.7754974365 - MSE: 181.36652 - batch_Time: 0.3995722201652825s
Epoch[18/20 82/700] - Loss: 135.7444458008 - MSE: 135.41338 - batch_Time: 0.3985987619962543s
Epoch[18/20 83/700] - Loss: 163.2211151123 - MSE: 162.99615 - batch_Time: 0.3946602731011808s
Epoch[18/20 84/700] - Loss: 171.7668762207 - MSE: 171.51443 - batch_Time: 0.39247948094271123s
Epoch[18/20 85/700] - Loss: 130.4270935059 - MSE: 130.10115 - batch_Time: 0.39604020584374666s
Epoch[18/20 86/700] - Loss: 196.4676818848 - MSE: 195.89688 - batch_Time: 0.3993523740209639s
Epoch[18/20 87/700] - Loss: 176.3579101562 - MSE: 175.95746 - batch_Time: 0.3944644450675696s
Epoch[18/20 88/700] - Loss: 135.3118591309 - MSE: 135.10431 - batch_Time: 0.40052929893136024s
Epoch[18/20 89/700] - Loss: 178.6325378418 - MSE: 178.30365 - batch_Time: 0.3983514760620892s
Epoch[18/20 90/700] - Loss: 192.0543823242 - MSE: 191.64975 - batch_Time: 0.39988326700404286s
Epoch[18/20 91/700] - Loss: 162.0687255859 - MSE: 161.71507 - batch_Time: 0.3950463579967618s
Epoch[18/20 92/700] - Loss: 132.1991424561 - MSE: 132.03586 - batch_Time: 0.3989082488697022s
Epoch[18/20 93/700] - Loss: 134.3219909668 - MSE: 133.91176 - batch_Time: 0.39964796998538077s
Epoch[18/20 94/700] - Loss: 166.9364624023 - MSE: 166.61427 - batch_Time: 0.3939110820647329s
Epoch[18/20 95/700] - Loss: 185.7931823730 - MSE: 185.35411 - batch_Time: 0.3916725411545485s
Epoch[18/20 96/700] - Loss: 151.0987701416 - MSE: 150.79091 - batch_Time: 0.3941651189234108s
Epoch[18/20 97/700] - Loss: 281.2327270508 - MSE: 280.97455 - batch_Time: 0.3953013950958848s
Epoch[18/20 98/700] - Loss: 186.4820556641 - MSE: 185.91333 - batch_Time: 0.4001241740770638s
Epoch[18/20 99/700] - Loss: 204.8351287842 - MSE: 204.41257 - batch_Time: 0.40238757501356304s
Epoch[18/20 100/700] - Loss: 124.0148468018 - MSE: 123.81030 - batch_Time: 0.4006142979487777s
Epoch[18/20 101/700] - Loss: 190.9681701660 - MSE: 190.61642 - batch_Time: 0.3958514081314206s
Epoch[18/20 102/700] - Loss: 196.7235107422 - MSE: 196.38817 - batch_Time: 0.3984080250374973s
Epoch[18/20 103/700] - Loss: 155.2774810791 - MSE: 154.98187 - batch_Time: 0.4072568630799651s
Epoch[18/20 104/700] - Loss: 226.7489318848 - MSE: 226.46597 - batch_Time: 0.39622599305585027s
Epoch[18/20 105/700] - Loss: 259.2355346680 - MSE: 258.95044 - batch_Time: 0.40016054385341704s
Epoch[18/20 106/700] - Loss: 131.1637268066 - MSE: 130.77232 - batch_Time: 0.39435297693125904s
Epoch[18/20 107/700] - Loss: 106.4553222656 - MSE: 106.33430 - batch_Time: 0.3992819651030004s
Epoch[18/20 108/700] - Loss: 144.5937500000 - MSE: 144.39786 - batch_Time: 0.3953404841013253s
Epoch[18/20 109/700] - Loss: 217.9100494385 - MSE: 217.68620 - batch_Time: 0.4088783029001206s
Epoch[18/20 110/700] - Loss: 159.1632995605 - MSE: 158.80702 - batch_Time: 0.4011516410391778s
Epoch[18/20 111/700] - Loss: 180.3726501465 - MSE: 180.03656 - batch_Time: 0.398853010032326s
Epoch[18/20 112/700] - Loss: 222.9932556152 - MSE: 222.60239 - batch_Time: 0.3996655000373721s
Epoch[18/20 113/700] - Loss: 93.6647796631 - MSE: 93.51189 - batch_Time: 0.39610401494428515s
Epoch[18/20 114/700] - Loss: 161.8199462891 - MSE: 161.45996 - batch_Time: 0.4066101419739425s
Epoch[18/20 115/700] - Loss: 151.7375488281 - MSE: 151.39189 - batch_Time: 0.4001813840586692s
Epoch[18/20 116/700] - Loss: 172.0706634521 - MSE: 171.82562 - batch_Time: 0.4002522628288716s
Epoch[18/20 117/700] - Loss: 98.3129806519 - MSE: 98.12703 - batch_Time: 0.39965626993216574s
Epoch[18/20 118/700] - Loss: 109.1624908447 - MSE: 108.90695 - batch_Time: 0.4026981610804796s
Epoch[18/20 119/700] - Loss: 161.8269042969 - MSE: 161.53531 - batch_Time: 0.40037224092520773s
Epoch[18/20 120/700] - Loss: 171.2333068848 - MSE: 170.97122 - batch_Time: 0.39930785400792956s
Epoch[18/20 121/700] - Loss: 144.9779663086 - MSE: 144.77725 - batch_Time: 0.3980514700524509s
Epoch[18/20 122/700] - Loss: 118.2566070557 - MSE: 118.02753 - batch_Time: 0.3999716758262366s
Epoch[18/20 123/700] - Loss: 133.9628143311 - MSE: 133.69017 - batch_Time: 0.40109562198631465s
Epoch[18/20 124/700] - Loss: 164.1288909912 - MSE: 163.90065 - batch_Time: 0.399242535000667s
Epoch[18/20 125/700] - Loss: 146.3923187256 - MSE: 146.17529 - batch_Time: 0.392829358112067s
Epoch[18/20 126/700] - Loss: 178.3483428955 - MSE: 177.83305 - batch_Time: 0.39541137404739857s
Epoch[18/20 127/700] - Loss: 323.8119506836 - MSE: 323.32568 - batch_Time: 0.4010910610668361s
Epoch[18/20 128/700] - Loss: 100.9542999268 - MSE: 100.70634 - batch_Time: 0.39616100513376296s
Epoch[18/20 129/700] - Loss: 151.2497863770 - MSE: 150.99078 - batch_Time: 0.3951496670488268s
Epoch[18/20 130/700] - Loss: 148.3319549561 - MSE: 148.17717 - batch_Time: 0.39526172587648034s
Epoch[18/20 131/700] - Loss: 199.3473052979 - MSE: 199.14853 - batch_Time: 0.3925660599488765s
Epoch[18/20 132/700] - Loss: 134.6767272949 - MSE: 134.38458 - batch_Time: 0.3952343058772385s
Epoch[18/20 133/700] - Loss: 176.1143798828 - MSE: 175.85303 - batch_Time: 0.3973362899851054s
Epoch[18/20 134/700] - Loss: 130.1548767090 - MSE: 129.97601 - batch_Time: 0.40005991514772177s
Epoch[18/20 135/700] - Loss: 294.7447814941 - MSE: 294.34708 - batch_Time: 0.3962875730358064s
Epoch[18/20 136/700] - Loss: 105.3066406250 - MSE: 105.02594 - batch_Time: 0.3963400130160153s
Epoch[18/20 137/700] - Loss: 126.6646270752 - MSE: 126.50074 - batch_Time: 0.3961289650760591s
Epoch[18/20 138/700] - Loss: 170.1405792236 - MSE: 169.83578 - batch_Time: 0.39347995910793543s
Epoch[18/20 139/700] - Loss: 163.2015686035 - MSE: 162.89915 - batch_Time: 0.39315261295996606s
Epoch[18/20 140/700] - Loss: 96.1562500000 - MSE: 95.84921 - batch_Time: 0.3989800689741969s
Epoch[18/20 141/700] - Loss: 193.1931915283 - MSE: 192.94604 - batch_Time: 0.40902046114206314s
Epoch[18/20 142/700] - Loss: 185.2639465332 - MSE: 184.94949 - batch_Time: 0.4013473892118782s
Epoch[18/20 143/700] - Loss: 191.9772338867 - MSE: 191.64830 - batch_Time: 0.4004189311526716s
Epoch[18/20 144/700] - Loss: 191.3650360107 - MSE: 190.93423 - batch_Time: 0.40099151292815804s
Epoch[18/20 145/700] - Loss: 184.4859771729 - MSE: 184.25012 - batch_Time: 0.3996872599236667s
Epoch[18/20 146/700] - Loss: 184.7325134277 - MSE: 184.38837 - batch_Time: 0.40101250307634473s
Epoch[18/20 147/700] - Loss: 103.7309188843 - MSE: 103.52836 - batch_Time: 0.4093933969270438s
Epoch[18/20 148/700] - Loss: 379.7578125000 - MSE: 379.10541 - batch_Time: 0.3989334099460393s
Epoch[18/20 149/700] - Loss: 224.8587341309 - MSE: 224.49930 - batch_Time: 0.3999154882039875s
Epoch[18/20 150/700] - Loss: 151.9366302490 - MSE: 151.35529 - batch_Time: 0.39894940005615354s
Epoch[18/20 151/700] - Loss: 237.6481323242 - MSE: 237.25871 - batch_Time: 0.3981743399053812s
Epoch[18/20 152/700] - Loss: 160.7785034180 - MSE: 160.48305 - batch_Time: 0.40082131582312286s
Epoch[18/20 153/700] - Loss: 159.8345947266 - MSE: 159.34045 - batch_Time: 0.40203102119266987s
Epoch[18/20 154/700] - Loss: 141.0537567139 - MSE: 140.58173 - batch_Time: 0.3946405539754778s
Epoch[18/20 155/700] - Loss: 152.4542083740 - MSE: 152.18730 - batch_Time: 0.39319364191032946s
Epoch[18/20 156/700] - Loss: 134.8289794922 - MSE: 134.41507 - batch_Time: 0.39334692107513547s
Epoch[18/20 157/700] - Loss: 118.1714553833 - MSE: 117.98482 - batch_Time: 0.3954385439865291s
Epoch[18/20 158/700] - Loss: 97.6780014038 - MSE: 97.50743 - batch_Time: 0.3984489559661597s
Epoch[18/20 159/700] - Loss: 179.6538085938 - MSE: 179.39905 - batch_Time: 0.3946692841127515s
Epoch[18/20 160/700] - Loss: 162.9339294434 - MSE: 162.51828 - batch_Time: 0.40146836801432073s
Epoch[18/20 161/700] - Loss: 146.2930908203 - MSE: 146.07054 - batch_Time: 0.3985749438870698s
Epoch[18/20 162/700] - Loss: 173.2559967041 - MSE: 172.98802 - batch_Time: 0.40133414906449616s
Epoch[18/20 163/700] - Loss: 112.4372329712 - MSE: 111.97337 - batch_Time: 0.39914446719922125s
Epoch[18/20 164/700] - Loss: 241.8588562012 - MSE: 241.47098 - batch_Time: 0.3992311561014503s
Epoch[18/20 165/700] - Loss: 157.2547607422 - MSE: 156.93744 - batch_Time: 0.40017813397571445s
Epoch[18/20 166/700] - Loss: 131.3363189697 - MSE: 131.04031 - batch_Time: 0.4013206900563091s
Epoch[18/20 167/700] - Loss: 72.4362792969 - MSE: 72.11967 - batch_Time: 0.3947742029558867s
Epoch[18/20 168/700] - Loss: 116.4108886719 - MSE: 116.26196 - batch_Time: 0.3983086380176246s
Epoch[18/20 169/700] - Loss: 209.8667602539 - MSE: 209.42508 - batch_Time: 0.39818850881420076s
Epoch[18/20 170/700] - Loss: 232.3241577148 - MSE: 232.02699 - batch_Time: 0.4003255821298808s
Epoch[18/20 171/700] - Loss: 172.1028747559 - MSE: 171.81641 - batch_Time: 0.39795414288528264s
Epoch[18/20 172/700] - Loss: 184.1787261963 - MSE: 183.94789 - batch_Time: 0.3991764469537884s
Epoch[18/20 173/700] - Loss: 219.8296203613 - MSE: 219.17853 - batch_Time: 0.4011738321278244s
Epoch[18/20 174/700] - Loss: 155.7379455566 - MSE: 155.45575 - batch_Time: 0.3968915950972587s
Epoch[18/20 175/700] - Loss: 206.5444946289 - MSE: 206.21178 - batch_Time: 0.3946862039156258s
Epoch[18/20 176/700] - Loss: 121.5167236328 - MSE: 121.25006 - batch_Time: 0.39376710588112473s
Epoch[18/20 177/700] - Loss: 191.0951843262 - MSE: 190.79062 - batch_Time: 0.3919796079862863s
Epoch[18/20 178/700] - Loss: 151.5589447021 - MSE: 151.15335 - batch_Time: 0.3944853260181844s
Epoch[18/20 179/700] - Loss: 153.1613616943 - MSE: 152.84138 - batch_Time: 0.39659851021133363s
Epoch[18/20 180/700] - Loss: 167.1198730469 - MSE: 166.90909 - batch_Time: 0.39531842595897615s
Epoch[18/20 181/700] - Loss: 147.2597351074 - MSE: 147.01758 - batch_Time: 0.39380131498910487s
Epoch[18/20 182/700] - Loss: 196.9844818115 - MSE: 196.65694 - batch_Time: 0.4011496719904244s
Epoch[18/20 183/700] - Loss: 102.6320495605 - MSE: 102.29827 - batch_Time: 0.3936165380291641s
Epoch[18/20 184/700] - Loss: 119.5218200684 - MSE: 119.32277 - batch_Time: 0.39624936413019896s
Epoch[18/20 185/700] - Loss: 126.4448852539 - MSE: 126.23326 - batch_Time: 0.40018474496901035s
Epoch[18/20 186/700] - Loss: 231.8893890381 - MSE: 231.49915 - batch_Time: 0.39380386495031416s
Epoch[18/20 187/700] - Loss: 120.9436035156 - MSE: 120.70781 - batch_Time: 0.39807377103716135s
Epoch[18/20 188/700] - Loss: 191.5785522461 - MSE: 191.35323 - batch_Time: 0.39935698499903083s
Epoch[18/20 189/700] - Loss: 103.5774765015 - MSE: 103.31103 - batch_Time: 0.4003360220231116s
Epoch[18/20 190/700] - Loss: 158.6658630371 - MSE: 158.40768 - batch_Time: 0.3940787920728326s
Epoch[18/20 191/700] - Loss: 152.0151977539 - MSE: 151.75650 - batch_Time: 0.3987910219002515s
Epoch[18/20 192/700] - Loss: 164.3595275879 - MSE: 164.13406 - batch_Time: 0.3932513929903507s
Epoch[18/20 193/700] - Loss: 225.2293701172 - MSE: 225.00626 - batch_Time: 0.3986037049908191s
Epoch[18/20 194/700] - Loss: 239.2958831787 - MSE: 238.83017 - batch_Time: 0.4007983070332557s
Epoch[18/20 195/700] - Loss: 167.5244293213 - MSE: 167.16650 - batch_Time: 0.3995873120147735s
Epoch[18/20 196/700] - Loss: 217.6032257080 - MSE: 217.38837 - batch_Time: 0.39274303894490004s
Epoch[18/20 197/700] - Loss: 122.5169372559 - MSE: 122.24960 - batch_Time: 0.3953459360636771s
Epoch[18/20 198/700] - Loss: 93.0239028931 - MSE: 92.72263 - batch_Time: 0.39392967405728996s
Epoch[18/20 199/700] - Loss: 110.5663375854 - MSE: 110.42619 - batch_Time: 0.39329819194972515s
Epoch[18/20 200/700] - Loss: 143.5092163086 - MSE: 143.25494 - batch_Time: 0.3925698020029813s
Epoch[18/20 201/700] - Loss: 162.6646881104 - MSE: 162.22418 - batch_Time: 0.39361623814329505s
Epoch[18/20 202/700] - Loss: 216.7216186523 - MSE: 216.27081 - batch_Time: 0.39429674996063113s
Epoch[18/20 203/700] - Loss: 191.7487640381 - MSE: 191.47166 - batch_Time: 0.39283471810631454s
Epoch[18/20 204/700] - Loss: 177.7791290283 - MSE: 177.44025 - batch_Time: 0.39316355297341943s
Epoch[18/20 205/700] - Loss: 235.9931945801 - MSE: 235.62457 - batch_Time: 0.39958241302520037s
Epoch[18/20 206/700] - Loss: 121.8069229126 - MSE: 121.64169 - batch_Time: 0.400791407097131s
Epoch[18/20 207/700] - Loss: 108.3075408936 - MSE: 108.12200 - batch_Time: 0.40129821095615625s
Epoch[18/20 208/700] - Loss: 97.6535949707 - MSE: 97.46484 - batch_Time: 0.3969497859943658s
Epoch[18/20 209/700] - Loss: 178.3217620850 - MSE: 177.97974 - batch_Time: 0.4008156359195709s
Epoch[18/20 210/700] - Loss: 161.7938232422 - MSE: 161.56641 - batch_Time: 0.39388920506462455s
Epoch[18/20 211/700] - Loss: 157.2382965088 - MSE: 156.94337 - batch_Time: 0.40008379612118006s
Epoch[18/20 212/700] - Loss: 163.0655212402 - MSE: 162.66196 - batch_Time: 0.3956277829129249s
Epoch[18/20 213/700] - Loss: 107.2491912842 - MSE: 107.06128 - batch_Time: 0.3964687620755285s
Epoch[18/20 214/700] - Loss: 202.6589508057 - MSE: 202.25702 - batch_Time: 0.3949016509577632s
Epoch[18/20 215/700] - Loss: 219.3067779541 - MSE: 219.04239 - batch_Time: 0.393528789980337s
Epoch[18/20 216/700] - Loss: 72.8946685791 - MSE: 72.60780 - batch_Time: 0.3936897381208837s
Epoch[18/20 217/700] - Loss: 155.3317413330 - MSE: 155.14789 - batch_Time: 0.39460887596942484s
Epoch[18/20 218/700] - Loss: 118.7886886597 - MSE: 118.48855 - batch_Time: 0.3960498480591923s
Epoch[18/20 219/700] - Loss: 93.2773132324 - MSE: 92.86237 - batch_Time: 0.39886262104846537s
Epoch[18/20 220/700] - Loss: 152.1265258789 - MSE: 151.86852 - batch_Time: 0.3969300459139049s
Epoch[18/20 221/700] - Loss: 100.7088241577 - MSE: 100.53902 - batch_Time: 0.3963464628905058s
Epoch[18/20 222/700] - Loss: 168.8531646729 - MSE: 168.50635 - batch_Time: 0.39994968799874187s
Epoch[18/20 223/700] - Loss: 144.2530822754 - MSE: 144.10014 - batch_Time: 0.4035692419856787s
Epoch[18/20 224/700] - Loss: 150.0356140137 - MSE: 149.81721 - batch_Time: 0.3985970460344106s
Epoch[18/20 225/700] - Loss: 227.7468566895 - MSE: 227.15640 - batch_Time: 0.4018946229480207s
Epoch[18/20 226/700] - Loss: 177.1996917725 - MSE: 176.89792 - batch_Time: 0.3960450179874897s
Epoch[18/20 227/700] - Loss: 187.9626617432 - MSE: 187.78143 - batch_Time: 0.40188368293456733s
Epoch[18/20 228/700] - Loss: 184.2041931152 - MSE: 183.89645 - batch_Time: 0.3945045580621809s
Epoch[18/20 229/700] - Loss: 213.8807067871 - MSE: 213.47928 - batch_Time: 0.3993390260729939s
Epoch[18/20 230/700] - Loss: 255.3486785889 - MSE: 254.91060 - batch_Time: 0.40125930099748075s
Epoch[18/20 231/700] - Loss: 174.3703002930 - MSE: 174.08142 - batch_Time: 0.39994262903928757s
Epoch[18/20 232/700] - Loss: 181.3255004883 - MSE: 181.05557 - batch_Time: 0.39581828098744154s
Epoch[18/20 233/700] - Loss: 159.4373474121 - MSE: 159.14517 - batch_Time: 0.4004023631568998s
Epoch[18/20 234/700] - Loss: 162.6407165527 - MSE: 162.41423 - batch_Time: 0.40220717899501324s
Epoch[18/20 235/700] - Loss: 114.2079620361 - MSE: 113.95855 - batch_Time: 0.40191955282352865s
Epoch[18/20 236/700] - Loss: 178.6591033936 - MSE: 178.31204 - batch_Time: 0.395767561160028s
Epoch[18/20 237/700] - Loss: 191.4537963867 - MSE: 191.18916 - batch_Time: 0.3994627839419991s
Epoch[18/20 238/700] - Loss: 124.0910186768 - MSE: 123.85797 - batch_Time: 0.39582667010836303s
Epoch[18/20 239/700] - Loss: 191.5948944092 - MSE: 191.32201 - batch_Time: 0.40037116315215826s
Epoch[18/20 240/700] - Loss: 91.1024703979 - MSE: 90.96284 - batch_Time: 0.3949292909819633s
Epoch[18/20 241/700] - Loss: 156.5605010986 - MSE: 156.16779 - batch_Time: 0.40209622005932033s
Epoch[18/20 242/700] - Loss: 131.7786712646 - MSE: 131.55466 - batch_Time: 0.4017925451043993s
Epoch[18/20 243/700] - Loss: 193.2536621094 - MSE: 192.91248 - batch_Time: 0.3994549240451306s
Epoch[18/20 244/700] - Loss: 175.5849304199 - MSE: 175.31570 - batch_Time: 0.39899784000590444s
Epoch[18/20 245/700] - Loss: 92.6158752441 - MSE: 92.44690 - batch_Time: 0.39699300681240857s
Epoch[18/20 246/700] - Loss: 147.1740112305 - MSE: 146.81168 - batch_Time: 0.39540021610446274s
Epoch[18/20 247/700] - Loss: 143.3177185059 - MSE: 142.85596 - batch_Time: 0.40025417506694794s
Epoch[18/20 248/700] - Loss: 120.4468078613 - MSE: 120.10297 - batch_Time: 0.39996815798804164s
Epoch[18/20 249/700] - Loss: 196.2512207031 - MSE: 195.63898 - batch_Time: 0.3943471689708531s
Epoch[18/20 250/700] - Loss: 111.6396026611 - MSE: 111.31951 - batch_Time: 0.40492508513852954s
Epoch[18/20 251/700] - Loss: 134.9076385498 - MSE: 134.56743 - batch_Time: 0.3982520198915154s
Epoch[18/20 252/700] - Loss: 97.8330764771 - MSE: 97.69333 - batch_Time: 0.4020056629087776s
Epoch[18/20 253/700] - Loss: 157.0712127686 - MSE: 156.74425 - batch_Time: 0.39495566207915545s
Epoch[18/20 254/700] - Loss: 337.7139892578 - MSE: 337.28784 - batch_Time: 0.4012100931722671s
Epoch[18/20 255/700] - Loss: 160.1658172607 - MSE: 159.94228 - batch_Time: 0.39874272397719324s
Epoch[18/20 256/700] - Loss: 162.6447753906 - MSE: 162.39751 - batch_Time: 0.4014647591393441s
Epoch[18/20 257/700] - Loss: 169.9867401123 - MSE: 169.70242 - batch_Time: 0.3955417850520462s
Epoch[18/20 258/700] - Loss: 147.5077819824 - MSE: 147.28781 - batch_Time: 0.4015465488191694s
Epoch[18/20 259/700] - Loss: 142.9553680420 - MSE: 142.78700 - batch_Time: 0.39909897884353995s
Epoch[18/20 260/700] - Loss: 106.1498565674 - MSE: 105.93994 - batch_Time: 0.4000069070607424s
Epoch[18/20 261/700] - Loss: 168.8438568115 - MSE: 168.60228 - batch_Time: 0.3947213850915432s
Epoch[18/20 262/700] - Loss: 199.8624267578 - MSE: 199.52069 - batch_Time: 0.39699019584804773s
Epoch[18/20 263/700] - Loss: 116.1194610596 - MSE: 115.98212 - batch_Time: 0.3959663789719343s
Epoch[18/20 264/700] - Loss: 143.4377136230 - MSE: 143.11119 - batch_Time: 0.395950319012627s
Epoch[18/20 265/700] - Loss: 154.5137329102 - MSE: 154.25275 - batch_Time: 0.3927685599774122s
Epoch[18/20 266/700] - Loss: 114.0359039307 - MSE: 113.84432 - batch_Time: 0.3986342849675566s
Epoch[18/20 267/700] - Loss: 137.3089599609 - MSE: 137.02629 - batch_Time: 0.40056745102629066s
Epoch[18/20 268/700] - Loss: 169.6746063232 - MSE: 169.37645 - batch_Time: 0.39969143201597035s
Epoch[18/20 269/700] - Loss: 140.5856933594 - MSE: 140.36136 - batch_Time: 0.39573088311590254s
Epoch[18/20 270/700] - Loss: 164.2167663574 - MSE: 163.97656 - batch_Time: 0.39955610292963684s
Epoch[18/20 271/700] - Loss: 133.8182525635 - MSE: 133.58444 - batch_Time: 0.395818681223318s
Epoch[18/20 272/700] - Loss: 135.0331115723 - MSE: 134.66238 - batch_Time: 0.39735780097544193s
Epoch[18/20 273/700] - Loss: 193.8537139893 - MSE: 193.66942 - batch_Time: 0.4001760259270668s
Epoch[18/20 274/700] - Loss: 120.9006423950 - MSE: 120.61230 - batch_Time: 0.3961430371273309s
Epoch[18/20 275/700] - Loss: 150.9976196289 - MSE: 150.80350 - batch_Time: 0.40114071290008724s
Epoch[18/20 276/700] - Loss: 129.6157531738 - MSE: 129.36261 - batch_Time: 0.3971388938371092s
Epoch[18/20 277/700] - Loss: 124.9060592651 - MSE: 124.58815 - batch_Time: 0.39694904698990285s
Epoch[18/20 278/700] - Loss: 89.8160705566 - MSE: 89.60989 - batch_Time: 0.3964680840726942s
Epoch[18/20 279/700] - Loss: 219.9076080322 - MSE: 219.55591 - batch_Time: 0.39668017998337746s
Epoch[18/20 280/700] - Loss: 137.9303588867 - MSE: 137.74783 - batch_Time: 0.40128851193003356s
Epoch[18/20 281/700] - Loss: 153.5071105957 - MSE: 153.34341 - batch_Time: 0.3970555260311812s
Epoch[18/20 282/700] - Loss: 165.1570434570 - MSE: 164.68217 - batch_Time: 0.3963623149320483s
Epoch[18/20 283/700] - Loss: 183.8351440430 - MSE: 183.38130 - batch_Time: 0.39498931099660695s
Epoch[18/20 284/700] - Loss: 113.4841156006 - MSE: 113.14660 - batch_Time: 0.3950233811046928s
Epoch[18/20 285/700] - Loss: 207.9975280762 - MSE: 207.41345 - batch_Time: 0.3972163030412048s
Epoch[18/20 286/700] - Loss: 263.0049133301 - MSE: 262.62976 - batch_Time: 0.3957677420694381s
Epoch[18/20 287/700] - Loss: 97.7186355591 - MSE: 97.54182 - batch_Time: 0.39547056588344276s
Epoch[18/20 288/700] - Loss: 189.5223083496 - MSE: 189.22386 - batch_Time: 0.3949274329934269s
Epoch[18/20 289/700] - Loss: 140.0760040283 - MSE: 139.70076 - batch_Time: 0.3998132210690528s
Epoch[18/20 290/700] - Loss: 349.6809387207 - MSE: 349.24078 - batch_Time: 0.3940342750865966s
Epoch[18/20 291/700] - Loss: 121.8457717896 - MSE: 121.60013 - batch_Time: 0.39832060993649065s
Epoch[18/20 292/700] - Loss: 140.0696258545 - MSE: 139.89014 - batch_Time: 0.39346764190122485s
Epoch[18/20 293/700] - Loss: 157.8477630615 - MSE: 157.65112 - batch_Time: 0.3956502431537956s
Epoch[18/20 294/700] - Loss: 188.3460693359 - MSE: 188.13120 - batch_Time: 0.40007849782705307s
Epoch[18/20 295/700] - Loss: 227.0559692383 - MSE: 226.71989 - batch_Time: 0.39608447812497616s
Epoch[18/20 296/700] - Loss: 138.2846069336 - MSE: 138.01114 - batch_Time: 0.40053400211036205s
Epoch[18/20 297/700] - Loss: 127.6690292358 - MSE: 127.44409 - batch_Time: 0.3973459720145911s
Epoch[18/20 298/700] - Loss: 123.9485778809 - MSE: 123.71761 - batch_Time: 0.3974364211317152s
Epoch[18/20 299/700] - Loss: 183.7348937988 - MSE: 183.49310 - batch_Time: 0.4002060960046947s
Epoch[18/20 300/700] - Loss: 140.9851379395 - MSE: 140.72740 - batch_Time: 0.39687260799109936s
Epoch[18/20 301/700] - Loss: 100.8429641724 - MSE: 100.49487 - batch_Time: 0.40098787611350417s
Epoch[18/20 302/700] - Loss: 170.2579650879 - MSE: 170.01390 - batch_Time: 0.3963086048606783s
Epoch[18/20 303/700] - Loss: 126.2662963867 - MSE: 126.04918 - batch_Time: 0.39883714308962226s
Epoch[18/20 304/700] - Loss: 169.2265777588 - MSE: 169.01398 - batch_Time: 0.39601699891500175s
Epoch[18/20 305/700] - Loss: 148.7674560547 - MSE: 148.36644 - batch_Time: 0.39617142686620355s
Epoch[18/20 306/700] - Loss: 146.9491729736 - MSE: 146.74329 - batch_Time: 0.3984558479860425s
Epoch[18/20 307/700] - Loss: 93.2548675537 - MSE: 93.08402 - batch_Time: 0.3952360989060253s
Epoch[18/20 308/700] - Loss: 101.2668380737 - MSE: 101.07305 - batch_Time: 0.394124022917822s
Epoch[18/20 309/700] - Loss: 158.4024200439 - MSE: 158.19240 - batch_Time: 0.3946811459027231s
Epoch[18/20 310/700] - Loss: 204.3871459961 - MSE: 204.04669 - batch_Time: 0.3953951068688184s
Epoch[18/20 311/700] - Loss: 119.6107482910 - MSE: 119.44112 - batch_Time: 0.39750983007252216s
Epoch[18/20 312/700] - Loss: 84.3248138428 - MSE: 84.07198 - batch_Time: 0.39615284698083997s
Epoch[18/20 313/700] - Loss: 137.0415802002 - MSE: 136.73572 - batch_Time: 0.3970962150488049s
Epoch[18/20 314/700] - Loss: 185.8478240967 - MSE: 185.60535 - batch_Time: 0.3966039519291371s
Epoch[18/20 315/700] - Loss: 188.4375915527 - MSE: 188.17207 - batch_Time: 0.4015466689597815s
Epoch[18/20 316/700] - Loss: 168.5480499268 - MSE: 168.21660 - batch_Time: 0.4000924970023334s
Epoch[18/20 317/700] - Loss: 180.2695007324 - MSE: 179.96870 - batch_Time: 0.4002509359270334s
Epoch[18/20 318/700] - Loss: 119.4482955933 - MSE: 118.88999 - batch_Time: 0.40343623515218496s
Epoch[18/20 319/700] - Loss: 182.3598632812 - MSE: 181.96220 - batch_Time: 0.40156674897298217s
Epoch[18/20 320/700] - Loss: 111.4208145142 - MSE: 111.19968 - batch_Time: 0.3991719090845436s
Epoch[18/20 321/700] - Loss: 168.6554565430 - MSE: 168.33044 - batch_Time: 0.39758798899129033s
Epoch[18/20 322/700] - Loss: 200.5686950684 - MSE: 200.18964 - batch_Time: 0.3945581070147455s
Epoch[18/20 323/700] - Loss: 139.7072448730 - MSE: 139.30460 - batch_Time: 0.3957517428789288s
Epoch[18/20 324/700] - Loss: 219.7799682617 - MSE: 219.47501 - batch_Time: 0.3959588501602411s
Epoch[18/20 325/700] - Loss: 218.6825256348 - MSE: 218.11316 - batch_Time: 0.3997872220352292s
Epoch[18/20 326/700] - Loss: 123.4369049072 - MSE: 123.30313 - batch_Time: 0.3957959730178118s
Epoch[18/20 327/700] - Loss: 167.5165405273 - MSE: 167.25990 - batch_Time: 0.3967469399794936s
Epoch[18/20 328/700] - Loss: 236.8146820068 - MSE: 236.50040 - batch_Time: 0.40102248592302203s
Epoch[18/20 329/700] - Loss: 209.3895416260 - MSE: 208.99843 - batch_Time: 0.3965362231247127s
Epoch[18/20 330/700] - Loss: 121.2960052490 - MSE: 121.11841 - batch_Time: 0.40176121704280376s
Epoch[18/20 331/700] - Loss: 156.5877990723 - MSE: 156.17236 - batch_Time: 0.3965759421698749s
Epoch[18/20 332/700] - Loss: 136.1105651855 - MSE: 135.57404 - batch_Time: 0.397111794911325s
Epoch[18/20 333/700] - Loss: 131.6569213867 - MSE: 131.34390 - batch_Time: 0.39595033088698983s
Epoch[18/20 334/700] - Loss: 173.2839355469 - MSE: 173.04527 - batch_Time: 0.3966208619531244s
Epoch[18/20 335/700] - Loss: 251.2029113770 - MSE: 250.77684 - batch_Time: 0.40055792196653783s
Epoch[18/20 336/700] - Loss: 208.1699371338 - MSE: 207.79770 - batch_Time: 0.397161214845255s
Epoch[18/20 337/700] - Loss: 219.8704681396 - MSE: 219.58301 - batch_Time: 0.3959588899742812s
Epoch[18/20 338/700] - Loss: 127.5173034668 - MSE: 127.22135 - batch_Time: 0.39366286899894476s
Epoch[18/20 339/700] - Loss: 154.1245880127 - MSE: 153.72475 - batch_Time: 0.3951012610923499s
Epoch[18/20 340/700] - Loss: 207.8121337891 - MSE: 207.49333 - batch_Time: 0.4002269159536809s
Epoch[18/20 341/700] - Loss: 147.8137359619 - MSE: 147.58781 - batch_Time: 0.3960362388752401s
Epoch[18/20 342/700] - Loss: 82.8572998047 - MSE: 82.68503 - batch_Time: 0.39672603108920157s
Epoch[18/20 343/700] - Loss: 210.1690979004 - MSE: 209.56863 - batch_Time: 0.39888421283103526s
Epoch[18/20 344/700] - Loss: 205.1131744385 - MSE: 204.75272 - batch_Time: 0.3976053090300411s
Epoch[18/20 345/700] - Loss: 144.8944091797 - MSE: 144.56432 - batch_Time: 0.4014843001496047s
Epoch[18/20 346/700] - Loss: 59.2079086304 - MSE: 58.95348 - batch_Time: 0.39610985782928765s
Epoch[18/20 347/700] - Loss: 147.7290649414 - MSE: 147.39227 - batch_Time: 0.40088012791238725s
Epoch[18/20 348/700] - Loss: 145.5402526855 - MSE: 145.36038 - batch_Time: 0.39680741890333593s
Epoch[18/20 349/700] - Loss: 160.4537048340 - MSE: 160.13005 - batch_Time: 0.3980213438626379s
Epoch[18/20 350/700] - Loss: 97.2315368652 - MSE: 97.07847 - batch_Time: 0.39644971396774054s
Epoch[18/20 351/700] - Loss: 169.4599304199 - MSE: 169.00012 - batch_Time: 0.40404318808577955s
Epoch[18/20 352/700] - Loss: 128.0301818848 - MSE: 127.84093 - batch_Time: 0.3992757780943066s
Epoch[18/20 353/700] - Loss: 230.3112182617 - MSE: 229.96182 - batch_Time: 0.39314460614696145s
Epoch[18/20 354/700] - Loss: 100.0271224976 - MSE: 99.79626 - batch_Time: 0.4003384050447494s
Epoch[18/20 355/700] - Loss: 184.5095214844 - MSE: 184.16882 - batch_Time: 0.3950429018586874s
Epoch[18/20 356/700] - Loss: 108.3307266235 - MSE: 107.78645 - batch_Time: 0.3958406010642648s
Epoch[18/20 357/700] - Loss: 179.0992736816 - MSE: 178.79085 - batch_Time: 0.39989447104744613s
Epoch[18/20 358/700] - Loss: 188.8295288086 - MSE: 188.55045 - batch_Time: 0.39818305196240544s
Epoch[18/20 359/700] - Loss: 162.0273132324 - MSE: 161.75241 - batch_Time: 0.40090286708436906s
Epoch[18/20 360/700] - Loss: 246.5033264160 - MSE: 246.15797 - batch_Time: 0.3965400429442525s
Epoch[18/20 361/700] - Loss: 139.3406219482 - MSE: 139.14407 - batch_Time: 0.3980581241194159s
Epoch[18/20 362/700] - Loss: 187.2821350098 - MSE: 186.81445 - batch_Time: 0.3980485151987523s
Epoch[18/20 363/700] - Loss: 185.7670898438 - MSE: 185.50514 - batch_Time: 0.40813842602074146s
Epoch[18/20 364/700] - Loss: 185.9411926270 - MSE: 185.61971 - batch_Time: 0.4066008161753416s
Epoch[18/20 365/700] - Loss: 86.7752151489 - MSE: 86.56307 - batch_Time: 0.3960512790363282s
Epoch[18/20 366/700] - Loss: 165.8867340088 - MSE: 165.73309 - batch_Time: 0.39834916102699935s
Epoch[18/20 367/700] - Loss: 170.1225433350 - MSE: 169.88065 - batch_Time: 0.3966130129992962s
Epoch[18/20 368/700] - Loss: 145.2830657959 - MSE: 144.95355 - batch_Time: 0.3990997299551964s
Epoch[18/20 369/700] - Loss: 128.6090240479 - MSE: 128.33218 - batch_Time: 0.399297459051013s
Epoch[18/20 370/700] - Loss: 67.8458709717 - MSE: 67.71547 - batch_Time: 0.3970414870418608s
Epoch[18/20 371/700] - Loss: 145.9353637695 - MSE: 145.65895 - batch_Time: 0.39632646506652236s
Epoch[18/20 372/700] - Loss: 117.0278549194 - MSE: 116.87727 - batch_Time: 0.3971506159286946s
Epoch[18/20 373/700] - Loss: 236.7712402344 - MSE: 236.29691 - batch_Time: 0.39683190011419356s
Epoch[18/20 374/700] - Loss: 166.4706573486 - MSE: 165.94241 - batch_Time: 0.39748146082274616s
Epoch[18/20 375/700] - Loss: 185.1003875732 - MSE: 184.61923 - batch_Time: 0.4025221080519259s
Epoch[18/20 376/700] - Loss: 142.1383056641 - MSE: 141.97083 - batch_Time: 0.401610798900947s
Epoch[18/20 377/700] - Loss: 156.1900939941 - MSE: 155.73058 - batch_Time: 0.3972683041356504s
Epoch[18/20 378/700] - Loss: 169.1712188721 - MSE: 169.02521 - batch_Time: 0.3991468900348991s
Epoch[18/20 379/700] - Loss: 171.5115966797 - MSE: 171.24136 - batch_Time: 0.39629911608062685s
Epoch[18/20 380/700] - Loss: 182.0736236572 - MSE: 181.70639 - batch_Time: 0.40305811003781855s
Epoch[18/20 381/700] - Loss: 106.9268035889 - MSE: 106.47968 - batch_Time: 0.3990935010369867s
Epoch[18/20 382/700] - Loss: 170.7184143066 - MSE: 170.45638 - batch_Time: 0.39836104097776115s
Epoch[18/20 383/700] - Loss: 177.4938507080 - MSE: 177.11273 - batch_Time: 0.3954424881376326s
Epoch[18/20 384/700] - Loss: 159.6720886230 - MSE: 159.35835 - batch_Time: 0.39812153414823115s
Epoch[18/20 385/700] - Loss: 184.1417846680 - MSE: 183.78712 - batch_Time: 0.39791860594414175s
Epoch[18/20 386/700] - Loss: 137.5613250732 - MSE: 137.29747 - batch_Time: 0.4027454250026494s
Epoch[18/20 387/700] - Loss: 152.1254577637 - MSE: 151.92949 - batch_Time: 0.39881816506385803s
Epoch[18/20 388/700] - Loss: 220.1423339844 - MSE: 219.94968 - batch_Time: 0.4028022550046444s
Epoch[18/20 389/700] - Loss: 86.1067504883 - MSE: 85.95865 - batch_Time: 0.3964520641602576s
Epoch[18/20 390/700] - Loss: 99.6347427368 - MSE: 99.41214 - batch_Time: 0.39646441489458084s
Epoch[18/20 391/700] - Loss: 198.3111877441 - MSE: 197.96832 - batch_Time: 0.397719498956576s
Epoch[18/20 392/700] - Loss: 160.0704650879 - MSE: 159.67844 - batch_Time: 0.3999744700267911s
Epoch[18/20 393/700] - Loss: 191.0871429443 - MSE: 190.77689 - batch_Time: 0.39603437995538116s
Epoch[18/20 394/700] - Loss: 173.5919494629 - MSE: 173.35936 - batch_Time: 0.3971920150797814s
Epoch[18/20 395/700] - Loss: 104.3059387207 - MSE: 104.11250 - batch_Time: 0.3963554559741169s
Epoch[18/20 396/700] - Loss: 152.3990783691 - MSE: 152.17078 - batch_Time: 0.40086912899278104s
Epoch[18/20 397/700] - Loss: 156.5899963379 - MSE: 156.41449 - batch_Time: 0.39711228595115244s
Epoch[18/20 398/700] - Loss: 111.4077377319 - MSE: 111.21989 - batch_Time: 0.3977336580865085s
Epoch[18/20 399/700] - Loss: 213.3812255859 - MSE: 212.83664 - batch_Time: 0.39722362509928644s
Epoch[18/20 400/700] - Loss: 111.9714660645 - MSE: 111.72846 - batch_Time: 0.39765266003087163s
Epoch[18/20 401/700] - Loss: 73.5699157715 - MSE: 73.21666 - batch_Time: 0.40153187001124024s
Epoch[18/20 402/700] - Loss: 234.8021850586 - MSE: 234.54221 - batch_Time: 0.4039290000218898s
Epoch[18/20 403/700] - Loss: 227.2777709961 - MSE: 226.92508 - batch_Time: 0.39905276196077466s
Epoch[18/20 404/700] - Loss: 187.1708679199 - MSE: 186.71034 - batch_Time: 0.3943073230329901s
Epoch[18/20 405/700] - Loss: 159.9633331299 - MSE: 159.69147 - batch_Time: 0.39955381606705487s
Epoch[18/20 406/700] - Loss: 198.0935668945 - MSE: 197.53619 - batch_Time: 0.40720895887352526s
Epoch[18/20 407/700] - Loss: 170.3334960938 - MSE: 169.99911 - batch_Time: 0.3980093861464411s
Epoch[18/20 408/700] - Loss: 150.3482513428 - MSE: 150.00095 - batch_Time: 0.402362409979105s
Epoch[18/20 409/700] - Loss: 217.1934967041 - MSE: 216.90952 - batch_Time: 0.39827295090071857s
Epoch[18/20 410/700] - Loss: 193.8881378174 - MSE: 193.56281 - batch_Time: 0.39864957705140114s
Epoch[18/20 411/700] - Loss: 173.1980285645 - MSE: 173.02432 - batch_Time: 0.39709464693441987s
Epoch[18/20 412/700] - Loss: 186.1254272461 - MSE: 185.90558 - batch_Time: 0.3974815111141652s
Epoch[18/20 413/700] - Loss: 170.5310058594 - MSE: 170.19698 - batch_Time: 0.3985532089136541s
Epoch[18/20 414/700] - Loss: 150.0843963623 - MSE: 149.79016 - batch_Time: 0.3967443108558655s
Epoch[18/20 415/700] - Loss: 121.6396636963 - MSE: 121.43890 - batch_Time: 0.39754384104162455s
Epoch[18/20 416/700] - Loss: 92.2513961792 - MSE: 92.07396 - batch_Time: 0.3955380970146507s
Epoch[18/20 417/700] - Loss: 201.1254882812 - MSE: 200.89606 - batch_Time: 0.3978039580397308s
Epoch[18/20 418/700] - Loss: 78.4252090454 - MSE: 78.01041 - batch_Time: 0.39633489586412907s
Epoch[18/20 419/700] - Loss: 175.1719055176 - MSE: 174.93431 - batch_Time: 0.3980619949288666s
Epoch[18/20 420/700] - Loss: 172.8262634277 - MSE: 172.48706 - batch_Time: 0.3958916428964585s
Epoch[18/20 421/700] - Loss: 154.8969573975 - MSE: 154.58508 - batch_Time: 0.4010083479806781s
Epoch[18/20 422/700] - Loss: 163.2957916260 - MSE: 163.11305 - batch_Time: 0.4073060180526227s
Epoch[18/20 423/700] - Loss: 204.9788818359 - MSE: 204.40205 - batch_Time: 0.4009743081405759s
Epoch[18/20 424/700] - Loss: 92.2505340576 - MSE: 92.00508 - batch_Time: 0.40208486397750676s
Epoch[18/20 425/700] - Loss: 102.0438079834 - MSE: 101.81281 - batch_Time: 0.4005582630634308s
Epoch[18/20 426/700] - Loss: 156.7828216553 - MSE: 156.43727 - batch_Time: 0.39930336992256343s
Epoch[18/20 427/700] - Loss: 155.1692810059 - MSE: 154.91435 - batch_Time: 0.3943119819741696s
Epoch[18/20 428/700] - Loss: 162.5865020752 - MSE: 162.39215 - batch_Time: 0.3998947609215975s
Epoch[18/20 429/700] - Loss: 135.3224029541 - MSE: 134.98822 - batch_Time: 0.39564438513480127s
Epoch[18/20 430/700] - Loss: 174.0948181152 - MSE: 173.57971 - batch_Time: 0.3964707551058382s
Epoch[18/20 431/700] - Loss: 118.3742599487 - MSE: 118.20914 - batch_Time: 0.3965012449771166s
Epoch[18/20 432/700] - Loss: 120.7117080688 - MSE: 120.46397 - batch_Time: 0.39993967209011316s
Epoch[18/20 433/700] - Loss: 163.0783386230 - MSE: 162.86359 - batch_Time: 0.396269837860018s
Epoch[18/20 434/700] - Loss: 56.2579116821 - MSE: 56.12688 - batch_Time: 0.4025871071498841s
Epoch[18/20 435/700] - Loss: 185.0952453613 - MSE: 184.76622 - batch_Time: 0.397042048163712s
Epoch[18/20 436/700] - Loss: 121.7879180908 - MSE: 121.42807 - batch_Time: 0.4057115779723972s
Epoch[18/20 437/700] - Loss: 143.8848876953 - MSE: 143.56371 - batch_Time: 0.39482310600578785s
Epoch[18/20 438/700] - Loss: 102.6036071777 - MSE: 102.30374 - batch_Time: 0.39975601388141513s
Epoch[18/20 439/700] - Loss: 248.4448242188 - MSE: 248.18675 - batch_Time: 0.40267989598214626s
Epoch[18/20 440/700] - Loss: 254.3915405273 - MSE: 253.85938 - batch_Time: 0.4027871049474925s
Epoch[18/20 441/700] - Loss: 170.8757934570 - MSE: 170.69591 - batch_Time: 0.39808448520489037s
Epoch[18/20 442/700] - Loss: 126.3419570923 - MSE: 126.03499 - batch_Time: 0.3993372388649732s
Epoch[18/20 443/700] - Loss: 186.5218505859 - MSE: 186.10709 - batch_Time: 0.401219884166494s
Epoch[18/20 444/700] - Loss: 203.6952819824 - MSE: 203.15332 - batch_Time: 0.41076744394376874s
Epoch[18/20 445/700] - Loss: 174.7247009277 - MSE: 174.42505 - batch_Time: 0.3995872950181365s
Epoch[18/20 446/700] - Loss: 155.3166503906 - MSE: 155.09866 - batch_Time: 0.39862939808517694s
Epoch[18/20 447/700] - Loss: 94.2564239502 - MSE: 94.03179 - batch_Time: 0.40059735300019383s
Epoch[18/20 448/700] - Loss: 162.3449249268 - MSE: 161.85370 - batch_Time: 0.40172428893856704s
Epoch[18/20 449/700] - Loss: 154.2550659180 - MSE: 153.93002 - batch_Time: 0.4007289719302207s
Epoch[18/20 450/700] - Loss: 125.8752899170 - MSE: 125.63170 - batch_Time: 0.4011613861657679s
Epoch[18/20 451/700] - Loss: 435.9863281250 - MSE: 435.48071 - batch_Time: 0.40317679988220334s
Epoch[18/20 452/700] - Loss: 112.8295669556 - MSE: 112.41469 - batch_Time: 0.4010543869808316s
Epoch[18/20 453/700] - Loss: 103.3280868530 - MSE: 103.12204 - batch_Time: 0.3992448200006038s
Epoch[18/20 454/700] - Loss: 211.5300140381 - MSE: 211.17726 - batch_Time: 0.3973617141600698s
Epoch[18/20 455/700] - Loss: 101.9710235596 - MSE: 101.73679 - batch_Time: 0.4005611930042505s
Epoch[18/20 456/700] - Loss: 154.0707397461 - MSE: 153.71170 - batch_Time: 0.40111773600801826s
Epoch[18/20 457/700] - Loss: 127.4760513306 - MSE: 127.17983 - batch_Time: 0.3984540400560945s
Epoch[18/20 458/700] - Loss: 175.2400054932 - MSE: 174.89511 - batch_Time: 0.397679110057652s
Epoch[18/20 459/700] - Loss: 174.3723449707 - MSE: 173.99272 - batch_Time: 0.39340347493998706s
Epoch[18/20 460/700] - Loss: 139.6468963623 - MSE: 139.41367 - batch_Time: 0.3979943059384823s
Epoch[18/20 461/700] - Loss: 77.1122055054 - MSE: 76.86577 - batch_Time: 0.4023659711237997s
Epoch[18/20 462/700] - Loss: 163.0389709473 - MSE: 162.72250 - batch_Time: 0.40225137188099325s
Epoch[18/20 463/700] - Loss: 155.7048339844 - MSE: 155.22177 - batch_Time: 0.4015259719453752s
Epoch[18/20 464/700] - Loss: 115.4261932373 - MSE: 115.12624 - batch_Time: 0.39642297592945397s
Epoch[18/20 465/700] - Loss: 139.7735595703 - MSE: 139.59000 - batch_Time: 0.3978556878864765s
Epoch[18/20 466/700] - Loss: 238.3019104004 - MSE: 237.88602 - batch_Time: 0.4004130158573389s
Epoch[18/20 467/700] - Loss: 145.8829498291 - MSE: 145.59534 - batch_Time: 0.40134606300853193s
Epoch[18/20 468/700] - Loss: 139.6753845215 - MSE: 139.43381 - batch_Time: 0.3980644950643182s
Epoch[18/20 469/700] - Loss: 226.0341186523 - MSE: 225.82167 - batch_Time: 0.40234415093436837s
Epoch[18/20 470/700] - Loss: 221.3313446045 - MSE: 220.92291 - batch_Time: 0.40348270698450506s
Epoch[18/20 471/700] - Loss: 215.6220245361 - MSE: 215.21521 - batch_Time: 0.400002621114254s
Epoch[18/20 472/700] - Loss: 136.9169769287 - MSE: 136.68643 - batch_Time: 0.399273999966681s
Epoch[18/20 473/700] - Loss: 212.7451324463 - MSE: 212.54041 - batch_Time: 0.4000989601481706s
Epoch[18/20 474/700] - Loss: 187.5352325439 - MSE: 187.21915 - batch_Time: 0.4016457700636238s
Epoch[18/20 475/700] - Loss: 201.2701416016 - MSE: 200.91643 - batch_Time: 0.39745053299702704s
Epoch[18/20 476/700] - Loss: 105.5240859985 - MSE: 105.34250 - batch_Time: 0.4004031259100884s
Epoch[18/20 477/700] - Loss: 225.3585510254 - MSE: 224.88428 - batch_Time: 0.39650527597405016s
Epoch[18/20 478/700] - Loss: 170.7505340576 - MSE: 170.50424 - batch_Time: 0.40048562502488494s
Epoch[18/20 479/700] - Loss: 140.2946472168 - MSE: 139.81041 - batch_Time: 0.39774849894456565s
Epoch[18/20 480/700] - Loss: 125.9809341431 - MSE: 125.69209 - batch_Time: 0.40094774891622365s
Epoch[18/20 481/700] - Loss: 188.2822113037 - MSE: 187.95740 - batch_Time: 0.3962063188664615s
Epoch[18/20 482/700] - Loss: 221.5001525879 - MSE: 221.26077 - batch_Time: 0.4001955690328032s
Epoch[18/20 483/700] - Loss: 142.9447021484 - MSE: 142.67558 - batch_Time: 0.4001305988058448s
Epoch[18/20 484/700] - Loss: 139.2522583008 - MSE: 138.92332 - batch_Time: 0.401496501872316s
Epoch[18/20 485/700] - Loss: 129.7704315186 - MSE: 129.53244 - batch_Time: 0.4003154269885272s
Epoch[18/20 486/700] - Loss: 151.9014282227 - MSE: 151.47409 - batch_Time: 0.39461919013410807s
Epoch[18/20 487/700] - Loss: 113.8473358154 - MSE: 113.50370 - batch_Time: 0.3998891219962388s
Epoch[18/20 488/700] - Loss: 161.2162780762 - MSE: 160.97374 - batch_Time: 0.39985366305336356s
Epoch[18/20 489/700] - Loss: 204.3171386719 - MSE: 203.98351 - batch_Time: 0.39511234289966524s
Epoch[18/20 490/700] - Loss: 169.2351989746 - MSE: 168.99803 - batch_Time: 0.39996945089660585s
Epoch[18/20 491/700] - Loss: 179.8765563965 - MSE: 179.61218 - batch_Time: 0.3959805809427053s
Epoch[18/20 492/700] - Loss: 107.9410934448 - MSE: 107.66273 - batch_Time: 0.4017115298192948s
Epoch[18/20 493/700] - Loss: 225.4392700195 - MSE: 225.07339 - batch_Time: 0.3992641300428659s
Epoch[18/20 494/700] - Loss: 93.6585540771 - MSE: 93.49002 - batch_Time: 0.39536293991841376s
Epoch[18/20 495/700] - Loss: 157.3756103516 - MSE: 157.10234 - batch_Time: 0.4031864411663264s
Epoch[18/20 496/700] - Loss: 90.2253112793 - MSE: 90.02851 - batch_Time: 0.39600809197872877s
Epoch[18/20 497/700] - Loss: 177.6164245605 - MSE: 177.27515 - batch_Time: 0.3963764770887792s
Epoch[18/20 498/700] - Loss: 82.7708587646 - MSE: 82.61975 - batch_Time: 0.40085896011441946s
Epoch[18/20 499/700] - Loss: 124.7086791992 - MSE: 124.54561 - batch_Time: 0.4049319389741868s
Epoch[18/20 500/700] - Loss: 135.6789855957 - MSE: 135.45103 - batch_Time: 0.40609401394613087s
Epoch[18/20 501/700] - Loss: 237.0539398193 - MSE: 236.73401 - batch_Time: 0.4050430781207979s
Epoch[18/20 502/700] - Loss: 174.5944061279 - MSE: 174.13911 - batch_Time: 0.4037701729685068s
Epoch[18/20 503/700] - Loss: 60.4491653442 - MSE: 60.28240 - batch_Time: 0.4064560099504888s
Epoch[18/20 504/700] - Loss: 169.5195312500 - MSE: 169.18901 - batch_Time: 0.40098399901762605s
Epoch[18/20 505/700] - Loss: 267.7160034180 - MSE: 267.25949 - batch_Time: 0.40261661913245916s
Epoch[18/20 506/700] - Loss: 175.8901062012 - MSE: 175.34946 - batch_Time: 0.39935298915952444s
Epoch[18/20 507/700] - Loss: 97.3335494995 - MSE: 97.09294 - batch_Time: 0.40476004080846906s
Epoch[18/20 508/700] - Loss: 157.6959533691 - MSE: 157.43436 - batch_Time: 0.4045384640339762s
Epoch[18/20 509/700] - Loss: 111.7853164673 - MSE: 111.60255 - batch_Time: 0.40050372504629195s
Epoch[18/20 510/700] - Loss: 161.1935729980 - MSE: 160.92358 - batch_Time: 0.40273950691334903s
Epoch[18/20 511/700] - Loss: 159.2875213623 - MSE: 158.76642 - batch_Time: 0.40147388307377696s
Epoch[18/20 512/700] - Loss: 124.8010559082 - MSE: 124.48289 - batch_Time: 0.40572479786351323s
Epoch[18/20 513/700] - Loss: 176.1564636230 - MSE: 175.66975 - batch_Time: 0.3955297679640353s
Epoch[18/20 514/700] - Loss: 107.2009201050 - MSE: 107.04733 - batch_Time: 0.3953136808704585s
Epoch[18/20 515/700] - Loss: 116.0649719238 - MSE: 115.94695 - batch_Time: 0.3971873570699245s
Epoch[18/20 516/700] - Loss: 158.0250854492 - MSE: 157.69455 - batch_Time: 0.39798311702907085s
Epoch[18/20 517/700] - Loss: 180.3385009766 - MSE: 179.95065 - batch_Time: 0.398401411017403s
Epoch[18/20 518/700] - Loss: 178.7499389648 - MSE: 178.51373 - batch_Time: 0.4038988130632788s
Epoch[18/20 519/700] - Loss: 168.6941528320 - MSE: 168.29335 - batch_Time: 0.39650538517162204s
Epoch[18/20 520/700] - Loss: 136.0654296875 - MSE: 135.84390 - batch_Time: 0.404961118940264s
Epoch[18/20 521/700] - Loss: 119.2694778442 - MSE: 119.12062 - batch_Time: 0.39463135902769864s
Epoch[18/20 522/700] - Loss: 276.5507812500 - MSE: 276.27667 - batch_Time: 0.3955206379760057s
Epoch[18/20 523/700] - Loss: 83.8052444458 - MSE: 83.65495 - batch_Time: 0.3963287081569433s
Epoch[18/20 524/700] - Loss: 138.7502441406 - MSE: 138.38910 - batch_Time: 0.3970132500398904s
Epoch[18/20 525/700] - Loss: 102.2198410034 - MSE: 101.94872 - batch_Time: 0.4003130169585347s
Epoch[18/20 526/700] - Loss: 224.6534729004 - MSE: 224.13390 - batch_Time: 0.3967165530193597s
Epoch[18/20 527/700] - Loss: 180.7258453369 - MSE: 180.49255 - batch_Time: 0.4000038921367377s
Epoch[18/20 528/700] - Loss: 174.7504577637 - MSE: 174.43912 - batch_Time: 0.39611118007451296s
Epoch[18/20 529/700] - Loss: 122.3585128784 - MSE: 121.96281 - batch_Time: 0.3991721721831709s
Epoch[18/20 530/700] - Loss: 122.6512603760 - MSE: 122.41394 - batch_Time: 0.4001257889904082s
Epoch[18/20 531/700] - Loss: 131.7212829590 - MSE: 131.47766 - batch_Time: 0.40012708003632724s
Epoch[18/20 532/700] - Loss: 137.2573547363 - MSE: 136.94098 - batch_Time: 0.39834040286950767s
Epoch[18/20 533/700] - Loss: 145.1955566406 - MSE: 144.98323 - batch_Time: 0.4027568770106882s
Epoch[18/20 534/700] - Loss: 152.1400756836 - MSE: 151.94395 - batch_Time: 0.40387290180660784s
Epoch[18/20 535/700] - Loss: 262.7278442383 - MSE: 262.44153 - batch_Time: 0.3989711448084563s
Epoch[18/20 536/700] - Loss: 120.9501647949 - MSE: 120.63641 - batch_Time: 0.40332270902581513s
Epoch[18/20 537/700] - Loss: 129.1592254639 - MSE: 128.77928 - batch_Time: 0.4007806219160557s
Epoch[18/20 538/700] - Loss: 162.0820465088 - MSE: 161.64749 - batch_Time: 0.39703591889701784s
Epoch[18/20 539/700] - Loss: 141.3197937012 - MSE: 141.06610 - batch_Time: 0.39757410204038024s
Epoch[18/20 540/700] - Loss: 166.6406250000 - MSE: 166.43674 - batch_Time: 0.4019092379603535s
Epoch[18/20 541/700] - Loss: 137.2532501221 - MSE: 137.02290 - batch_Time: 0.39778143004514277s
Epoch[18/20 542/700] - Loss: 166.2653503418 - MSE: 166.01888 - batch_Time: 0.3977444809861481s
Epoch[18/20 543/700] - Loss: 104.3646240234 - MSE: 104.19406 - batch_Time: 0.3978714591357857s
Epoch[18/20 544/700] - Loss: 115.8386688232 - MSE: 115.62511 - batch_Time: 0.39872633782215416s
Epoch[18/20 545/700] - Loss: 156.0836181641 - MSE: 155.82378 - batch_Time: 0.3981541150715202s
Epoch[18/20 546/700] - Loss: 195.8528594971 - MSE: 195.55264 - batch_Time: 0.40052078501321375s
Epoch[18/20 547/700] - Loss: 205.9481201172 - MSE: 205.65016 - batch_Time: 0.4016577110160142s
Epoch[18/20 548/700] - Loss: 139.3437194824 - MSE: 138.96368 - batch_Time: 0.40464152302592993s
Epoch[18/20 549/700] - Loss: 120.9017181396 - MSE: 120.73164 - batch_Time: 0.4025983090978116s
Epoch[18/20 550/700] - Loss: 115.0097656250 - MSE: 114.63763 - batch_Time: 0.4089756889734417s
Epoch[18/20 551/700] - Loss: 182.1248474121 - MSE: 181.79814 - batch_Time: 0.4002809189260006s
Epoch[18/20 552/700] - Loss: 112.3522872925 - MSE: 112.12476 - batch_Time: 0.4029655549675226s
Epoch[18/20 553/700] - Loss: 177.2116394043 - MSE: 176.93468 - batch_Time: 0.4030402039643377s
Epoch[18/20 554/700] - Loss: 142.8959503174 - MSE: 142.66498 - batch_Time: 0.40035048709250987s
Epoch[18/20 555/700] - Loss: 145.7833251953 - MSE: 145.44067 - batch_Time: 0.3983249319717288s
Epoch[18/20 556/700] - Loss: 156.0684967041 - MSE: 155.81393 - batch_Time: 0.4025705389212817s
Epoch[18/20 557/700] - Loss: 148.1127319336 - MSE: 147.76616 - batch_Time: 0.3952832608483732s
Epoch[18/20 558/700] - Loss: 118.1864929199 - MSE: 117.90218 - batch_Time: 0.39931491995230317s
Epoch[18/20 559/700] - Loss: 170.8891906738 - MSE: 170.70021 - batch_Time: 0.4003408078569919s
Epoch[18/20 560/700] - Loss: 194.1236572266 - MSE: 193.65015 - batch_Time: 0.3954755289014429s
Epoch[18/20 561/700] - Loss: 227.4005432129 - MSE: 227.12477 - batch_Time: 0.4013274349272251s
Epoch[18/20 562/700] - Loss: 140.0343933105 - MSE: 139.76044 - batch_Time: 0.40173908905126154s
Epoch[18/20 563/700] - Loss: 120.9339599609 - MSE: 120.61787 - batch_Time: 0.3990883941296488s
Epoch[18/20 564/700] - Loss: 198.0167236328 - MSE: 197.81404 - batch_Time: 0.4019848369061947s
Epoch[18/20 565/700] - Loss: 143.5560913086 - MSE: 143.32054 - batch_Time: 0.3978238790296018s
Epoch[18/20 566/700] - Loss: 250.7253112793 - MSE: 250.44955 - batch_Time: 0.3986474189441651s
Epoch[18/20 567/700] - Loss: 172.4294738770 - MSE: 172.20010 - batch_Time: 0.40600019600242376s
Epoch[18/20 568/700] - Loss: 187.0473937988 - MSE: 186.64912 - batch_Time: 0.4032571108546108s
Epoch[18/20 569/700] - Loss: 183.5934143066 - MSE: 183.05809 - batch_Time: 0.40694637410342693s
Epoch[18/20 570/700] - Loss: 247.7679748535 - MSE: 247.43784 - batch_Time: 0.4010526789352298s
Epoch[18/20 571/700] - Loss: 238.8468017578 - MSE: 238.17871 - batch_Time: 0.4069807040505111s
Epoch[18/20 572/700] - Loss: 156.0595855713 - MSE: 155.64294 - batch_Time: 0.40029079793021083s
Epoch[18/20 573/700] - Loss: 131.9635467529 - MSE: 131.81442 - batch_Time: 0.40282395598478615s
Epoch[18/20 574/700] - Loss: 142.0004577637 - MSE: 141.75955 - batch_Time: 0.4015791721176356s
Epoch[18/20 575/700] - Loss: 190.8932342529 - MSE: 190.49857 - batch_Time: 0.402532140025869s
Epoch[18/20 576/700] - Loss: 129.7908935547 - MSE: 129.53842 - batch_Time: 0.4060764950700104s
Epoch[18/20 577/700] - Loss: 149.4479675293 - MSE: 148.89026 - batch_Time: 0.40597942587919533s
Epoch[18/20 578/700] - Loss: 116.2922286987 - MSE: 116.11540 - batch_Time: 0.40179556980729103s
Epoch[18/20 579/700] - Loss: 57.2934646606 - MSE: 57.11921 - batch_Time: 0.40725569101050496s
